# -- cell 1 (2.3s, exit 0)
import os
from build123d import *
p = "/home/qiuzi/.openreynolds-buildup/work/T5-20260912-125139-b2e4/geometry/assembly.step"
print(os.path.getsize(p))
imported = import_step(p)
print(type(imported))
print(imported.bounding_box())
# -- output
110029
<class 'build123d.topology.composite.Compound'>
bbox: -26.97500010000001 <= x <= 26.975000099999995, -19.418991148451138 <= y <= 26.87100895154889, -1.0000001421085471e-07 <= z <= 31.300000100000002

# -- cell 2 (0.2s, exit 1)
solids = imported.solids()
print(len(solids))
for i,s in enumerate(solids):
    print(i, s.volume, s.bounding_box(), s.is_valid())
print(open(p).read()[:1200])
# -- output
3
[31m---------------------------------------------------------------------------[39m
[31mTypeError[39m                                 Traceback (most recent call last)
[36mCell[39m[36m [39m[32mIn[2][39m[32m, line 4[39m
[32m      1[39m solids = imported.solids()
[32m      2[39m print(len(solids))
[32m      3[39m [38;5;28;01mfor[39;00m i,s [38;5;28;01min[39;00m enumerate(solids):
[32m----> [39m[32m4[39m     print(i, s.volume, s.bounding_box(), s.is_valid())
[32m      5[39m print(open(p).read()[:[32m1200[39m])

[31mTypeError[39m: 'bool' object is not callable

# -- cell 3 (0.2s, exit 0)
for i,s in enumerate(solids):
    print(i, round(s.volume,2), s.bounding_box(), s.is_valid)
txt = open(p).read()
import re
print([l for l in txt.split("\n")[:40]])
# -- output
0 2552.27 bbox: -26.97500010000001 <= x <= 26.975000099999995, -19.418991148451138 <= y <= 26.87100895154889, -1.0000001421085471e-07 <= z <= 3.5000001 True
1 12186.13 bbox: -18.803761107113118 <= x <= 18.803772054759477, -18.900923129868957 <= y <= 18.70661003200359, 20.099999999999998 <= z <= 31.300000100000002 True
2 26455.74 bbox: -19.258335315798973 <= x <= 19.258346263445333, -19.355498235001544 <= y <= 19.161183344242726, 1.4999999999999982 <= z <= 20.10000000000001 True
['ISO-10303-21;', 'HEADER;', '/* Generated by software containing ST-Developer', ' * from STEP Tools, Inc. (www.steptools.com) ', ' */', '/* OPTION: using custom renumber hook */', '', 'FILE_DESCRIPTION(', "/* description */ ('STEP AP214'),", "/* implementation_level */ '2;1');", '', 'FILE_NAME(', "/* name */ '6149e834557e911885ae5063',", "/* time_stamp */ '2021-09-21T14:12:05+00:00',", "/* author */ (''),", "/* organization */ (''),", "/* preprocessor_version */ 'ST-DEVELOPER v18.1',", "/* originating_system */ '  ',", "/* authorisation */ '  ');", '', "FILE_SCHEMA (('AUTOMOTIVE_DESIGN {1 0 10303 214 3 1 1}'));", 'ENDSEC;', '', 'DATA;', '#10=PROPERTY_DEFINITION_REPRESENTATION(#14,#12);', '#11=PROPERTY_DEFINITION_REPRESENTATION(#15,#13);', "#12=REPRESENTATION('',(#16),#2291);", "#13=REPRESENTATION('',(#17),#2291);", "#14=PROPERTY_DEFINITION('pmi validation property','',#2302);", "#15=PROPERTY_DEFINITION('pmi validation property','',#2302);", "#16=VALUE_REPRESENTATION_ITEM('number of annotations',COUNT_MEASURE(0.));", "#17=VALUE_REPRESENTATION_ITEM('number of views',COUNT_MEASURE(0.));", '#18=(', 'BOUNDED_SURFACE()', 'B_SPLINE_SURFACE(3,2,((#2141,#2142,#2143),(#2144,#2145,#2146),(#2147,#2148,', '#2149),(#2150,#2151,#2152),(#2153,#2154,#2155)),.UNSPECIFIED.,.F.,.F.,.F.)', 'B_SPLINE_SURFACE_WITH_KNOTS((4,1,4),(3,3),(5.4980856094645,6.28318530717959,', '7.06828500489467),(0.,1.),.UNSPECIFIED.)', 'GEOMETRIC_REPRESENTATION_ITEM()', 'RATIONAL_B_SPLINE_SURFACE(((1.,0.715692733703735,1.),(1.,0.717924865872386,']

# -- cell 4 (0.2s, exit 0)
solids = imported.solids()
print(len(solids))
for i,s in enumerate(solids):
    print(i, round(s.volume,2), s.bounding_box(), s.is_valid)
units = [l for l in open(p).read().split("\n") if "UNIT" in l][:6]
print(units)
# -- output
3
0 2552.27 bbox: -26.97500010000001 <= x <= 26.975000099999995, -19.418991148451138 <= y <= 26.87100895154889, -1.0000001421085471e-07 <= z <= 3.5000001 True
1 12186.13 bbox: -18.803761107113118 <= x <= 18.803772054759477, -18.900923129868957 <= y <= 18.70661003200359, 20.099999999999998 <= z <= 31.300000100000002 True
2 26455.74 bbox: -19.258335315798973 <= x <= 19.258346263445333, -19.355498235001544 <= y <= 19.161183344242726, 1.4999999999999982 <= z <= 20.10000000000001 True
['GLOBAL_UNIT_ASSIGNED_CONTEXT((#2301,#2300,#2299))', 'GLOBAL_UNIT_ASSIGNED_CONTEXT((#2301,#2300,#2299))', 'GLOBAL_UNIT_ASSIGNED_CONTEXT((#2301,#2300,#2299))', 'GLOBAL_UNIT_ASSIGNED_CONTEXT((#2301,#2300,#2299))', '#2295=UNCERTAINTY_MEASURE_WITH_UNIT(LENGTH_MEASURE(5.E-6),#2301,', '#2296=UNCERTAINTY_MEASURE_WITH_UNIT(LENGTH_MEASURE(5.E-6),#2301,']

# -- cell 5 (0.1s, exit 0)
print([l for l in open(p).read().split("\n") if l.startswith("#2299") or l.startswith("#2300") or l.startswith("#2301")])
# -- output
['#2299=(', '#2300=(', '#2301=(']

# -- cell 6 (0.1s, exit 0)
t = open(p).read()
i = t.find("#2301=(")
print(t[i:i+300])
# -- output
#2301=(
LENGTH_UNIT()
NAMED_UNIT(*)
SI_UNIT($,.METRE.)
);
#2302=PRODUCT_DEFINITION_SHAPE('','',#2309);
#2303=PRODUCT_DEFINITION_SHAPE('','',#2310);
#2304=PRODUCT_DEFINITION_SHAPE(' ','NAUO PRDDFN',#28);
#2305=PRODUCT_DEFINITION_SHAPE('','',#2311);
#2306=PRODUCT_DEFINITION_SHAPE(' ','NAUO PRDDFN',#29

# -- cell 7 (0.1s, exit 0)
import re
pts = re.findall(r"CARTESIAN_POINT\('',\(([^)]*)\)\)", t)[:8]
print(pts)
# -- output
['0.,0.,0.', '-0.00377883736597154,0.0300332665366997,0.0015', '-0.00377883736597154,0.0300332665366997,0.', '-0.004,0.027795,0.', '-0.0035576747319431,0.0322715330733993,0.', '-0.00400348679824159,0.0277597120144925,0.00144389302758023', '-0.00400362228867546,0.0277583407896221,0.0015', '-0.00377883736597154,0.0300332665366997,0.0015']

# -- cell 8 (0.9s, exit 0)
import pyvista as pv, numpy as np
pv.start_xvfb() if False else None
pv.set_plot_theme("document")
def mesh_of(shape, tol=0.2):
    v,f = shape.tessellate(tol)
    va = np.array([(p.X,p.Y,p.Z) for p in v])
    fa = np.hstack([[3,*t] for t in f])
    return pv.PolyData(va, fa)
ms = [mesh_of(s) for s in solids]
pl = pv.Plotter(off_screen=True, window_size=(900,700), shape=(1,2))
cols = ["red","green","blue"]
pl.subplot(0,0)
for m,c in zip(ms,cols): pl.add_mesh(m, color=c, opacity=0.5, show_edges=False)
pl.view_isometric()
pl.subplot(0,1)
for m,c in zip(ms,cols): pl.add_mesh(m, color=c, opacity=0.5)
pl.view_xz()
pl.screenshot("as_import.png")
print("ok")
# -- output
ok

/home/qiuzi/miniforge3/lib/python3.13/site-packages/tqdm/auto.py:21: TqdmWarning: IProgress not found. Please update jupyter and ipywidgets. See https://ipywidgets.readthedocs.io/en/stable/user_install.html
  from .autonotebook import tqdm as notebook_tqdm
[0m[33m2026-09-12 12:52:22.633 (   0.665s) [    7D185D0FD780]vtkXOpenGLRenderWindow.:1460  WARN| bad X server connection. DISPLAY=[0m
[0m[33m2026-09-12 12:52:22.634 (   0.665s) [    7D185D0FD780]vtkOpenGLRenderWindow.c:645   WARN| Failed to load EGL! Please install the EGL library from your distribution's package manager.[0m
[0m[33m2026-09-12 12:52:22.647 (   0.678s) [    7D185D0FD780]vtkOpenGLRenderWindow.c:645   WARN| Failed to load EGL! Please install the EGL library from your distribution's package manager.[0m

# -- cell 9 (0.1s, exit 0)
from IPython.display import Image, display
display(Image("as_import.png"))
# -- output


# -- cell 10 (0.6s, exit 0)
fused = solids[0].fuse(solids[1]).fuse(solids[2]).clean()
print(fused.volume, len(fused.solids()))
fm = mesh_of(fused, 0.2)
pl = pv.Plotter(off_screen=True, window_size=(1000,500), shape=(1,2))
pl.subplot(0,0)
pl.add_mesh(fm.clip(normal='x', origin=(0,0,0)), color="lightblue", show_edges=True)
pl.view_yz(); pl.camera.azimuth=20
pl.subplot(0,1)
pl.add_mesh(fm.clip(normal='y', origin=(0,0,0)), color="wheat", show_edges=True)
pl.view_xz()
pl.screenshot("slice.png"); display(Image("slice.png"))
# -- output
41193.88190926212 2

[0m[33m2026-09-12 12:52:33.363 (  11.394s) [    7D185D0FD780]vtkOpenGLRenderWindow.c:645   WARN| Failed to load EGL! Please install the EGL library from your distribution's package manager.[0m
[0m[33m2026-09-12 12:52:33.364 (  11.395s) [    7D185D0FD780]vtkOpenGLRenderWindow.c:645   WARN| Failed to load EGL! Please install the EGL library from your distribution's package manager.[0m

# -- cell 11 (0.2s, exit 0)
pl = pv.Plotter(off_screen=True, window_size=(1000,500), shape=(1,2))
pl.subplot(0,0); pl.add_mesh(fm, color="lightgray", show_edges=True); pl.view_xy()
pl.subplot(0,1); pl.add_mesh(fm, color="lightgray", show_edges=True); pl.view_xy(); pl.camera.roll=0; pl.camera.position=(0,0,-200)
pl.screenshot("tb.png"); display(Image("tb.png"))
# -- output
[0m[33m2026-09-12 12:52:41.324 (  19.355s) [    7D185D0FD780]vtkOpenGLRenderWindow.c:645   WARN| Failed to load EGL! Please install the EGL library from your distribution's package manager.[0m
[0m[33m2026-09-12 12:52:41.325 (  19.356s) [    7D185D0FD780]vtkOpenGLRenderWindow.c:645   WARN| Failed to load EGL! Please install the EGL library from your distribution's package manager.[0m

# -- cell 12 (0.4s, exit 0)
half = Box(200,200,200).moved(Location((0,-100,0)))  # keeps y>? box centered at y=-100 covers y -200..0
cut = fused - half
cm = mesh_of(cut, 0.15)
pl = pv.Plotter(off_screen=True, window_size=(1000,500), shape=(1,2))
pl.subplot(0,0); pl.add_mesh(cm, color="steelblue", show_edges=False); pl.view_xz()
pl.subplot(0,1); pl.add_mesh(cm, color="steelblue"); pl.view_isometric()
pl.screenshot("sec.png"); display(Image("sec.png"))
# -- output
[0m[33m2026-09-12 12:52:49.113 (  27.145s) [    7D185D0FD780]vtkOpenGLRenderWindow.c:645   WARN| Failed to load EGL! Please install the EGL library from your distribution's package manager.[0m
[0m[33m2026-09-12 12:52:49.114 (  27.146s) [    7D185D0FD780]vtkOpenGLRenderWindow.c:645   WARN| Failed to load EGL! Please install the EGL library from your distribution's package manager.[0m

# -- cell 13 (0.5s, exit 0)
half2 = Box(200,200,200).moved(Location((0,100,0)))
cut2 = fused - half2
cm2 = mesh_of(cut2, 0.15)
pl = pv.Plotter(off_screen=True, window_size=(1000,500), shape=(1,2))
pl.subplot(0,0); pl.add_mesh(cm2, color="indianred"); pl.view_xz()
pl.subplot(0,1); pl.add_mesh(cm2, color="indianred"); pl.view_isometric()
pl.screenshot("sec2.png"); display(Image("sec2.png"))
# -- output
[0m[33m2026-09-12 12:52:58.756 (  36.787s) [    7D185D0FD780]vtkOpenGLRenderWindow.c:645   WARN| Failed to load EGL! Please install the EGL library from your distribution's package manager.[0m
[0m[33m2026-09-12 12:52:58.757 (  36.788s) [    7D185D0FD780]vtkOpenGLRenderWindow.c:645   WARN| Failed to load EGL! Please install the EGL library from your distribution's package manager.[0m

# -- cell 14 (0.2s, exit 0)
bb = fused.bounding_box()
blk = Box(bb.size.X+20, bb.size.Y+20, bb.size.Z+20).moved(Location(bb.center()))
air = blk - fused
asol = air.solids()
print(len(asol), [round(s.volume,1) for s in asol], round(blk.volume,1))
# -- output
1 [210286.4] 251480.1

# -- cell 15 (0.5s, exit 0)
pl = pv.Plotter(off_screen=True, window_size=(1200,420), shape=(1,3))
for i,s in enumerate(solids):
    c = s - half
    pl.subplot(0,i); pl.add_mesh(mesh_of(c,0.12), color=cols[i]); pl.view_isometric()
    pl.add_text(f"solid{i} V={s.volume:.0f}", font_size=9)
pl.screenshot("each.png"); display(Image("each.png"))
# -- output
[0m[33m2026-09-12 12:53:19.042 (  57.073s) [    7D185D0FD780]vtkOpenGLRenderWindow.c:645   WARN| Failed to load EGL! Please install the EGL library from your distribution's package manager.[0m
[0m[33m2026-09-12 12:53:19.042 (  57.074s) [    7D185D0FD780]vtkOpenGLRenderWindow.c:645   WARN| Failed to load EGL! Please install the EGL library from your distribution's package manager.[0m

# -- cell 16 (0.3s, exit 0)
for z in [1.0,2.5,5,10,15,19,21,25,30]:
    slab = Box(200,200,0.2).moved(Location((0,0,z)))
    inter = fused & slab
    v = inter.volume if inter else 0
    print(z, round(v/0.2,1))
# -- output
1.0 1570.7
2.5 1564.1
5 1427.3
10 1430.3
15 1411.7
19 1396.9
21 1389.6
25 959.9
30 946.6

# -- cell 17 (0.1s, exit 0)
print(len(imported.children) if hasattr(imported,'children') else None)
from build123d import Shape
print(len(imported.shells()), len(imported.faces()), len(imported.compounds()))
for c in imported:
    print(c, c.label if hasattr(c,'label') else '', len(c.solids()) if hasattr(c,'solids') else '')
# -- output
3
3 78 1
<build123d.topology.three_d.Solid object at 0x7d17504167b0>  1
<build123d.topology.three_d.Solid object at 0x7d1750416fd0>  1
<build123d.topology.three_d.Solid object at 0x7d17504167b0>  1

# -- cell 18 (0.3s, exit 0)
pl = pv.Plotter(off_screen=True, window_size=(1200,800), shape=(2,3))
views = [("xy",0,0),("xz",0,1),("yz",0,2)]
for k,(v,r,c) in enumerate(views):
    pl.subplot(r,c); pl.add_mesh(fm, color="lightgray", show_edges=True, edge_color="k", line_width=1)
    getattr(pl,"view_"+v)()
for k,(az,el) in enumerate([(180,0),(0,-89),(45,30)]):
    pl.subplot(1,k); pl.add_mesh(fm, color="lightgray", show_edges=True, edge_color="k")
    pl.view_isometric(); pl.camera.azimuth=az; pl.camera.elevation=el
pl.screenshot("views.png"); display(Image("views.png"))
# -- output
[0m[33m2026-09-12 12:53:58.555 (  96.586s) [    7D185D0FD780]vtkOpenGLRenderWindow.c:645   WARN| Failed to load EGL! Please install the EGL library from your distribution's package manager.[0m
[0m[33m2026-09-12 12:53:58.556 (  96.587s) [    7D185D0FD780]vtkOpenGLRenderWindow.c:645   WARN| Failed to load EGL! Please install the EGL library from your distribution's package manager.[0m

# -- cell 19 (0.1s, exit 0)
sec = fused.faces().filter_by(Plane.XY)  # not that
pln = Plane.XY.offset(10)
slab = Box(200,200,0.02).moved(Location((0,0,10)))
inter = (fused & slab)
f = inter.faces().filter_by(Plane.XY)
for ff in f:
    print(round(ff.area,2), len(ff.wires()), ff.center())
# -- output
1430.3 1 Vector: (X=5e-06, Y=-0.097157, Z=9.99)
1430.22 1 Vector: (X=5e-06, Y=-0.097157, Z=10.01)

# -- cell 20 (0.2s, exit 0)
part_mm = fused
part = part_mm.scale(0.001)
bb = part.bounding_box()
print("part bbox (m):", bb, "size", bb.size)
rad = []
for f in part.faces():
    try:
        if f.geom_type == GeomType.CYLINDER:
            rad.append(round(f.radius*1000,3))
    except Exception as e:
        pass
import collections
print("cylindrical face radii (mm):", collections.Counter(rad))
# -- output
part bbox (m): bbox: -0.026975100000000012 <= x <= 0.0269751, -0.019418991148450464 <= y <= 0.026871108851549034, -1.0000000001431146e-07 <= z <= 0.031300100000000004 size Vector: (X=0.05395, Y=0.04629, Z=0.0313)
cylindrical face radii (mm): Counter({5.0: 12, 0.5: 4, 0.1: 3})

# -- cell 21 (0.1s, exit 1)
from OCP.BRepAlgoAPI import BRepAlgoAPI_Defeaturing
from OCP.TopTools import TopTools_ListOfShape
small = [f for f in part.faces() if f.geom_type == GeomType.CYLINDER and f.radius < 0.0008]
print("small fillet faces:", len(small), sorted(round(f.radius*1000,3) for f in small))
lst = TopTools_ListOfShape()
for f in small: lst.Append(f.wrapped)
df = BRepAlgoAPI_Defeaturing(); df.SetShape(part.wrapped); df.AddFacesToRemove(lst)
df.SetRunParallel(True); df.Build()
print("done", df.IsDone(), df.HasErrors())
part_df = Solid(df.Shape()) if df.IsDone() and not df.HasErrors() else part
print("volume before/after mm^3:", part.volume*1e9, part_df.volume*1e9, "faces", len(part.faces()), len(part_df.faces()))
# -- output
[31m---------------------------------------------------------------------------[39m
[31mTypeError[39m                                 Traceback (most recent call last)
[36mCell[39m[36m [39m[32mIn[21][39m[32m, line 3[39m
[32m      1[39m [38;5;28;01mfrom[39;00m OCP.BRepAlgoAPI [38;5;28;01mimport[39;00m BRepAlgoAPI_Defeaturing
[32m      2[39m [38;5;28;01mfrom[39;00m OCP.TopTools [38;5;28;01mimport[39;00m TopTools_ListOfShape
[32m----> [39m[32m3[39m small = [f [38;5;28;01mfor[39;00m f [38;5;28;01min[39;00m part.faces() [38;5;28;01mif[39;00m f.geom_type == GeomType.CYLINDER [38;5;28;01mand[39;00m f.radius < [32m0.0008[39m]
[32m      4[39m print([33m"small fillet faces:"[39m, len(small), sorted(round(f.radius*[32m1000[39m,[32m3[39m) [38;5;28;01mfor[39;00m f [38;5;28;01min[39;00m small))
[32m      5[39m lst = TopTools_ListOfShape()
[32m      6[39m [38;5;28;01mfor[39;00m f [38;5;28;01min[39;00m small: lst.Append(f.wrapped)

[31mTypeError[39m: '<' not supported between instances of 'NoneType' and 'float'

# -- cell 22 (6.5s, exit 1)
from OCP.BRepAlgoAPI import BRepAlgoAPI_Defeaturing
from OCP.TopTools import TopTools_ListOfShape
def rad_of(f):
    try:
        return f.radius if f.geom_type == GeomType.CYLINDER else None
    except Exception:
        return None
small = [f for f in part.faces() if (rad_of(f) or 9) < 0.0008]
print("small fillet faces:", len(small), sorted(round(f.radius*1000,3) for f in small))
lst = TopTools_ListOfShape()
for f in small: lst.Append(f.wrapped)
df = BRepAlgoAPI_Defeaturing(); df.SetShape(part.wrapped); df.AddFacesToRemove(lst)
df.SetRunParallel(True); df.Build()
print("done", df.IsDone(), df.HasErrors())
part_df = Solid(df.Shape()) if (df.IsDone() and not df.HasErrors()) else part
print("volume mm^3 before/after:", round(part.volume*1e9,2), round(part_df.volume*1e9,2), "faces", len(part.faces()), len(part_df.faces()))
# -- output
small fillet faces: 7 [0.1, 0.1, 0.1, 0.5, 0.5, 0.5, 0.5]
[31m---------------------------------------------------------------------------[39m
[31mAttributeError[39m                            Traceback (most recent call last)
[36mCell[39m[36m [39m[32mIn[22][39m[32m, line 14[39m
[32m     10[39m lst = TopTools_ListOfShape()
[32m     11[39m [38;5;28;01mfor[39;00m f [38;5;28;01min[39;00m small: lst.Append(f.wrapped)
[32m     12[39m df = BRepAlgoAPI_Defeaturing(); df.SetShape(part.wrapped); df.AddFacesToRemove(lst)
[32m     13[39m df.SetRunParallel([38;5;28;01mTrue[39;00m); df.Build()
[32m---> [39m[32m14[39m print([33m"done"[39m, df.IsDone(), df.HasErrors())
[32m     15[39m part_df = Solid(df.Shape()) [38;5;28;01mif[39;00m (df.IsDone() [38;5;28;01mand[39;00m [38;5;28;01mnot[39;00m df.HasErrors()) [38;5;28;01melse[39;00m part
[32m     16[39m print([33m"volume mm^3 before/after:"[39m, round(part.volume*[32m1e9[39m,[32m2[39m), round(part_df.volume*[32m1e9[39m,[32m2[39m), [33m"faces"[39m, len(part.faces()), len(part_df.faces()))

[31mAttributeError[39m: 'OCP.OCP.BRepAlgoAPI.BRepAlgoAPI_Defeaturing' object has no attribute 'HasErrors'

# -- cell 23 (6.6s, exit 0)
from OCP.BRepAlgoAPI import BRepAlgoAPI_Defeaturing
from OCP.TopTools import TopTools_ListOfShape
def rad_of(f):
    try:
        return f.radius if f.geom_type == GeomType.CYLINDER else None
    except Exception:
        return None
small = [f for f in part.faces() if (rad_of(f) or 9) < 0.0008]
lst = TopTools_ListOfShape()
for f in small: lst.Append(f.wrapped)
df = BRepAlgoAPI_Defeaturing(); df.SetShape(part.wrapped); df.AddFacesToRemove(lst)
df.SetRunParallel(True); df.Build()
ok = df.IsDone()
part_df = Solid(df.Shape()) if ok else part
print("defeature done:", ok, "removed", len(small), "fillet faces of r<=0.5mm")
print("volume mm^3 before/after:", round(part.volume*1e9,2), round(part_df.volume*1e9,2))
print("faces before/after:", len(part.faces()), len(part_df.faces()), "valid:", part_df.is_valid)
# -- output
defeature done: True removed 7 fillet faces of r<=0.5mm
volume mm^3 before/after: 41193.88 41193.67
faces before/after: 81 78 valid: False

# -- cell 24 (0.1s, exit 0)
print("orig scaled valid:", part.is_valid, "solids", len(part.solids()))
print("defeatured valid:", part_df.is_valid, "solids", len(part_df.solids()))
rem = sorted(round((rad_of(f) or 0)*1000,3) for f in part_df.faces() if (rad_of(f) or 9)<0.0008)
print("remaining small radii:", rem)
# -- output
orig scaled valid: False solids 2
defeatured valid: False solids 2
remaining small radii: [0.5, 0.5, 0.5, 0.5]

# -- cell 25 (26.1s, exit 0)
small2 = [f for f in part_df.faces() if (rad_of(f) or 9) < 0.0008]
lst2 = TopTools_ListOfShape()
for f in small2: lst2.Append(f.wrapped)
df2 = BRepAlgoAPI_Defeaturing(); df2.SetShape(part_df.wrapped); df2.AddFacesToRemove(lst2); df2.Build()
cand = Solid(df2.Shape()) if df2.IsDone() else part_df
n_small = len([f for f in cand.faces() if (rad_of(f) or 9) < 0.0008])
part_clean = cand if (df2.IsDone() and abs(cand.volume-part_df.volume) < 1e-9) else part_df
print("pass2 done:", df2.IsDone(), "small left:", n_small, "vol mm^3:", round(part_clean.volume*1e9,2),
      "faces:", len(part_clean.faces()))
# -- output
pass2 done: True small left: 4 vol mm^3: 41193.67 faces: 78

# -- cell 26 (0.1s, exit 1)
import os, subprocess, textwrap
case = "/home/qiuzi/.openreynolds-buildup/work/T5-20260912-125139-b2e4/t5"
for d in ["system","constant/triangulation","constant/polyMesh"]:
    os.makedirs(os.path.join(case,d), exist_ok=True)
XMIN,XMAX = -0.080, 0.160
YMIN,YMAX = -0.070, 0.070
ZMIN,ZMAX = 0.0, 0.090
NX,NY,NZ = 60,35,23   # ~4 mm cells
exporter = Mesher()
exporter.add_shape(part_clean, part_color=None)
exporter.write(os.path.join(case,"constant/triangulation/walls.stl"))
print(os.path.getsize(os.path.join(case,"constant/triangulation/walls.stl")))
# -- output
[31m---------------------------------------------------------------------------[39m
[31mTypeError[39m                                 Traceback (most recent call last)
[36mCell[39m[36m [39m[32mIn[26][39m[32m, line 10[39m
[32m      6[39m YMIN,YMAX = -[32m0.070[39m, [32m0.070[39m
[32m      7[39m ZMIN,ZMAX = [32m0.0[39m, [32m0.090[39m
[32m      8[39m NX,NY,NZ = [32m60[39m,[32m35[39m,[32m23[39m   [38;5;66;03m# ~4 mm cells[39;00m
[32m      9[39m exporter = Mesher()
[32m---> [39m[32m10[39m exporter.add_shape(part_clean, part_color=[38;5;28;01mNone[39;00m)
[32m     11[39m exporter.write(os.path.join(case,[33m"constant/triangulation/walls.stl"[39m))
[32m     12[39m print(os.path.getsize(os.path.join(case,[33m"constant/triangulation/walls.stl"[39m)))

[31mTypeError[39m: Mesher.add_shape() got an unexpected keyword argument 'part_color'

# -- cell 27 (3.1s, exit 0)
import os, numpy as np
case = "/home/qiuzi/.openreynolds-buildup/work/T5-20260912-125139-b2e4/t5"
for d in ["system","constant/triangulation","constant/geometry"]:
    os.makedirs(os.path.join(case,d), exist_ok=True)
def write_stl(shape, path, name, tol=5e-5, ang=0.3):
    vs, ts = shape.tessellate(tol, ang)
    V = np.array([(p.X,p.Y,p.Z) for p in vs])
    with open(path,"w") as fh:
        fh.write(f"solid {name}\n")
        for a,b,c in ts:
            p0,p1,p2 = V[a],V[b],V[c]
            n = np.cross(p1-p0,p2-p0); L=np.linalg.norm(n); n = n/L if L>0 else n
            fh.write(f" facet normal {n[0]:.6e} {n[1]:.6e} {n[2]:.6e}\n  outer loop\n")
            for p in (p0,p1,p2): fh.write(f"   vertex {p[0]:.8e} {p[1]:.8e} {p[2]:.8e}\n")
            fh.write("  endloop\n endfacet\n")
        fh.write(f"endsolid {name}\n")
    return len(ts)
stl = os.path.join(case,"constant/triangulation/walls.stl")
n = write_stl(part_clean, stl, "walls")
print("triangles", n, os.path.getsize(stl))
# -- output
triangles 73002 18625717

# -- cell 28 (0.4s, exit 0)
XMIN,XMAX,YMIN,YMAX,ZMIN,ZMAX = -0.080,0.160,-0.070,0.070,0.0,0.090
NX,NY,NZ = 60,35,23   # 4 mm background cells
hdr = lambda cls,obj: f"""FoamFile{{version 2.0; format ascii; class {cls}; object {obj};}}\n"""
verts = [(x,y,z) for z in (ZMIN,ZMAX) for y in (YMIN,YMAX) for x in (XMIN,XMAX)]
order = [0,1,3,2,4,5,7,6]
vstr = "\n".join(f"({verts[i][0]} {verts[i][1]} {verts[i][2]})" for i in order)
bm = hdr("dictionary","blockMeshDict") + f"""
scale 1;
vertices ( {vstr} );
blocks ( hex (0 1 2 3 4 5 6 7) ({NX} {NY} {NZ}) simpleGrading (1 1 1) );
edges ();
boundary
(
    inlet {{ type patch; faces ((0 4 7 3)); }}
    outlet {{ type patch; faces ((1 2 6 5)); }}
    walls {{ type wall; faces ((0 3 2 1) (4 5 6 7) (0 1 5 4) (3 7 6 2)); }}
);
"""
open(os.path.join(case,"system/blockMeshDict"),"w").write(bm)
open(os.path.join(case,"system/controlDict"),"w").write(hdr("dictionary","controlDict")+
 "application snappyHexMesh; startFrom startTime; startTime 0; stopAt endTime; endTime 1; deltaT 1; writeControl timeStep; writeInterval 1;\n")
open(os.path.join(case,"system/fvSchemes"),"w").write(hdr("dictionary","fvSchemes")+
 "ddtSchemes{default steadyState;} gradSchemes{default Gauss linear;} divSchemes{default none;} laplacianSchemes{default Gauss linear corrected;} interpolationSchemes{default linear;} snGradSchemes{default corrected;}\n")
open(os.path.join(case,"system/fvSolution"),"w").write(hdr("dictionary","fvSolution")+"solvers{} \n")
import subprocess
r = subprocess.run(["blockMesh","-case",case],capture_output=True,text=True)
print(r.returncode, r.stdout[-800:], r.stderr[-500:])
# -- output
0  0
	Checking patch -> block consistency

Creating block offsets
Creating merge list (topological search)...
Deleting polyMesh directory "constant/polyMesh"

Creating polyMesh from blockMesh
Creating patches
Creating cells
Creating points with scale (1 1 1)
    Block 0 cell size :
        i : 0.004 .. 0.004
        j : 0.004 .. 0.004
        k : 0.00391304 .. 0.00391304

No patch pairs to merge

Writing polyMesh with 0 cellZones
----------------
Mesh Information
----------------
  boundingBox: (-0.08 -0.07 0) (0.16 0.07 0.09)
  nPoints: 52704
  nCells: 48300
  nFaces: 149185
  nInternalFaces: 140615
----------------
Patches
----------------
  patch 0 (start: 140615 size: 805) name: inlet
  patch 1 (start: 141420 size: 805) name: outlet
  patch 2 (start: 142225 size: 6960) name: walls

End

# -- cell 29 (0.1s, exit 0)
shm = hdr("dictionary","snappyHexMeshDict") + """
castellatedMesh true; snap true; addLayers false;
geometry { walls { type triSurfaceMesh; file "walls.stl"; name walls; } }
castellatedMeshControls
{
    maxLocalCells 2000000; maxGlobalCells 5000000; minRefinementCells 10; maxLoadUnbalance 0.1;
    nCellsBetweenLevels 2; resolveFeatureAngle 30; allowFreeStandingZoneFaces true;
    features ();
    refinementSurfaces { walls { level (2 3); patchInfo { type wall; } } }
    refinementRegions {}
    locationInMesh (-0.060 0.050 0.070);
}
snapControls { nSmoothPatch 3; tolerance 2.0; nSolveIter 50; nRelaxIter 5; nFeatureSnapIter 10;
    implicitFeatureSnap true; explicitFeatureSnap false; multiRegionFeatureSnap false; }
addLayersControls { relativeSizes true; layers{} expansionRatio 1.2; finalLayerThickness 0.5; minThickness 0.1; nGrow 0;
    featureAngle 60; nRelaxIter 3; nSmoothSurfaceNormals 1; nSmoothNormals 3; nSmoothThickness 10;
    maxFaceThicknessRatio 0.5; maxThicknessToMedialRatio 0.3; minMedialAxisAngle 90; nBufferCellsNoExtrude 0; nLayerIter 50; }
meshQualityControls { maxNonOrtho 65; maxBoundarySkewness 20; maxInternalSkewness 4; maxConcave 80;
    minVol 1e-13; minTetQuality 1e-15; minArea -1; minTwist 0.02; minDeterminant 0.001; minFaceWeight 0.02;
    minVolRatio 0.01; minTriangleTwist -1; nSmoothScale 4; errorReduction 0.75; }
mergeTolerance 1e-6;
"""
open(os.path.join(case,"system/snappyHexMeshDict"),"w").write(shm)
import subprocess
p_shm = subprocess.Popen(["snappyHexMesh","-overwrite","-case",case],stdout=open(case+"/log.snappy","w"),stderr=subprocess.STDOUT)
print("started", p_shm.pid)
# -- output
started 500161

