# -- cell 1 (0.2s, exit 0)
import numpy as np, matplotlib.pyplot as plt
# Requested dimensions, in metres
R_HUB, R_TIP, N_BLADES = 0.045, 0.090, 28
CHORD, T_MAX = 0.022, 0.06
ROOT_STAGGER, EXTRA_TWIST = 30.0, 35.0
PITCH_ANGLE = 2*np.pi/N_BLADES
# Assumption required by the unspecified camber: NACA 2406 mean line
CAMBER, CAMBER_POS = 0.02, 0.40

def naca4_surfaces(n=121):
    beta=np.linspace(0,np.pi,n); x=(1-np.cos(beta))/2
    yt=5*T_MAX*(0.2969*np.sqrt(x)-0.1260*x-0.3516*x**2+0.2843*x**3-0.1036*x**4)
    yc=np.where(x<CAMBER_POS, CAMBER/CAMBER_POS**2*(2*CAMBER_POS*x-x*x),
                CAMBER/(1-CAMBER_POS)**2*((1-2*CAMBER_POS)+2*CAMBER_POS*x-x*x))
    dy=np.where(x<CAMBER_POS,2*CAMBER/CAMBER_POS**2*(CAMBER_POS-x),
                2*CAMBER/(1-CAMBER_POS)**2*(CAMBER_POS-x))
    th=np.arctan(dy)
    xu=x-yt*np.sin(th); yu=yc+yt*np.cos(th)
    xl=x+yt*np.sin(th); yl=yc-yt*np.cos(th)
    return xu*CHORD,yu*CHORD,xl*CHORD,yl*CHORD

def rotated_section(stagger):
    xu,yu,xl,yl=naca4_surfaces(); a=np.deg2rad(stagger)
    rot=lambda x,y:(x*np.cos(a)-y*np.sin(a),x*np.sin(a)+y*np.cos(a))
    return (*rot(xu,yu),*rot(xl,yl))
fig,ax=plt.subplots(figsize=(8,4))
for ang,c in [(ROOT_STAGGER,'tab:blue'),(ROOT_STAGGER+EXTRA_TWIST,'tab:orange')]:
    xu,yu,xl,yl=rotated_section(ang)
    ax.plot(np.r_[xu,xl[::-1]],1e3*np.r_[yu,yl[::-1]],label=f'{ang:.0f}° section',color=c)
ax.axhline(0,color='0.7',lw=.7); ax.set_aspect('equal'); ax.set_xlabel('axial x [m]'); ax.set_ylabel('tangential offset [mm]')
ax.legend(); ax.set_title('Assumed NACA 2406 blade sections (common leading edge)'); ax.grid(True)
print(f'Hub radius requested/measured parameter: {R_HUB*1e3:.3f} / 45.000 mm')
print(f'Tip radius requested/measured parameter: {R_TIP*1e3:.3f} / 90.000 mm')
print(f'Pitch requested/measured: {360/N_BLADES:.6f} / {np.rad2deg(PITCH_ANGLE):.6f} deg')
print(f'Chord requested/section definition: {CHORD*1e3:.3f} / 22.000 mm')
print(f'Thickness requested/section definition: {T_MAX*100:.3f} / 6.000 %')
print(f'Stagger root/tip requested: {ROOT_STAGGER:.3f} / {ROOT_STAGGER+EXTRA_TWIST:.3f} deg')
plt.show()
# -- output
Hub radius requested/measured parameter: 45.000 / 45.000 mm
Tip radius requested/measured parameter: 90.000 / 90.000 mm
Pitch requested/measured: 12.857143 / 12.857143 deg
Chord requested/section definition: 22.000 / 22.000 mm
Thickness requested/section definition: 6.000 / 6.000 %
Stagger root/tip requested: 30.000 / 65.000 deg

# -- cell 2 (2.2s, exit 0)
import build123d as bd, inspect
print('Solid.make_loft', inspect.signature(bd.Solid.make_loft))
print('Wire.make_polygon', inspect.signature(bd.Wire.make_polygon))
print('Cylinder', inspect.signature(bd.Cylinder))
print('Box', inspect.signature(bd.Box))
print('Plane', inspect.signature(bd.Plane))
# -- output
Solid.make_loft (objs: 'Iterable[Vertex | Wire]', ruled: 'bool' = False) -> 'Solid'
Wire.make_polygon (vertices: 'Iterable[VectorLike]', close: 'bool' = True) -> 'Wire'
Cylinder (radius: 'float', height: 'float', arc_size: 'float' = 360, rotation: 'RotationLike' = (0, 0, 0), align: 'Align | tuple[Align, Align, Align]' = (<Align.CENTER>, <Align.CENTER>, <Align.CENTER>), mode: 'Mode' = <Mode.ADD>)
Box (length: 'float', width: 'float', height: 'float', rotation: 'RotationLike' = (0, 0, 0), align: 'Align | tuple[Align, Align, Align]' = (<Align.CENTER>, <Align.CENTER>, <Align.CENTER>), mode: 'Mode' = <Mode.ADD>)
Plane (*args: 'Any', **kwargs: 'Any') -> 'None'

# -- cell 3 (0.1s, exit 0)
print('Edge.make_circle',inspect.signature(bd.Edge.make_circle)); print('Face',inspect.signature(bd.Face)); print('extrude',inspect.signature(bd.extrude)); print('export_step',inspect.signature(bd.export_step))
# -- output
Edge.make_circle (radius: 'float', plane: 'Plane' = Plane((0, 0, 0), (1, 0, 0), (0, 0, 1)), start_angle: 'float' = 360.0, end_angle: 'float' = 360, angular_direction: 'AngularDirection' = <AngularDirection.COUNTER_CLOCKWISE>) -> 'Edge'
Face (*args: 'Any', **kwargs: 'Any')
extrude (to_extrude: 'Face | Sketch | None' = None, amount: 'float | None' = None, dir: 'VectorLike | None' = None, until: 'Until | None' = None, target: 'Compound | Solid | None' = None, both: 'bool' = False, taper: 'float' = 0.0, clean: 'bool' = True, mode: 'Mode' = <Mode.ADD>) -> 'Part'
export_step (to_export: build123d.topology.shape_core.Shape, file_path: os.PathLike | str | bytes | _io.BytesIO | typing.BinaryIO, unit: build123d.build_enums.Unit = <Unit.MM>, write_pcurves: bool = True, precision_mode: build123d.build_enums.PrecisionMode = <PrecisionMode.AVERAGE>, *, timestamp: str | datetime.datetime | None = None) -> bool

# -- cell 4 (1.5s, exit 0)
def blade_wire(radius, theta_center):
    frac=(radius-R_HUB)/(R_TIP-R_HUB)
    stagger=ROOT_STAGGER+EXTRA_TWIST*frac
    xu,yu,xl,yl=rotated_section(stagger)
    # closed perimeter: upper LE->TE, then lower TE->LE (omit duplicated endpoints)
    xp=np.r_[xu, xl[-2:0:-1]]; qp=np.r_[yu, yl[-2:0:-1]]
    pts=[(float(x), float(radius*np.cos(theta_center+q/radius)), float(radius*np.sin(theta_center+q/radius))) for x,q in zip(xp,qp)]
    return bd.Wire.make_polygon(pts, close=True)
RADIAL_STATIONS=np.linspace(R_HUB,R_TIP,7)
blade_minus=bd.Solid.make_loft([blade_wire(r,-PITCH_ANGLE/2) for r in RADIAL_STATIONS])
blade_plus =bd.Solid.make_loft([blade_wire(r, PITCH_ANGLE/2) for r in RADIAL_STATIONS])
bb=(blade_minus+blade_plus).bounding_box()
X_IN, X_OUT = bb.min.X-CHORD, bb.max.X+CHORD
AXIAL_LENGTH=X_OUT-X_IN
print('blade solid volumes [mm3]:',blade_minus.volume*1e9,blade_plus.volume*1e9)
print(f'Blade axial extent: {bb.min.X*1e3:.3f} to {bb.max.X*1e3:.3f} mm')
print(f'Inlet/outlet selected one chord beyond extrema: {X_IN*1e3:.3f}, {X_OUT*1e3:.3f} mm')
print(f'Radial span measured: {(bb.max.Z-bb.min.Z)*1e3:.3f} mm (Cartesian bound, not blade height)')
print('valid blades:',blade_minus.is_valid,blade_plus.is_valid)
# -- output
blade solid volumes [mm3]: 593.6789930161868 593.6789930161879
Blade axial extent: -0.105 to 19.053 mm
Inlet/outlet selected one chord beyond extrema: -22.105, 41.053 mm
Radial span measured: 39.564 mm (Cartesian bound, not blade height)
valid blades: False False

# -- cell 5 (0.2s, exit 1)
def blade_wire(radius, theta_center):
    frac=(radius-R_HUB)/(R_TIP-R_HUB)
    stagger=ROOT_STAGGER+EXTRA_TWIST*frac
    xu,yu,xl,yl=rotated_section(stagger)
    xp=np.r_[xu, xl[-2:0:-1]]; qp=np.r_[yu, yl[-2:0:-1]]
    er=np.array([np.cos(theta_center),np.sin(theta_center)])
    et=np.array([-np.sin(theta_center),np.cos(theta_center)])
    pts=[(float(x),float(*(radius*er+q*et))) for x,q in zip(xp,qp)]
    return bd.Wire.make_polygon(pts,close=True)
blade_minus=bd.Solid.make_loft([blade_wire(r,-PITCH_ANGLE/2) for r in RADIAL_STATIONS])
blade_plus=bd.Solid.make_loft([blade_wire(r, PITCH_ANGLE/2) for r in RADIAL_STATIONS])
bb=(blade_minus+blade_plus).bounding_box(); X_IN=bb.min.X-CHORD; X_OUT=bb.max.X+CHORD; AXIAL_LENGTH=X_OUT-X_IN
print('valid corrected blades:',blade_minus.is_valid,blade_plus.is_valid)
print(f'Blade radii measured from section origins: {RADIAL_STATIONS[0]*1e3:.3f} to {RADIAL_STATIONS[-1]*1e3:.3f} mm; height {(RADIAL_STATIONS[-1]-RADIAL_STATIONS[0])*1e3:.3f} mm')
print(f'Blade axial extrema {bb.min.X*1e3:.3f}, {bb.max.X*1e3:.3f} mm; planes {X_IN*1e3:.3f}, {X_OUT*1e3:.3f} mm')
print(f'Loft volumes: {blade_minus.volume*1e9:.3f}, {blade_plus.volume*1e9:.3f} mm^3')
# -- output
[31m---------------------------------------------------------------------------[39m
[31mTypeError[39m                                 Traceback (most recent call last)
[36mCell[39m[36m [39m[32mIn[5][39m[32m, line 10[39m
[32m      6[39m     er=np.array([np.cos(theta_center),np.sin(theta_center)])
[32m      7[39m     et=np.array([-np.sin(theta_center),np.cos(theta_center)])
[32m      8[39m     pts=[(float(x),float(*(radius*er+q*et))) [38;5;28;01mfor[39;00m x,q [38;5;28;01min[39;00m zip(xp,qp)]
[32m      9[39m     [38;5;28;01mreturn[39;00m bd.Wire.make_polygon(pts,close=[38;5;28;01mTrue[39;00m)
[32m---> [39m[32m10[39m blade_minus=bd.Solid.make_loft([blade_wire(r,-PITCH_ANGLE/[32m2[39m) [38;5;28;01mfor[39;00m r [38;5;28;01min[39;00m RADIAL_STATIONS])
[32m     11[39m blade_plus=bd.Solid.make_loft([blade_wire(r, PITCH_ANGLE/[32m2[39m) [38;5;28;01mfor[39;00m r [38;5;28;01min[39;00m RADIAL_STATIONS])
[32m     12[39m bb=(blade_minus+blade_plus).bounding_box(); X_IN=bb.min.X-CHORD; X_OUT=bb.max.X+CHORD; AXIAL_LENGTH=X_OUT-X_IN
[32m     13[39m print([33m'valid corrected blades:'[39m,blade_minus.is_valid,blade_plus.is_valid)

[36mCell[39m[36m [39m[32mIn[5][39m[32m, line 8[39m, in [36mblade_wire[39m[34m(radius, theta_center)[39m
[32m      4[39m     xu,yu,xl,yl=rotated_section(stagger)
[32m      5[39m     xp=np.r_[xu, xl[-[32m2[39m:[32m0[39m:-[32m1[39m]]; qp=np.r_[yu, yl[-[32m2[39m:[32m0[39m:-[32m1[39m]]
[32m      6[39m     er=np.array([np.cos(theta_center),np.sin(theta_center)])
[32m      7[39m     et=np.array([-np.sin(theta_center),np.cos(theta_center)])
[32m----> [39m[32m8[39m     pts=[(float(x),float(*(radius*er+q*et))) [38;5;28;01mfor[39;00m x,q [38;5;28;01min[39;00m zip(xp,qp)]
[32m      9[39m     [38;5;28;01mreturn[39;00m bd.Wire.make_polygon(pts,close=[38;5;28;01mTrue[39;00m)

[31mTypeError[39m: float expected at most 1 argument, got 2

# -- cell 6 (1.8s, exit 0)
def blade_wire(radius, theta_center):
    frac=(radius-R_HUB)/(R_TIP-R_HUB); stagger=ROOT_STAGGER+EXTRA_TWIST*frac
    xu,yu,xl,yl=rotated_section(stagger); xp=np.r_[xu,xl[-2:0:-1]]; qp=np.r_[yu,yl[-2:0:-1]]
    er=np.array([np.cos(theta_center),np.sin(theta_center)]); et=np.array([-np.sin(theta_center),np.cos(theta_center)])
    pts=[]
    for x,q in zip(xp,qp):
        yz=radius*er+q*et; pts.append((float(x),float(yz[0]),float(yz[1])))
    return bd.Wire.make_polygon(pts,close=True)
blade_minus=bd.Solid.make_loft([blade_wire(r,-PITCH_ANGLE/2) for r in RADIAL_STATIONS])
blade_plus=bd.Solid.make_loft([blade_wire(r,PITCH_ANGLE/2) for r in RADIAL_STATIONS])
bb=(blade_minus+blade_plus).bounding_box(); X_IN=bb.min.X-CHORD; X_OUT=bb.max.X+CHORD; AXIAL_LENGTH=X_OUT-X_IN
print('valid corrected blades:',blade_minus.is_valid,blade_plus.is_valid)
print(f'Blade section radii: {R_HUB*1e3:.3f} to {R_TIP*1e3:.3f} mm; height {(R_TIP-R_HUB)*1e3:.3f} mm')
print(f'Blade axial extrema {bb.min.X*1e3:.3f}, {bb.max.X*1e3:.3f} mm; planes {X_IN*1e3:.3f}, {X_OUT*1e3:.3f} mm')
print(f'Loft volumes: {blade_minus.volume*1e9:.3f}, {blade_plus.volume*1e9:.3f} mm^3')
# -- output
valid corrected blades: True True
Blade section radii: 45.000 to 90.000 mm; height 45.000 mm
Blade axial extrema -0.105, 19.053 mm; planes -22.105, 41.053 mm
Loft volumes: 890.454, 890.454 mm^3

# -- cell 7 (0.1s, exit 0)
print('Edge.make_line',inspect.signature(bd.Edge.make_line))
for plname in ['YZ','ZX','XY']:
    pl=getattr(bd.Plane,plname)
    e=bd.Edge.make_circle(R_TIP,plane=pl,start_angle=-np.rad2deg(PITCH_ANGLE)/2,end_angle=np.rad2deg(PITCH_ANGLE)/2)
    print(plname,[(round(v.X,4),round(v.Y,4),round(v.Z,4)) for v in e.vertices()])
# -- output
Edge.make_line (point1: 'VectorLike', point2: 'VectorLike') -> 'Edge'
YZ [(0.0, 0.0894, -0.0101), (0.0, 0.0894, 0.0101)]
ZX [(-0.0101, 0.0, 0.0894), (0.0101, 0.0, 0.0894)]
XY [(0.0894, -0.0101, 0.0), (0.0894, 0.0101, 0.0)]

# -- cell 8 (0.2s, exit 1)
a=np.rad2deg(PITCH_ANGLE)/2
outer_arc=bd.Edge.make_circle(R_TIP,plane=bd.Plane.YZ,start_angle=-a,end_angle=a)
inner_arc=bd.Edge.make_circle(R_HUB,plane=bd.Plane.YZ,start_angle=a,end_angle=-a,angular_direction=bd.AngularDirection.CLOCKWISE)
p_ol=(0,R_TIP*np.cos(np.deg2rad(a)),-R_TIP*np.sin(np.deg2rad(a)))
p_ou=(0,R_TIP*np.cos(np.deg2rad(a)), R_TIP*np.sin(np.deg2rad(a)))
p_il=(0,R_HUB*np.cos(np.deg2rad(a)),-R_HUB*np.sin(np.deg2rad(a)))
p_iu=(0,R_HUB*np.cos(np.deg2rad(a)), R_HUB*np.sin(np.deg2rad(a)))
sector_wire=bd.Wire([outer_arc,bd.Edge.make_line(p_ou,p_iu),inner_arc,bd.Edge.make_line(p_il,p_ol)])
sector_face=bd.Face(sector_wire)
sector=bd.Pos(X_IN,0,0)*bd.extrude(sector_face,dir=(AXIAL_LENGTH,0,0))
fluid=sector-blade_minus-blade_plus
print('sector/fluid valid:',sector.is_valid,fluid.is_valid,'solids',len(fluid.solids()))
print(f'Fluid volume: {fluid.volume*1e9:.3f} mm^3; sector volume: {sector.volume*1e9:.3f} mm^3')
print(f'Angular pitch measured from radial edge vectors: {2*a:.6f} deg (requested {360/N_BLADES:.6f})')
bd.export_step(fluid,'passage.step',unit=bd.Unit.METER)
bd.export_stl(fluid,'passage_preview.stl',tolerance=2e-4,angular_tolerance=0.15)
print('wrote passage.step and passage_preview.stl')
# -- output
[31m---------------------------------------------------------------------------[39m
[31mValueError[39m                                Traceback (most recent call last)
[36mCell[39m[36m [39m[32mIn[8][39m[32m, line 10[39m
[32m      6[39m p_il=([32m0[39m,R_HUB*np.cos(np.deg2rad(a)),-R_HUB*np.sin(np.deg2rad(a)))
[32m      7[39m p_iu=([32m0[39m,R_HUB*np.cos(np.deg2rad(a)), R_HUB*np.sin(np.deg2rad(a)))
[32m      8[39m sector_wire=bd.Wire([outer_arc,bd.Edge.make_line(p_ou,p_iu),inner_arc,bd.Edge.make_line(p_il,p_ol)])
[32m      9[39m sector_face=bd.Face(sector_wire)
[32m---> [39m[32m10[39m sector=bd.Pos(X_IN,[32m0[39m,[32m0[39m)*bd.extrude(sector_face,dir=(AXIAL_LENGTH,[32m0[39m,[32m0[39m))
[32m     11[39m fluid=sector-blade_minus-blade_plus
[32m     12[39m print([33m'sector/fluid valid:'[39m,sector.is_valid,fluid.is_valid,[33m'solids'[39m,len(fluid.solids()))
[32m     13[39m print(f'Fluid volume: {fluid.volume*[32m1e9[39m:.3f} mm^3; sector volume: {sector.volume*[32m1e9[39m:.3f} mm^3')

[36mFile [39m[32m~/miniforge3/lib/python3.13/site-packages/build123d/operations_part.py:214[39m, in [36mextrude[39m[34m(to_extrude, amount, dir, until, target, both, taper, clean, mode)[39m
[32m    212[39m [38;5;28;01melse[39;00m:
[32m    213[39m     [38;5;28;01mif[39;00m until [38;5;129;01mis[39;00m [38;5;28;01mNone[39;00m:
[32m--> [39m[32m214[39m         [38;5;28;01mraise[39;00m [38;5;167;01mValueError[39;00m([33m"[39m[33mEither amount or until must be provided[39m[33m"[39m)
[32m    215[39m     [38;5;28;01mif[39;00m target [38;5;129;01mis[39;00m [38;5;28;01mNone[39;00m:
[32m    216[39m         [38;5;28;01mif[39;00m context [38;5;129;01mis[39;00m [38;5;28;01mNone[39;00m:

[31mValueError[39m: Either amount or until must be provided

# -- cell 9 (2.0s, exit 1)
a=np.rad2deg(PITCH_ANGLE)/2
outer_arc=bd.Edge.make_circle(R_TIP,plane=bd.Plane.YZ,start_angle=-a,end_angle=a)
inner_arc=bd.Edge.make_circle(R_HUB,plane=bd.Plane.YZ,start_angle=a,end_angle=-a,angular_direction=bd.AngularDirection.CLOCKWISE)
p_ol=(0,R_TIP*np.cos(np.deg2rad(a)),-R_TIP*np.sin(np.deg2rad(a))); p_ou=(0,p_ol[1],-p_ol[2])
p_il=(0,R_HUB*np.cos(np.deg2rad(a)),-R_HUB*np.sin(np.deg2rad(a))); p_iu=(0,p_il[1],-p_il[2])
sector_wire=bd.Wire([outer_arc,bd.Edge.make_line(p_ou,p_iu),inner_arc,bd.Edge.make_line(p_il,p_ol)])
sector_face=bd.Face(sector_wire)
sector=bd.Pos(X_IN,0,0)*bd.extrude(sector_face,amount=AXIAL_LENGTH,dir=(1,0,0))
fluid=sector-blade_minus-blade_plus
print('sector/fluid valid:',sector.is_valid,fluid.is_valid,'solids',len(fluid.solids()))
print(f'Fluid volume {fluid.volume*1e9:.3f} mm^3; sector {sector.volume*1e9:.3f} mm^3')
print(f'Pitch measured {2*a:.6f} deg; requested {360/N_BLADES:.6f} deg')
bd.export_step(fluid,'passage.step',unit=bd.Unit.METER)
bd.export_stl(fluid,'passage_preview.stl',tolerance=2e-4,angular_tolerance=0.15)
print('wrote CAD previews')
# -- output
sector/fluid valid: True True solids 1
Fluid volume 42172.641 mm^3; sector 43048.840 mm^3
Pitch measured 12.857143 deg; requested 12.857143 deg
[31m---------------------------------------------------------------------------[39m
[31mAttributeError[39m                            Traceback (most recent call last)
[36mCell[39m[36m [39m[32mIn[9][39m[32m, line 13[39m
[32m      9[39m fluid=sector-blade_minus-blade_plus
[32m     10[39m print([33m'sector/fluid valid:'[39m,sector.is_valid,fluid.is_valid,[33m'solids'[39m,len(fluid.solids()))
[32m     11[39m print(f'Fluid volume {fluid.volume*[32m1e9[39m:.3f} mm^3; sector {sector.volume*[32m1e9[39m:.3f} mm^3')
[32m     12[39m print(f'Pitch measured {[32m2[39m*a:.6f} deg; requested {[32m360[39m/N_BLADES:.6f} deg')
[32m---> [39m[32m13[39m bd.export_step(fluid,[33m'passage.step'[39m,unit=bd.Unit.METER)
[32m     14[39m bd.export_stl(fluid,[33m'passage_preview.stl'[39m,tolerance=[32m2e-4[39m,angular_tolerance=[32m0.15[39m)
[32m     15[39m print([33m'wrote CAD previews'[39m)

[31mAttributeError[39m: type object 'Unit' has no attribute 'METER'

# -- cell 10 (0.1s, exit 0)
print(list(bd.Unit)); print(inspect.signature(bd.export_stl))
# -- output
[<Unit.MC>, <Unit.MM>, <Unit.CM>, <Unit.M>, <Unit.IN>, <Unit.FT>]
(to_export: build123d.topology.shape_core.Shape, file_path: os.PathLike | str | bytes, tolerance: float = 0.001, angular_tolerance: float = 0.1, ascii_format: bool = False) -> bool

# -- cell 11 (2.2s, exit 0)
a=np.rad2deg(PITCH_ANGLE)/2
outer_arc=bd.Edge.make_circle(R_TIP,bd.Plane.YZ,-a,a); inner_arc=bd.Edge.make_circle(R_HUB,bd.Plane.YZ,a,-a,bd.AngularDirection.CLOCKWISE)
p_ol=(0,R_TIP*np.cos(np.deg2rad(a)),-R_TIP*np.sin(np.deg2rad(a))); p_ou=(0,p_ol[1],-p_ol[2]); p_il=(0,R_HUB*np.cos(np.deg2rad(a)),-R_HUB*np.sin(np.deg2rad(a))); p_iu=(0,p_il[1],-p_il[2])
sector_face=bd.Face(bd.Wire([outer_arc,bd.Edge.make_line(p_ou,p_iu),inner_arc,bd.Edge.make_line(p_il,p_ol)]))
sector=bd.Pos(X_IN,0,0)*bd.extrude(sector_face,amount=AXIAL_LENGTH,dir=(1,0,0)); fluid=sector-blade_minus-blade_plus
assert sector.is_valid and fluid.is_valid and len(fluid.solids())==1
bd.export_step(fluid,'passage.step',unit=bd.Unit.M); bd.export_stl(fluid,'passage_preview.stl',tolerance=2e-4,angular_tolerance=0.15)
print(f'Valid one-volume passage: {fluid.volume*1e9:.3f} mm^3; STEP unit metre; pitch {2*a:.6f} deg')
# -- output
Valid one-volume passage: 42172.640 mm^3; STEP unit metre; pitch 12.857143 deg

# -- cell 12 (1.0s, exit 1)
import pyvista as pv
pv.global_theme.window_size=[900,650]
m=pv.read('passage_preview.stl')
p=pv.Plotter(off_screen=True); p.add_mesh(m,color='lightsteelblue',show_edges=True,edge_color='0.35',line_width=0.4)
p.add_axes(); p.show_bounds(grid='back',location='outer',all_edges=True,fmt='%.3f'); p.camera_position=[(0.11,0.19,0.11),(0.008,0.066,0),(0,0,1)]
p.show(screenshot='cad_coarse.png')
print('preview bounds [m]:',np.array(m.bounds).reshape(3,2)); print('triangles:',m.n_cells)
# -- output
/home/qiuzi/miniforge3/lib/python3.13/site-packages/tqdm/auto.py:21: TqdmWarning: IProgress not found. Please update jupyter and ipywidgets. See https://ipywidgets.readthedocs.io/en/stable/user_install.html
  from .autonotebook import tqdm as notebook_tqdm
[0m[33m2026-09-16 02:59:24.749 (   0.277s) [    79719CF76780]vtkXOpenGLRenderWindow.:1460  WARN| bad X server connection. DISPLAY=[0m
[0m[33m2026-09-16 02:59:24.750 (   0.278s) [    79719CF76780]vtkOpenGLRenderWindow.c:645   WARN| Failed to load EGL! Please install the EGL library from your distribution's package manager.[0m
[0m[33m2026-09-16 02:59:24.763 (   0.291s) [    79719CF76780]vtkOpenGLRenderWindow.c:645   WARN| Failed to load EGL! Please install the EGL library from your distribution's package manager.[0m
[31m---------------------------------------------------------------------------[39m
[31mValueError[39m                                Traceback (most recent call last)
[36mFile [39m[32m~/miniforge3/lib/python3.13/site-packages/pyvista/plotting/colors.py:1761[39m, in [36mColor.__init__[39m[34m(self, color, opacity, default_color, default_opacity)[39m
[32m   1759[39m [38;5;28;01melif[39;00m [38;5;28misinstance[39m(color, [38;5;28mstr[39m):
[32m   1760[39m     [38;5;66;03m# From named color or hex string[39;00m
[32m-> [39m[32m1761[39m     [30;43mself[39;49m[30;43m.[39;49m[30;43m_from_str[39;49m[30;43m([39;49m[30;43mcolor[39;49m[30;43m)[39;49m
[32m   1762[39m [38;5;28;01melif[39;00m [38;5;28misinstance[39m(color, [38;5;28mdict[39m):
[32m   1763[39m     [38;5;66;03m# From dictionary[39;00m

[36mFile [39m[32m~/miniforge3/lib/python3.13/site-packages/pyvista/plotting/colors.py:1925[39m, in [36mColor._from_str[39m[34m(self, n)[39m
[32m   1924[39m msg = [33mf[39m[33m'[39m[33mInvalid color name or hex string: [39m[38;5;132;01m{[39;00marg[38;5;132;01m}[39;00m[33m'[39m
[32m-> [39m[32m1925[39m [38;5;28;01mraise[39;00m [38;5;167;
... 5639 characters cut ...
/lib/python3.13/site-packages/pyvista/core/utilities/misc.py:531[39m, in [36m_NoNewAttrMixin.__setattr__[39m[34m(self, key, value)[39m
[32m    529[39m [38;5;250m[39m[33;03m"""Prevent adding new attributes to classes using "normal" methods."""[39;00m
[32m    530[39m [38;5;28mself[39m._check_new_attribute(key)
[32m--> [39m[32m531[39m [30;43mobject[39;49m[30;43m.[39;49m[30;43m__setattr__[39;49m[30;43m([39;49m[30;43mself[39;49m[30;43m,[39;49m[30;43m [39;49m[30;43mkey[39;49m[30;43m,[39;49m[30;43m [39;49m[30;43mvalue[39;49m[30;43m)[39;49m

[36mFile [39m[32m~/miniforge3/lib/python3.13/site-packages/pyvista/plotting/_property.py:389[39m, in [36mProperty.edge_color[39m[34m(self, value)[39m
[32m    387[39m [38;5;129m@edge_color[39m.setter
[32m    388[39m [38;5;28;01mdef[39;00m[38;5;250m [39m[34medge_color[39m([38;5;28mself[39m, value):
[32m--> [39m[32m389[39m     rgb_color = [30;43mColor[39;49m[30;43m([39;49m[30;43mvalue[39;49m[30;43m,[39;49m[30;43m [39;49m[30;43mdefault_color[39;49m[30;43m=[39;49m[30;43mself[39;49m[30;43m.[39;49m[30;43m_theme[39;49m[30;43m.[39;49m[30;43medge_color[39;49m[30;43m)[39;49m  [38;5;66;03m# type: ignore[union-attr][39;00m
[32m    390[39m     [38;5;28mself[39m.SetEdgeColor(rgb_color.float_rgb)

[36mFile [39m[32m~/miniforge3/lib/python3.13/site-packages/pyvista/core/utilities/misc.py:442[39m, in [36m_AutoFreezeMeta.__call__[39m[34m(cls, *args, **kwargs)[39m
[32m    441[39m [38;5;28;01mdef[39;00m[38;5;250m [39m[34m__call__[39m([38;5;28mcls[39m: [38;5;28mtype[39m[_T], *args, **kwargs) -> _T:
[32m--> [39m[32m442[39m     obj = [30;43msuper[39;49m[30;43m([39;49m[30;43m)[39;49m[30;43m.[39;49m[30;43m__call__[39;49m[30;43m([39;49m[30;43m*[39;49m[30;43margs[39;49m[30;43m,[39;49m[30;43m [39;49m[30;43m*[39;49m[30;43m*[39;49m[30;43mkwargs[39;49m[30;43m)[39;49m  [38;5;66;03m# type: ignore[misc][39;00m
[32m    443[39m     obj._no_new_attributes([38;5;28mcls[39m)
[32m    444[39m     [38;5;28;01mreturn[39;00m obj

[36mFile [39m[32m~/miniforge3/lib/python3.13/site-packages/pyvista/_deprecate_positional_args.py:243[39m, in [36m_deprecate_positional_args.<locals>._inner_deprecate_positional_args.<locals>.inner_f[39m[34m(*args, **kwargs)[39m
[32m    239[39m             warn_external(msg, PyVistaDeprecationWarning)
[32m    241[39m         warn_positional_args()
[32m--> [39m[32m243[39m [38;5;28;01mreturn[39;00m [30;43mf[39;49m[30;43m([39;49m[30;43m*[39;49m[30;43margs[39;49m[30;43m,[39;49m[30;43m [39;49m[30;43m*[39;49m[30;43m*[39;49m[30;43mkwargs[39;49m[30;43m)[39;49m

[36mFile [39m[32m~/miniforge3/lib/python3.13/site-packages/pyvista/plotting/colors.py:1786[39m, in [36mColor.__init__[39m[34m(self, color, opacity, default_color, default_opacity)[39m
[32m   1775[39m [38;5;28;01mexcept[39;00m [38;5;167;01mValueError[39;00m [38;5;28;01mas[39;00m e:
[32m   1776[39m     msg = (
[32m   1777[39m         [33m'[39m[38;5;130;01m\n[39;00m[33m'[39m
[32m   1778[39m         [33mf[39m[33m'[39m[38;5;130;01m\t[39;00m[33mInvalid color input: ([39m[38;5;132;01m{[39;00mcolor[38;5;132;01m}[39;00m[33m)[39m[38;5;130;01m\n[39;00m[33m'[39m
[32m   (...)[39m[32m   1784[39m         [33m"[39m[38;5;130;01m\t[39;00m[38;5;130;01m\t[39;00m[33mcolor=[39m[33m'[39m[33m#FFFFFF[39m[33m'[39m[33m"[39m
[32m   1785[39m     )
[32m-> [39m[32m1786[39m     [38;5;28;01mraise[39;00m [38;5;167;01mValueError[39;00m(msg) [38;5;28;01mfrom[39;00m[38;5;250m [39m[34;01me[39;00m
[32m   1788[39m [38;5;66;03m# Overwrite opacity if it is provided[39;00m
[32m   1789[39m [38;5;28;01mtry[39;00m:

[31mValueError[39m: 
	Invalid color input: (0.35)
	Must be a string, rgb(a) sequence, or hex color string.  For example:
		color='white'
		color='w'
		color=[1.0, 1.0, 1.0]
		color=[255, 255, 255]
		color='#FFFFFF'

# -- cell 13 (0.6s, exit 0)
import gmsh, os
gmsh.initialize(); gmsh.model.add('passage'); gmsh.option.setString('Geometry.OCCTargetUnit','M')
ents=gmsh.model.occ.importShapes('passage.step'); gmsh.model.occ.synchronize()
vols=gmsh.model.getEntities(3); surfs=gmsh.model.getBoundary(vols,oriented=False,recursive=False)
print('volumes',vols,'surfaces',len(surfs))
for _,tag in surfs:
    bbx=gmsh.model.getBoundingBox(2,tag); c=gmsh.model.occ.getCenterOfMass(2,tag)
    print(tag,'c=',tuple(round(v,5) for v in c),'bb=',tuple(round(v,5) for v in bbx))
# -- output
Info    :  - Label 'Shapes/COMPOUND' (3D)
volumes [(3, 1)] surfaces 257
1 c= (0.00957, 0.08981, 3e-05) bb= (-0.0221, 0.08943, -0.01008, 0.04105, 0.09, 0.01008)
2 c= (-0.0221, 0.06985, 0.0) bb= (-0.0221, 0.04472, -0.01008, -0.0221, 0.09, 0.01008)
3 c= (-0.01105, 0.06708, 0.00756) bb= (-0.0221, 0.04472, 0.00504, 0.0, 0.08943, 0.01008)
4 c= (1e-05, 0.06708, 0.00755) bb= (-0.0, 0.04472, 0.00502, 3e-05, 0.08943, 0.01008)
5 c= (4e-05, 0.06708, 0.00754) bb= (2e-05, 0.04472, 0.00501, 5e-05, 0.08943, 0.01007)
6 c= (0.02064, 0.06715, 0.00757) bb= (5e-05, 0.04471, 0.00503, 0.04106, 0.08944, 0.01008)
7 c= (0.04105, 0.06985, 0.0) bb= (0.04105, 0.04472, -0.01008, 0.04105, 0.09, 0.01008)
8 c= (0.02061, 0.0671, -0.00756) bb= (6e-05, 0.04472, -0.01008, 0.04105, 0.08943, -0.00504)
9 c= (7e-05, 0.08722, -0.00982) bb= (4e-05, 0.04471, -0.01008, 8e-05, 0.08943, -0.00507)
10 c= (0.0001, 0.08355, -0.00941) bb= (7e-05, 0.04471, -0.01007, 0.00012, 0.08944, -0.00508)
11 c= (0.00014, 0.07964, -0.00896) bb= (0.00011, 0.04471, -0.01005, 0.00016, 0.08944, -0.00508)
12 c= (0.00018, 0.07613, -0.00854) bb= (0.00015, 0.04471, -0.01003, 0.0002, 0.08944, -0.00508)
13 c= (0.00022, 0.07305, -0.00818) bb= (0.00019, 0.04471, -0.01, 0.00026, 0.08945, -0.00507)
14 c= (0.00027, 0.07038, -0.00786) bb= (0.00022, 0.04471, -0.00996, 0.00031, 0.08945, -0.00506)
15 c= (0.00032, 0.06808, -0.00757) bb= (0.00026, 0.04471, -0.00992, 0.00038, 0.08946, -0.00504)
16 c= (0.00038, 0.06709, -0.00743) bb= (0.00031, 0.04472, -0.00986, 0.00045, 0.08946, -0.00502)
17 c= (0.00044, 0.0671, -0.00738) bb= (0.00035, 0.04472, -0.0098, 0.00052, 0.08947, -0.00499)
18 c= (0.00051, 0.0671, -0.00733) bb= (0.0004, 0.04472, -0.00974, 0.00061, 0.08948, -0.00496)
19 c= (0.00058, 0.06711, -0.00727) bb= (0.00045, 0.04473, -0.00967, 0.00069, 0.08949, -0.00492)
20 c= (0.00065, 0.06711, -0.00721) bb= (0.0005, 0.04473, -0.00959, 0.00079, 0.0895, -0.00488)
21 c= (0.00073, 0.06712, -0.00714) bb= (0.00055, 0.04473, -0.0095, 0.00089, 0.08951, -0.00484)
... 18094 characters cut ...
27, -0.00568) bb= (0.0002, 0.04489, -0.00809, 0.00144, 0.08968, -0.00342)
216 c= (0.00074, 0.06726, -0.00582) bb= (0.00016, 0.04488, -0.00825, 0.00131, 0.08966, -0.00353)
217 c= (0.00066, 0.06725, -0.00595) bb= (0.00012, 0.04486, -0.0084, 0.00119, 0.08964, -0.00363)
218 c= (0.00058, 0.06724, -0.00608) bb= (9e-05, 0.04485, -0.00854, 0.00107, 0.08962, -0.00373)
219 c= (0.0005, 0.06722, -0.0062) bb= (5e-05, 0.04484, -0.00868, 0.00096, 0.08961, -0.00383)
220 c= (0.00043, 0.06721, -0.00632) bb= (2e-05, 0.04483, -0.00881, 0.00085, 0.08959, -0.00392)
221 c= (0.00037, 0.0672, -0.00643) bb= (-0.0, 0.04482, -0.00894, 0.00075, 0.08958, -0.00402)
222 c= (0.00031, 0.06719, -0.00654) bb= (-3e-05, 0.04481, -0.00906, 0.00066, 0.08956, -0.0041)
223 c= (0.00025, 0.06718, -0.00664) bb= (-5e-05, 0.0448, -0.00917, 0.00057, 0.08955, -0.00419)
224 c= (0.0002, 0.06717, -0.00674) bb= (-6e-05, 0.04479, -0.00928, 0.00049, 0.08954, -0.00427)
225 c= (0.00016, 0.06716, -0.00684) bb= (-8e-05, 0.04479, -0.00938, 0.00041, 0.08952, -0.00435)
226 c= (0.00012, 0.06715, -0.00692) bb= (-9e-05, 0.04478, -0.00948, 0.00034, 0.08951, -0.00442)
227 c= (8e-05, 0.06714, -0.00701) bb= (-0.0001, 0.04477, -0.00956, 0.00028, 0.0895, -0.0045)
228 c= (5e-05, 0.06713, -0.00708) bb= (-0.0001, 0.04476, -0.00964, 0.00022, 0.08949, -0.00456)
229 c= (2e-05, 0.06712, -0.00716) bb= (-0.0001, 0.04476, -0.00972, 0.00017, 0.08948, -0.00463)
230 c= (-0.0, 0.06711, -0.00722) bb= (-0.0001, 0.04475, -0.00979, 0.00012, 0.08947, -0.00468)
231 c= (-2e-05, 0.06711, -0.00728) bb= (-0.0001, 0.04474, -0.00985, 8e-05, 0.08947, -0.00474)
232 c= (-3e-05, 0.0671, -0.00734) bb= (-0.0001, 0.04474, -0.0099, 5e-05, 0.08946, -0.00479)
233 c= (-4e-05, 0.06709, -0.00739) bb= (-0.0001, 0.04473, -0.00995, 2e-05, 0.08945, -0.00484)
234 c= (-4e-05, 0.06709, -0.00743) bb= (-9e-05, 0.04473, -0.00999, 0.0, 0.08945, -0.00488)
235 c= (-4e-05, 0.06709, -0.00747) bb= (-7e-05, 0.04473, -0.01002, -1e-05, 0.08944, -0.00492)
236 c= (-4e-05, 0.06708, -0.0075) bb= (-6e-05, 0.04472, -0.01005, -2e-05, 0.08944, -0.00496)
237 c= (-2e-05, 0.06708, -0.00753) bb= (-4e-05, 0.04472, -0.01006, -1e-05, 0.08944, -0.00499)
238 c= (-1e-05, 0.06708, -0.00755) bb= (-2e-05, 0.04472, -0.01008, 0.0, 0.08944, -0.00502)
239 c= (-0.01105, 0.06708, -0.00756) bb= (-0.0221, 0.04472, -0.01008, 0.0, 0.08943, -0.00504)
240 c= (0.00947, 0.04491, -0.0) bb= (-0.0221, 0.04472, -0.00504, 0.04105, 0.045, 0.00504)
241 c= (6e-05, 0.0652, 0.00733) bb= (4e-05, 0.04472, 0.005, 8e-05, 0.08943, 0.01008)
242 c= (0.0001, 0.06157, 0.00691) bb= (7e-05, 0.04472, 0.00499, 0.00012, 0.08943, 0.0101)
243 c= (0.00013, 0.05751, 0.00646) bb= (0.00011, 0.04472, 0.00499, 0.00016, 0.08943, 0.01012)
244 c= (0.00018, 0.05394, 0.00606) bb= (0.00015, 0.04472, 0.00499, 0.0002, 0.08943, 0.01016)
245 c= (0.00022, 0.05085, 0.00571) bb= (0.00019, 0.04472, 0.005, 0.00026, 0.08943, 0.01019)
246 c= (0.00028, 0.0482, 0.00542) bb= (0.00022, 0.04472, 0.00501, 0.00031, 0.08942, 0.01024)
247 c= (0.00033, 0.04611, 0.00519) bb= (0.00026, 0.04472, 0.00502, 0.00038, 0.08942, 0.01029)
248 c= (0.00769, 0.04526, -0.00023) bb= (-2e-05, 0.04472, -0.00504, 0.01781, 0.04587, 0.00517)
249 c= (0.01771, 0.04642, 0.00522) bb= (0.00868, 0.04586, 0.00515, 0.0179, 0.09153, 0.00853)
250 c= (0.01053, 0.08692, 0.00959) bb= (0.00927, 0.04595, 0.00586, 0.01902, 0.09166, 0.00971)
251 c= (0.01052, 0.08692, 0.00959) bb= (0.00984, 0.08427, 0.00949, 0.01121, 0.08948, 0.00967)
252 c= (0.0105, 0.08705, 0.00961) bb= (0.00928, 0.04595, 0.00588, 0.01904, 0.09167, 0.00972)
253 c= (0.0105, 0.08705, 0.00961) bb= (0.00928, 0.04595, 0.00588, 0.01904, 0.09167, 0.00972)
254 c= (0.01049, 0.08713, 0.00963) bb= (0.00929, 0.04595, 0.00588, 0.01905, 0.09167, 0.00973)
255 c= (0.01049, 0.08713, 0.00963) bb= (0.00929, 0.04595, 0.00589, 0.01905, 0.09167, 0.00973)
256 c= (0.01042, 0.08743, 0.00964) bb= (0.0093, 0.04595, 0.00589, 0.01905, 0.09167, 0.00974)
257 c= (0.01042, 0.08743, 0.00964) bb= (0.0093, 0.04595, 0.00589, 0.01905, 0.09167, 0.00974)

# -- cell 14 (0.1s, exit 0)
from collections import Counter
print(Counter(gmsh.model.getType(2,t) for _,t in surfs))
for t in [1,2,3,4,5,6,7,8,9,239,240,241,248,249]:
 print(t,gmsh.model.getType(2,t))
# -- output
Counter({'BSpline surface': 248, 'Plane': 7, 'Cylinder': 2})
1 Cylinder
2 Plane
3 Plane
4 BSpline surface
5 BSpline surface
6 Plane
7 Plane
8 Plane
9 BSpline surface
239 Plane
240 Cylinder
241 BSpline surface
248 Plane
249 BSpline surface

# -- cell 15 (2.2s, exit 1)
groups={'inlet':[],'outlet':[],'hub':[],'shroud':[],'periodicMinus':[],'periodicPlus':[],'bladePressure':[],'bladeSuction':[]}
for _,t in surfs:
 typ=gmsh.model.getType(2,t); c=gmsh.model.occ.getCenterOfMass(2,t); b=gmsh.model.getBoundingBox(2,t)
 if typ=='Cylinder': groups['shroud' if np.hypot(c[1],c[2])>0.067 else 'hub'].append(t)
 elif typ=='Plane' and abs(b[3]-b[0])<1e-7: groups['inlet' if abs(c[0]-X_IN)<1e-5 else 'outlet'].append(t)
 elif typ=='Plane' and t==248: groups['hub'].append(t)
 elif typ=='Plane': groups['periodicPlus' if c[2]>0 else 'periodicMinus'].append(t)
 else: groups['bladeSuction' if c[2]>0 else 'bladePressure'].append(t)
for name,tags in groups.items():
 pg=gmsh.model.addPhysicalGroup(2,tags); gmsh.model.setPhysicalName(2,pg,name); print(name,len(tags))
pg=gmsh.model.addPhysicalGroup(3,[1]); gmsh.model.setPhysicalName(3,pg,'fluid')
gmsh.option.setNumber('Mesh.MeshSizeMin',0.0025); gmsh.option.setNumber('Mesh.MeshSizeMax',0.004)
gmsh.option.setNumber('Mesh.Algorithm3D',1); gmsh.model.mesh.generate(3); gmsh.write('passage.msh')
print('nodes/elements',len(gmsh.model.mesh.getNodes()[0]),sum(len(x) for x in gmsh.model.mesh.getElements()[1])); gmsh.finalize()
import subprocess
r=subprocess.run(['gmshToFoam','passage.msh'],text=True,capture_output=True); print(r.stdout[-2000:]); print(r.stderr[-500:]); print('return',r.returncode)
# -- output
inlet 0
outlet 0
hub 2
shroud 1
periodicMinus 2
periodicPlus 4
bladePressure 112
bladeSuction 136
Info    : Meshing 1D...
Info    : [  0%] Meshing curve 1 (Line)
Info    : [ 10%] Meshing curve 2 (BSpline)
Info    : [ 10%] Meshing curve 3 (BSpline)
Info    : [ 10%] Meshing curve 4 (Line)
Info    : [ 10%] Meshing curve 5 (Circle)
Info    : [ 10%] Meshing curve 6 (Line)
Info    : [ 10%] Meshing curve 7 (BSpline)
Info    : [ 10%] Meshing curve 8 (BSpline)
Info    : [ 10%] Meshing curve 9 (BSpline)
Info    : [ 10%] Meshing curve 10 (BSpline)
Info    : [ 10%] Meshing curve 11 (BSpline)
Info    : [ 10%] Meshing curve 12 (BSpline)
Info    : [ 10%] Meshing curve 13 (BSpline)
Info    : [ 10%] Meshing curve 14 (BSpline)
Info    : [ 10%] Meshing curve 15 (BSpline)
Info    : [ 10%] Meshing curve 16 (BSpline)
Info    : [ 10%] Meshing curve 17 (BSpline)
Info    : [ 10%] Meshing curve 18 (BSpline)
Info    : [ 10%] Meshing curve 19 (BSpline)
Info    : [ 10%] Meshing curve 20 (BSpline)
Info    : [ 10%] Meshing curve 21 (BSpline)
Info    : [ 10%] Meshing curve 22 (BSpline)
Info    : [ 10%] Meshing curve 23 (BSpline)
Info    : [ 10%] Meshing curve 24 (BSpline)
Info    : [ 10%] Meshing curve 25 (BSpline)
Info    : [ 10%] Meshing curve 26 (BSpline)
Info    : [ 10%] Meshing curve 27 (BSpline)
Info    : [ 10%] Meshing curve 28 (BSpline)
Info    : [ 10%] Meshing curve 29 (BSpline)
Info    : [ 10%] Meshing curve 30 (BSpline)
Info    : [ 10%] Meshing curve 31 (BSpline)
Info    : [ 10%] Meshing curve 32 (BSpline)
Info    : [ 10%] Meshing curve 33 (BSpline)
Info    : [ 10%] Meshing curve 34 (BSpline)
Info    : [ 10%] Meshing curve 35 (BSpline)
Info    : [ 10%] Meshing curve 36 (BSpline)
Info    : [ 10%] Meshing curve 37 (BSpline)
Info    : [ 10%] Meshing curve 38 (BSpline)
Info    : [ 10%] Meshing curve 39 (BSpline)
Info    : [ 10%] Meshing curve 40 (BSpline)
Info    : [ 10%] Meshing curve 41 (BSpline)
Info    : [ 10%] Meshing curve 42 (BSpline)
Info    : [ 10%] Meshing curve 43 (BSpline)
Info 
... 49831 characters cut ...
0%] Meshing surface 246 (BSpline surface, Frontal-Delaunay)
Info    : [100%] Meshing surface 247 (BSpline surface, Frontal-Delaunay)
Info    : [100%] Meshing surface 248 (Plane, Frontal-Delaunay)
Info    : [100%] Meshing surface 249 (BSpline surface, Frontal-Delaunay)
Info    : [100%] Meshing surface 250 (BSpline surface, Frontal-Delaunay)
Info    : [100%] Meshing surface 250 (BSpline surface, MeshAdapt)
Info    : [100%] Meshing surface 251 (BSpline surface, Frontal-Delaunay)
Info    : [100%] Meshing surface 251 (BSpline surface, MeshAdapt)
Info    : [100%] Meshing surface 252 (BSpline surface, Frontal-Delaunay)
Info    : [100%] Meshing surface 252 (BSpline surface, MeshAdapt)
Info    : [100%] Meshing surface 253 (BSpline surface, Frontal-Delaunay)
Info    : [100%] Meshing surface 254 (BSpline surface, Frontal-Delaunay)
Info    : [100%] Meshing surface 254 (BSpline surface, MeshAdapt)
Info    : [100%] Meshing surface 255 (BSpline surface, Frontal-Delaunay)
Info    : [100%] Meshing surface 255 (BSpline surface, MeshAdapt)
Info    : [100%] Meshing surface 256 (BSpline surface, Frontal-Delaunay)
Info    : [100%] Meshing surface 257 (BSpline surface, Frontal-Delaunay)
Info    : Done meshing 2D (Wall 1.74528s, CPU 1.75141s)
Info    : Meshing 3D...
Info    : 3D Meshing 1 volume with 1 connected component
Info    : Tetrahedrizing 7089 nodes...
Info    : Done tetrahedrizing 7097 nodes (Wall 0.0952751s, CPU 0.092776s)
Info    : Reconstructing mesh...
Info    :  - Creating surface mesh
Info    : Found two nearly self-intersecting facets (dihedral angle  8.60710E-04).
Info    :   1st: [3402, 499, 7081] #252
Info    :   2nd: [3402, 499, 3403] #253
Info    : The dihedral angle between them is 0.0493151 degree.
Info    : Hint: You may use Mesh.AngleToleranceFacetOverlap to decrease the dihedral angle tolerance 0.1 (degree)

Warning : 2 elements remain invalid in surface 254
Error   : Invalid boundary mesh (overlapping facets) on surface 252 surface 253
[31m---------------------------------------------------------------------------[39m
[31mException[39m                                 Traceback (most recent call last)
[36mCell[39m[36m [39m[32mIn[15][39m[32m, line 13[39m
[32m      9[39m [38;5;28;01mfor[39;00m name,tags [38;5;28;01min[39;00m groups.items():
[32m     10[39m  pg=gmsh.model.addPhysicalGroup([32m2[39m,tags); gmsh.model.setPhysicalName([32m2[39m,pg,name); print(name,len(tags))
[32m     11[39m pg=gmsh.model.addPhysicalGroup([32m3[39m,[[32m1[39m]); gmsh.model.setPhysicalName([32m3[39m,pg,[33m'fluid'[39m)
[32m     12[39m gmsh.option.setNumber([33m'Mesh.MeshSizeMin'[39m,[32m0.0025[39m); gmsh.option.setNumber([33m'Mesh.MeshSizeMax'[39m,[32m0.004[39m)
[32m---> [39m[32m13[39m gmsh.option.setNumber([33m'Mesh.Algorithm3D'[39m,[32m1[39m); gmsh.model.mesh.generate([32m3[39m); gmsh.write([33m'passage.msh'[39m)
[32m     14[39m print([33m'nodes/elements'[39m,len(gmsh.model.mesh.getNodes()[[32m0[39m]),sum(len(x) [38;5;28;01mfor[39;00m x [38;5;28;01min[39;00m gmsh.model.mesh.getElements()[[32m1[39m])); gmsh.finalize()
[32m     15[39m [38;5;28;01mimport[39;00m subprocess
[32m     16[39m r=subprocess.run([[33m'gmshToFoam'[39m,[33m'passage.msh'[39m],text=[38;5;28;01mTrue[39;00m,capture_output=[38;5;28;01mTrue[39;00m); print(r.stdout[-[32m2000[39m:]); print(r.stderr[-[32m500[39m:]); print([33m'return'[39m,r.returncode)

[36mFile [39m[32m~/miniforge3/lib/python3.13/site-packages/gmsh.py:2189[39m, in [36mmodel.mesh.generate[39m[34m(dim)[39m
[32m   2185[39m             lib.gmshModelMeshGenerate(
[32m   2186[39m                 c_int(dim),
[32m   2187[39m                 byref(ierr))
[32m   2188[39m             [38;5;28;01mif[39;00m ierr.value != [32m0[39m:
[32m-> [39m[32m2189[39m                 [38;5;28;01mraise[39;00m Exception(logger.getLastError())

[31mException[39m: Invalid boundary mesh (overlapping facets) on surface 252 surface 253

# -- cell 16 (4.0s, exit 0)
try: gmsh.finalize()
except: pass
CUT_STATIONS=np.linspace(R_HUB-0.001,R_TIP+0.001,9)
def blade_wire_cut(radius,theta_center):
    frac=np.clip((radius-R_HUB)/(R_TIP-R_HUB),0,1); stagger=ROOT_STAGGER+EXTRA_TWIST*frac
    xu,yu,xl,yl=rotated_section(stagger); xp=np.r_[xu,xl[-2:0:-1]]; qp=np.r_[yu,yl[-2:0:-1]]
    er=np.array([np.cos(theta_center),np.sin(theta_center)]); et=np.array([-np.sin(theta_center),np.cos(theta_center)])
    return bd.Wire.make_polygon([(float(x),float((radius*er+q*et)[0]),float((radius*er+q*et)[1])) for x,q in zip(xp,qp)],close=True)
blade_minus_cut=bd.Solid.make_loft([blade_wire_cut(r,-PITCH_ANGLE/2) for r in CUT_STATIONS]); blade_plus_cut=bd.Solid.make_loft([blade_wire_cut(r,PITCH_ANGLE/2) for r in CUT_STATIONS])
fluid=sector-blade_minus_cut-blade_plus_cut
assert fluid.is_valid and len(fluid.solids())==1
bd.export_step(fluid,'passage.step',unit=bd.Unit.M)
print(f'clean cutting lofts valid; retained radii exactly {R_HUB:.3f}-{R_TIP:.3f} m; volume {fluid.volume*1e9:.2f} mm3')
# -- output
clean cutting lofts valid; retained radii exactly 0.045-0.090 m; volume 42167.05 mm3

# -- cell 17 (1.1s, exit 1)
gmsh.initialize(); gmsh.model.add('passage'); gmsh.option.setString('Geometry.OCCTargetUnit','M'); gmsh.model.occ.importShapes('passage.step'); gmsh.model.occ.synchronize()
vols=gmsh.model.getEntities(3); surfs=gmsh.model.getBoundary(vols,False,False); groups={k:[] for k in ['inlet','outlet','hub','shroud','periodicMinus','periodicPlus','bladePressure','bladeSuction']}
for _,t in surfs:
 typ=gmsh.model.getType(2,t); c=gmsh.model.occ.getCenterOfMass(2,t); b=gmsh.model.getBoundingBox(2,t)
 if typ=='Cylinder': groups['shroud' if np.hypot(c[1],c[2])>0.067 else 'hub'].append(t)
 elif typ=='Plane' and abs(b[3]-b[0])<1e-6: groups['inlet' if c[0]<0 else 'outlet'].append(t)
 elif typ=='Plane': groups['periodicPlus' if c[2]>0 else 'periodicMinus'].append(t)
 else: groups['bladeSuction' if c[2]>0 else 'bladePressure'].append(t)
for name,tags in groups.items():
 assert tags,(name,'empty'); pg=gmsh.model.addPhysicalGroup(2,tags); gmsh.model.setPhysicalName(2,pg,name); print(name,len(tags))
pg=gmsh.model.addPhysicalGroup(3,[v[1] for v in vols]); gmsh.model.setPhysicalName(3,pg,'fluid')
gmsh.option.setNumber('Mesh.MeshSizeMin',0.0025); gmsh.option.setNumber('Mesh.MeshSizeMax',0.004); gmsh.option.setNumber('Mesh.Algorithm3D',1)
gmsh.model.mesh.generate(3); gmsh.write('passage.msh'); print('gmsh nodes',len(gmsh.model.mesh.getNodes()[0])); gmsh.finalize()
import subprocess
r=subprocess.run(['gmshToFoam','passage.msh'],text=True,capture_output=True); print('gmshToFoam',r.returncode,r.stdout[-700:]); assert r.returncode==0
r=subprocess.run(['checkMesh','-allGeometry','-allTopology'],text=True,capture_output=True); print(r.stdout[-3000:]); print('checkMesh return',r.returncode)
# -- output
Info    :  - Label 'Shapes/COMPOUND' (3D)
inlet 1
outlet 1
hub 1
shroud 1
periodicMinus 2
periodicPlus 3
bladePressure 112
bladeSuction 135
Info    : Meshing 1D...
Info    : [  0%] Meshing curve 1 (Line)
Info    : [ 10%] Meshing curve 2 (Line)
Info    : [ 10%] Meshing curve 3 (BSpline)
Info    : [ 10%] Meshing curve 4 (Line)
Info    : [ 10%] Meshing curve 5 (Circle)
Info    : [ 10%] Meshing curve 6 (Line)
Info    : [ 10%] Meshing curve 7 (BSpline)
Info    : [ 10%] Meshing curve 8 (BSpline)
Info    : [ 10%] Meshing curve 9 (BSpline)
Info    : [ 10%] Meshing curve 10 (BSpline)
Info    : [ 10%] Meshing curve 11 (BSpline)
Info    : [ 10%] Meshing curve 12 (BSpline)
Info    : [ 10%] Meshing curve 13 (BSpline)
Info    : [ 10%] Meshing curve 14 (BSpline)
Info    : [ 10%] Meshing curve 15 (BSpline)
Info    : [ 10%] Meshing curve 16 (BSpline)
Info    : [ 10%] Meshing curve 17 (BSpline)
Info    : [ 10%] Meshing curve 18 (BSpline)
Info    : [ 10%] Meshing curve 19 (BSpline)
Info    : [ 10%] Meshing curve 20 (BSpline)
Info    : [ 10%] Meshing curve 21 (BSpline)
Info    : [ 10%] Meshing curve 22 (BSpline)
Info    : [ 10%] Meshing curve 23 (BSpline)
Info    : [ 10%] Meshing curve 24 (BSpline)
Info    : [ 10%] Meshing curve 25 (BSpline)
Info    : [ 10%] Meshing curve 26 (BSpline)
Info    : [ 10%] Meshing curve 27 (BSpline)
Info    : [ 10%] Meshing curve 28 (BSpline)
Info    : [ 10%] Meshing curve 29 (BSpline)
Info    : [ 10%] Meshing curve 30 (BSpline)
Info    : [ 10%] Meshing curve 31 (BSpline)
Info    : [ 10%] Meshing curve 32 (BSpline)
Info    : [ 10%] Meshing curve 33 (BSpline)
Info    : [ 10%] Meshing curve 34 (BSpline)
Info    : [ 10%] Meshing curve 35 (BSpline)
Info    : [ 10%] Meshing curve 36 (BSpline)
Info    : [ 10%] Meshing curve 37 (BSpline)
Info    : [ 10%] Meshing curve 38 (BSpline)
Info    : [ 10%] Meshing curve 39 (BSpline)
Info    : [ 10%] Meshing curve 40 (BSpline)
Info    : [ 10%] Meshing curve 41 (BSpline)
Info    : [ 10%] Meshing curve 42 (BSpline)
Info    : 
... 31939 characters cut ...
fo    : [100%] Meshing curve 755 (BSpline)
Info    : [100%] Meshing curve 756 (BSpline)
Info    : Done meshing 1D (Wall 0.372266s, CPU 0.383252s)
Info    : Meshing 2D...
Info    : [  0%] Meshing surface 1 (Cylinder, Frontal-Delaunay)
Info    : [  0%] :-( There are 1 intersections in the 1D mesh (curves 3(3,4))
Info    : [  0%] 8-| Splitting those edges and trying again
Info    : [  0%] :-( There are 0 intersections in the 1D mesh (curves)
Info    : [  0%] 8-| Splitting those edges and trying again
Info    : [  0%] :-( There are 0 intersections in the 1D mesh (curves)
Info    : [  0%] 8-| Splitting those edges and trying again
Info    : [  0%] :-( There are 0 intersections in the 1D mesh (curves)
Info    : [  0%] 8-| Splitting those edges and trying again
Info    : [  0%] :-( There are 0 intersections in the 1D mesh (curves)
Info    : [  0%] 8-| Splitting those edges and trying again
Info    : [  0%] :-( There are 0 intersections in the 1D mesh (curves)
Info    : [  0%] 8-| Splitting those edges and trying again
Info    : [  0%] :-( There are 0 intersections in the 1D mesh (curves)
Info    : [  0%] 8-| Splitting those edges and trying again
Info    : [  0%] :-( There are 0 intersections in the 1D mesh (curves)
Info    : [  0%] 8-| Splitting those edges and trying again
Info    : [  0%] :-( There are 0 intersections in the 1D mesh (curves)
Info    : [  0%] 8-| Splitting those edges and trying again
Info    : [  0%] :-( There are 0 intersections in the 1D mesh (curves)
Info    : [  0%] 8-| Splitting those edges and trying again
Info    : [  0%] :-( There are 0 intersections in the 1D mesh (curves)
Info    : [  0%] 8-| Splitting those edges and trying again

Error   : Impossible to mesh periodic surface 1
[31m---------------------------------------------------------------------------[39m
[31mException[39m                                 Traceback (most recent call last)
[36mCell[39m[36m [39m[32mIn[17][39m[32m, line 13[39m
[32m      9[39m [38;5;28;01mfor[39;00m name,tags [38;5;28;01min[39;00m groups.items():
[32m     10[39m  [38;5;28;01massert[39;00m tags,(name,[33m'empty'[39m); pg=gmsh.model.addPhysicalGroup([32m2[39m,tags); gmsh.model.setPhysicalName([32m2[39m,pg,name); print(name,len(tags))
[32m     11[39m pg=gmsh.model.addPhysicalGroup([32m3[39m,[v[[32m1[39m] [38;5;28;01mfor[39;00m v [38;5;28;01min[39;00m vols]); gmsh.model.setPhysicalName([32m3[39m,pg,[33m'fluid'[39m)
[32m     12[39m gmsh.option.setNumber([33m'Mesh.MeshSizeMin'[39m,[32m0.0025[39m); gmsh.option.setNumber([33m'Mesh.MeshSizeMax'[39m,[32m0.004[39m); gmsh.option.setNumber([33m'Mesh.Algorithm3D'[39m,[32m1[39m)
[32m---> [39m[32m13[39m gmsh.model.mesh.generate([32m3[39m); gmsh.write([33m'passage.msh'[39m); print([33m'gmsh nodes'[39m,len(gmsh.model.mesh.getNodes()[[32m0[39m])); gmsh.finalize()
[32m     14[39m [38;5;28;01mimport[39;00m subprocess
[32m     15[39m r=subprocess.run([[33m'gmshToFoam'[39m,[33m'passage.msh'[39m],text=[38;5;28;01mTrue[39;00m,capture_output=[38;5;28;01mTrue[39;00m); print([33m'gmshToFoam'[39m,r.returncode,r.stdout[-[32m700[39m:]); [38;5;28;01massert[39;00m r.returncode==[32m0[39m
[32m     16[39m r=subprocess.run([[33m'checkMesh'[39m,[33m'-allGeometry'[39m,[33m'-allTopology'[39m],text=[38;5;28;01mTrue[39;00m,capture_output=[38;5;28;01mTrue[39;00m); print(r.stdout[-[32m3000[39m:]); print([33m'checkMesh return'[39m,r.returncode)

[36mFile [39m[32m~/miniforge3/lib/python3.13/site-packages/gmsh.py:2189[39m, in [36mmodel.mesh.generate[39m[34m(dim)[39m
[32m   2185[39m             lib.gmshModelMeshGenerate(
[32m   2186[39m                 c_int(dim),
[32m   2187[39m                 byref(ierr))
[32m   2188[39m             [38;5;28;01mif[39;00m ierr.value != [32m0[39m:
[32m-> [39m[32m2189[39m                 [38;5;28;01mraise[39;00m Exception(logger.getLastError())

[31mException[39m: Impossible to mesh periodic surface 1

# -- cell 18 (0.6s, exit 0)
try: gmsh.finalize()
except: pass
def rotated_section_coarse(stagger):
 xu,yu,xl,yl=naca4_surfaces(31); a0=np.deg2rad(stagger); rot=lambda x,y:(x*np.cos(a0)-y*np.sin(a0),x*np.sin(a0)+y*np.cos(a0)); return (*rot(xu,yu),*rot(xl,yl))
def blade_wire_cut(radius,theta_center):
 frac=np.clip((radius-R_HUB)/(R_TIP-R_HUB),0,1); xu,yu,xl,yl=rotated_section_coarse(ROOT_STAGGER+EXTRA_TWIST*frac); xp=np.r_[xu,xl[-2:0:-1]]; qp=np.r_[yu,yl[-2:0:-1]]
 er=np.array([np.cos(theta_center),np.sin(theta_center)]); et=np.array([-np.sin(theta_center),np.cos(theta_center)])
 return bd.Wire.make_polygon([(float(x),float((radius*er+q*et)[0]),float((radius*er+q*et)[1])) for x,q in zip(xp,qp)],True)
CUT_STATIONS=np.linspace(R_HUB-0.001,R_TIP+0.001,5)
bm=bd.Solid.make_loft([blade_wire_cut(r,-PITCH_ANGLE/2) for r in CUT_STATIONS]); bp=bd.Solid.make_loft([blade_wire_cut(r,PITCH_ANGLE/2) for r in CUT_STATIONS]); fluid=sector-bm-bp
assert fluid.is_valid and len(fluid.solids())==1; bd.export_step(fluid,'passage.step',unit=bd.Unit.M)
print('coarse meshing CAD valid, faces',len(fluid.faces()),'volume mm3',fluid.volume*1e9)
# -- output
coarse meshing CAD valid, faces 6 volume mm3 43048.83955698428

# -- cell 19 (0.5s, exit 0)
print('cutters valid/vol',bm.is_valid,bp.is_valid,bm.volume*1e9,bp.volume*1e9)
print('common volumes', (sector&bm).volume*1e9,(sector&bp).volume*1e9)
print('bm bounds',bm.bounding_box().min,bm.bounding_box().max)
# -- output
cutters valid/vol True True 928.4279617646674 928.4279617646678
common volumes 0.0 0.0
bm bounds Vector: (X=-0.000104, Y=0.043718, Z=-0.010189) Vector: (X=0.019053, Y=0.09266, Z=0.009629)

# -- cell 20 (0.1s, exit 0)
for name,s in [('sector',sector),('bm',bm),('bp',bp)]:
 b=s.bounding_box(); print(name,'bbox',tuple(round(v,6) for v in (b.min.X,b.min.Y,b.min.Z,b.max.X,b.max.Y,b.max.Z)),'center',s.center())
# -- output
sector bbox (-0.022105, 0.044717, -0.010077, 0.041053, 0.09, 0.010077) center Vector: (X=0.009474, Y=0.069853, Z=0)
bm bbox (-0.000104, 0.043718, -0.010189, 0.019053, 0.09266, 0.009629) center Vector: (X=0.005866, Y=0.067848, Z=-0.000704)
bp bbox (-0.000104, 0.042492, 0.004881, 0.019053, 0.090428, 0.030002) center Vector: (X=0.005866, Y=0.066303, Z=0.014412)

# -- cell 21 (0.9s, exit 0)
bm=bd.Solid.make_loft([blade_wire_cut(r,-PITCH_ANGLE/2) for r in RADIAL_STATIONS]); bp=bd.Solid.make_loft([blade_wire_cut(r,PITCH_ANGLE/2) for r in RADIAL_STATIONS])
fm=sector-bm-bp
print('valid',bm.is_valid,bp.is_valid,fm.is_valid,'common', (sector&bm).volume*1e9,(sector&bp).volume*1e9,'fluid',fm.volume*1e9,'faces',len(fm.faces()))
# -- output
valid True True True common 873.2755317732872 0.0 fluid 42175.48146525869 faces 72

# -- cell 22 (0.5s, exit 0)
b0=bd.Solid.make_loft([blade_wire_cut(r,0.0) for r in RADIAL_STATIONS]); fluid=sector-b0
assert b0.is_valid and fluid.is_valid and len(fluid.solids())==1
bd.export_step(fluid,'passage.step',unit=bd.Unit.M)
print('standard periodic passage valid; blade overlap mm3', (sector&b0).volume*1e9,'fluid faces',len(fluid.faces()),'volume',fluid.volume*1e9)
# -- output
standard periodic passage valid; blade overlap mm3 509.3056300643466 fluid faces 38 volume 42539.533571755404

# -- cell 23 (0.6s, exit 1)
try: gmsh.finalize()
except: pass
gmsh.initialize(); gmsh.model.add('passage'); gmsh.option.setString('Geometry.OCCTargetUnit','M'); gmsh.model.occ.importShapes('passage.step'); gmsh.model.occ.synchronize(); vols=gmsh.model.getEntities(3); surfs=gmsh.model.getBoundary(vols,False,False)
groups={k:[] for k in ['inlet','outlet','hub','shroud','periodicMinus','periodicPlus','bladePressure','bladeSuction']}
for _,t in surfs:
 typ=gmsh.model.getType(2,t); c=gmsh.model.occ.getCenterOfMass(2,t); b=gmsh.model.getBoundingBox(2,t)
 if typ=='Cylinder': groups['shroud' if np.hypot(c[1],c[2])>0.067 else 'hub'].append(t)
 elif typ=='Plane' and abs(b[3]-b[0])<1e-6: groups['inlet' if c[0]<0 else 'outlet'].append(t)
 elif typ=='Plane': groups['periodicPlus' if c[2]>0 else 'periodicMinus'].append(t)
 else:
  r=np.hypot(c[1],c[2]); st=np.deg2rad(ROOT_STAGGER+EXTRA_TWIST*np.clip((r-R_HUB)/(R_TIP-R_HUB),0,1)); yloc=-c[0]*np.sin(st)+c[2]*np.cos(st)
  groups['bladeSuction' if yloc>=0 else 'bladePressure'].append(t)
for name,tags in groups.items():
 assert tags,(name,'empty'); pg=gmsh.model.addPhysicalGroup(2,tags); gmsh.model.setPhysicalName(2,pg,name); print(name,len(tags))
pg=gmsh.model.addPhysicalGroup(3,[v[1] for v in vols]); gmsh.model.setPhysicalName(3,pg,'fluid')
gmsh.option.setNumber('Mesh.MeshSizeMin',0.0025); gmsh.option.setNumber('Mesh.MeshSizeMax',0.004); gmsh.option.setNumber('Mesh.Algorithm3D',1); gmsh.model.mesh.generate(3); gmsh.write('passage.msh'); print('nodes',len(gmsh.model.mesh.getNodes()[0])); gmsh.finalize()
import subprocess
r=subprocess.run(['gmshToFoam','passage.msh'],text=True,capture_output=True); print('convert',r.returncode,r.stdout[-500:]); assert r.returncode==0
r=subprocess.run(['checkMesh','-allGeometry','-allTopology'],text=True,capture_output=True); open('checkMesh.log','w').write(r.stdout+r.stderr); print(r.stdout[-2200:]); print('checkMesh return',r.returncode)
# -- output
Info    : [ 10%]  - Label 'Shapes/COMPOUND' (3D)
inlet 1
outlet 1
hub 1
shroud 1
periodicMinus 1
periodicPlus 2
bladePressure 16
bladeSuction 15
Info    : Meshing 1D...
Info    : [  0%] Meshing curve 1 (Line)
Info    : [ 10%] Meshing curve 2 (BSpline)
Info    : [ 10%] Meshing curve 3 (BSpline)
Info    : [ 10%] Meshing curve 4 (BSpline)
Info    : [ 10%] Meshing curve 5 (BSpline)
Info    : [ 10%] Meshing curve 6 (BSpline)
Info    : [ 10%] Meshing curve 7 (BSpline)
Info    : [ 10%] Meshing curve 8 (BSpline)
Info    : [ 10%] Meshing curve 9 (BSpline)
Info    : [ 10%] Meshing curve 10 (BSpline)
Info    : [ 10%] Meshing curve 11 (BSpline)
Info    : [ 20%] Meshing curve 12 (BSpline)
Info    : [ 20%] Meshing curve 13 (BSpline)
Info    : [ 20%] Meshing curve 14 (BSpline)
Info    : [ 20%] Meshing curve 15 (BSpline)
Info    : [ 20%] Meshing curve 16 (BSpline)
Info    : [ 20%] Meshing curve 17 (BSpline)
Info    : [ 20%] Meshing curve 18 (BSpline)
Info    : [ 20%] Meshing curve 19 (BSpline)
Info    : [ 20%] Meshing curve 20 (BSpline)
Info    : [ 20%] Meshing curve 21 (BSpline)
Info    : [ 20%] Meshing curve 22 (BSpline)
Info    : [ 30%] Meshing curve 23 (BSpline)
Info    : [ 30%] Meshing curve 24 (BSpline)
Info    : [ 30%] Meshing curve 25 (BSpline)
Info    : [ 30%] Meshing curve 26 (BSpline)
Info    : [ 30%] Meshing curve 27 (BSpline)
Info    : [ 30%] Meshing curve 28 (BSpline)
Info    : [ 30%] Meshing curve 29 (BSpline)
Info    : [ 30%] Meshing curve 30 (BSpline)
Info    : [ 30%] Meshing curve 31 (BSpline)
Info    : [ 30%] Meshing curve 32 (BSpline)
Info    : [ 30%] Meshing curve 33 (Line)
Info    : [ 40%] Meshing curve 34 (Circle)
Info    : [ 40%] Meshing curve 35 (Line)
Info    : [ 40%] Meshing curve 36 (Circle)
Info    : [ 40%] Meshing curve 37 (Line)
Info    : [ 40%] Meshing curve 38 (Circle)
Info    : [ 40%] Meshing curve 39 (Line)
Info    : [ 40%] Meshing curve 40 (BSpline)
Info    : [ 40%] Meshing curve 41 (BSpline)
Info    : [ 40%] Meshing curve 42 (BSpline)
Info    : 
... 6879 characters cut ...
    : 0.20 < quality < 0.30 :       359 elements
Info    : 0.30 < quality < 0.40 :       408 elements
Info    : 0.40 < quality < 0.50 :       374 elements
Info    : 0.50 < quality < 0.60 :       411 elements
Info    : 0.60 < quality < 0.70 :       723 elements
Info    : 0.70 < quality < 0.80 :      1116 elements
Info    : 0.80 < quality < 0.90 :      1258 elements
Info    : 0.90 < quality < 1.00 :       573 elements
Info    : 393 edge swaps, 145 node relocations (volume = 4.25436e-05): worst = 2.74329e-05 / average = 0.602158 (Wall 0.0197677s, CPU 0.019807s)
Info    : 477 edge swaps, 275 node relocations (volume = 4.25436e-05): worst = 2.74329e-05 / average = 0.603876 (Wall 0.0378791s, CPU 0.037672s)
Info    : 0.00 < quality < 0.10 :       433 elements
Info    : 0.10 < quality < 0.20 :       242 elements
Info    : 0.20 < quality < 0.30 :       269 elements
Info    : 0.30 < quality < 0.40 :       429 elements
Info    : 0.40 < quality < 0.50 :       353 elements
Info    : 0.50 < quality < 0.60 :       418 elements
Info    : 0.60 < quality < 0.70 :       708 elements
Info    : 0.70 < quality < 0.80 :      1098 elements
Info    : 0.80 < quality < 0.90 :      1241 elements
Info    : 0.90 < quality < 1.00 :       592 elements
Info    : Done optimizing mesh (Wall 0.0424506s, CPU 0.04225s)
Info    : 1781 nodes 9615 elements
Info    : Writing 'passage.msh'...
Info    : Done writing 'passage.msh'
nodes 1781
convert 1 cal description
Case   : /home/qiuzi/.openreynolds-buildup/work/T10-20260916-025729-9332/t10
nProcs : 1
trapFpe: Floating point exception trapping enabled (FOAM_SIGFPE).
memory pool : not available
fileModificationChecking : Monitoring run-time modified files using timeStampMaster (fileModificationSkew 5, maxFileModificationPolls 20)
allowSystemOperations : Allowing user-supplied system call operations

// * * * * * * * * * * * * * * * * * * * * * * * * * * * * * * * * * * * * * //
Create time



Error   : Gmsh has not been initialized
Error   : Gmsh has not been initialized
Warning : 129 ill-shaped tets are still in the mesh
Warning : ------------------------------
Warning : Mesh generation error summary
Warning :     1 warning
Warning :     0 errors
Warning : Check the full log for details
Warning : ------------------------------
[31m---------------------------------------------------------------------------[39m
[31mAssertionError[39m                            Traceback (most recent call last)
[36mCell[39m[36m [39m[32mIn[23][39m[32m, line 18[39m
[32m     14[39m  [38;5;28;01massert[39;00m tags,(name,[33m'empty'[39m); pg=gmsh.model.addPhysicalGroup([32m2[39m,tags); gmsh.model.setPhysicalName([32m2[39m,pg,name); print(name,len(tags))
[32m     15[39m pg=gmsh.model.addPhysicalGroup([32m3[39m,[v[[32m1[39m] [38;5;28;01mfor[39;00m v [38;5;28;01min[39;00m vols]); gmsh.model.setPhysicalName([32m3[39m,pg,[33m'fluid'[39m)
[32m     16[39m gmsh.option.setNumber([33m'Mesh.MeshSizeMin'[39m,[32m0.0025[39m); gmsh.option.setNumber([33m'Mesh.MeshSizeMax'[39m,[32m0.004[39m); gmsh.option.setNumber([33m'Mesh.Algorithm3D'[39m,[32m1[39m); gmsh.model.mesh.generate([32m3[39m); gmsh.write([33m'passage.msh'[39m); print([33m'nodes'[39m,len(gmsh.model.mesh.getNodes()[[32m0[39m])); gmsh.finalize()
[32m     17[39m [38;5;28;01mimport[39;00m subprocess
[32m---> [39m[32m18[39m r=subprocess.run([[33m'gmshToFoam'[39m,[33m'passage.msh'[39m],text=[38;5;28;01mTrue[39;00m,capture_output=[38;5;28;01mTrue[39;00m); print([33m'convert'[39m,r.returncode,r.stdout[-[32m500[39m:]); [38;5;28;01massert[39;00m r.returncode==[32m0[39m
[32m     19[39m r=subprocess.run([[33m'checkMesh'[39m,[33m'-allGeometry'[39m,[33m'-allTopology'[39m],text=[38;5;28;01mTrue[39;00m,capture_output=[38;5;28;01mTrue[39;00m); open([33m'checkMesh.log'[39m,[33m'w'[39m).write(r.stdout+r.stderr); print(r.stdout[-[32m2200[39m:]); print([33m'checkMesh return'[39m,r.returncode)

[31mAssertionError[39m:

# -- cell 24 (0.3s, exit 0)
gmsh.initialize(); gmsh.open('passage.msh'); gmsh.option.setNumber('Mesh.MshFileVersion',2.2); gmsh.write('passage22.msh'); gmsh.finalize()
import subprocess
r=subprocess.run(['gmshToFoam','passage22.msh'],text=True,capture_output=True); print('convert',r.returncode); print((r.stdout+r.stderr)[-1800:]);
if r.returncode==0:
 c=subprocess.run(['checkMesh','-allGeometry','-allTopology'],text=True,capture_output=True); open('checkMesh.log','w').write(c.stdout+c.stderr); print(c.stdout[-3000:]); print('checkMesh return',c.returncode)
# -- output
Info    : Reading 'passage.msh'...
Info    : 219 entities
Info    : 1781 nodes
Info    : 8929 elements
Info    : Done reading 'passage.msh'
Info    : Writing 'passage22.msh'...
Info    : Done writing 'passage22.msh'
convert 1
 The Open Source CFD Toolbox           |
|  \\    /   O peration     | Version:  2512                                  |
|   \\  /    A nd           | Website:  www.openfoam.com                      |
|    \\/     M anipulation  |                                                 |
\*---------------------------------------------------------------------------*/
Build  : _87ed40d2-20251219 OPENFOAM=2512 version=2512
Arch   : "LSB;label=32;scalar=64"
Exec   : gmshToFoam passage22.msh
Date   : Sep 16 2026
Time   : 03:01:30
Host   : yc-demo
PID    : 801331
--> FOAM Warning : 
    From Foam::fileName Foam::cwd_L()
    in file POSIX.C at line 554
    PWD is not the cwd() - reverting to physical description
I/O    : uncollated
--> FOAM Warning : 
    From Foam::fileName Foam::cwd_L()
    in file POSIX.C at line 554
    PWD is not the cwd() - reverting to physical description
Case   : /home/qiuzi/.openreynolds-buildup/work/T10-20260916-025729-9332/t10
nProcs : 1
trapFpe: Floating point exception trapping enabled (FOAM_SIGFPE).
memory pool : not available
fileModificationChecking : Monitoring run-time modified files using timeStampMaster (fileModificationSkew 5, maxFileModificationPolls 20)
allowSystemOperations : Allowing user-supplied system call operations

// * * * * * * * * * * * * * * * * * * * * * * * * * * * * * * * * * * * * * //
Create time



--> FOAM FATAL ERROR: (openfoam-2512)
cannot find file "/home/qiuzi/.openreynolds-buildup/work/T10-20260916-025729-9332/t10/system/controlDict"

    From virtual Foam::autoPtr<Foam::ISstream> Foam::fileOperations::uncollatedFileOperation::readStream(Foam::regIOobject&, const Foam::fileName&, const Foam::word&, bool) const
    in file global/fileOperations/uncollatedFileOperation/uncollatedFileOperation.C at line 629.

FOAM exiting

# -- cell 25 (0.5s, exit 0)
import os, pathlib, subprocess
os.makedirs('system',exist_ok=True); os.makedirs('constant',exist_ok=True)
pathlib.Path('system/controlDict').write_text('''FoamFile\n{ version 2.0; format ascii; class dictionary; object controlDict; }\napplication checkMesh; startFrom startTime; startTime 0; stopAt endTime; endTime 1; deltaT 1; writeControl timeStep; writeInterval 1;\n''')
r=subprocess.run(['gmshToFoam','passage22.msh'],text=True,capture_output=True); print('convert',r.returncode,(r.stdout+r.stderr)[-1200:]);
c=subprocess.run(['checkMesh','-allGeometry','-allTopology'],text=True,capture_output=True); open('checkMesh.log','w').write(c.stdout+c.stderr); print(c.stdout[-3500:]); print('checkMesh return',c.returncode)
# -- output
convert 0 gion 8 to Foam patch 3
Mapping region 7 to Foam patch 4
Mapping region 2 to Foam patch 5
Mapping region 5 to Foam patch 6
Mapping region 3 to Foam patch 7
Mapping region 9 to Foam cellZone 0
Cells:
    total:5969
    hex  :0
    prism:0
    pyr  :0
    tet  :5969

CellZones:
Zone	Size
    0	5969

Patch 0 gets name shroud
Patch 1 gets name inlet
Patch 2 gets name periodicPlus
Patch 3 gets name bladeSuction
Patch 4 gets name bladePressure
Patch 5 gets name outlet
Patch 6 gets name periodicMinus
Patch 7 gets name hub

--> FOAM Warning : 
    From Foam::polyMesh::polyMesh(const Foam::IOobject&, Foam::pointField&&, const Foam::cellShapeList&, const Foam::faceListList&, const Foam::wordList&, const Foam::wordList&, const Foam::word&, const Foam::word&, const Foam::wordList&, bool)
    in file meshes/polyMesh/polyMeshFromShapeMesh.C at line 635
    Found 2960 undefined faces in mesh; adding to default patch defaultFaces
Finding faces of patch 0
Finding faces of patch 1
Finding faces of patch 2
Finding faces of patch 3
Finding faces of patch 4
Finding faces of patch 5
Finding faces of patch 6
Finding faces of patch 7

FaceZones:
Zone	Size

Writing zone 0 to cellZone fluid and cellSet
End


/*---------------------------------------------------------------------------*\
| =========                 |                                                 |
| \\      /  F ield         | OpenFOAM: The Open Source CFD Toolbox           |
|  \\    /   O peration     | Version:  2512                                  |
|   \\  /    A nd           | Website:  www.openfoam.com                      |
|    \\/     M anipulation  |                                                 |
\*---------------------------------------------------------------------------*/
Build  : _87ed40d2-20251219 OPENFOAM=2512 version=2512
Arch   : "LSB;label=32;scalar=64"
Exec   : checkMesh -allGeometry -allTopology
Date   : Sep 16 2026
Time   : 03:01:39
Host   : yc-demo
PID    : 801469
--> FOAM Warning : 
    From Foam::fileName Foam::cwd_L()
    in file POSIX.C at line 554
    PWD is not the cwd() - reverting to physical description
I/O    : uncollated
--> FOAM Warning : 
    From Foam::fileName Foam::cwd_L()
    in file POSIX.C at line 554
    PWD is not the cwd() - reverting to physical description
Case   : /home/qiuzi/.openreynolds-buildup/work/T10-20260916-025729-9332/t10
nProcs : 1
trapFpe: Floating point exception trapping enabled (FOAM_SIGFPE).
memory pool : not available
fileModificationChecking : Monitoring run-time modified files using timeStampMaster (fileModificationSkew 5, maxFileModificationPolls 20)
allowSystemOperations : Allowing user-supplied system call operations

// * * * * * * * * * * * * * * * * * * * * * * * * * * * * * * * * * * * * * //
Create time

--> FOAM Warning : 
    From static Foam::instantList Foam::timeSelector::select0(Foam::Time&, const Foam::argList&)
    in file db/Time/timeSelector.C at line 284
    No time specified or available, selecting 'constant'
Create mesh for time = constant

checkMesh return 1

# -- cell 26 (0.1s, exit 0)
print(open('checkMesh.log').read()[-2500:]); print('\nBOUNDARY:\n',open('constant/polyMesh/boundary').read()[:2500])
# -- output
/*---------------------------------------------------------------------------*\
| =========                 |                                                 |
| \\      /  F ield         | OpenFOAM: The Open Source CFD Toolbox           |
|  \\    /   O peration     | Version:  2512                                  |
|   \\  /    A nd           | Website:  www.openfoam.com                      |
|    \\/     M anipulation  |                                                 |
\*---------------------------------------------------------------------------*/
Build  : _87ed40d2-20251219 OPENFOAM=2512 version=2512
Arch   : "LSB;label=32;scalar=64"
Exec   : checkMesh -allGeometry -allTopology
Date   : Sep 16 2026
Time   : 03:01:39
Host   : yc-demo
PID    : 801469
--> FOAM Warning : 
    From Foam::fileName Foam::cwd_L()
    in file POSIX.C at line 554
    PWD is not the cwd() - reverting to physical description
I/O    : uncollated
--> FOAM Warning : 
    From Foam::fileName Foam::cwd_L()
    in file POSIX.C at line 554
    PWD is not the cwd() - reverting to physical description
Case   : /home/qiuzi/.openreynolds-buildup/work/T10-20260916-025729-9332/t10
nProcs : 1
trapFpe: Floating point exception trapping enabled (FOAM_SIGFPE).
memory pool : not available
fileModificationChecking : Monitoring run-time modified files using timeStampMaster (fileModificationSkew 5, maxFileModificationPolls 20)
allowSystemOperations : Allowing user-supplied system call operations

// * * * * * * * * * * * * * * * * * * * * * * * * * * * * * * * * * * * * * //
Create time

--> FOAM Warning : 
    From static Foam::instantList Foam::timeSelector::select0(Foam::Time&, const Foam::argList&)
    in file db/Time/timeSelector.C at line 284
    No time specified or available, selecting 'constant'
Create mesh for time = constant


--> FOAM FATAL ERROR: (openfoam-2512)
cannot find file "/home/qiuzi/.openreynolds-buildup/work/T10-20260916-025729-9332/t10/system/fvSchemes"

    From virtual Foam::autoPtr<Foam::ISstream> Foam::fileOperations::uncollatedFileOperation::readStream(Foam::regIOobject&, const Foam::fileName&, const Foam::word&, bool) const
    in file global/fileOperations/uncollatedFileOperation/uncollatedFileOperation.C at line 629.

FOAM exiting



BOUNDARY:
 /*--------------------------------*- C++ -*----------------------------------*\
| =========                 |                                                 |
| \\      /  F ield         | OpenFOAM: The Open Source CFD Toolbox           |
|  \\    /   O peration     | Version:  2512                                  |
|   \\  /    A nd           | Website:  www.openfoam.com                      |
|    \\/     M anipulation  |                                                 |
\*---------------------------------------------------------------------------*/
FoamFile
{
    version     2.0;
    format      ascii;
    arch        "LSB;label=32;scalar=64";
    class       polyBoundaryMesh;
    location    "constant/polyMesh";
    object      boundary;
}
// * * * * * * * * * * * * * * * * * * * * * * * * * * * * * * * * * * * * * //

8
(
    shroud
    {
        type            patch;
        physicalType    patch;
        nFaces          717;
        startFace       10458;
    }
    inlet
    {
        type            patch;
        physicalType    patch;
        nFaces          125;
        startFace       11175;
    }
    periodicPlus
    {
        type            patch;
        physicalType    patch;
        nFaces          682;
        startFace       11300;
    }
    bladeSuction
    {
        type            patch;
        physicalType    patch;
        nFaces          365;
        startFace       11982;
    }
    bladePressure
    {
        type            patch;
        physicalType    patch;
        nFaces          394;
        startFace       12347;
    }
    outlet
    {
        type            patch;
        physicalType    patch;
        nFaces          125;
        startFace       12741;
    }
    periodicMinus
    {
        type            patch;
        physicalType    patch;
        nFaces          448;
        startFace       12866;
    }
    hub
    {
        type            patch;
        physicalType    patch;
        nFaces          104;
        startFace       13314;
    }
)

// ************************************************************************* //

# -- cell 27 (0.3s, exit 0)
import pathlib,subprocess
hdr=lambda obj,cls='dictionary':f'FoamFile\n{{ version 2.0; format ascii; class {cls}; object {obj}; }}\n'
pathlib.Path('system/fvSchemes').write_text(hdr('fvSchemes')+'ddtSchemes { default none; }\ngradSchemes { default Gauss linear; }\ndivSchemes { default none; }\nlaplacianSchemes { default Gauss linear corrected; }\ninterpolationSchemes { default linear; }\nsnGradSchemes { default corrected; }\n')
pathlib.Path('system/fvSolution').write_text(hdr('fvSolution')+'solvers {}\n')
c=subprocess.run(['checkMesh','-allGeometry','-allTopology'],text=True,capture_output=True); open('checkMesh.log','w').write(c.stdout+c.stderr); print(c.stdout[-4500:]); print('return',c.returncode)
# -- output
'
Create mesh for time = constant

Check mesh...
    Enabling all (cell, face, edge, point) topology checks.
    Enabling all geometry checks.

Time = constant

Mesh stats 
    points:           1781
    faces:            13418
    internal faces:   10458
    cells:            5969
    faces per cell:   4
    boundary patches: 8
    point zones:      0
    face zones:       0
    cell zones:       1

Overall number of cells of each type:
    hexahedra:     0
    prisms:        0
    wedges:        0
    pyramids:      0
    tet wedges:    0
    tetrahedra:    5969
    polyhedra:     0

Checking topology...
    Boundary definition OK.
    Cell to face addressing OK.
    Point usage OK.
    Upper triangular ordering OK.
    Face vertices OK.
    Topological cell zip-up check OK.
    Face-face connectivity OK.
  <<Writing 160 cells with two non-boundary faces to set twoInternalFacesCells
    Number of regions: 1 (OK).

Checking patch topology for multiply connected surfaces...
    Patch               Faces    Points     Surface topology  Bounding box
    shroud              717      413      ok (non-closed singly connected)   (-0.0221046 0.0894341 -0.0100768) (0.0410527 0.09 0.0100768)
    inlet               125      80       ok (non-closed singly connected)   (-0.0221046 0.044717 -0.0100768) (-0.0221046 0.09 0.0100768)
    periodicPlus        682      411      ok (non-closed singly connected)   (-0.0221046 0.044717 -4.61174e-05) (0.0410527 0.0894341 0.0100768)
    bladeSuction        365      224      ok (non-closed singly connected)   (-0.000104219 0.045 0) (0.00661704 0.09 0.0100768)
    bladePressure       394      241      ok (non-closed singly connected)   (0 0.045 -4.61174e-05) (0.00911274 0.09 0.0100768)
    outlet              125      80       ok (non-closed singly connected)   (0.0410527 0.044717 -0.0100768) (0.0410527 0.09 0.0100768)
    periodicMinus       448      253      ok (non-closed singly connected)   (-0.0221046 0.044717 -0.0100768) (0.0410527 0.0894341 -0.0050384)
    hub                 104      72       ok (non-closed singly connected)   (-0.0221046 0.044717 -0.0050384) (0.0410527 0.045 0.0050384)
    ".*"                2960     1482     ok (closed singly connected)       (-0.0221046 0.044717 -0.0100768) (0.0410527 0.09 0.0100768)


Checking faceZone topology for multiply connected surfaces...
    No faceZones found.

Checking basic cellZone addressing...
    CellZone            Cells        Points       Volume       BoundingBox
    fluid               5969         1781         4.25436e-05  (-0.0221046 0.044717 -0.0100768) (0.0410527 0.09 0.0100768)

Checking basic pointZone addressing...
    No pointZones found.

Checking geometry...
    Overall domain bounding box (-0.0221046 0.044717 -0.0100768) (0.0410527 0.09 0.0100768)
    Mesh has 3 geometric (non-empty/wedge) directions (1 1 1)
    Mesh has 3 solution (non-empty) directions (1 1 1)
    Boundary openness (1.07381e-16 1.59806e-16 3.17221e-16) OK.
    Max cell openness = 1.37465e-15 OK.
    Max aspect ratio = 760.779 OK.
    Minimum face area = 1.41528e-09. Maximum face area = 2.05348e-05.  Face area magnitudes OK.
    Min volume = 1.39199e-14. Max volume = 3.05647e-08.  Total volume = 4.25436e-05.  Cell volumes OK.
    Mesh non-orthogonality Max: 89.6526 average: 32.5745
   *Number of severely non-orthogonal (> 70 degrees) faces: 651.
    Non-orthogonality check OK.
  <<Writing 651 non-orthogonal faces to set nonOrthoFaces
    Face pyramids OK.
 ***Max skewness = 16.3058, 53 highly skew faces detected which may impair the quality of the results
  <<Writing 53 skew faces to set skewFaces
    Coupled point location match (average 0) OK.
    Face tets OK.
    Min/max edge length = 5.16977e-05 0.00803825 OK.
    All angles in faces OK.
    All face flatness OK.
    Cell determinant (wellposedness) : minimum: 0 average: 0.0788821
 ***Cells with small determinant (< 0.001) found, number of cells: 1021
  <<Writing 1021 under-determined cells to set underdeterminedCells
    Concave cell check OK.
    Face interpolation weight : minimum: 0.00029553 average: 0.40793
 ***Faces with small interpolation weight (< 0.05) found, number of faces: 187
  <<Writing 187 faces with low interpolation weights to set lowWeightFaces
    Face volume ratio : minimum: 0.000295617 average: 0.729224
 ***Faces with small volume ratio (< 0.01) found, number of faces: 25
  <<Writing 25 faces with low volume ratio cells to set lowVolRatioFaces

Failed 4 mesh checks.

End


return 0

# -- cell 28 (3.0s, exit 0)
gmsh.initialize(); gmsh.model.add('passageHXT'); gmsh.option.setString('Geometry.OCCTargetUnit','M'); gmsh.model.occ.importShapes('passage.step'); gmsh.model.occ.synchronize(); vols=gmsh.model.getEntities(3); surfs=gmsh.model.getBoundary(vols,False,False)
groups={k:[] for k in ['inlet','outlet','hub','shroud','periodicMinus','periodicPlus','bladePressure','bladeSuction']}
for _,t in surfs:
 typ=gmsh.model.getType(2,t); c=gmsh.model.occ.getCenterOfMass(2,t); b=gmsh.model.getBoundingBox(2,t)
 if typ=='Cylinder': groups['shroud' if np.hypot(c[1],c[2])>0.067 else 'hub'].append(t)
 elif typ=='Plane' and abs(b[3]-b[0])<1e-6: groups['inlet' if c[0]<0 else 'outlet'].append(t)
 elif typ=='Plane': groups['periodicPlus' if c[2]>0 else 'periodicMinus'].append(t)
 else:
  r=np.hypot(c[1],c[2]); st=np.deg2rad(ROOT_STAGGER+EXTRA_TWIST*np.clip((r-R_HUB)/(R_TIP-R_HUB),0,1)); yl=-c[0]*np.sin(st)+c[2]*np.cos(st); groups['bladeSuction' if yl>=0 else 'bladePressure'].append(t)
for name,tags in groups.items(): pg=gmsh.model.addPhysicalGroup(2,tags); gmsh.model.setPhysicalName(2,pg,name)
pg=gmsh.model.addPhysicalGroup(3,[v[1] for v in vols]); gmsh.model.setPhysicalName(3,pg,'fluid')
gmsh.option.setNumber('Mesh.MeshSizeMin',0.001); gmsh.option.setNumber('Mesh.MeshSizeMax',0.003); gmsh.option.setNumber('Mesh.Algorithm3D',10); gmsh.model.mesh.generate(3); gmsh.model.mesh.optimize('Netgen'); gmsh.option.setNumber('Mesh.MshFileVersion',2.2); gmsh.write('passage22.msh'); print('nodes',len(gmsh.model.mesh.getNodes()[0])); gmsh.finalize()
import subprocess
subprocess.run(['gmshToFoam','passage22.msh'],check=True,stdout=subprocess.DEVNULL); c=subprocess.run(['checkMesh','-allGeometry','-allTopology'],text=True,capture_output=True); open('checkMesh.log','w').write(c.stdout+c.stderr); print(c.stdout[-2600:])
# -- output
Info    :  - Label 'Shapes/COMPOUND' (3D)
Info    : Meshing 1D...
Info    : [  0%] Meshing curve 1 (Line)
Info    : [ 10%] Meshing curve 2 (BSpline)
Info    : [ 10%] Meshing curve 3 (BSpline)
Info    : [ 10%] Meshing curve 4 (BSpline)
Info    : [ 10%] Meshing curve 5 (BSpline)
Info    : [ 10%] Meshing curve 6 (BSpline)
Info    : [ 10%] Meshing curve 7 (BSpline)
Info    : [ 10%] Meshing curve 8 (BSpline)
Info    : [ 10%] Meshing curve 9 (BSpline)
Info    : [ 10%] Meshing curve 10 (BSpline)
Info    : [ 10%] Meshing curve 11 (BSpline)
Info    : [ 20%] Meshing curve 12 (BSpline)
Info    : [ 20%] Meshing curve 13 (BSpline)
Info    : [ 20%] Meshing curve 14 (BSpline)
Info    : [ 20%] Meshing curve 15 (BSpline)
Info    : [ 20%] Meshing curve 16 (BSpline)
Info    : [ 20%] Meshing curve 17 (BSpline)
Info    : [ 20%] Meshing curve 18 (BSpline)
Info    : [ 20%] Meshing curve 19 (BSpline)
Info    : [ 20%] Meshing curve 20 (BSpline)
Info    : [ 20%] Meshing curve 21 (BSpline)
Info    : [ 20%] Meshing curve 22 (BSpline)
Info    : [ 30%] Meshing curve 23 (BSpline)
Info    : [ 30%] Meshing curve 24 (BSpline)
Info    : [ 30%] Meshing curve 25 (BSpline)
Info    : [ 30%] Meshing curve 26 (BSpline)
Info    : [ 30%] Meshing curve 27 (BSpline)
Info    : [ 30%] Meshing curve 28 (BSpline)
Info    : [ 30%] Meshing curve 29 (BSpline)
Info    : [ 30%] Meshing curve 30 (BSpline)
Info    : [ 30%] Meshing curve 31 (BSpline)
Info    : [ 30%] Meshing curve 32 (BSpline)
Info    : [ 30%] Meshing curve 33 (Line)
Info    : [ 40%] Meshing curve 34 (Circle)
Info    : [ 40%] Meshing curve 35 (Line)
Info    : [ 40%] Meshing curve 36 (Circle)
Info    : [ 40%] Meshing curve 37 (Line)
Info    : [ 40%] Meshing curve 38 (Circle)
Info    : [ 40%] Meshing curve 39 (Line)
Info    : [ 40%] Meshing curve 40 (BSpline)
Info    : [ 40%] Meshing curve 41 (BSpline)
Info    : [ 40%] Meshing curve 42 (BSpline)
Info    : [ 40%] Meshing curve 43 (Line)
Info    : [ 40%] Meshing curve 44 (BSpline)
Info    : [ 50%] Meshing cur
... 10998 characters cut ...
pImprove2  
Info    : 1 swaps performed 
Info    : ImproveMesh 
Info    : Total badness = 3.22086e+07 
Info    : Total badness = 3.22081e+07 
Info    : CombineImprove 
Info    : 12 elements combined 
Info    : ImproveMesh 
Info    : Total badness = 3.2208e+07 
Info    : Total badness = 3.22079e+07 
Info    : SplitImprove 
Info    : badmax = 4.94308e+13 
Info    : 0 splits performed 
Info    : ImproveMesh 
Info    : Total badness = 3.22079e+07 
Info    : Total badness = 3.22079e+07 
Info    : SwapImprove  
Info    : 228 swaps performed 
Info    : SwapImprove2  
Info    : 0 swaps performed 
Info    : ImproveMesh 
Info    : Total badness = 3.22076e+07 
Info    : Total badness = 3.22074e+07 
Info    : CombineImprove 
Info    : 6 elements combined 
Info    : ImproveMesh 
Info    : Total badness = 3.22073e+07 
Info    : Total badness = 3.22073e+07 
Info    : SplitImprove 
Info    : badmax = 4.94308e+13 
Info    : 0 splits performed 
Info    : ImproveMesh 
Info    : Total badness = 3.22073e+07 
Info    : Total badness = 3.22073e+07 
Info    : SwapImprove  
Info    : 105 swaps performed 
Info    : SwapImprove2  
Info    : 0 swaps performed 
Info    : ImproveMesh 
Info    : Total badness = 3.22072e+07 
Info    : Total badness = 3.22072e+07 
Info    : Done optimizing mesh (Wall 0.626472s, CPU 0.630907s)
Info    : Writing 'passage22.msh'...
Info    : Done writing 'passage22.msh'
nodes 3047
osed singly connected)   (-0.0221046 0.044717 -0.0050384) (0.0410527 0.045 0.0050384)
    ".*"                4284     2144     ok (closed singly connected)       (-0.0221046 0.044717 -0.0100768) (0.0410527 0.09 0.0100768)


Checking faceZone topology for multiply connected surfaces...
    No faceZones found.

Checking basic cellZone addressing...
    CellZone            Cells        Points       Volume       BoundingBox
    fluid               11212        3047         4.25415e-05  (-0.0221046 0.044717 -0.0100768) (0.0410527 0.09 0.0100768)

Checking basic pointZone addressing...
    No pointZones found.

Checking geometry...
    Overall domain bounding box (-0.0221046 0.044717 -0.0100768) (0.0410527 0.09 0.0100768)
    Mesh has 3 geometric (non-empty/wedge) directions (1 1 1)
    Mesh has 3 solution (non-empty) directions (1 1 1)
    Boundary openness (2.40459e-16 -1.70016e-17 -1.51387e-16) OK.
 ***High aspect ratio cells found, Max aspect ratio: 197375, number of cells 25
  <<Writing 25 cells with high aspect ratio to set highAspectRatioCells
    Minimum face area = 1.41528e-09. Maximum face area = 1.64244e-05.  Face area magnitudes OK.
    Min volume = 5.16635e-18. Max volume = 1.95207e-08.  Total volume = 4.25415e-05.  Cell volumes OK.
    Mesh non-orthogonality Max: 89.9992 average: 25.9294
   *Number of severely non-orthogonal (> 70 degrees) faces: 646.
    Non-orthogonality check OK.
  <<Writing 646 non-orthogonal faces to set nonOrthoFaces
    Face pyramids OK.
 ***Max skewness = 25.2859, 50 highly skew faces detected which may impair the quality of the results
  <<Writing 50 skew faces to set skewFaces
    Coupled point location match (average 0) OK.
    Face tets OK.
    Min/max edge length = 5.16977e-05 0.00694106 OK.
    All angles in faces OK.
    All face flatness OK.
    Cell determinant (wellposedness) : minimum: 8.91836e-23 average: 0.119404
 ***Cells with small determinant (< 0.001) found, number of cells: 678
  <<Writing 678 under-determined cells to set underdeterminedCells
 ***Concave cells (using face planes) found, number of cells: 5
  <<Writing 5 concave cells to set concaveCells
    Face interpolation weight : minimum: 2.36677e-06 average: 0.424823
 ***Faces with small interpolation weight (< 0.05) found, number of faces: 93
  <<Writing 93 faces with low interpolation weights to set lowWeightFaces
    Face volume ratio : minimum: 2.36678e-06 average: 0.767006
 ***Faces with small volume ratio (< 0.01) found, number of faces: 34
  <<Writing 34 faces with low volume ratio cells to set lowVolRatioFaces

Failed 6 mesh checks.

End

# -- cell 29 (0.3s, exit 0)
bphase=bd.Rot(2,0,0)*b0; fluid=sector-bphase
assert fluid.is_valid and len(fluid.solids())==1
bd.export_step(fluid,'passage.step',unit=bd.Unit.M)
print('2deg blade-row phase; fluid faces',len(fluid.faces()),'volume',fluid.volume*1e9,'min edge mm',min(e.length for e in fluid.edges())*1e3)
# -- output
2deg blade-row phase; fluid faces 32 volume 42723.76986632823 min edge mm 0.11711116787506136

# -- cell 30 (1.2s, exit 0)
for ph in [-5,-3,-1,1,3,5]:
 f=sector-(bd.Rot(ph,0,0)*b0)
 print(ph,'deg faces',len(f.faces()),'minEdge_mm',round(min(e.length for e in f.edges())*1e3,4),'vol',round(f.volume*1e9,1))
# -- output
-5 deg faces 56 minEdge_mm 0.0238 vol 42208.4
-3 deg faces 47 minEdge_mm 0.1171 vol 42307.8
-1 deg faces 41 minEdge_mm 0.0261 vol 42453.9
1 deg faces 35 minEdge_mm 0.1171 vol 42630.5
3 deg faces 28 minEdge_mm 0.1171 vol 42815.8
5 deg faces 21 minEdge_mm 0.0867 vol 42979.4

