# -- cell 1 (2.2s, exit 0)
import build123d as bd, numpy as np, os
print(bd.__version__ if hasattr(bd,'__version__') else 'ok')
print(os.getcwd(), os.listdir('.'))
# -- output
0.11.1
/home/qiuzi/.openreynolds-buildup/work/T26-20260914-105427-0de4/t26 ['.reference']

# -- cell 2 (0.6s, exit 0)
import build123d as bd
from build123d import Pos, Rot

# --- all dimensions in metres (request given in mm) ---
R_SHAFT = 1.200      # 2400 mm internal diameter
H       = 3.000      # 3000 mm tall
R_COL   = 0.100      # 200 mm diameter column
N_TREAD = 20
T_LEN   = 1.100      # radial length, column surface -> shaft wall
T_DEP   = 0.250
T_THK   = 0.040
RISE    = 0.150
TWIST   = 18.0       # degrees per tread

shaft  = bd.Cylinder(R_SHAFT, H).moved(Pos(0, 0, H/2))
column = bd.Cylinder(R_COL,  H).moved(Pos(0, 0, H/2))

# tread cutting tools: oversized radially (they are trimmed by column and shaft wall,
# leaving exactly T_LEN of exposed radial run), top tread poked through the ceiling plane
treads = []
for i in range(1, N_TREAD + 1):
    ztop = RISE * i
    over = 0.05 if i == N_TREAD else 0.0
    box = bd.Box(R_SHAFT + 0.30, T_DEP, T_THK + over, align=(bd.Align.MIN, bd.Align.CENTER, bd.Align.MAX))
    treads.append(Rot(0, 0, TWIST * i) * Pos(-0.15, 0, ztop + over) * box)

fluid = shaft - column
for t in treads:
    fluid = fluid - t
fluid = fluid & bd.Cylinder(R_SHAFT, H).moved(Pos(0, 0, H/2))  # trim the poked-through bit
print("volume m^3", fluid.volume, " bbox", fluid.bounding_box())
print("faces", len(fluid.faces()), "solids", len(fluid.solids()))
# -- output
volume m^3 13.23299996208422  bbox bbox: -1.2 <= x <= 1.2, -1.2 <= y <= 1.2, 0.0 <= z <= 3.0
faces 122 solids 1

# -- cell 3 (0.7s, exit 0)
treads = []
for i in range(1, N_TREAD + 1):
    ztop = RISE * i
    over = 0.05 if i == N_TREAD else 0.0
    box = bd.Box(R_SHAFT + 0.30, T_DEP, T_THK + over, align=(bd.Align.MIN, bd.Align.CENTER, bd.Align.MAX))
    treads.append(Rot(0, 0, TWIST * i) * Pos(0, 0, ztop + over) * box)   # inner end at the axis -> trimmed by column

fluid = shaft - column
for t in treads:
    fluid = fluid - t
fluid = fluid & bd.Cylinder(R_SHAFT, H).moved(Pos(0, 0, H/2))
print("volume m^3", fluid.volume)
exp = 3.141592653589793*(R_SHAFT**2-R_COL**2)*H - N_TREAD*((R_SHAFT*T_DEP - 0.5*3.141592653589793*R_COL**2)*T_THK)
print("expected  ", exp, " solids", len(fluid.solids()), "faces", len(fluid.faces()))
# -- output
volume m^3 13.250433591469859
expected   13.24999885451457  solids 1 faces 123

# -- cell 4 (0.1s, exit 0)
from collections import defaultdict
import math
groups = defaultdict(list)
for f in fluid.faces():
    gt = f.geom_type
    c = f.center()
    if gt == bd.GeomType.CYLINDER:
        r = f.radius
        if abs(r - R_SHAFT) < 1e-6: groups["shaftWall"].append(f)
        elif abs(r - R_COL) < 1e-6: groups["column"].append(f)
        else: groups["?cyl%.4f" % r].append(f)
    elif gt == bd.GeomType.PLANE:
        n = f.normal_at(c)
        if abs(n.Z) > 0.999 and abs(c.Z) < 1e-9: groups["floor"].append(f)
        elif abs(n.Z) > 0.999 and abs(c.Z - H) < 1e-9: groups["topOpening"].append(f)
        else: groups["treads"].append(f)
    else: groups["?"+str(gt)].append(f)
for k,v in groups.items(): print(k, len(v), "area %.4f" % sum(f.area for f in v))
# -- output
shaftWall 1 area 22.4191
floor 1 area 4.4925
treads 119 area 13.0158
topOpening 1 area 4.2087
column 1 area 1.6336

# -- cell 5 (0.6s, exit 1)
import pyvista as pv, numpy as np
pv.start_xvfb() if False else None
def to_pv(faces, tol=0.004):
    import build123d as bd
    sh = bd.Compound(children=[bd.Solid.make_box(1e-9,1e-9,1e-9)])  # placeholder
    meshes=[]
    for f in faces:
        v,t = f.tessellate(tol)
        pts=np.array([[p.X,p.Y,p.Z] for p in v]); tri=np.array(t)
        meshes.append(pv.PolyData(pts, np.hstack([np.full((len(tri),1),3),tri]).ravel()))
    return meshes
cols={"shaftWall":"lightblue","column":"orange","treads":"green","floor":"gray","topOpening":"red"}
p=pv.Plotter(off_screen=True, window_size=(800,800))
for k,c in cols.items():
    for m in to_pv(groups[k]): p.add_mesh(m, color=c, opacity=0.35 if k=="shaftWall" else 1.0, show_edges=False)
p.camera_position=[(5,-5,4.5),(0,0,1.5),(0,0,1)]
p.screenshot("geom.png"); print("ok")
# -- output
/home/qiuzi/miniforge3/lib/python3.13/site-packages/tqdm/auto.py:21: TqdmWarning: IProgress not found. Please update jupyter and ipywidgets. See https://ipywidgets.readthedocs.io/en/stable/user_install.html
  from .autonotebook import tqdm as notebook_tqdm
[0m[33m2026-09-14 10:56:54.534 (   0.253s) [    742FE05BE780]vtkXOpenGLRenderWindow.:1460  WARN| bad X server connection. DISPLAY=[0m
[0m[33m2026-09-14 10:56:54.535 (   0.254s) [    742FE05BE780]vtkOpenGLRenderWindow.c:645   WARN| Failed to load EGL! Please install the EGL library from your distribution's package manager.[0m
[0m[33m2026-09-14 10:56:54.547 (   0.267s) [    742FE05BE780]vtkOpenGLRenderWindow.c:645   WARN| Failed to load EGL! Please install the EGL library from your distribution's package manager.[0m
[31m---------------------------------------------------------------------------[39m
[31mStandard_DomainError[39m                      Traceback (most recent call last)
[36mCell[39m[36m [39m[32mIn[5][39m[32m, line 15[39m
[32m     11[39m     [38;5;28;01mreturn[39;00m meshes
[32m     12[39m cols={[33m"shaftWall"[39m:[33m"lightblue"[39m,[33m"column"[39m:[33m"orange"[39m,[33m"treads"[39m:[33m"green"[39m,[33m"floor"[39m:[33m"gray"[39m,[33m"topOpening"[39m:[33m"red"[39m}
[32m     13[39m p=pv.Plotter(off_screen=[38;5;28;01mTrue[39;00m, window_size=([32m800[39m,[32m800[39m))
[32m     14[39m [38;5;28;01mfor[39;00m k,c [38;5;28;01min[39;00m cols.items():
[32m---> [39m[32m15[39m     [38;5;28;01mfor[39;00m m [38;5;28;01min[39;00m to_pv(groups[k]): p.add_mesh(m, color=c, opacity=[32m0.35[39m [38;5;28;01mif[39;00m k==[33m"shaftWall"[39m [38;5;28;01melse[39;00m [32m1.0[39m, show_edges=[38;5;28;01mFalse[39;00m)
[32m     16[39m p.camera_position=[([32m5[39m,-[32m5[39m,[32m4.5[39m),([32m0[39m,[32m0[39m,[32m1.5[39m),([32m0[39m,[32m0[39m,[32m1[39m)]
[32m     17[39m p.screenshot([33m"geom.png"[39m); print([33m"ok"[39m)

[36mCell[39m[36m [39m[32mIn[5][39m[32m, line 5[39m, in [36mto_pv[39m[34m(faces, tol)[39m
[32m      3[39m [38;5;28;01mdef[39;00m to_pv(faces, tol=[32m0.004[39m):
[32m      4[39m     [38;5;28;01mimport[39;00m build123d [38;5;28;01mas[39;00m bd
[32m----> [39m[32m5[39m     sh = bd.Compound(children=[bd.Solid.make_box([32m1e-9[39m,[32m1e-9[39m,[32m1e-9[39m)])  [38;5;66;03m# placeholder[39;00m
[32m      6[39m     meshes=[]
[32m      7[39m     [38;5;28;01mfor[39;00m f [38;5;28;01min[39;00m faces:
[32m      8[39m         v,t = f.tessellate(tol)

[36mFile [39m[32m~/miniforge3/lib/python3.13/site-packages/build123d/topology/three_d.py:1345[39m, in [36mSolid.make_box[39m[34m(cls, length, width, height, plane)[39m
[32m   1321[39m [38;5;129m@classmethod[39m
[32m   1322[39m [38;5;28;01mdef[39;00m[38;5;250m [39m[34mmake_box[39m(
[32m   1323[39m     [38;5;28mcls[39m, length: [38;5;28mfloat[39m, width: [38;5;28mfloat[39m, height: [38;5;28mfloat[39m, plane: Plane = Plane.XY
[32m   1324[39m ) -> Solid:
[32m   1325[39m [38;5;250m    [39m[33;03m"""make box[39;00m
[32m   1326[39m 
[32m   1327[39m [33;03m    Make a box at the origin of plane extending in positive direction of each axis.[39;00m
[32m   (...)[39m[32m   1336[39m [33;03m        Solid: Box[39;00m
[32m   1337[39m [33;03m    """[39;00m
[32m   1338[39m     [38;5;28;01mreturn[39;00m [38;5;28mcls[39m(
[32m   1339[39m         TopoDS.Solid(
[32m   1340[39m             [30;43mBRepPrimAPI_MakeBox[39;49m[30;43m([39;49m
[32m   1341[39m [30;43m                [39;49m[30;43mplane[39;49m[30;43m.[39;49m[30;43mto_gp_ax2[39;49m[30;43m([39;49m[30;43m)[39;49m[30;43m,[39;49m
[32m   1342[39m [30;43m                [39;49m[30;43mlength[39;49m[30;43m,[39;49m
[32m   1343[39m [30;43m                [39;49m[30;43mwidth[39;49m[30;43m,[39;49m
[32m   1344[39m [30;43m                [39;49m[30;43mheight[39;49m[30;43m,[39;49m
[32m-> [39m[32m1345[39m [30;43m            [39;49m[30;43m)[39;49m[30;43m.[39;49m[30;43mShape[39;49m[30;43m([39;49m[30;43m)[39;49m
[32m   1346[39m         )
[32m   1347[39m     )

[31mStandard_DomainError[39m:

# -- cell 6 (1.6s, exit 0)
import pyvista as pv, numpy as np
def to_pv(faces, tol=0.004):
    meshes=[]
    for f in faces:
        v,t = f.tessellate(tol)
        pts=np.array([[p.X,p.Y,p.Z] for p in v]); tri=np.array(t)
        meshes.append(pv.PolyData(pts, np.hstack([np.full((len(tri),1),3),tri]).ravel()))
    return meshes
cols={"shaftWall":"lightblue","column":"orange","treads":"green","floor":"gray","topOpening":"red"}
p=pv.Plotter(off_screen=True, window_size=(800,800))
for k,c in cols.items():
    for m in to_pv(groups[k]): p.add_mesh(m, color=c, opacity=0.25 if k=="shaftWall" else 1.0)
p.camera_position=[(5,-5,4.5),(0,0,1.5),(0,0,1)]
p.screenshot("geom.png"); print("ok")
# -- output
ok

[0m[33m2026-09-14 10:57:05.908 (  11.627s) [    742FE05BE780]vtkOpenGLRenderWindow.c:645   WARN| Failed to load EGL! Please install the EGL library from your distribution's package manager.[0m
[0m[33m2026-09-14 10:57:05.910 (  11.629s) [    742FE05BE780]vtkOpenGLRenderWindow.c:645   WARN| Failed to load EGL! Please install the EGL library from your distribution's package manager.[0m

# -- cell 7 (0.1s, exit 0)
from IPython.display import Image, display
display(Image("geom.png"))
# -- output


# -- cell 8 (0.1s, exit 0)
import inspect, build123d as bd
print(inspect.signature(bd.export_stl))
# -- output
(to_export: build123d.topology.shape_core.Shape, file_path: os.PathLike | str | bytes, tolerance: float = 0.001, angular_tolerance: float = 0.1, ascii_format: bool = False) -> bool

# -- cell 9 (6.1s, exit 0)
import os
os.makedirs("constant/triSurface", exist_ok=True)
PATCHES = ["shaftWall","column","treads","floor","topOpening"]
for k in PATCHES:
    comp = bd.Compound(children=[bd.Solid() if False else f for f in groups[k]])
    bd.export_stl(comp, f"constant/triSurface/{k}.stl", tolerance=0.002, angular_tolerance=0.2, ascii_format=True)
    # rewrite solid name so snappy sees the patch name
    p=f"constant/triSurface/{k}.stl"; s=open(p).read().replace("solid ",f"solid {k} ",1)
    lines=s.splitlines()
    lines[0]=f"solid {k}"; lines[-1]=f"endsolid {k}"
    open(p,"w").write("\n".join(lines)+"\n")
    print(k, os.path.getsize(p)//1024, "kB", sum(1 for l in lines if l.strip().startswith("facet")), "tris")
# -- output
shaftWall 92 kB 376 tris
column 354 kB 1433 tris
treads 413 kB 1672 tris
floor 33 kB 134 tris
topOpening 25 kB 102 tris

# -- cell 10 (0.1s, exit 0)
from OCP.BRepMesh import BRepMesh_IncrementalMesh
from OCP.BRep import BRep_Tool
from OCP.TopLoc import TopLoc_Location
import numpy as np

TESS_LIN, TESS_ANG = 0.004, 0.25   # m, rad
BRepMesh_IncrementalMesh(fluid.wrapped, TESS_LIN, False, TESS_ANG, True)

def face_tris(f):
    loc = TopLoc_Location()
    tri = BRep_Tool.Triangulation_s(f.wrapped, loc)
    if tri is None: return None
    trsf = loc.Transformation()
    pts = []
    for i in range(1, tri.NbNodes()+1):
        p = tri.Node(i).Transformed(trsf); pts.append((p.X(),p.Y(),p.Z()))
    pts = np.array(pts)
    idx = []
    rev = f.wrapped.Orientation() == 1  # TopAbs_REVERSED
    for i in range(1, tri.NbTriangles()+1):
        a,b,c = tri.Triangle(i).Get()
        idx.append((a-1,c-1,b-1) if rev else (a-1,b-1,c-1))
    return pts, np.array(idx)

tot=0
for k in PATCHES:
    tot += sum(len(face_tris(f)[1]) for f in groups[k])
print("total triangles", tot)
# -- output
total triangles 3717

# -- cell 11 (7.8s, exit 0)
def write_stl(name, faces):
    path = f"constant/triSurface/{name}.stl"
    with open(path, "w") as fh:
        fh.write(f"solid {name}\n")
        n=0
        for f in faces:
            pts, idx = face_tris(f)
            for t in idx:
                p0,p1,p2 = pts[t[0]],pts[t[1]],pts[t[2]]
                nv = np.cross(p1-p0,p2-p0); L=np.linalg.norm(nv)
                if L < 1e-14: continue
                nv/=L
                fh.write("  facet normal %.6e %.6e %.6e\n   outer loop\n" % tuple(nv))
                for p in (p0,p1,p2): fh.write("    vertex %.9e %.9e %.9e\n" % tuple(p))
                fh.write("   endloop\n  endfacet\n"); n+=1
        fh.write(f"endsolid {name}\n")
    return n
for k in PATCHES: print(k, write_stl(k, groups[k]))
# -- output
shaftWall 376
column 1433
treads 1672
floor 134
topOpening 102

# -- cell 12 (0.3s, exit 0)
import pyvista as pv
u = pv.PolyData()
for k in PATCHES: u = u.merge(pv.read(f"constant/triSurface/{k}.stl"))
u = u.clean(tolerance=1e-7)
fe = u.extract_feature_edges(boundary_edges=True, feature_edges=False, manifold_edges=False, non_manifold_edges=False)
nm = u.extract_feature_edges(boundary_edges=False, feature_edges=False, manifold_edges=False, non_manifold_edges=True)
print("cells",u.n_cells,"free edges",fe.n_cells,"non-manifold",nm.n_cells, "volume", u.volume)
# -- output
cells 3717 free edges 263 non-manifold 0 volume 13.238647881346987

# -- cell 13 (0.3s, exit 0)
import os, subprocess
for d in ("system","constant/triSurface","0"): os.makedirs(d, exist_ok=True)

def foam(cls, obj, body, loc="system"):
    hdr = ("FoamFile\n{\n    version 2.0;\n    format ascii;\n    class %s;\n    object %s;\n}\n" % (cls, obj))
    open(f"{loc}/{obj}", "w").write("/*--------*- C++ -*----------*/\n"+hdr+body+"\n")

foam("dictionary","controlDict", """
application     snappyHexMesh;
startFrom startTime; startTime 0; stopAt endTime; endTime 1; deltaT 1;
writeControl timeStep; writeInterval 1; purgeWrite 0; writeFormat ascii;
writePrecision 8; runTimeModifiable true;
""")
foam("dictionary","fvSchemes","ddtSchemes{default steadyState;}\ngradSchemes{default Gauss linear;}\ndivSchemes{default none;}\nlaplacianSchemes{default Gauss linear corrected;}\n")
foam("dictionary","fvSolution","solvers{}\n")

L = 1.25
foam("dictionary","blockMeshDict", f"""
scale 1;
vertices
(
    (-{L} -{L} -0.05) ({L} -{L} -0.05) ({L} {L} -0.05) (-{L} {L} -0.05)
    (-{L} -{L} 3.05) ({L} -{L} 3.05) ({L} {L} 3.05) (-{L} {L} 3.05)
);
blocks ( hex (0 1 2 3 4 5 6 7) (25 25 31) simpleGrading (1 1 1) );
edges ();
boundary ( bg {{ type patch; faces ((0 3 2 1)(4 5 6 7)(0 1 5 4)(2 3 7 6)(1 2 6 5)(0 4 7 3)); }} );
""")
r = subprocess.run(["blockMesh"], capture_output=True, text=True)
print(r.returncode, r.stdout[-500:])
# -- output
0  blockMesh
Creating patches
Creating cells
Creating points with scale (1 1 1)
    Block 0 cell size :
        i : 0.1 .. 0.1
        j : 0.1 .. 0.1
        k : 0.1 .. 0.1

No patch pairs to merge

Writing polyMesh with 0 cellZones
----------------
Mesh Information
----------------
  boundingBox: (-1.25 -1.25 -0.05) (1.25 1.25 3.05)
  nPoints: 21632
  nCells: 19375
  nFaces: 60300
  nInternalFaces: 55950
----------------
Patches
----------------
  patch 0 (start: 55950 size: 4350) name: bg

End

# -- cell 14 (34.5s, exit 0)
geom = "\n".join(f'    {k}.stl {{ type triSurfaceMesh; name {k}; }}' for k in PATCHES)
refs = "\n".join(
  f'        {k} {{ level ({lv} {lv}); patchInfo {{ type {ty}; }} }}'
  for k,lv,ty in [("shaftWall",1,"wall"),("column",2,"wall"),("treads",2,"wall"),
                  ("floor",1,"wall"),("topOpening",1,"patch")])
foam("dictionary","snappyHexMeshDict", f"""
castellatedMesh true; snap true; addLayers false;

geometry
{{
{geom}
}};

castellatedMeshControls
{{
    maxLocalCells 2000000; maxGlobalCells 5000000; minRefinementCells 10;
    maxLoadUnbalance 0.1; nCellsBetweenLevels 2;
    features ();
    refinementSurfaces
    {{
{refs}
    }}
    resolveFeatureAngle 30;
    refinementRegions {{}};
    locationInMesh (0.7 0.0 1.45);
    allowFreeStandingZoneFaces false;
}}

snapControls
{{
    nSmoothPatch 3; tolerance 2.0; nSolveIter 30; nRelaxIter 5;
    nFeatureSnapIter 10; implicitFeatureSnap true; explicitFeatureSnap false;
    multiRegionFeatureSnap false;
}}

addLayersControls
{{
    relativeSizes true; layers {{}}; expansionRatio 1.2; finalLayerThickness 0.3;
    minThickness 0.1; nGrow 0; featureAngle 60; nRelaxIter 3;
    nSmoothSurfaceNormals 1; nSmoothNormals 3; nSmoothThickness 10;
    maxFaceThicknessRatio 0.5; maxThicknessToMedialRatio 0.3; minMedialAxisAngle 90;
    nBufferCellsNoExtrude 0; nLayerIter 50;
}}

meshQualityControls
{{
    maxNonOrtho 65; maxBoundarySkewness 20; maxInternalSkewness 4; maxConcave 80;
    minVol 1e-13; minTetQuality 1e-15; minArea -1; minTwist 0.02; minDeterminant 0.001;
    minFaceWeight 0.02; minVolRatio 0.01; minTriangleTwist -1;
    nSmoothScale 4; errorReduction 0.75;
}}

mergeTolerance 1e-6;
""")
r = subprocess.run(["snappyHexMesh","-overwrite"], capture_output=True, text=True)
print(r.returncode); print(r.stdout[-2500:])
# -- output
0
er of intersected edges : 37167


Undo iteration 1
----------------
Checking faces in error :
    non-orthogonality > 65  degrees                        : 0
    faces with face pyramid volume < 1e-13                 : 0
    faces with face-decomposition tet quality < 1e-15      : 0
    faces with concavity > 80  degrees                     : 0
    faces with skewness > 4   (internal) or 20  (boundary) : 0
    faces with interpolation weights (0..1)  < 0.02        : 0
    faces with volume ratio of neighbour cells < 0.01      : 0
    faces with face twist < 0.02                           : 0
    faces on cells with determinant < 0.001                : 0

Merging all points on surface that
- are used by only two boundary faces and
- make an angle with a cosine of more than 0.8660254.

Removing 5571 straight edge points ...

Edge intersection testing:
    Number of edges             : 368022
    Number of edges to retest   : 26284
    Number of intersected edges : 37167

Undo iteration 0
----------------
Checking faces in error :
    non-orthogonality > 65  degrees                        : 0
    faces with face pyramid volume < 1e-13                 : 0
    faces with face-decomposition tet quality < 1e-15      : 0
    faces with concavity > 80  degrees                     : 0
    faces with skewness > 4   (internal) or 20  (boundary) : 0
    faces with interpolation weights (0..1)  < 0.02        : 0
    faces with volume ratio of neighbour cells < 0.01      : 0
    faces with face twist < 0.02                           : 0
    faces on cells with determinant < 0.001                : 0
Snapped mesh : cells:110866  faces:368022  points:146430
Cells per refinement level:
    0	7182
    1	39764
    2	63920
Writing mesh to time constant
Wrote mesh in = 0.29 s.
Mesh snapped in = 18.59 s.
Checking final mesh ...
Checking faces in error :
    non-orthogonality > 65  degrees                        : 0
    faces with face pyramid volume < 1e-13                 : 0
    faces with face-decomposition tet quality < 1e-15      : 0
    faces with concavity > 80  degrees                     : 0
    faces with skewness > 4   (internal) or 20  (boundary) : 0
    faces with interpolation weights (0..1)  < 0.02        : 0
    faces with volume ratio of neighbour cells < 0.01      : 0
    faces with face twist < 0.02                           : 0
    faces on cells with determinant < 0.001                : 0
Finished meshing without any errors
Finished meshing in = 28.87 s.
End

# -- cell 15 (1.6s, exit 0)
r = subprocess.run(["checkMesh","-constant"], capture_output=True, text=True)
print(r.stdout[-2500:])
# -- output
oundary patches: 5
    point zones:      1
    face zones:       0
    cell zones:       0

Overall number of cells of each type:
    hexahedra:     93041
    prisms:        4405
    wedges:        0
    pyramids:      0
    tet wedges:    45
    tetrahedra:    0
    polyhedra:     13375
    Breakdown of polyhedra by number of faces:
        faces   number of cells
            4   207
            5   1619
            6   3019
            7   18
            8   24
            9   5138
           10   38
           11   32
           12   2054
           14   7
           15   866
           18   353

Checking topology...
    Boundary definition OK.
    Cell to face addressing OK.
    Point usage OK.
    Upper triangular ordering OK.
    Face vertices OK.
    Number of regions: 1 (OK).

Checking patch topology for multiply connected surfaces...
                   Patch    Faces   Points  Surface topology
               shaftWall     9710    10594  ok (non-closed singly connected)
                  column     2400     2793  ok (non-closed singly connected)
                  treads    21100    22376  ok (non-closed singly connected)
                   floor     1890     1956  ok (non-closed singly connected)
              topOpening     2074     2196  ok (non-closed singly connected)
                    ".*"    37174    38285      ok (closed singly connected)


Checking faceZone topology for multiply connected surfaces...
    No faceZones found.

Checking basic cellZone addressing...
    No cellZones found.

Checking basic pointZone addressing...
               PointZone  PointsBoundingBox
            frozenPoints       0(1e+150 1e+150 1e+150) (-1e+150 -1e+150 -1e+150)

Checking geometry...
    Overall domain bounding box (-1.2000002 -1.2000015 -3.2097207e-05) (1.2000167 1.2000015 3.0000001)
    Mesh has 3 geometric (non-empty/wedge) directions (1 1 1)
    Mesh has 3 solution (non-empty) directions (1 1 1)
    Boundary openness (-4.3584664e-17 1.6982446e-16 -7.9027406e-16) OK.
    Max cell openness = 3.5576968e-16 OK.
    Max aspect ratio = 4.716098 OK.
    Minimum face area = 3.134942e-05. Maximum face area = 0.011055587.  Face area magnitudes OK.
    Min volume = 1.6287754e-06. Max volume = 0.0011333468.  Total volume = 13.232033.  Cell volumes OK.
    Mesh non-orthogonality Max: 61.732284 average: 11.361376
    Non-orthogonality check OK.
    Face pyramids OK.
    Max skewness = 3.0617662 OK.
    Coupled point location match (average 0) OK.

Mesh OK.

End

# -- cell 16 (0.5s, exit 0)
open("case.foam","w").write("")
import pyvista as pv
rd = pv.OpenFOAMReader("case.foam"); rd.set_active_time_value(0.0)
rd.disable_all_cell_arrays(); m = rd.read()
bnd = m["boundary"]
print(list(bnd.keys()))
p = pv.Plotter(off_screen=True, window_size=(900,900))
cols={"shaftWall":"lightblue","column":"orange","treads":"green","floor":"gray","topOpening":"red"}
for k,c in cols.items():
    if k in bnd.keys(): p.add_mesh(bnd[k], color=c, show_edges=True, line_width=0.3,
                                   opacity=0.15 if k=="shaftWall" else 1.0)
p.camera_position=[(5,-5,4.5),(0,0,1.5),(0,0,1)]
p.screenshot("mesh.png"); from IPython.display import Image, display; display(Image("mesh.png"))
# -- output
['shaftWall', 'column', 'treads', 'floor', 'topOpening']

[0m[33m2026-09-14 11:00:03.853 ( 189.572s) [    742FE05BE780]vtkOpenGLRenderWindow.c:645   WARN| Failed to load EGL! Please install the EGL library from your distribution's package manager.[0m
[0m[33m2026-09-14 11:00:03.854 ( 189.573s) [    742FE05BE780]vtkOpenGLRenderWindow.c:645   WARN| Failed to load EGL! Please install the EGL library from your distribution's package manager.[0m

# -- cell 17 (0.1s, exit 0)
import numpy as np, math
horiz=[]
for f in groups["treads"]:
    if f.geom_type==bd.GeomType.PLANE and abs(f.normal_at(f.center()).Z)>0.999:
        v=np.array([[p.X,p.Y,p.Z] for p in f.vertices()]); horiz.append((f,v))
# pair up by z: tops and bottoms
zs=sorted(set(round(v[0][2],4) for f,v in horiz))
print("distinct tread face heights:", zs)
print("rise between consecutive tops (mm):",
      [round((zs[i+2]-zs[i])*1000,2) for i in range(0,len(zs)-2,2)][:5])
print("thickness (mm):", [round((zs[i+1]-zs[i])*1000,2) for i in range(0,len(zs)-1,2)][:5])
# angle of each top face
ang=[]
for f,v in horiz:
    c=v.mean(axis=0); d=v[:,:2]-c[:2]
    u,s,vt=np.linalg.svd(d-d.mean(0)); ax=vt[0]
    a=math.degrees(math.atan2(c[1],c[0]))%360
    ang.append((round(v[0][2],4), round(a,2)))
ang=sorted(set(ang))
print("centroid angle per tread face:", ang[:6])
print("radial extent of one tread top: r_min=%.4f r_max=%.4f"%(
      np.hypot(*horiz[0][1][:,:2].T).min(), np.hypot(*horiz[0][1][:,:2].T).max()))
# -- output
distinct tread face heights: [np.float64(0.11), np.float64(0.15), np.float64(0.26), np.float64(0.3), np.float64(0.41), np.float64(0.45), np.float64(0.56), np.float64(0.6), np.float64(0.71), np.float64(0.75), np.float64(0.86), np.float64(0.9), np.float64(1.01), np.float64(1.05), np.float64(1.16), np.float64(1.2), np.float64(1.31), np.float64(1.35), np.float64(1.46), np.float64(1.5), np.float64(1.61), np.float64(1.65), np.float64(1.76), np.float64(1.8), np.float64(1.91), np.float64(1.95), np.float64(2.06), np.float64(2.1), np.float64(2.21), np.float64(2.25), np.float64(2.36), np.float64(2.4), np.float64(2.51), np.float64(2.55), np.float64(2.66), np.float64(2.7), np.float64(2.81), np.float64(2.85), np.float64(2.96)]
rise between consecutive tops (mm): [np.float64(150.0), np.float64(150.0), np.float64(150.0), np.float64(150.0), np.float64(150.0)]
thickness (mm): [np.float64(40.0), np.float64(40.0), np.float64(40.0), np.float64(40.0), np.float64(40.0)]
centroid angle per tread face: [(np.float64(0.11), 17.29), (np.float64(0.15), 17.29), (np.float64(0.26), 34.64), (np.float64(0.3), 34.64), (np.float64(0.41), 52.11), (np.float64(0.45), 52.11)]
radial extent of one tread top: r_min=0.1000 r_max=1.2000

# -- cell 18 (0.1s, exit 0)
tops=[(f,v) for f,v in horiz if abs(round(v[0][2],4)*1000 % 150) < 1e-6]  # top faces at multiples of 150 mm
res=[]
for f,v in tops:
    c=f.center(); a=math.degrees(math.atan2(c.Y,c.X))%360
    # depth: extent perpendicular to the radial centreline
    u=np.array([math.cos(math.radians(a)), math.sin(math.radians(a))])
    perp=np.array([-u[1],u[0]]); w=v[:,:2]@perp
    res.append((round(c.Z,3), round(a,3), round((w.max()-w.min())*1000,2)))
res.sort()
for r_ in res[:5]+res[-2:]: print("z=%.3f m  angle=%7.3f deg  depth=%.1f mm"%r_)
print("turn per tread (deg):", [round(res[i+1][1]-res[i][1],3) for i in range(4)])
# -- output
z=0.150 m  angle= 18.000 deg  depth=250.0 mm
z=0.300 m  angle= 36.000 deg  depth=250.0 mm
z=0.450 m  angle= 54.000 deg  depth=250.0 mm
z=0.600 m  angle= 72.000 deg  depth=250.0 mm
z=0.750 m  angle= 90.000 deg  depth=250.0 mm
z=2.700 m  angle=324.000 deg  depth=250.0 mm
z=2.850 m  angle=342.000 deg  depth=250.0 mm
turn per tread (deg): [18.0, 18.0, 18.0, 18.0]

# -- cell 19 (108.5s, exit 0)
refs = "\n".join(
  f'        {k} {{ level ({lv} {lv}); patchInfo {{ type {ty}; }} }}'
  for k,lv,ty in [("shaftWall",1,"wall"),("column",2,"wall"),("treads",3,"wall"),
                  ("floor",1,"wall"),("topOpening",1,"patch")])
d = open("system/snappyHexMeshDict").read()
import re
d = re.sub(r"refinementSurfaces\n    \{.*?\n    \}", "refinementSurfaces\n    {\n"+refs+"\n    }", d, flags=re.S)
open("system/snappyHexMeshDict","w").write(d)
subprocess.run(["blockMesh"], capture_output=True, text=True)
r = subprocess.run(["snappyHexMesh","-overwrite"], capture_output=True, text=True)
print(r.returncode, r.stdout[-800:])
# -- output
0 892
    2	74748
    3	241092
Writing mesh to time constant
Wrote mesh in = 0.96 s.
Mesh snapped in = 64.44 s.
Checking final mesh ...
Checking faces in error :
    non-orthogonality > 65  degrees                        : 0
    faces with face pyramid volume < 1e-13                 : 0
    faces with face-decomposition tet quality < 1e-15      : 0
    faces with concavity > 80  degrees                     : 0
    faces with skewness > 4   (internal) or 20  (boundary) : 0
    faces with interpolation weights (0..1)  < 0.02        : 0
    faces with volume ratio of neighbour cells < 0.01      : 0
    faces with face twist < 0.02                           : 0
    faces on cells with determinant < 0.001                : 0
Finished meshing without any errors
Finished meshing in = 103.69 s.
End

# -- cell 20 (2.7s, exit 0)
r = subprocess.run(["checkMesh","-constant"], capture_output=True, text=True)
out=r.stdout
import re
print(re.search(r"Checking patch topology.*?Checking faceZone", out, re.S).group()[:900])
print(re.search(r"Checking geometry.*", out, re.S).group()[-1300:])
# -- output
Checking patch topology for multiply connected surfaces...
                   Patch    Faces   Points  Surface topology
               shaftWall    13318    14996  ok (non-closed singly connected)
                  column     6611     7423  ok (non-closed singly connected)
                  treads    81280    83426  ok (non-closed singly connected)
                   floor     2251     2336  ok (non-closed singly connected)
              topOpening     2667     2893  ok (non-closed singly connected)
                    ".*"   106127   108604      ok (closed singly connected)


Checking faceZone
Checking geometry...
    Overall domain bounding box (-1.2 -1.2000008 -3.628692e-09) (1.2000244 1.2000008 3.0000038)
    Mesh has 3 geometric (non-empty/wedge) directions (1 1 1)
    Mesh has 3 solution (non-empty) directions (1 1 1)
    Boundary openness (-2.4602904e-16 2.5835481e-17 4.0255764e-16) OK.
    Max cell openness = 3.4505987e-16 OK.
    Max aspect ratio = 4.2479604 OK.
    Minimum face area = 1.6151801e-05. Maximum face area = 0.010851159.  Face area magnitudes OK.
    Min volume = 2.4450451e-07. Max volume = 0.0011144856.  Total volume = 13.231597.  Cell volumes OK.
    Mesh non-orthogonality Max: 48.357612 average: 11.146559
    Non-orthogonality check OK.
    Face pyramids OK.
    Max skewness = 3.2879826 OK.
    Coupled point location match (average 0) OK.

Mesh OK.

End

# -- cell 21 (0.1s, exit 0)
u = pv.PolyData()
for k in PATCHES: u = u.merge(pv.read(f"constant/triSurface/{k}.stl"))
u = u.clean(tolerance=1e-8)
fe=u.extract_feature_edges(boundary_edges=True,feature_edges=False,manifold_edges=False,non_manifold_edges=False)
nm=u.extract_feature_edges(boundary_edges=False,feature_edges=False,manifold_edges=False,non_manifold_edges=True)
print("free edges",fe.n_cells,"non-manifold",nm.n_cells,"vol",u.volume)
# -- output
free edges 263 non-manifold 0 vol 13.238647881346987

# -- cell 22 (0.1s, exit 0)
pts=fe.points
print(fe.bounds)
import numpy as np
zs=np.unique(np.round(pts[:,2],3)); print("z of free edges:", zs[:20], len(zs))
r=np.hypot(pts[:,0],pts[:,1]); print("r range %.4f %.4f"%(r.min(),r.max()))
# -- output
BoundsTuple(x_min = -1.2000000476837158,
            x_max =  1.2000000476837158,
            y_min = -1.1997063159942627,
            y_max =  1.1997063159942627,
            z_min =  0.0,
            z_max =  3.0)
z of free edges: [0. 3.] 2
r range 1.2000 1.2000

# -- cell 23 (0.1s, exit 0)
pf = face_tris(groups["floor"][0])[0]; pw = face_tris(groups["shaftWall"][0])[0]
bf = pf[np.abs(np.hypot(pf[:,0],pf[:,1])-1.2)<1e-6]
bw = pw[(np.abs(pw[:,2])<1e-9)]
print(len(bf), len(bw))
af=np.sort(np.degrees(np.arctan2(bf[:,1],bf[:,0]))%360); aw=np.sort(np.degrees(np.arctan2(bw[:,1],bw[:,0]))%360)
print(af[:8]); print(aw[:8])
# -- output
71 64
[ 5.07042254 10.14084507 15.21126761 20.28169014 25.35211268 30.42253521
 35.49295775 40.56338028]
[ 5.71428571 11.42857143 17.14285714 22.85714286 28.57142857 34.28571429
 40.         45.71428571]

# -- cell 24 (0.1s, exit 1)
from OCP.TopTools import TopTools_IndexedDataMapOfShapeListOfShape
from OCP.TopExp import TopExp
from OCP.TopAbs import TopAbs_EDGE, TopAbs_FACE
m_=TopTools_IndexedDataMapOfShapeListOfShape()
TopExp.MapShapesAndAncestors_s(fluid.wrapped, TopAbs_EDGE, TopAbs_FACE, m_)
cnt={}
for i in range(1,m_.Extent()+1):
    n=m_.FindFromIndex(i).Extent(); cnt[n]=cnt.get(n,0)+1
print("edges by #adjacent faces:", cnt, "valid:", fluid.is_valid())
# -- output
[31m---------------------------------------------------------------------------[39m
[31mTypeError[39m                                 Traceback (most recent call last)
[36mCell[39m[36m [39m[32mIn[24][39m[32m, line 9[39m
[32m      5[39m TopExp.MapShapesAndAncestors_s(fluid.wrapped, TopAbs_EDGE, TopAbs_FACE, m_)
[32m      6[39m cnt={}
[32m      7[39m [38;5;28;01mfor[39;00m i [38;5;28;01min[39;00m range([32m1[39m,m_.Extent()+[32m1[39m):
[32m      8[39m     n=m_.FindFromIndex(i).Extent(); cnt[n]=cnt.get(n,[32m0[39m)+[32m1[39m
[32m----> [39m[32m9[39m print([33m"edges by #adjacent faces:"[39m, cnt, [33m"valid:"[39m, fluid.is_valid())

[31mTypeError[39m: 'bool' object is not callable

# -- cell 25 (0.1s, exit 0)
print("edges by #adjacent faces:", cnt, "valid:", fluid.is_valid)
# -- output
edges by #adjacent faces: {2: 392} valid: True

# -- cell 26 (0.1s, exit 0)
from OCP.TopTools import TopTools_IndexedDataMapOfShapeListOfShape
from OCP.TopExp import TopExp
from OCP.TopAbs import TopAbs_EDGE, TopAbs_FACE
m_ = TopTools_IndexedDataMapOfShapeListOfShape()
TopExp.MapShapesAndAncestors_s(fluid.wrapped, TopAbs_EDGE, TopAbs_FACE, m_)
cnt = {}
for i in range(1, m_.Extent()+1):
    n = m_.FindFromIndex(i).Extent(); cnt[n] = cnt.get(n, 0) + 1
print("edges by #adjacent faces:", cnt, "solid valid:", fluid.is_valid)
# -- output
edges by #adjacent faces: {2: 392} solid valid: True

# -- cell 27 (5.5s, exit 0)
from OCP.BRepTools import BRepTools
BRepTools.Clean_s(fluid.wrapped)                     # drop any per-face triangulation left by earlier exports
BRepMesh_IncrementalMesh(fluid.wrapped, 0.003, False, 0.20, True)   # one shared tessellation for the whole solid
for k in PATCHES: print(k, write_stl(k, groups[k]))
u = pv.PolyData()
for k in PATCHES: u = u.merge(pv.read(f"constant/triSurface/{k}.stl"))
u = u.clean(tolerance=1e-8)
fe = u.extract_feature_edges(boundary_edges=True, feature_edges=False, manifold_edges=False, non_manifold_edges=False)
print("free edges", fe.n_cells, "vol", u.volume, "vs CAD", fluid.volume)
# -- output
shaftWall 322
column 1429
treads 1614
floor 126
topOpening 95
free edges 0 vol 13.235154575417791 vs CAD 13.250433591469859

# -- cell 28 (5.5s, exit 0)
BRepTools.Clean_s(fluid.wrapped)
BRepMesh_IncrementalMesh(fluid.wrapped, 0.001, False, 0.12, True)
for k in PATCHES: print(k, write_stl(k, groups[k]))
u = pv.PolyData()
for k in PATCHES: u = u.merge(pv.read(f"constant/triSurface/{k}.stl"))
u = u.clean(tolerance=1e-8)
fe = u.extract_feature_edges(boundary_edges=True, feature_edges=False, manifold_edges=False, non_manifold_edges=False)
print("free edges", fe.n_cells, "STL vol", u.volume, "CAD vol", fluid.volume)
# -- output
shaftWall 451
column 2308
treads 2468
floor 214
topOpening 161
free edges 0 STL vol 13.244663332631333 CAD vol 13.250433591469859

# -- cell 29 (132.4s, exit 0)
subprocess.run(["blockMesh"], capture_output=True, text=True)
r = subprocess.run(["snappyHexMesh","-overwrite"], capture_output=True, text=True)
print(r.returncode, r.stdout[-400:])
# -- output
0         : 0
    faces with skewness > 4   (internal) or 20  (boundary) : 0
    faces with interpolation weights (0..1)  < 0.02        : 0
    faces with volume ratio of neighbour cells < 0.01      : 0
    faces with face twist < 0.02                           : 0
    faces on cells with determinant < 0.001                : 0
Finished meshing without any errors
Finished meshing in = 109.47 s.
End

