# -- cell 1 (0.8s, exit 0)
import subprocess
p = "/home/qiuzi/.openreynolds-buildup/work/T5-20260914-111032-2f8a/geometry/assembly.step"
print(subprocess.run(["head","-40",p],capture_output=True,text=True).stdout)
print(subprocess.run(["grep","-c","","%s"%p],capture_output=True,text=True).stdout)
# -- output
ISO-10303-21;
HEADER;
/* Generated by software containing ST-Developer
 * from STEP Tools, Inc. (www.steptools.com) 
 */
/* OPTION: using custom renumber hook */

FILE_DESCRIPTION(
/* description */ ('STEP AP214'),
/* implementation_level */ '2;1');

FILE_NAME(
/* name */ '6149e834557e911885ae5063',
/* time_stamp */ '2021-09-21T14:12:05+00:00',
/* author */ (''),
/* organization */ (''),
/* preprocessor_version */ 'ST-DEVELOPER v18.1',
/* originating_system */ '  ',
/* authorisation */ '  ');

FILE_SCHEMA (('AUTOMOTIVE_DESIGN {1 0 10303 214 3 1 1}'));
ENDSEC;

DATA;
#10=PROPERTY_DEFINITION_REPRESENTATION(#14,#12);
#11=PROPERTY_DEFINITION_REPRESENTATION(#15,#13);
#12=REPRESENTATION('',(#16),#2291);
#13=REPRESENTATION('',(#17),#2291);
#14=PROPERTY_DEFINITION('pmi validation property','',#2302);
#15=PROPERTY_DEFINITION('pmi validation property','',#2302);
#16=VALUE_REPRESENTATION_ITEM('number of annotations',COUNT_MEASURE(0.));
#17=VALUE_REPRESENTATION_ITEM('number of views',COUNT_MEASURE(0.));
#18=(
BOUNDED_SURFACE()
B_SPLINE_SURFACE(3,2,((#2141,#2142,#2143),(#2144,#2145,#2146),(#2147,#2148,
#2149),(#2150,#2151,#2152),(#2153,#2154,#2155)),.UNSPECIFIED.,.F.,.F.,.F.)
B_SPLINE_SURFACE_WITH_KNOTS((4,1,4),(3,3),(5.4980856094645,6.28318530717959,
7.06828500489467),(0.,1.),.UNSPECIFIED.)
GEOMETRIC_REPRESENTATION_ITEM()
RATIONAL_B_SPLINE_SURFACE(((1.,0.715692733703735,1.),(1.,0.717924865872386,

2469

# -- cell 2 (0.1s, exit 0)
print(subprocess.run(["grep","-n","-E","LENGTH_UNIT|SI_UNIT|PRODUCT\\(|MANIFOLD_SOLID|CLOSED_SHELL|ADVANCED_BREP",p],capture_output=True,text=True).stdout[:3000])
# -- output
118:#40=ADVANCED_BREP_SHAPE_REPRESENTATION('',(#1323),#2292);
119:#41=ADVANCED_BREP_SHAPE_REPRESENTATION('',(#1324),#2293);
120:#42=ADVANCED_BREP_SHAPE_REPRESENTATION('',(#1325),#2294);
1378:#1298=CLOSED_SHELL('',(#1220,#1221,#1222,#1223,#1224,#1225,#1226,#1227,
1382:#1299=CLOSED_SHELL('',(#1254,#1255,#1256,#1257,#1258,#1259,#1260,#1261,
1385:#1300=CLOSED_SHELL('',(#1283,#1284,#1285,#1286,#1287,#1288,#1289,#1290,
1409:#1323=MANIFOLD_SOLID_BREP('LD19_BASE',#1298);
1410:#1324=MANIFOLD_SOLID_BREP('LD19_EMITTER',#1299);
1411:#1325=MANIFOLD_SOLID_BREP('LD19_BODY',#1300);
2412:SI_UNIT($,.STERADIAN.)
2418:SI_UNIT($,.RADIAN.)
2421:LENGTH_UNIT()
2423:SI_UNIT($,.METRE.)
2452:#2325=PRODUCT('LD19','LD19','LD19',(#2333));
2453:#2326=PRODUCT('LD19_BASE','LD19_BASE','LD19_BASE',(#2334));
2454:#2327=PRODUCT('LD19_EMITTER','LD19_EMITTER','LD19_EMITTER',(#2335));
2455:#2328=PRODUCT('LD19_BODY','LD19_BODY','LD19_BODY',(#2336));

# -- cell 3 (0.1s, exit 0)
print(subprocess.run(["sed","-n","2405,2440p",p],capture_output=True,text=True).stdout)
# -- output
'DISTANCE_ACCURACY_VALUE','Maximum Tolerance applied to model');
#2297=UNCERTAINTY_MEASURE_WITH_UNIT(LENGTH_MEASURE(5.E-6),#2301,
'DISTANCE_ACCURACY_VALUE','Maximum Tolerance applied to model');
#2298=UNCERTAINTY_MEASURE_WITH_UNIT(LENGTH_MEASURE(5.E-6),#2301,
'DISTANCE_ACCURACY_VALUE','Maximum Tolerance applied to model');
#2299=(
NAMED_UNIT(*)
SI_UNIT($,.STERADIAN.)
SOLID_ANGLE_UNIT()
);
#2300=(
NAMED_UNIT(*)
PLANE_ANGLE_UNIT()
SI_UNIT($,.RADIAN.)
);
#2301=(
LENGTH_UNIT()
NAMED_UNIT(*)
SI_UNIT($,.METRE.)
);
#2302=PRODUCT_DEFINITION_SHAPE('','',#2309);
#2303=PRODUCT_DEFINITION_SHAPE('','',#2310);
#2304=PRODUCT_DEFINITION_SHAPE(' ','NAUO PRDDFN',#28);
#2305=PRODUCT_DEFINITION_SHAPE('','',#2311);
#2306=PRODUCT_DEFINITION_SHAPE(' ','NAUO PRDDFN',#29);
#2307=PRODUCT_DEFINITION_SHAPE('','',#2312);
#2308=PRODUCT_DEFINITION_SHAPE(' ','NAUO PRDDFN',#30);
#2309=PRODUCT_DEFINITION('','',#2317,#2313);
#2310=PRODUCT_DEFINITION('','',#2318,#2314);
#2311=PRODUCT_DEFINITION('','',#2319,#2315);
#2312=PRODUCT_DEFINITION('','',#2320,#2316);
#2313=PRODUCT_DEFINITION_CONTEXT('',#2338,'design');
#2314=PRODUCT_DEFINITION_CONTEXT('',#2338,'design');
#2315=PRODUCT_DEFINITION_CONTEXT('',#2338,'design');
#2316=PRODUCT_DEFINITION_CONTEXT('',#2338,'design');
#2317=PRODUCT_DEFINITION_FORMATION_WITH_SPECIFIED_SOURCE('','',#2325,

# -- cell 4 (2.8s, exit 0)
import build123d as bd, time
t=time.time()
asm = bd.import_step(p)
print(type(asm), time.time()-t)
solids = asm.solids()
print(len(solids))
for s in solids:
    print(s.label, s.bounding_box(), s.volume)
print(asm.bounding_box())
# -- output
<class 'build123d.topology.composite.Compound'> 0.4384758472442627
3
 bbox: -26.97500010000001 <= x <= 26.975000099999995, -19.418991148451138 <= y <= 26.87100895154889, -1.0000001421085471e-07 <= z <= 3.5000001 2552.2699948980517
 bbox: -18.803761107113118 <= x <= 18.803772054759477, -18.900923129868957 <= y <= 18.70661003200359, 20.099999999999998 <= z <= 31.300000100000002 12186.129920156705
 bbox: -19.258335315798973 <= x <= 19.258346263445333, -19.355498235001544 <= y <= 19.161183344242726, 1.4999999999999982 <= z <= 20.10000000000001 26455.73926728713
bbox: -26.97500010000001 <= x <= 26.975000099999995, -19.418991148451138 <= y <= 26.87100895154889, -1.0000001421085471e-07 <= z <= 31.300000100000002

# -- cell 5 (0.1s, exit 0)
print(subprocess.run(["grep","-n","-m","10","CARTESIAN_POINT",p],capture_output=True,text=True).stdout)
# -- output
1952:#1866=CARTESIAN_POINT('',(0.,0.,0.));
1953:#1867=CARTESIAN_POINT('',(-0.00377883736597154,0.0300332665366997,0.0015));
1954:#1868=CARTESIAN_POINT('',(-0.00377883736597154,0.0300332665366997,0.));
1955:#1869=CARTESIAN_POINT('',(-0.004,0.027795,0.));
1956:#1870=CARTESIAN_POINT('',(-0.0035576747319431,0.0322715330733993,0.));
1957:#1871=CARTESIAN_POINT('',(-0.00400348679824159,0.0277597120144925,0.00144389302758023));
1958:#1872=CARTESIAN_POINT('',(-0.00400362228867546,0.0277583407896221,0.0015));
1959:#1873=CARTESIAN_POINT('',(-0.00377883736597154,0.0300332665366997,0.0015));
1960:#1874=CARTESIAN_POINT('',(-0.0035576747319431,0.0322715330733993,0.0015));
1961:#1875=CARTESIAN_POINT('',(-0.0035576747319431,0.0322715330733993,0.0015));

# -- cell 6 (0.4s, exit 0)
import numpy as np, matplotlib
matplotlib.use("Agg")
import matplotlib.pyplot as plt
names=["BASE","EMITTER","BODY"]
fig,axs=plt.subplots(1,3,figsize=(15,5))
for ax,s,n in zip(axs,solids,names):
    for pl,idx,lbl in [(0,(0,2),"XZ")]:
        pass
    # slice through x=0 plane: intersect with a thin section -> use faces projection instead
    verts, tris = s.tessellate(0.3)
    v=np.array([(pt.X,pt.Y,pt.Z) for pt in verts])
    ax.plot(v[:,0],v[:,2],'.',ms=0.5)
    ax.set_title(n); ax.set_aspect('equal')
plt.savefig("xz.png",dpi=90)
plt.close()
print("ok")
# -- output
ok
[no picture came back from this cell, and it looks like it drew one. This cell called `matplotlib.use("Agg")`, which switches the figure away from the inline backend that sends it here. A figure reaches you by being displayed, not by being saved: end the cell with the figure object, or call `display(fig)`, and do not set a matplotlib backend -- the kernel is already on the inline one. A `.png` written to disk is not sent; read it back with `IPython.display.Image(path)` if you want to see it.]

# -- cell 7 (0.8s, exit 0)
from IPython.display import Image, display
display(Image("xz.png"))
# -- output


# -- cell 8 (1.0s, exit 0)
import pyvista as pv
pv.start_xvfb() if hasattr(pv,'start_xvfb') else None
def mesh_of(s, tol=0.2):
    v,t = s.tessellate(tol)
    pts=np.array([(q.X,q.Y,q.Z) for q in v]); f=np.array(t)
    return pv.PolyData(pts, np.hstack([np.full((len(f),1),3),f]).ravel())
pl=pv.Plotter(off_screen=True, window_size=(900,700))
cols=["red","green","blue"]
for s,c,n in zip(solids,cols,names): pl.add_mesh(mesh_of(s), color=c, opacity=0.5, label=n)
pl.add_legend(); pl.camera_position='iso'
img=pl.screenshot(return_img=True); plt.figure(figsize=(9,7)); plt.imshow(img); plt.axis('off'); plt.gcf()
# -- output
/home/qiuzi/miniforge3/lib/python3.13/site-packages/tqdm/auto.py:21: TqdmWarning: IProgress not found. Please update jupyter and ipywidgets. See https://ipywidgets.readthedocs.io/en/stable/user_install.html
  from .autonotebook import tqdm as notebook_tqdm
[0m[33m2026-09-14 11:11:59.258 (   0.386s) [    78403225B780]vtkXOpenGLRenderWindow.:1460  WARN| bad X server connection. DISPLAY=[0m
[0m[33m2026-09-14 11:11:59.259 (   0.386s) [    78403225B780]vtkOpenGLRenderWindow.c:645   WARN| Failed to load EGL! Please install the EGL library from your distribution's package manager.[0m
[0m[33m2026-09-14 11:11:59.272 (   0.400s) [    78403225B780]vtkOpenGLRenderWindow.c:645   WARN| Failed to load EGL! Please install the EGL library from your distribution's package manager.[0m

# -- cell 9 (0.1s, exit 0)
for s,n in zip(solids,names):
    print(n, "shells", len(s.shells()), "faces", len(s.faces()), "vol", round(s.volume,1), "area", round(s.area,1))
# -- output
BASE shells 1 faces 34 vol 2552.3 area 3734.4
EMITTER shells 1 faces 29 vol 12186.1 area 4019.0
BODY shells 1 faces 15 vol 26455.7 area 5591.1

# -- cell 10 (1.0s, exit 1)
asm_c = bd.Compound(solids)
sec = bd.Plane.XZ  # slice y=0
box = bd.Box(200,0.0,200)
# use section via intersection with a plane-like thin slab
slab = bd.Box(120, 0.2, 120)
cut = asm_c.intersect(slab)
pl=pv.Plotter(off_screen=True, window_size=(800,700))
for s,c in zip(cut.solids(), ["red"]*20): pl.add_mesh(mesh_of(s,0.1), color=c)
pl.camera_position='xz'; img=pl.screenshot(return_img=True)
plt.figure(figsize=(8,7)); plt.imshow(img); plt.axis('off'); plt.gcf()
# -- output
[31m---------------------------------------------------------------------------[39m
[31mStandard_DomainError[39m                      Traceback (most recent call last)
[36mCell[39m[36m [39m[32mIn[10][39m[32m, line 3[39m
[32m      1[39m asm_c = bd.Compound(solids)
[32m      2[39m sec = bd.Plane.XZ  [38;5;66;03m# slice y=0[39;00m
[32m----> [39m[32m3[39m box = bd.Box([32m200[39m,[32m0.0[39m,[32m200[39m)
[32m      4[39m [38;5;66;03m# use section via intersection with a plane-like thin slab[39;00m
[32m      5[39m slab = bd.Box([32m120[39m, [32m0.2[39m, [32m120[39m)
[32m      6[39m cut = asm_c.intersect(slab)

[36mFile [39m[32m~/miniforge3/lib/python3.13/site-packages/build123d/objects_part.py:162[39m, in [36mBox.__init__[39m[34m(self, length, width, height, rotation, align, mode)[39m
[32m    159[39m [38;5;28mself[39m.width = width
[32m    160[39m [38;5;28mself[39m.box_height = height
[32m--> [39m[32m162[39m solid = [30;43mSolid[39;49m[30;43m.[39;49m[30;43mmake_box[39;49m[30;43m([39;49m[30;43mlength[39;49m[30;43m,[39;49m[30;43m [39;49m[30;43mwidth[39;49m[30;43m,[39;49m[30;43m [39;49m[30;43mheight[39;49m[30;43m)[39;49m
[32m    164[39m [38;5;28msuper[39m().[34m__init__[39m(
[32m    165[39m     part=solid, rotation=rotation, align=tuplify(align, [32m3[39m), mode=mode
[32m    166[39m )

[36mFile [39m[32m~/miniforge3/lib/python3.13/site-packages/build123d/topology/three_d.py:1345[39m, in [36mSolid.make_box[39m[34m(cls, length, width, height, plane)[39m
[32m   1321[39m [38;5;129m@classmethod[39m
[32m   1322[39m [38;5;28;01mdef[39;00m[38;5;250m [39m[34mmake_box[39m(
[32m   1323[39m     [38;5;28mcls[39m, length: [38;5;28mfloat[39m, width: [38;5;28mfloat[39m, height: [38;5;28mfloat[39m, plane: Plane = Plane.XY
[32m   1324[39m ) -> Solid:
[32m   1325[39m [38;5;250m    [39m[33;03m"""make box[39;00m
[32m   1326[39m 
[32m   1327[39m [33;03m    Make a box at the origin of plane extending in positive direction of each axis.[39;00m
[32m   (...)[39m[32m   1336[39m [33;03m        Solid: Box[39;00m
[32m   1337[39m [33;03m    """[39;00m
[32m   1338[39m     [38;5;28;01mreturn[39;00m [38;5;28mcls[39m(
[32m   1339[39m         TopoDS.Solid(
[32m   1340[39m             [30;43mBRepPrimAPI_MakeBox[39;49m[30;43m([39;49m
[32m   1341[39m [30;43m                [39;49m[30;43mplane[39;49m[30;43m.[39;49m[30;43mto_gp_ax2[39;49m[30;43m([39;49m[30;43m)[39;49m[30;43m,[39;49m
[32m   1342[39m [30;43m                [39;49m[30;43mlength[39;49m[30;43m,[39;49m
[32m   1343[39m [30;43m                [39;49m[30;43mwidth[39;49m[30;43m,[39;49m
[32m   1344[39m [30;43m                [39;49m[30;43mheight[39;49m[30;43m,[39;49m
[32m-> [39m[32m1345[39m [30;43m            [39;49m[30;43m)[39;49m[30;43m.[39;49m[30;43mShape[39;49m[30;43m([39;49m[30;43m)[39;49m
[32m   1346[39m         )
[32m   1347[39m     )

[31mStandard_DomainError[39m:

# -- cell 11 (0.8s, exit 0)
slab = bd.Box(120, 0.4, 120).moved(bd.Location((0,0,0)))
cut = asm_c.intersect(slab)
print(len(cut.solids()))
pl=pv.Plotter(off_screen=True, window_size=(800,700))
for s in cut.solids(): pl.add_mesh(mesh_of(s,0.05), color="red")
pl.camera_position='xz'; img=pl.screenshot(return_img=True)
plt.figure(figsize=(8,7)); plt.imshow(img); plt.axis('off'); plt.gcf()
# -- output
3

[0m[33m2026-09-14 11:12:30.742 (  31.869s) [    78403225B780]vtkOpenGLRenderWindow.c:645   WARN| Failed to load EGL! Please install the EGL library from your distribution's package manager.[0m
[0m[33m2026-09-14 11:12:30.743 (  31.870s) [    78403225B780]vtkOpenGLRenderWindow.c:645   WARN| Failed to load EGL! Please install the EGL library from your distribution's package manager.[0m

# -- cell 12 (0.6s, exit 0)
asm_c = bd.Compound(solids)
cols=["red","green","blue"]
pl=pv.Plotter(off_screen=True, window_size=(900,700))
for s,c,n in zip(solids,cols,names):
    piece = s.intersect(bd.Box(120,60,120).moved(bd.Location((0,30,0))))
    for q in piece.solids(): pl.add_mesh(mesh_of(q,0.1), color=c)
pl.camera_position='xz'; img=pl.screenshot(return_img=True)
plt.figure(figsize=(9,7)); plt.imshow(img); plt.axis('off'); plt.gcf()
# -- output
[0m[33m2026-09-14 11:12:51.576 (  52.704s) [    78403225B780]vtkOpenGLRenderWindow.c:645   WARN| Failed to load EGL! Please install the EGL library from your distribution's package manager.[0m
[0m[33m2026-09-14 11:12:51.577 (  52.705s) [    78403225B780]vtkOpenGLRenderWindow.c:645   WARN| Failed to load EGL! Please install the EGL library from your distribution's package manager.[0m

# -- cell 13 (0.3s, exit 0)
u = solids[0].fuse(solids[1], solids[2]).clean()
print(len(u.solids()), [len(s.shells()) for s in u.solids()], u.volume, u.bounding_box())
# -- output
2 [1, 1] 41193.88190926212 bbox: -26.97500010000001 <= x <= 26.9750001, -19.418991148451138 <= y <= 26.87100895154889, -1.0000001421085471e-07 <= z <= 31.300000100000002

# -- cell 14 (0.2s, exit 0)
for s in u.solids(): print(round(s.volume,1), s.bounding_box())
# -- output
2552.3 bbox: -26.97500010000001 <= x <= 26.9750001, -19.418991148451138 <= y <= 26.87100895154889, -1.0000001421085471e-07 <= z <= 3.5000001
38641.6 bbox: -19.258335315798973 <= x <= 19.258346263445333, -19.355498235001544 <= y <= 19.161183344242726, 1.4999999999999982 <= z <= 31.300000100000002

# -- cell 15 (0.1s, exit 0)
for nm,s in [("BASE",solids[0]),("BODY",solids[2])]:
    sl = s.intersect(bd.Box(120,120,0.2).moved(bd.Location((0,0,2.5))))
    for q in sl.solids():
        bb=q.bounding_box(); print(nm, round(q.volume/0.2,1), bb)
    print(nm,"faces at z-slice", len(sl.solids()))
# -- output
BASE 35.2 bbox: -3.575000099999987 <= x <= 3.575000100000013, 19.72100875154889 <= y <= 26.87100895154889, 2.399999899999999 <= z <= 2.6000001
BASE 35.2 bbox: 19.824999899999995 <= x <= 26.975000099999995, -12.198991248451089 <= y <= -5.048991048451089, 2.399999899999999 <= z <= 2.6000001
BASE 35.2 bbox: -26.97500010000001 <= x <= -19.82499990000001, -12.19899124845116 <= y <= -5.04899104845116, 2.399999899999999 <= z <= 2.6000001
BASE faces at z-slice 3
BODY 1458.3 bbox: -19.23633978957224 <= x <= 19.2363507372186, -19.33350270877481 <= y <= 19.139187818016048, 2.399999999999995 <= z <= 2.600000000000001
BODY faces at z-slice 1

# -- cell 16 (0.4s, exit 0)
for z in [0.2,0.8,1.2,1.6,2.0,3.2]:
    sl = solids[0].intersect(bd.Box(120,120,0.05).moved(bd.Location((0,0,z))))
    print(z, [ (round(q.volume/0.05,1)) for q in sl.solids()])
print("BODY z slices:")
for z in [1.6,2.0,5,10,15,19.5]:
    sl = solids[2].intersect(bd.Box(120,120,0.05).moved(bd.Location((0,0,z))))
    print(z, [ (round(q.volume/0.05,1)) for q in sl.solids()])
# -- output
0.2 [1573.3]
0.8 [1571.4]
1.2 [1570.1]
1.6 [24.2, 24.2, 24.2]
2.0 [29.7, 29.7, 29.7]
3.2 [35.2, 35.2, 35.2]
BODY z slices:
1.6 [1461.7]
2.0 [1460.2]
5 [1427.3]
10 [1430.3]
15 [1411.7]
19.5 [1395.1]

# -- cell 17 (0.1s, exit 0)
bot = [f for f in solids[0].faces() if abs(f.center().Z)<1e-4]
print(len(bot))
for f in bot: print(round(f.area,1), len(f.inner_wires()), f.bounding_box())
# -- output
1
1573.9 3 bbox: -26.97500000000001 <= x <= 26.974999999999994, -19.41899114845111 <= y <= 26.87100885154889, 0.0 <= z <= 0.0

