# -- cell 1 (4.8s, exit 0)
import inspect, os, sys, math, numpy as np
import build123d as bd
print('build123d', getattr(bd,'__version__','installed'))
print('Polygon', inspect.signature(bd.Polygon))
print('loft', inspect.signature(bd.loft))
print('Plane', inspect.signature(bd.Plane))
print('export_stl', inspect.signature(bd.export_stl))
print('Box', inspect.signature(bd.Box), 'Cylinder', inspect.signature(bd.Cylinder))
# -- output
build123d 0.11.1
Polygon (*pts: 'VectorLike | Iterable[VectorLike]', rotation: 'float' = 0, align: 'Align | tuple[Align, Align] | None' = (<Align.NONE>, <Align.NONE>), mode: 'Mode' = <Mode.ADD>)
loft (sections: 'Face | Sketch | Iterable[Vertex | Face | Sketch] | None' = None, ruled: 'bool' = False, clean: 'bool' = True, mode: 'Mode' = <Mode.ADD>) -> 'Part'
Plane (*args: 'Any', **kwargs: 'Any') -> 'None'
export_stl (to_export: build123d.topology.shape_core.Shape, file_path: os.PathLike | str | bytes, tolerance: float = 0.001, angular_tolerance: float = 0.1, ascii_format: bool = False) -> bool
Box (length: 'float', width: 'float', height: 'float', rotation: 'RotationLike' = (0, 0, 0), align: 'Align | tuple[Align, Align, Align]' = (<Align.CENTER>, <Align.CENTER>, <Align.CENTER>), mode: 'Mode' = <Mode.ADD>) Cylinder (radius: 'float', height: 'float', arc_size: 'float' = 360, rotation: 'RotationLike' = (0, 0, 0), align: 'Align | tuple[Align, Align, Align]' = (<Align.CENTER>, <Align.CENTER>, <Align.CENTER>), mode: 'Mode' = <Mode.ADD>)

# -- cell 2 (5.2s, exit 0)
# All CAD dimensions are authored directly in metres.
MODULE = 0.003
Z_PINION, Z_WHEEL = 20, 30
PRESSURE_ANGLE = math.radians(20.0)
TOTAL_BACKLASH = 0.0003
BACKLASH_PER_MEMBER = TOTAL_BACKLASH / 2
FACE_WIDTH = 0.015          # assumption
PINION_SHAFT_D = 0.016      # assumption
WHEEL_SHAFT_D = 0.020       # assumption
CAVITY_X, CAVITY_Y, CAVITY_Z = 0.160, 0.140, 0.120

def involute_profile(module, teeth, alpha, member_backlash, phase=0.0, flank_samples=5):
    rp = module * teeth / 2
    rb = rp * math.cos(alpha)
    ra = rp + module
    rr = rp - 1.25 * module
    half_pitch = (math.pi * module / 2 - member_backlash) / (2 * rp)
    inv_a = math.tan(alpha) - alpha
    def half_angle(r):
        ar = math.acos(min(1.0, rb / max(r, rb)))
        return half_pitch + inv_a - (math.tan(ar) - ar)
    radii = np.linspace(rb, ra, flank_samples)
    hb, ht = half_angle(rb), half_angle(ra)
    pts=[]
    for k in range(teeth):
        c = phase + 2*math.pi*k/teeth
        pts.append((rr*math.cos(c-hb), rr*math.sin(c-hb)))
        for r in radii:
            a=c-half_angle(r); pts.append((r*math.cos(a),r*math.sin(a)))
        for a in np.linspace(c-ht,c+ht,4)[1:]:
            pts.append((ra*math.cos(a),ra*math.sin(a)))
        for r in radii[::-1][1:]:
            a=c+half_angle(r); pts.append((r*math.cos(a),r*math.sin(a)))
        pts.append((rr*math.cos(c+hb), rr*math.sin(c+hb)))
    return bd.Polygon(*pts), {'rp':rp,'rb':rb,'ra':ra,'rr':rr,'half_pitch':half_pitch}

def bevel_gear(teeth, pitch_angle, phase=0.0):
    R = MODULE*math.sqrt(Z_PINION**2+Z_WHEEL**2)/2
    scale = (R-FACE_WIDTH)/R
    outer, dims = involute_profile(MODULE, teeth, PRESSURE_ANGLE, BACKLASH_PER_MEMBER, phase)
    inner, _ = involute_profile(MODULE*scale, teeth, PRESSURE_ANGLE, BACKLASH_PER_MEMBER*scale, phase)
    z0, z1 = (R-FACE_WIDTH)*math.cos(pitch_angle), R*math.cos(pitch_angle)
    solid = bd.loft([bd.Pos(0,0,z0)*inner, bd.Pos(0,0,z1)*outer], ruled=True)
    return solid, dims, R, z0, z1

DELTA_PINION = math.atan(Z_PINION/Z_WHEEL)
DELTA_WHEEL = math.atan(Z_WHEEL/Z_PINION)
pinion_z, pd, CONE_DISTANCE, pz0, pz1 = bevel_gear(Z_PINION, DELTA_PINION, phase=0.0)
wheel, wd, _, wz0, wz1 = bevel_gear(Z_WHEEL, DELTA_WHEEL, phase=math.pi/Z_WHEEL)
pinion_gear = bd.Rot(0,90,0) * pinion_z
wheel_gear = wheel
# Shafts overlap their gear hubs and terminate at the positive cavity walls.
pinion_shaft = bd.Rot(0,90,0) * (bd.Pos(0,0,pz0)*bd.Cylinder(PINION_SHAFT_D/2, CAVITY_X/2-pz0,
    align=(bd.Align.CENTER,bd.Align.CENTER,bd.Align.MIN)))
wheel_shaft = bd.Pos(0,0,wz0)*bd.Cylinder(WHEEL_SHAFT_D/2, CAVITY_Z/2-wz0,
    align=(bd.Align.CENTER,bd.Align.CENTER,bd.Align.MIN))
pinion_solid = pinion_gear + pinion_shaft
wheel_solid = wheel_gear + wheel_shaft
cavity = bd.Box(CAVITY_X,CAVITY_Y,CAVITY_Z)
print(f'pitch cone angles: pinion {math.degrees(DELTA_PINION):.6f} deg, wheel {math.degrees(DELTA_WHEEL):.6f} deg, sum {math.degrees(DELTA_PINION+DELTA_WHEEL):.6f} deg (requested axes 90 deg)')
print(f'outer pitch diameters: pinion {2*pd["rp"]*1000:.3f} mm, wheel {2*wd["rp"]*1000:.3f} mm (m*z)')
print(f'pressure angle used in involute construction: {math.degrees(PRESSURE_ANGLE):.6f} deg (requested 20 deg)')
tp=2*pd['rp']*pd['half_pitch']; tw=2*wd['rp']*wd['half_pitch']
print(f'pitch-line tooth thicknesses: pinion {tp*1000:.4f} mm, wheel {tw*1000:.4f} mm; resulting backlash {(math.pi*MODULE-tp-tw)*1000:.4f} mm (requested 0.3000 mm)')
print(f'cone distance {CONE_DISTANCE*1000:.3f} mm; assumed face width {FACE_WIDTH*1000:.3f} mm')
print('gear volumes cm3:', pinion_solid.volume*1e6, wheel_solid.volume*1e6, 'intersection cm3:', (pinion_solid & wheel_solid).volume*1e6)
# -- output
pitch cone angles: pinion 33.690068 deg, wheel 56.309932 deg, sum 90.000000 deg (requested axes 90 deg)
outer pitch diameters: pinion 60.000 mm, wheel 90.000 mm (m*z)
pressure angle used in involute construction: 20.000000 deg (requested 20 deg)
pitch-line tooth thicknesses: pinion 4.5624 mm, wheel 4.5624 mm; resulting backlash 0.3000 mm (requested 0.3000 mm)
cone distance 54.083 mm; assumed face width 15.000 mm
gear volumes cm3: 32.561646173946436 48.263645434535775 intersection cm3: 0.0028285635474835074

# -- cell 3 (60.7s, exit 0)
phase_trials = np.linspace(0, 2*math.pi/Z_WHEEL, 17, endpoint=False)
phase_results=[]
for ph in phase_trials:
    trial_wheel, _, _, _, _ = bevel_gear(Z_WHEEL, DELTA_WHEEL, phase=float(ph))
    phase_results.append(((pinion_solid & (trial_wheel + wheel_shaft)).volume, float(ph), trial_wheel))
phase_results.sort(key=lambda q:q[0])
best_intersection, WHEEL_PHASE, wheel_gear = phase_results[0]
wheel_solid = wheel_gear + wheel_shaft
print('best wheel phase:', math.degrees(WHEEL_PHASE), 'deg of', 360/Z_WHEEL, 'deg tooth period')
print('minimum gear/shaft solid intersection:', best_intersection*1e9, 'mm3')
print('five smallest trials mm3:', [round(v*1e9,6) for v,_,_ in phase_results[:5]])
# -- output
best wheel phase: 6.352941176470588 deg of 12.0 deg tooth period
minimum gear/shaft solid intersection: 4.811651528712722 mm3
five smallest trials mm3: [4.811652, 4.811652, 19.583346, 19.583351, 48.887691]

# -- cell 4 (39.1s, exit 0)
fine_degrees=np.linspace(5.5,6.5,11)
fine=[]
for deg in fine_degrees:
    twheel, _, _, _, _ = bevel_gear(Z_WHEEL, DELTA_WHEEL, phase=math.radians(float(deg)))
    fine.append(((pinion_solid & (twheel+wheel_shaft)).volume, float(deg), twheel))
fine.sort(key=lambda q:q[0])
best_intersection, best_deg, wheel_gear = fine[0]
WHEEL_PHASE=math.radians(best_deg)
wheel_solid=wheel_gear+wheel_shaft
print('refined best phase',best_deg,'deg; interference',best_intersection*1e9,'mm3')
print([(d,round(v*1e9,5)) for v,d,_ in sorted(fine,key=lambda q:q[1])])
# -- output
refined best phase 6.0 deg; interference 2.828563547483504 mm3
[(5.5, 7.09756), (5.6, 5.48737), (5.7, 4.11874), (5.8, 3.16111), (5.9, 2.8292), (6.0, 2.82856), (6.1, 2.8292), (6.2, 3.16111), (6.3, 4.11892), (6.4, 5.48737), (6.5, 7.09756)]

# -- cell 5 (1.7s, exit 0)
gear_overlap = pinion_solid & wheel_solid
bb=gear_overlap.bounding_box()
print('overlap volume mm3',gear_overlap.volume*1e9)
print('overlap bounds mm:', tuple(round(x*1000,3) for x in (*bb.min.to_tuple(),*bb.max.to_tuple())))
print('overlap center mm:',tuple(round(x*1000,3) for x in gear_overlap.center().to_tuple()))
# -- output
overlap volume mm3 2.828563547483504
overlap bounds mm: (32.519, -0.989, 23.668, 41.219, 0.989, 30.0)
overlap center mm: (37.125, -0.0, 27.118)

/tmp/ipykernel_707759/3049244815.py:4: DeprecationWarning: to_tuple is deprecated and will be removed in a future version.  Use 'tuple(Vector)' instead.
  print('overlap bounds mm:', tuple(round(x*1000,3) for x in (*bb.min.to_tuple(),*bb.max.to_tuple())))
/tmp/ipykernel_707759/3049244815.py:5: DeprecationWarning: to_tuple is deprecated and will be removed in a future version.  Use 'tuple(Vector)' instead.
  print('overlap center mm:',tuple(round(x*1000,3) for x in gear_overlap.center().to_tuple()))

# -- cell 6 (1.8s, exit 0)
import pyvista as pv
os.makedirs('preview',exist_ok=True)
bd.export_stl(pinion_solid,'preview/pinion.stl',tolerance=0.0006,angular_tolerance=0.18)
bd.export_stl(wheel_solid,'preview/wheel.stl',tolerance=0.0006,angular_tolerance=0.18)
bd.export_stl(cavity,'preview/cavity.stl',tolerance=0.001,angular_tolerance=0.2)
pl=pv.Plotter(off_screen=True,window_size=(900,700))
pl.add_mesh(pv.read('preview/cavity.stl'),color='lightblue',opacity=0.12,show_edges=True)
pl.add_mesh(pv.read('preview/pinion.stl'),color='orange',show_edges=True)
pl.add_mesh(pv.read('preview/wheel.stl'),color='steelblue',show_edges=True)
pl.add_axes(); pl.view_isometric(); pl.camera.zoom(1.25)
pl.show(screenshot='preview/coarse_geometry.png')
print('coarse preview written; cavity bounds m',tuple(round(v,4) for v in (*cavity.bounding_box().min,*cavity.bounding_box().max)))
# -- output
coarse preview written; cavity bounds m (-0.08, -0.07, -0.06, 0.08, 0.07, 0.06)

/home/qiuzi/miniforge3/lib/python3.13/site-packages/tqdm/auto.py:21: TqdmWarning: IProgress not found. Please update jupyter and ipywidgets. See https://ipywidgets.readthedocs.io/en/stable/user_install.html
  from .autonotebook import tqdm as notebook_tqdm
[0m[33m2026-09-19 12:55:08.662 (   1.123s) [    72071EC08780]vtkXOpenGLRenderWindow.:1460  WARN| bad X server connection. DISPLAY=[0m
[0m[33m2026-09-19 12:55:08.664 (   1.124s) [    72071EC08780]vtkOpenGLRenderWindow.c:645   WARN| Failed to load EGL! Please install the EGL library from your distribution's package manager.[0m
[0m[33m2026-09-19 12:55:08.718 (   1.178s) [    72071EC08780]vtkOpenGLRenderWindow.c:645   WARN| Failed to load EGL! Please install the EGL library from your distribution's package manager.[0m
/tmp/ipykernel_707759/3931105233.py:11: UserWarning: Using static image for notebook display.
Install trame for interactive backends: pip install "pyvista[jupyter]"
  pl.show(screenshot='preview/coarse_geometry.png')

# -- cell 7 (4.0s, exit 0)
rotors = pinion_solid + wheel_solid
fluid = cavity - rotors
print('fluid volume litres',fluid.volume*1000)
print('fluid solids',len(fluid.solids()),'faces',len(fluid.faces()),'valid',fluid.is_valid)
from collections import Counter
print('face geometry types',Counter(str(f.geom_type) for f in fluid.faces()))
for i,f in enumerate(fluid.faces()):
    if str(f.geom_type).endswith('CYLINDER'):
        print('cyl face',i,'area mm2',round(f.area*1e6,2),'center mm',tuple(round(v*1000,2) for v in f.center()))
# -- output
fluid volume litres 2.6071775369544388
fluid solids 1 faces 712 valid True
face geometry types Counter({'GeomType.BSPLINE': 700, 'GeomType.PLANE': 10, 'GeomType.CYLINDER': 2})
cyl face 6 area mm2 1884.96 center mm (-10.0, 0.0, 45.0)
cyl face 7 area mm2 1759.29 center mm (62.5, 0.0, 8.0)

# -- cell 8 (56.8s, exit 0)
print('Face radius attr',hasattr(fluid.faces()[6],'radius'),getattr(fluid.faces()[6],'radius',None))
print('axis',getattr(fluid.faces()[6],'axis_of_rotation',None))
print('distance signature',inspect.signature(bd.Shape.distance_to))
# Test coincidence distances for representative fluid faces against source face sets.
def min_face_distance(face, source):
    return min(face.distance_to(sf) for sf in source.faces())
for i in [0,1,6,7,8,20,100]:
    f=fluid.faces()[i]
    print(i,str(f.geom_type),[f'{min_face_distance(f,s):.3g}' for s in (cavity,pinion_gear,wheel_gear,pinion_shaft,wheel_shaft)])
# -- output
Face radius attr True 0.01
axis Axis: (position=(0, 0, 0.021679), direction=(0, 0, 1))
distance signature (self, other: 'Shape | VectorLike') -> 'float'
0 GeomType.PLANE ['0', '0.113', '0.0322', '0.113', '0.07']
1 GeomType.PLANE ['0', '0.037', '0.022', '0.062', '0.06']
6 GeomType.CYLINDER ['0', '0.0233', '0', '0.0315', '0']
7 GeomType.CYLINDER ['0', '0', '0.0173', '0', '0.0376']
8 GeomType.PLANE ['0.022', '3.47e-18', '0', '0.022', '0']
20 GeomType.BSPLINE ['0.03', '0.000499', '0', '0.0143', '0.0216']
100 GeomType.BSPLINE ['0.023', '0.03', '0', '0.0408', '0.0247']

# -- cell 9 (3.4s, exit 0)
print('position_at',inspect.signature(bd.Face.position_at))
def interior_point(face):
    try: return face.position_at(0.43,0.57)
    except Exception: return face.center()
def point_to_faces(p, source):
    return min(sf.distance_to(p) for sf in source.faces())
for i in [0,1,6,7,8,20,100]:
    f=fluid.faces()[i]; p=interior_point(f)
    print(i,str(f.geom_type),tuple(round(v*1000,2) for v in p),[f'{point_to_faces(p,s):.3g}' for s in (cavity,pinion_gear,wheel_gear,pinion_shaft,wheel_shaft)])
# -- output
position_at (self, u: 'float', v: 'float') -> 'Vector'
0 GeomType.PLANE (-80.0, -9.8, -8.4) ['0', '0.113', '0.0504', '0.113', '0.0767']
1 GeomType.PLANE (11.2, -70.0, -8.4) ['0', '0.0504', '0.0447', '0.066', '0.0679']
6 GeomType.CYLINDER (-9.05, 4.26, 47.1) ['0.0129', '0.0478', '0.0171', '0.0572', '0']
7 GeomType.CYLINDER (64.95, 3.41, 7.24) ['0.015', '0.02', '0.0285', '0', '0.0569']
8 GeomType.PLANE (6.28, 7.12, 30.0) ['0.03', '0.0272', '0', '0.0348', '0.000502']
20 GeomType.BSPLINE (38.73, 6.19, 26.42) ['0.0336', '0.000702', '6.99e-18', '0.0191', '0.0292']
100 GeomType.BSPLINE (8.83, 41.34, 26.42) ['0.0287', '0.0346', '7.76e-18', '0.0474', '0.0323']

# -- cell 10 (240.0s, exit 0)
sys.path.insert(0,'.reference')
from cad_export import export_patches
patches={'pinion':[],'wheel':[],'cavityWalls':[],'pinionShaftBore':[],'wheelShaftBore':[]}
for f in fluid.faces():
    if f.geom_type == bd.GeomType.CYLINDER:
        if abs(f.radius-PINION_SHAFT_D/2)<1e-7: patches['pinionShaftBore'].append(f)
        elif abs(f.radius-WHEEL_SHAFT_D/2)<1e-7: patches['wheelShaftBore'].append(f)
        else: raise RuntimeError(f'unrecognized cylindrical face radius {f.radius}')
    else:
        p=interior_point(f)
        dc=point_to_faces(p,cavity)
        dp=point_to_faces(p,pinion_gear)
        dw=point_to_faces(p,wheel_gear)
        if dc < 1e-8: patches['cavityWalls'].append(f)
        elif dp <= dw: patches['pinion'].append(f)
        else: patches['wheel'].append(f)
print({k:(len(v),round(sum(f.area for f in v)*1e6,2)) for k,v in patches.items()},'(faces, mm2)')
print('assigned faces',sum(map(len,patches.values())),'of',len(fluid.faces()))
export_patches(fluid,patches,tolerance=2.5e-4)
# -- output


# -- cell 11 (0.1s, exit 0)
from pathlib import Path
Path('system').mkdir(exist_ok=True); Path('constant').mkdir(exist_ok=True)
def write(path,text): Path(path).write_text(text)
foam='FoamFile\n{\n version 2.0; format ascii; class dictionary; object %s;\n}\n'
write('system/controlDict',foam%'controlDict'+'''application snappyHexMesh; startFrom startTime; startTime 0; stopAt endTime; endTime 1; deltaT 1; writeControl timeStep; writeInterval 1; runTimeModifiable true;''')
write('system/blockMeshDict',foam%'blockMeshDict'+'''convertToMeters 1;
vertices ((-0.085 -0.075 -0.065) (0.085 -0.075 -0.065) (0.085 0.075 -0.065) (-0.085 0.075 -0.065)
(-0.085 -0.075 0.065) (0.085 -0.075 0.065) (0.085 0.075 0.065) (-0.085 0.075 0.065));
blocks (hex (0 1 2 3 4 5 6 7) (22 20 18) simpleGrading (1 1 1));
edges (); boundary (background {type patch; faces ((0 4 7 3)(1 2 6 5)(0 1 5 4)(3 7 6 2)(0 3 2 1)(4 5 6 7));}); mergePatchPairs ();''')
geom='''
    pinion.stl {type triSurfaceMesh; name pinion;}
    wheel.stl {type triSurfaceMesh; name wheel;}
    cavityWalls.stl {type triSurfaceMesh; name cavityWalls;}
    pinionShaftBore.stl {type triSurfaceMesh; name pinionShaftBore;}
    wheelShaftBore.stl {type triSurfaceMesh; name wheelShaftBore;}
'''
refs='''
      pinion {level (2 2); patchInfo {type wall;}}
      wheel {level (2 2); patchInfo {type wall;}}
      cavityWalls {level (0 0); patchInfo {type wall;}}
      pinionShaftBore {level (2 2); patchInfo {type wall;}}
      wheelShaftBore {level (2 2); patchInfo {type wall;}}
'''
write('system/snappyHexMeshDict',foam%'snappyHexMeshDict'+f'''castellatedMesh true; snap true; addLayers false;
geometry {{{geom}}}
castellatedMeshControls {{maxLocalCells 500000; maxGlobalCells 700000; minRefinementCells 0; maxLoadUnbalance 0.10; nCellsBetweenLevels 2;
 features (); refinementSurfaces {{{refs}}}
 resolveFeatureAngle 30; refinementRegions {{}} locationInMesh (-0.070 -0.060 -0.050); allowFreeStandingZoneFaces true;}}
snapControls {{nSmoothPatch 3; tolerance 2.0; nSolveIter 40; nRelaxIter 5; nFeatureSnapIter 10; implicitFeatureSnap true; explicitFeatureSnap false; multiRegionFeatureSnap false;}}
addLayersControls {{relativeSizes true; layers {{}} expansionRatio 1.0; finalLayerThickness 0.3; minThickness 0.1; nGrow 0; featureAngle 60; slipFeatureAngle 30; nRelaxIter 3; nSmoothSurfaceNormals 1; nSmoothNormals 3; nSmoothThickness 10; maxFaceThicknessRatio 0.5; maxThicknessToMedialRatio 0.3; minMedialAxisAngle 90; nBufferCellsNoExtrude 0; nLayerIter 50;}}
meshQualityControls {{#include "meshQualityDict"}}
mergeTolerance 1e-6;
''')
print(Path('system/snappyHexMeshDict').read_text()[:500]); print('dictionaries written')
# -- output
FoamFile
{
 version 2.0; format ascii; class dictionary; object snappyHexMeshDict;
}
castellatedMesh true; snap true; addLayers false;
geometry {
    pinion.stl {type triSurfaceMesh; name pinion;}
    wheel.stl {type triSurfaceMesh; name wheel;}
    cavityWalls.stl {type triSurfaceMesh; name cavityWalls;}
    pinionShaftBore.stl {type triSurfaceMesh; name pinionShaftBore;}
    wheelShaftBore.stl {type triSurfaceMesh; name wheelShaftBore;}
}
castellatedMeshControls {maxLocalCells 500000; maxGloba
dictionaries written

# -- cell 12 (1.0s, exit 1)
import subprocess
r1=subprocess.run(['blockMesh'],text=True,capture_output=True)
print('blockMesh rc',r1.returncode); print('\n'.join((r1.stdout+r1.stderr).splitlines()[-12:]))
if r1.returncode: raise RuntimeError('blockMesh failed')
r2=subprocess.run(['snappyHexMesh','-overwrite'],text=True,capture_output=True)
Path('log.snappyHexMesh').write_text(r2.stdout+r2.stderr)
print('snappy rc',r2.returncode); print('\n'.join((r2.stdout+r2.stderr).splitlines()[-35:]))
if r2.returncode: raise RuntimeError('snappyHexMesh failed')
# -- output
blockMesh rc 0
----------------
Patches
----------------
  patch 0 (start: 22564 size: 2392) name: background

End

--> FOAM IOWarning :
    Found [v1012] 'convertToMeters' entry instead of 'scale' in dictionary "system/blockMeshDict"

    This keyword is 180 months old.

snappy rc 1
Exec   : snappyHexMesh -overwrite
Date   : Sep 19 2026
Time   : 13:04:23
Host   : yc-demo
PID    : 719418
--> FOAM Warning : 
    From Foam::fileName Foam::cwd_L()
    in file POSIX.C at line 554
    PWD is not the cwd() - reverting to physical description
I/O    : uncollated
--> FOAM Warning : 
    From Foam::fileName Foam::cwd_L()
    in file POSIX.C at line 554
    PWD is not the cwd() - reverting to physical description
Case   : /home/qiuzi/.openreynolds-buildup/work/T15-20260919-125133-3402/t15
nProcs : 1
trapFpe: Floating point exception trapping enabled (FOAM_SIGFPE).
memory pool : not available
fileModificationChecking : Monitoring run-time modified files using timeStampMaster (fileModificationSkew 5, maxFileModificationPolls 20)
allowSystemOperations : Allowing user-supplied system call operations

// * * * * * * * * * * * * * * * * * * * * * * * * * * * * * * * * * * * * * //
Create time

Create mesh for time = 0


--> FOAM FATAL ERROR: (openfoam-2512)
cannot find file "/home/qiuzi/.openreynolds-buildup/work/T15-20260919-125133-3402/t15/system/fvSchemes"

    From virtual Foam::autoPtr<Foam::ISstream> Foam::fileOperations::uncollatedFileOperation::readStream(Foam::regIOobject&, const Foam::fileName&, const Foam::word&, bool) const
    in file global/fileOperations/uncollatedFileOperation/uncollatedFileOperation.C at line 629.

FOAM exiting
[31m---------------------------------------------------------------------------[39m
[31mRuntimeError[39m                              Traceback (most recent call last)
[36mCell[39m[36m [39m[32mIn[12][39m[32m, line 8[39m
[32m      4[39m [38;5;28;01mif[39;00m r1.returncode: [38;5;28;01mraise[39;00m RuntimeError([33m'blockMesh failed'[39m)
[32m      5[39m r2=subprocess.run([[33m'snappyHexMesh'[39m,[33m'-overwrite'[39m],text=[38;5;28;01mTrue[39;00m,capture_output=[38;5;28;01mTrue[39;00m)
[32m      6[39m Path([33m'log.snappyHexMesh'[39m).write_text(r2.stdout+r2.stderr)
[32m      7[39m print([33m'snappy rc'[39m,r2.returncode); print([33m'\n'[39m.join((r2.stdout+r2.stderr).splitlines()[-[32m35[39m:]))
[32m----> [39m[32m8[39m [38;5;28;01mif[39;00m r2.returncode: [38;5;28;01mraise[39;00m RuntimeError([33m'snappyHexMesh failed'[39m)

[31mRuntimeError[39m: snappyHexMesh failed

# -- cell 13 (0.5s, exit 1)
# OpenFOAM 2512 requires these dictionaries when snappyHexMesh creates its mesh database.
Path('system/fvSchemes').write_text(foam%'fvSchemes'+'''ddtSchemes {default steadyState;} gradSchemes {default Gauss linear;} divSchemes {default none;} laplacianSchemes {default Gauss linear corrected;} interpolationSchemes {default linear;} snGradSchemes {default corrected;}''')
Path('system/fvSolution').write_text(foam%'fvSolution'+'''solvers {}''')
r2=subprocess.run(['snappyHexMesh','-overwrite'],text=True,capture_output=True)
Path('log.snappyHexMesh').write_text(r2.stdout+r2.stderr)
print('snappy rc',r2.returncode); print('\n'.join((r2.stdout+r2.stderr).splitlines()[-45:]))
if r2.returncode: raise RuntimeError('snappyHexMesh failed')
# -- output
snappy rc 1
|  \\    /   O peration     | Version:  2512                                  |
|   \\  /    A nd           | Website:  www.openfoam.com                      |
|    \\/     M anipulation  |                                                 |
\*---------------------------------------------------------------------------*/
Build  : _87ed40d2-20251219 OPENFOAM=2512 version=2512
Arch   : "LSB;label=32;scalar=64"
Exec   : snappyHexMesh -overwrite
Date   : Sep 19 2026
Time   : 13:04:29
Host   : yc-demo
PID    : 719717
--> FOAM Warning : 
    From Foam::fileName Foam::cwd_L()
    in file POSIX.C at line 554
    PWD is not the cwd() - reverting to physical description
I/O    : uncollated
--> FOAM Warning : 
    From Foam::fileName Foam::cwd_L()
    in file POSIX.C at line 554
    PWD is not the cwd() - reverting to physical description
Case   : /home/qiuzi/.openreynolds-buildup/work/T15-20260919-125133-3402/t15
nProcs : 1
trapFpe: Floating point exception trapping enabled (FOAM_SIGFPE).
memory pool : not available
fileModificationChecking : Monitoring run-time modified files using timeStampMaster (fileModificationSkew 5, maxFileModificationPolls 20)
allowSystemOperations : Allowing user-supplied system call operations

// * * * * * * * * * * * * * * * * * * * * * * * * * * * * * * * * * * * * * //
Create time

Create mesh for time = 0

Read mesh in = 0.06 s


--> FOAM FATAL IO ERROR: (openfoam-2512)
Cannot open include file "/home/qiuzi/.openreynolds-buildup/work/T15-20260919-125133-3402/t15/system/meshQualityDict" while reading dictionary "system/snappyHexMeshDict/meshQualityControls"

file: system/snappyHexMeshDict at line 24.

    From static bool Foam::functionEntries::includeEntry::execute(bool, Foam::dictionary&, Foam::Istream&)
    in file db/dictionary/functionEntries/includeEntry/includeEntry.C at line 179.

FOAM exiting
[31m---------------------------------------------------------------------------[39m
[31mRuntimeError[39m                              Traceback (most recent call last)
[36mCell[39m[36m [39m[32mIn[13][39m[32m, line 7[39m
[32m      3[39m Path([33m'system/fvSolution'[39m).write_text(foam%[33m'fvSolution'[39m+[33m'''solvers {}'''[39m)
[32m      4[39m r2=subprocess.run([[33m'snappyHexMesh'[39m,[33m'-overwrite'[39m],text=[38;5;28;01mTrue[39;00m,capture_output=[38;5;28;01mTrue[39;00m)
[32m      5[39m Path([33m'log.snappyHexMesh'[39m).write_text(r2.stdout+r2.stderr)
[32m      6[39m print([33m'snappy rc'[39m,r2.returncode); print([33m'\n'[39m.join((r2.stdout+r2.stderr).splitlines()[-[32m45[39m:]))
[32m----> [39m[32m7[39m [38;5;28;01mif[39;00m r2.returncode: [38;5;28;01mraise[39;00m RuntimeError([33m'snappyHexMesh failed'[39m)

[31mRuntimeError[39m: snappyHexMesh failed

# -- cell 14 (0.2s, exit 0)
findq=subprocess.run(['foamEtcFile','-show-path','meshQualityDict'],text=True,capture_output=True)
print(findq.stdout,findq.stderr)
findall=subprocess.run(['bash','-lc','find "$WM_PROJECT_DIR/etc" -name meshQualityDict | head'],text=True,capture_output=True)
print('candidates',findall.stdout)
# -- output
Error encountered:
    unknown option: '-show-path'

See 'foamEtcFile -help' for usage


candidates /usr/lib/openfoam/openfoam2512/etc/caseDicts/annotated/meshQualityDict
/usr/lib/openfoam/openfoam2512/etc/caseDicts/meshQualityDict
/usr/lib/openfoam/openfoam2512/etc/templates/compressibleInflowOutflow/system/meshQualityDict
/usr/lib/openfoam/openfoam2512/etc/templates/inflowOutflowRotating/system/meshQualityDict
/usr/lib/openfoam/openfoam2512/etc/templates/closedVolumeRotating/system/meshQualityDict
/usr/lib/openfoam/openfoam2512/etc/templates/inflowOutflow/system/meshQualityDict
/usr/lib/openfoam/openfoam2512/etc/templates/closedVolume/system/meshQualityDict

# -- cell 15 (0.1s, exit 0)
import subprocess, shutil
findall=subprocess.run(['bash','-lc','find "$WM_PROJECT_DIR/etc" -name meshQualityDict | head'],text=True,capture_output=True,check=True)
print('candidates',findall.stdout)
# -- output
candidates /usr/lib/openfoam/openfoam2512/etc/caseDicts/annotated/meshQualityDict
/usr/lib/openfoam/openfoam2512/etc/caseDicts/meshQualityDict
/usr/lib/openfoam/openfoam2512/etc/templates/compressibleInflowOutflow/system/meshQualityDict
/usr/lib/openfoam/openfoam2512/etc/templates/inflowOutflowRotating/system/meshQualityDict
/usr/lib/openfoam/openfoam2512/etc/templates/closedVolumeRotating/system/meshQualityDict
/usr/lib/openfoam/openfoam2512/etc/templates/inflowOutflow/system/meshQualityDict
/usr/lib/openfoam/openfoam2512/etc/templates/closedVolume/system/meshQualityDict

# -- cell 16 (6.3s, exit 1)
Path('system/fvSchemes').write_text(foam%'fvSchemes'+'''ddtSchemes {default steadyState;} gradSchemes {default Gauss linear;} divSchemes {default none;} laplacianSchemes {default Gauss linear corrected;} interpolationSchemes {default linear;} snGradSchemes {default corrected;}''')
Path('system/fvSolution').write_text(foam%'fvSolution'+'''solvers {}''')
shutil.copy('/usr/lib/openfoam/openfoam2512/etc/caseDicts/meshQualityDict','system/meshQualityDict')
r2=subprocess.run(['snappyHexMesh','-overwrite'],text=True,capture_output=True)
Path('log.snappyHexMesh').write_text(r2.stdout+r2.stderr)
print('snappy rc',r2.returncode); print('\n'.join((r2.stdout+r2.stderr).splitlines()[-45:]))
if r2.returncode: raise RuntimeError('snappyHexMesh failed')
# -- output
snappy rc 1
    minVol          1e-13;
    minTetQuality   1e-15;
    minArea         -1;
    minTwist        0.02;
    minDeterminant  0.001;
    minFaceWeight   0.05;
    minVolRatio     0.01;
    minTriangleTwist -1;
    minEdgeLength   -1;
}


Checking initial mesh ...
Checking faces in error :
    non-orthogonality > 65  degrees                        : 0
    faces with face pyramid volume < 1e-13                 : 0
    faces with face-decomposition tet quality < 1e-15      : 0
    faces with concavity > 80  degrees                     : 0
    faces with skewness > 4   (internal) or 20  (boundary) : 0
    faces with interpolation weights (0..1)  < 0.05        : 0
    faces with volume ratio of neighbour cells < 0.01      : 0
    faces with face twist < 0.02                           : 0
    faces on cells with determinant < 0.001                : 0
Detected 0 illegal faces (concave, zero area or negative cell pyramid volume)
Checked initial mesh in = 0.88 s


Smoothing patch points ...
Smoothing iteration 0
Found 128 non-manifold point(s).

Scaling iteration 0


--> FOAM FATAL IO ERROR: (openfoam-2512)
Entry 'errorReduction' not found in dictionary "/home/qiuzi/.openreynolds-buildup/work/T15-20260919-125133-3402/t15/system/snappyHexMeshDict/meshQualityControls"


file: system/snappyHexMeshDict/meshQualityControls at line 18 to 77.

    From bool Foam::dictionary::readEntry(const Foam::word&, T&, Foam::keyType::option, Foam::IOobjectOption::readOption) const [with T = double]
    in file ./src/OpenFOAM/lnInclude/dictionaryTemplates.C at line 327.

FOAM exiting
[31m---------------------------------------------------------------------------[39m
[31mRuntimeError[39m                              Traceback (most recent call last)
[36mCell[39m[36m [39m[32mIn[16][39m[32m, line 7[39m
[32m      3[39m shutil.copy([33m'/usr/lib/openfoam/openfoam2512/etc/caseDicts/meshQualityDict'[39m,[33m'system/meshQualityDict'[39m)
[32m      4[39m r2=subprocess.run([[33m'snappyHexMesh'[39m,[33m'-overwrite'[39m],text=[38;5;28;01mTrue[39;00m,capture_output=[38;5;28;01mTrue[39;00m)
[32m      5[39m Path([33m'log.snappyHexMesh'[39m).write_text(r2.stdout+r2.stderr)
[32m      6[39m print([33m'snappy rc'[39m,r2.returncode); print([33m'\n'[39m.join((r2.stdout+r2.stderr).splitlines()[-[32m45[39m:]))
[32m----> [39m[32m7[39m [38;5;28;01mif[39;00m r2.returncode: [38;5;28;01mraise[39;00m RuntimeError([33m'snappyHexMesh failed'[39m)

[31mRuntimeError[39m: snappyHexMesh failed

# -- cell 17 (0.2s, exit 0)
g=subprocess.run(['bash','-lc','grep -R "errorReduction" -n "$WM_PROJECT_DIR/etc"/templates/*/system/snappyHexMeshDict 2>/dev/null | head'],text=True,capture_output=True,check=True)
print(g.stdout)
# -- output


# -- cell 18 (1.8s, exit 1)
Path('system/fvSchemes').write_text(foam%'fvSchemes'+'''ddtSchemes {default steadyState;} gradSchemes {default Gauss linear;} divSchemes {default none;} laplacianSchemes {default Gauss linear corrected;} interpolationSchemes {default linear;} snGradSchemes {default corrected;}''')
Path('system/fvSolution').write_text(foam%'fvSolution'+'''solvers {}''')
shutil.copy('/usr/lib/openfoam/openfoam2512/etc/caseDicts/meshQualityDict','system/meshQualityDict')
sd=Path('system/snappyHexMeshDict').read_text()
sd=sd.replace('#include "meshQualityDict"','#include "meshQualityDict"\nerrorReduction 0.75;')
Path('system/snappyHexMeshDict').write_text(sd)
r2=subprocess.run(['snappyHexMesh','-overwrite'],text=True,capture_output=True)
Path('log.snappyHexMesh').write_text(r2.stdout+r2.stderr)
print('snappy rc',r2.returncode); print('\n'.join((r2.stdout+r2.stderr).splitlines()[-50:]))
if r2.returncode: raise RuntimeError('snappyHexMesh failed')
# -- output
snappy rc -6
    in file POSIX.C at line 554
    PWD is not the cwd() - reverting to physical description
--> FOAM Warning : 
    From Foam::fileName Foam::cwd_L()
    in file POSIX.C at line 554
    PWD is not the cwd() - reverting to physical description
--> FOAM Warning : 
    From Foam::fileName Foam::cwd_L()
    in file POSIX.C at line 554
    PWD is not the cwd() - reverting to physical description
--> FOAM Warning : 
    From Foam::fileName Foam::cwd_L()
    in file POSIX.C at line 554
    PWD is not the cwd() - reverting to physical description
--> FOAM Warning : 
    From Foam::fileName Foam::cwd_L()
    in file POSIX.C at line 554
    PWD is not the cwd() - reverting to physical description
--> FOAM Warning : 
    From Foam::fileName Foam::cwd_L()
    in file POSIX.C at line 554
    PWD is not the cwd() - reverting to physical description
--> FOAM Warning : 
    From Foam::fileName Foam::cwd_L()
    in file POSIX.C at line 554
    PWD is not the cwd() - reverting to physical description


--> FOAM FATAL ERROR: (openfoam-2512)
nAnchors:2 facei:103142

    From void Foam::hexRef8::createInternalFaces(const Foam::labelListList&, const Foam::labelListList&, const Foam::labelList&, const Foam::labelList&, const Foam::labelList&, const Foam::labelList&, Foam::label, Foam::polyTopoChange&) const
    in file polyTopoChange/polyTopoChange/hexRef8/hexRef8.C at line 1278.

FOAM aborting

[stack trace]
=============
#1  Foam::error::simpleExit(int, bool) in /usr/lib/openfoam/openfoam2512/platforms/linux64GccDPInt32Opt/lib/libOpenFOAM.so
#2  Foam::hexRef8::createInternalFaces(Foam::List<Foam::List<int> > const&, Foam::List<Foam::List<int> > const&, Foam::List<int> const&, Foam::List<int> const&, Foam::List<int> const&, Foam::List<int> const&, int, Foam::polyTopoChange&) const in /usr/lib/openfoam/openfoam2512/platforms/linux64GccDPInt32Opt/lib/libdynamicMesh.so
#3  Foam::hexRef8::setRefinement(Foam::List<int> const&, Foam::polyTopoChange&) in /usr/lib/openfoam/openfoam2512/platforms/linux64GccDPInt32Opt/lib/libdynamicMesh.so
#4  Foam::meshRefinement::refine(Foam::List<int> const&) in /usr/lib/openfoam/openfoam2512/platforms/linux64GccDPInt32Opt/lib/libsnappyHexMesh.so
#5  Foam::meshRefinement::refineAndBalance(Foam::string const&, Foam::decompositionMethod&, Foam::fvMeshDistribute&, Foam::List<int> const&, double, int) in /usr/lib/openfoam/openfoam2512/platforms/linux64GccDPInt32Opt/lib/libsnappyHexMesh.so
#6  Foam::snappyRefineDriver::shellRefine(Foam::refinementParameters const&, int) in /usr/lib/openfoam/openfoam2512/platforms/linux64GccDPInt32Opt/lib/libsnappyHexMesh.so
#7  Foam::snappyRefineDriver::doRefine(Foam::dictionary const&, Foam::refinementParameters const&, Foam::snapParameters const&, bool, Foam::meshRefinement::FaceMergeType, Foam::dictionary const&) in /usr/lib/openfoam/openfoam2512/platforms/linux64GccDPInt32Opt/lib/libsnappyHexMesh.so
#8  ? in /usr/lib/openfoam/openfoam2512/platforms/linux64GccDPInt32Opt/bin/snappyHexMesh
#9  ? in /lib/x86_64-linux-gnu/libc.so.6
#10  __libc_start_main in /lib/x86_64-linux-gnu/libc.so.6
#11  ? in /usr/lib/openfoam/openfoam2512/platforms/linux64GccDPInt32Opt/bin/snappyHexMesh
=============
[31m---------------------------------------------------------------------------[39m
[31mRuntimeError[39m                              Traceback (most recent call last)
[36mCell[39m[36m [39m[32mIn[18][39m[32m, line 10[39m
[32m      6[39m Path([33m'system/snappyHexMeshDict'[39m).write_text(sd)
[32m      7[39m r2=subprocess.run([[33m'snappyHexMesh'[39m,[33m'-overwrite'[39m],text=[38;5;28;01mTrue[39;00m,capture_output=[38;5;28;01mTrue[39;00m)
[32m      8[39m Path([33m'log.snappyHexMesh'[39m).write_text(r2.stdout+r2.stderr)
[32m      9[39m print([33m'snappy rc'[39m,r2.returncode); print([33m'\n'[39m.join((r2.stdout+r2.stderr).splitlines()[-[32m50[39m:]))
[32m---> [39m[32m10[39m [38;5;28;01mif[39;00m r2.returncode: [38;5;28;01mraise[39;00m RuntimeError([33m'snappyHexMesh failed'[39m)

[31mRuntimeError[39m: snappyHexMesh failed

# -- cell 19 (6.6s, exit 1)
Path('system/fvSchemes').write_text(foam%'fvSchemes'+'''ddtSchemes {default steadyState;} gradSchemes {default Gauss linear;} divSchemes {default none;} laplacianSchemes {default Gauss linear corrected;} interpolationSchemes {default linear;} snGradSchemes {default corrected;}''')
Path('system/fvSolution').write_text(foam%'fvSolution'+'''solvers {}''')
shutil.copy('/usr/lib/openfoam/openfoam2512/etc/caseDicts/meshQualityDict','system/meshQualityDict')
sd=Path('system/snappyHexMeshDict').read_text()
if 'errorReduction 0.75;' not in sd:
    sd=sd.replace('#include "meshQualityDict"','#include "meshQualityDict"\nerrorReduction 0.75;')
Path('system/snappyHexMeshDict').write_text(sd)
r0=subprocess.run(['blockMesh'],text=True,capture_output=True)
print('blockMesh',r0.returncode)
if r0.returncode: raise RuntimeError(r0.stderr)
r2=subprocess.run(['snappyHexMesh','-overwrite'],text=True,capture_output=True)
Path('log.snappyHexMesh').write_text(r2.stdout+r2.stderr)
print('snappy rc',r2.returncode); print('\n'.join((r2.stdout+r2.stderr).splitlines()[-50:]))
if r2.returncode: raise RuntimeError('snappyHexMesh failed')
# -- output
blockMesh 0
snappy rc 1
    maxNonOrtho     65;
    maxBoundarySkewness 20;
    maxInternalSkewness 4;
    maxConcave      80;
    minVol          1e-13;
    minTetQuality   1e-15;
    minArea         -1;
    minTwist        0.02;
    minDeterminant  0.001;
    minFaceWeight   0.05;
    minVolRatio     0.01;
    minTriangleTwist -1;
    minEdgeLength   -1;
    errorReduction  0.75;
}


Checking initial mesh ...
Checking faces in error :
    non-orthogonality > 65  degrees                        : 0
    faces with face pyramid volume < 1e-13                 : 0
    faces with face-decomposition tet quality < 1e-15      : 0
    faces with concavity > 80  degrees                     : 0
    faces with skewness > 4   (internal) or 20  (boundary) : 0
    faces with interpolation weights (0..1)  < 0.05        : 0
    faces with volume ratio of neighbour cells < 0.01      : 0
    faces with face twist < 0.02                           : 0
    faces on cells with determinant < 0.001                : 0
Detected 0 illegal faces (concave, zero area or negative cell pyramid volume)
Checked initial mesh in = 0.87 s


Smoothing patch points ...
Smoothing iteration 0
Found 128 non-manifold point(s).

Scaling iteration 0


--> FOAM FATAL IO ERROR: (openfoam-2512)
Entry 'nSmoothScale' not found in dictionary "/home/qiuzi/.openreynolds-buildup/work/T15-20260919-125133-3402/t15/system/snappyHexMeshDict/meshQualityControls"


file: system/snappyHexMeshDict/meshQualityControls at line 18 to 25.

    From bool Foam::dictionary::readEntry(const Foam::word&, T&, Foam::keyType::option, Foam::IOobjectOption::readOption) const [with T = int]
    in file ./src/OpenFOAM/lnInclude/dictionaryTemplates.C at line 327.

FOAM exiting
[31m---------------------------------------------------------------------------[39m
[31mRuntimeError[39m                              Traceback (most recent call last)
[36mCell[39m[36m [39m[32mIn[19][39m[32m, line 14[39m
[32m     10[39m [38;5;28;01mif[39;00m r0.returncode: [38;5;28;01mraise[39;00m RuntimeError(r0.stderr)
[32m     11[39m r2=subprocess.run([[33m'snappyHexMesh'[39m,[33m'-overwrite'[39m],text=[38;5;28;01mTrue[39;00m,capture_output=[38;5;28;01mTrue[39;00m)
[32m     12[39m Path([33m'log.snappyHexMesh'[39m).write_text(r2.stdout+r2.stderr)
[32m     13[39m print([33m'snappy rc'[39m,r2.returncode); print([33m'\n'[39m.join((r2.stdout+r2.stderr).splitlines()[-[32m50[39m:]))
[32m---> [39m[32m14[39m [38;5;28;01mif[39;00m r2.returncode: [38;5;28;01mraise[39;00m RuntimeError([33m'snappyHexMesh failed'[39m)

[31mRuntimeError[39m: snappyHexMesh failed

# -- cell 20 (0.6s, exit 0)
q=subprocess.run(['bash','-lc','find "$WM_PROJECT_DIR/etc/caseDicts" -iname "*meshQuality*" -o -iname "*snappy*" | head -30; grep -R "nSmoothScale" -n "$WM_PROJECT_DIR/etc" | head'],text=True,capture_output=True,check=True)
print(q.stdout)
# -- output
/usr/lib/openfoam/openfoam2512/etc/caseDicts/annotated/snappyRefineMeshDict
/usr/lib/openfoam/openfoam2512/etc/caseDicts/annotated/meshQualityDict
/usr/lib/openfoam/openfoam2512/etc/caseDicts/annotated/meshQualityDict-collapseEdges
/usr/lib/openfoam/openfoam2512/etc/caseDicts/annotated/snappyHexMeshDict
/usr/lib/openfoam/openfoam2512/etc/caseDicts/mesh/generation/snappyHexMeshDict.cfg
/usr/lib/openfoam/openfoam2512/etc/caseDicts/mesh/generation/meshQualityDict.cfg
/usr/lib/openfoam/openfoam2512/etc/caseDicts/meshQualityDict
/usr/lib/openfoam/openfoam2512/etc/caseDicts/annotated/snappyHexMeshDict:865:        nSmoothScale 4;
/usr/lib/openfoam/openfoam2512/etc/caseDicts/mesh/generation/meshQualityDict.cfg:50:nSmoothScale   4;

# -- cell 21 (23.9s, exit 0)
srcq=Path('/usr/lib/openfoam/openfoam2512/etc/caseDicts/mesh/generation/meshQualityDict.cfg')
print(srcq.read_text()[:300])
shutil.copy(srcq,'system/meshQualityDict')
r0=subprocess.run(['blockMesh'],text=True,capture_output=True)
print('blockMesh',r0.returncode)
if r0.returncode: raise RuntimeError(r0.stderr)
r2=subprocess.run(['snappyHexMesh','-overwrite'],text=True,capture_output=True)
Path('log.snappyHexMesh').write_text(r2.stdout+r2.stderr)
print('snappy rc',r2.returncode); print('\n'.join((r2.stdout+r2.stderr).splitlines()[-55:]))
if r2.returncode: raise RuntimeError('snappyHexMesh failed')
# -- output
/*--------------------------------*- C++ -*----------------------------------*\
| =========                 |                                                 |
| \\      /  F ield         | OpenFOAM: The Open Source CFD Toolbox           |
|  \\    /   O peration     | Version:  v2512               
blockMesh 0
snappy rc 0

Merging all points on surface that
- are used by only two boundary faces and
- make an angle with a cosine of more than 0.866025.

Removing 571 straight edge points ...

Edge intersection testing:
    Number of edges             : 105621
    Number of edges to retest   : 2751
    Number of intersected edges : 9541

Undo iteration 0
----------------
Checking faces in error :
    non-orthogonality > 65  degrees                        : 0
    faces with face pyramid volume < 1e-13                 : 0
    faces with face-decomposition tet quality < 1e-15      : 2
    faces with concavity > 80  degrees                     : 0
    faces with skewness > 4   (internal) or 20  (boundary) : 0
    faces with interpolation weights (0..1)  < 0.05        : 0
    faces with volume ratio of neighbour cells < 0.01      : 0
    faces with face twist < 0.02                           : 0
    faces on cells with determinant < 0.001                : 0
Detected 0 error faces on boundaries that have been merged. These will be restored to their original faces.

Detected 2 error faces in mesh. Restoring neighbours of faces in error.

Edge intersection testing:
    Number of edges             : 105621
    Number of edges to retest   : 62
    Number of intersected edges : 9541
Snapped mesh : cells:31786  faces:105621  points:42381
Cells per refinement level:
    0	4452
    1	6526
    2	20808
Writing mesh to time constant
Wrote mesh in = 0.14 s.
Mesh snapped in = 15.45 s.
Checking final mesh ...
Checking faces in error :
    non-orthogonality > 65  degrees                        : 0
    faces with face pyramid volume < 1e-13                 : 0
    faces with face-decomposition tet quality < 1e-15      : 0
    faces with concavity > 80  degrees                     : 0
    faces with skewness > 4   (internal) or 20  (boundary) : 0
    faces with interpolation weights (0..1)  < 0.05        : 0
    faces with volume ratio of neighbour cells < 0.01      : 0
    faces with face twist < 0.02                           : 0
    faces on cells with determinant < 0.001                : 0
Finished meshing without any errors
Finished meshing in = 21.06 s.
End

# -- cell 22 (0.7s, exit 0)
cm=subprocess.run(['checkMesh'],text=True,capture_output=True)
Path('log.checkMesh').write_text(cm.stdout+cm.stderr)
print('checkMesh rc',cm.returncode); print('\n'.join((cm.stdout+cm.stderr).splitlines()[-55:]))
print('\nBoundary entries:')
print(Path('constant/polyMesh/boundary').read_text())
# -- output
checkMesh rc 0
            7   40
            8   16
            9   1712
           12   556
           15   284
           18   54

Checking topology...
    Boundary definition OK.
    Cell to face addressing OK.
    Point usage OK.
    Upper triangular ordering OK.
    Face vertices OK.
    Number of regions: 1 (OK).

Checking patch topology for multiply connected surfaces...
                   Patch    Faces   Points  Surface topology
                  pinion     2204     2386  ok (non-closed singly connected)
                   wheel     4195     4464  ok (non-closed singly connected)
             cavityWalls     2436     2566  ok (non-closed singly connected)
         pinionShaftBore      504      544  ok (non-closed singly connected)
          wheelShaftBore      512      560  ok (non-closed singly connected)
                    ".*"     9851    10288      ok (closed singly connected)


Checking faceZone topology for multiply connected surfaces...
    No faceZones found.

Checking basic cellZone addressing...
    No cellZones found.

Checking basic pointZone addressing...
               PointZone  PointsBoundingBox
            frozenPoints       0(1e+150 1e+150 1e+150) (-1e+150 -1e+150 -1e+150)

Checking geometry...
    Overall domain bounding box (-0.08 -0.07 -0.06) (0.0800018 0.07 0.06)
    Mesh has 3 geometric (non-empty/wedge) directions (1 1 1)
    Mesh has 3 solution (non-empty) directions (1 1 1)
    Boundary openness (3.71981e-17 -8.60118e-17 -3.9716e-16) OK.
    Max cell openness = 3.14241e-16 OK.
    Max aspect ratio = 6.79475 OK.
    Minimum face area = 7.17653e-08. Maximum face area = 0.000105689.  Face area magnitudes OK.
    Min volume = 6.11355e-10. Max volume = 7.71956e-07.  Total volume = 0.0026062.  Cell volumes OK.
    Mesh non-orthogonality Max: 61.8667 average: 12.1052
    Non-orthogonality check OK.
    Face pyramids OK.
 ***Max skewness = 5.65716, 4 highly skew faces detected which may impair the quality of the results
  <<Writing 4 skew faces to set skewFaces
    Coupled point location match (average 0) OK.

Failed 1 mesh checks.

End


Boundary entries:
/*--------------------------------*- C++ -*----------------------------------*\
| =========                 |                                                 |
| \\      /  F ield         | OpenFOAM: The Open Source CFD Toolbox           |
|  \\    /   O peration     | Version:  2512                                  |
|   \\  /    A nd           | Website:  www.openfoam.com                      |
|    \\/     M anipulation  |                                                 |
\*---------------------------------------------------------------------------*/
FoamFile
{
    version     2.0;
    format      ascii;
    arch        "LSB;label=32;scalar=64";
    class       polyBoundaryMesh;
    location    "constant/polyMesh";
    object      boundary;
}
// * * * * * * * * * * * * * * * * * * * * * * * * * * * * * * * * * * * * * //

5
(
    pinion
    {
        type            wall;
        inGroups        1(wall);
        nFaces          2204;
        startFace       95770;
    }
    wheel
    {
        type            wall;
        inGroups        1(wall);
        nFaces          4195;
        startFace       97974;
    }
    cavityWalls
    {
        type            wall;
        inGroups        1(wall);
        nFaces          2436;
        startFace       102169;
    }
    pinionShaftBore
    {
        type            wall;
        inGroups        1(wall);
        nFaces          504;
        startFace       104605;
    }
    wheelShaftBore
    {
        type            wall;
        inGroups        1(wall);
        nFaces          512;
        startFace       105109;
    }
)

// ************************************************************************* //

# -- cell 23 (22.8s, exit 0)
mq=Path('system/meshQualityDict').read_text().replace('maxBoundarySkewness 20;','maxBoundarySkewness 4;')
Path('system/meshQualityDict').write_text(mq)
r0=subprocess.run(['blockMesh'],text=True,capture_output=True)
if r0.returncode: raise RuntimeError(r0.stderr)
r2=subprocess.run(['snappyHexMesh','-overwrite'],text=True,capture_output=True)
Path('log.snappyHexMesh').write_text(r2.stdout+r2.stderr)
print('snappy rc',r2.returncode); print('\n'.join((r2.stdout+r2.stderr).splitlines()[-40:]))
if r2.returncode: raise RuntimeError('snappyHexMesh failed')
# -- output
snappy rc 0
    non-orthogonality > 65  degrees                        : 0
    faces with face pyramid volume < 1e-13                 : 0
    faces with face-decomposition tet quality < 1e-15      : 2
    faces with concavity > 80  degrees                     : 0
    faces with skewness > 4   (internal) or 4   (boundary) : 0
    faces with interpolation weights (0..1)  < 0.05        : 0
    faces with volume ratio of neighbour cells < 0.01      : 0
    faces with face twist < 0.02                           : 0
    faces on cells with determinant < 0.001                : 0
Detected 0 error faces on boundaries that have been merged. These will be restored to their original faces.

Detected 2 error faces in mesh. Restoring neighbours of faces in error.

Edge intersection testing:
    Number of edges             : 105619
    Number of edges to retest   : 62
    Number of intersected edges : 9542
Snapped mesh : cells:31786  faces:105619  points:42381
Cells per refinement level:
    0	4452
    1	6526
    2	20808
Writing mesh to time constant
Wrote mesh in = 0.15 s.
Mesh snapped in = 15.05 s.
Checking final mesh ...
Checking faces in error :
    non-orthogonality > 65  degrees                        : 0
    faces with face pyramid volume < 1e-13                 : 0
    faces with face-decomposition tet quality < 1e-15      : 0
    faces with concavity > 80  degrees                     : 0
    faces with skewness > 4   (internal) or 4   (boundary) : 0
    faces with interpolation weights (0..1)  < 0.05        : 0
    faces with volume ratio of neighbour cells < 0.01      : 0
    faces with face twist < 0.02                           : 0
    faces on cells with determinant < 0.001                : 0
Finished meshing without any errors
Finished meshing in = 20.44 s.
End

# -- cell 24 (0.7s, exit 0)
cm=subprocess.run(['checkMesh'],text=True,capture_output=True)
Path('log.checkMesh').write_text(cm.stdout+cm.stderr)
print('checkMesh rc',cm.returncode); print('\n'.join((cm.stdout+cm.stderr).splitlines()[-48:]))
if 'Mesh OK.' not in cm.stdout: raise RuntimeError('bare checkMesh did not pass')
# -- output
checkMesh rc 0

Checking topology...
    Boundary definition OK.
    Cell to face addressing OK.
    Point usage OK.
    Upper triangular ordering OK.
    Face vertices OK.
    Number of regions: 1 (OK).

Checking patch topology for multiply connected surfaces...
                   Patch    Faces   Points  Surface topology
                  pinion     2202     2386  ok (non-closed singly connected)
                   wheel     4195     4464  ok (non-closed singly connected)
             cavityWalls     2436     2566  ok (non-closed singly connected)
         pinionShaftBore      504      544  ok (non-closed singly connected)
          wheelShaftBore      512      560  ok (non-closed singly connected)
                    ".*"     9849    10288      ok (closed singly connected)


Checking faceZone topology for multiply connected surfaces...
    No faceZones found.

Checking basic cellZone addressing...
    No cellZones found.

Checking basic pointZone addressing...
               PointZone  PointsBoundingBox
            frozenPoints       0(1e+150 1e+150 1e+150) (-1e+150 -1e+150 -1e+150)

Checking geometry...
    Overall domain bounding box (-0.08 -0.07 -0.06) (0.0800018 0.07 0.06)
    Mesh has 3 geometric (non-empty/wedge) directions (1 1 1)
    Mesh has 3 solution (non-empty) directions (1 1 1)
    Boundary openness (6.17808e-17 -1.51238e-18 -2.98838e-16) OK.
    Max cell openness = 3.13728e-16 OK.
    Max aspect ratio = 6.79475 OK.
    Minimum face area = 6.79315e-08. Maximum face area = 0.000105689.  Face area magnitudes OK.
    Min volume = 6.11389e-10. Max volume = 7.71956e-07.  Total volume = 0.00260619.  Cell volumes OK.
    Mesh non-orthogonality Max: 61.7179 average: 12.1062
    Non-orthogonality check OK.
    Face pyramids OK.
    Max skewness = 3.82351 OK.
    Coupled point location match (average 0) OK.

Mesh OK.

End

# -- cell 25 (23.9s, exit 0)
# Final reproducible OpenFOAM build step.
Path('system/fvSchemes').write_text(foam%'fvSchemes'+'''ddtSchemes {default steadyState;} gradSchemes {default Gauss linear;} divSchemes {default none;} laplacianSchemes {default Gauss linear corrected;} interpolationSchemes {default linear;} snGradSchemes {default corrected;}''')
Path('system/fvSolution').write_text(foam%'fvSolution'+'''solvers {}''')
shutil.copy('/usr/lib/openfoam/openfoam2512/etc/caseDicts/mesh/generation/meshQualityDict.cfg','system/meshQualityDict')
mq=Path('system/meshQualityDict').read_text().replace('maxBoundarySkewness 20;','maxBoundarySkewness 4;')
Path('system/meshQualityDict').write_text(mq)
sd=Path('system/snappyHexMeshDict').read_text()
if 'errorReduction 0.75;' not in sd:
    sd=sd.replace('#include "meshQualityDict"','#include "meshQualityDict"\nerrorReduction 0.75;')
Path('system/snappyHexMeshDict').write_text(sd)
for cmd,logname in [(['blockMesh'],'log.blockMesh'),(['snappyHexMesh','-overwrite'],'log.snappyHexMesh'),(['checkMesh'],'log.checkMesh')]:
    rr=subprocess.run(cmd,text=True,capture_output=True)
    Path(logname).write_text(rr.stdout+rr.stderr)
    print(cmd[0],'rc',rr.returncode)
    if rr.returncode or (cmd[0]=='checkMesh' and 'Mesh OK.' not in rr.stdout):
        raise RuntimeError(f'{cmd[0]} failed')
print('\n'.join(Path('log.checkMesh').read_text().splitlines()[-25:]))
# -- output
blockMesh rc 0
snappyHexMesh rc 0
checkMesh rc 0
    No cellZones found.

Checking basic pointZone addressing...
               PointZone  PointsBoundingBox
            frozenPoints       0(1e+150 1e+150 1e+150) (-1e+150 -1e+150 -1e+150)

Checking geometry...
    Overall domain bounding box (-0.08 -0.07 -0.06) (0.0800018 0.07 0.06)
    Mesh has 3 geometric (non-empty/wedge) directions (1 1 1)
    Mesh has 3 solution (non-empty) directions (1 1 1)
    Boundary openness (6.17808e-17 -1.51238e-18 -2.98838e-16) OK.
    Max cell openness = 3.13728e-16 OK.
    Max aspect ratio = 6.79475 OK.
    Minimum face area = 6.79315e-08. Maximum face area = 0.000105689.  Face area magnitudes OK.
    Min volume = 6.11389e-10. Max volume = 7.71956e-07.  Total volume = 0.00260619.  Cell volumes OK.
    Mesh non-orthogonality Max: 61.7179 average: 12.1062
    Non-orthogonality check OK.
    Face pyramids OK.
    Max skewness = 3.82351 OK.
    Coupled point location match (average 0) OK.

Mesh OK.

End

