# -- cell 1 (2.4s, exit 0)
import os, subprocess, numpy as np
from build123d import *

CUBE = 0.040          # cube edge [m]
R_HOLLOW = 0.016      # spherical hollow radius
R_BALL   = 0.015      # ball radius
R_HOLE   = 0.012      # face hole radius

hollow = Sphere(R_HOLLOW)
ball   = Sphere(R_BALL)
cyl_z  = Cylinder(R_HOLE, CUBE)                      # axis z, -20..+20 mm
cyl_x  = Rot(0, 90, 0) * Cylinder(R_HOLE, CUBE)
cyl_y  = Rot(90, 0, 0) * Cylinder(R_HOLE, CUBE)

water = (hollow + cyl_x + cyl_y + cyl_z) - ball
print("volume [mm^3]", water.volume*1e9, " expected ~20729")
print("bbox [mm]", [round(v*1000,3) for v in water.bounding_box().min], [round(v*1000,3) for v in water.bounding_box().max])
print("faces", len(water.faces()), "solids", len(water.solids()))
# -- output
volume [mm^3] 20658.554097732496  expected ~20729
bbox [mm] [-20.0, -20.0, -20.0] [20.0, 20.0, 20.0]
faces 21 solids 1

# -- cell 2 (0.1s, exit 0)
for i, f in enumerate(water.faces()):
    c = f.center()
    print(i, str(f.geom_type), "area_mm2=%.1f"%(f.area*1e6),
          "center_mm=(%.2f,%.2f,%.2f)"%(c.X*1e3,c.Y*1e3,c.Z*1e3),
          "|c|=%.2f"%(c.length*1e3), "n=%s"%(f.normal_at(),))
# -- output
0 GeomType.SPHERE area_mm2=17.0 center_mm=(9.69,-9.69,8.25) |c|=16.00 n=Vector: (X=0.605745, Y=-0.605745, Z=0.515894)
1 GeomType.CYLINDER area_mm2=665.7 center_mm=(15.29,0.00,12.00) |c|=19.44 n=Vector: (X=0, Y=0, Z=1)
2 GeomType.CYLINDER area_mm2=665.7 center_mm=(-12.00,-15.29,0.00) |c|=19.44 n=Vector: (X=-1, Y=0, Z=0)
3 GeomType.CYLINDER area_mm2=665.7 center_mm=(-12.00,0.00,15.29) |c|=19.44 n=Vector: (X=-1, Y=0, Z=0)
4 GeomType.SPHERE area_mm2=17.0 center_mm=(9.69,9.69,8.25) |c|=16.00 n=Vector: (X=0.605745, Y=0.605745, Z=0.515894)
5 GeomType.CYLINDER area_mm2=665.7 center_mm=(-12.00,15.29,-0.00) |c|=19.44 n=Vector: (X=-1, Y=0, Z=0)
6 GeomType.SPHERE area_mm2=17.0 center_mm=(9.69,9.69,-8.25) |c|=16.00 n=Vector: (X=0.605745, Y=0.605745, Z=-0.515894)
7 GeomType.CYLINDER area_mm2=665.7 center_mm=(-12.00,0.00,-15.29) |c|=19.44 n=Vector: (X=-1, Y=0, Z=0)
8 GeomType.PLANE area_mm2=452.4 center_mm=(20.00,-0.00,0.00) |c|=20.00 n=Vector: (X=1, Y=0, Z=0)
9 GeomType.SPHERE area_mm2=17.0 center_mm=(9.69,-9.69,-8.25) |c|=16.00 n=Vector: (X=0.605745, Y=-0.605745, Z=-0.515894)
10 GeomType.SPHERE area_mm2=17.0 center_mm=(-9.69,-9.69,-8.25) |c|=16.00 n=Vector: (X=-0.605745, Y=-0.605745, Z=-0.515894)
11 GeomType.CYLINDER area_mm2=665.7 center_mm=(-15.29,0.00,12.00) |c|=19.44 n=Vector: (X=0, Y=0, Z=1)
12 GeomType.SPHERE area_mm2=17.0 center_mm=(-9.69,-9.69,8.25) |c|=16.00 n=Vector: (X=-0.605745, Y=-0.605745, Z=0.515894)
13 GeomType.PLANE area_mm2=452.4 center_mm=(-0.00,-20.00,0.00) |c|=20.00 n=Vector: (X=0, Y=-1, Z=0)
14 GeomType.SPHERE area_mm2=17.0 center_mm=(-9.69,9.69,8.25) |c|=16.00 n=Vector: (X=-0.605745, Y=0.605745, Z=0.515894)
15 GeomType.PLANE area_mm2=452.4 center_mm=(-0.00,-0.00,20.00) |c|=20.00 n=Vector: (X=0, Y=0, Z=1)
16 GeomType.PLANE area_mm2=452.4 center_mm=(-0.00,20.00,-0.00) |c|=20.00 n=Vector: (X=0, Y=1, Z=0)
17 GeomType.SPHERE area_mm2=17.0 center_mm=(-9.69,9.69,-8.25) |c|=16.00 n=Vector: (X=-0.605745, Y=0.605745, Z=-0.515894)
18 GeomType.PLANE area_mm2=452.4 center_mm=(-0.00,-0.00,-20.00) |c|=20.00 n=Vector: (X=0, Y=0, Z=-1)
19 GeomType.PLANE area_mm2=452.4 center_mm=(-20.00,-0.00,0.00) |c|=20.00 n=Vector: (X=-1, Y=0, Z=0)
20 GeomType.SPHERE area_mm2=2827.4 center_mm=(-15.00,0.00,0.00) |c|=15.00 n=Vector: (X=1, Y=0, Z=0)

# -- cell 3 (62.7s, exit 0)
os.makedirs("constant/triSurface", exist_ok=True)
AX = {0:"x", 1:"y", 2:"z"}

def classify(f):
    c = f.center(); n = f.normal_at(c)
    if f.geom_type == GeomType.SPHERE:
        return "ball" if abs(c.length - R_BALL) < 1e-6 else "hollow"
    v = np.array([c.X, c.Y, c.Z]); nv = np.array([n.X, n.Y, n.Z])
    if f.geom_type == GeomType.PLANE:
        i = int(np.argmax(abs(nv)))
        return "opening_%s%s" % (AX[i], "p" if nv[i] > 0 else "m")
    # cylinder: axis is the coordinate axis orthogonal to the radial normal
    w = v * (abs(nv) < 0.5); i = int(np.argmax(abs(w)))
    return "hole_%s%s" % (AX[i], "p" if w[i] > 0 else "m")

groups = {}
for f in water.faces():
    groups.setdefault(classify(f), []).append(f)
for name, fs in sorted(groups.items()):
    print(name, len(fs), "area_mm2=%.1f" % (sum(x.area for x in fs) * 1e6))
    export_stl(Compound(children=fs), f"constant/triSurface/{name}.stl", tolerance=2e-5, angular_tolerance=0.15)
print(sorted(os.listdir("constant/triSurface")))
# -- output
ball 1 area_mm2=2827.4
hole_xm 1 area_mm2=665.7
hole_xp 1 area_mm2=665.7
hole_ym 1 area_mm2=665.7
hole_yp 1 area_mm2=665.7
hole_zm 1 area_mm2=665.7
hole_zp 1 area_mm2=665.7
hollow 8 area_mm2=135.7
opening_xm 1 area_mm2=452.4
opening_xp 1 area_mm2=452.4
opening_ym 1 area_mm2=452.4
opening_yp 1 area_mm2=452.4
opening_zm 1 area_mm2=452.4
opening_zp 1 area_mm2=452.4
['ball.stl', 'hole_xm.stl', 'hole_xp.stl', 'hole_ym.stl', 'hole_yp.stl', 'hole_zm.stl', 'hole_zp.stl', 'hollow.stl', 'opening_xm.stl', 'opening_xp.stl', 'opening_ym.stl', 'opening_yp.stl', 'opening_zm.stl', 'opening_zp.stl']

# -- cell 4 (1.4s, exit 1)
import pyvista as pv
pv.start_xvfb() if hasattr(pv,'start_xvfb') else None
export_step(water, "water.step")
pl = pv.Plotter(off_screen=True, window_size=(900, 700))
cols = {"ball":"red","hollow":"blue"}
for name in sorted(groups):
    m = pv.read(f"constant/triSurface/{name}.stl").clip(normal="y", origin=(0,0,0))
    c = cols.get(name, "green" if name.startswith("hole") else "orange")
    pl.add_mesh(m, color=c, show_edges=True, line_width=1)
pl.camera_position = "yz"; pl.camera.azimuth = 35; pl.camera.elevation = 20
pl.screenshot("look1.png"); print("ok")
# -- output
/home/qiuzi/miniforge3/lib/python3.13/site-packages/tqdm/auto.py:21: TqdmWarning: IProgress not found. Please update jupyter and ipywidgets. See https://ipywidgets.readthedocs.io/en/stable/user_install.html
  from .autonotebook import tqdm as notebook_tqdm
[0m[33m2026-09-12 14:11:02.012 (   0.281s) [    7BD68494C780]vtkXOpenGLRenderWindow.:1460  WARN| bad X server connection. DISPLAY=[0m
[0m[33m2026-09-12 14:11:02.013 (   0.282s) [    7BD68494C780]vtkOpenGLRenderWindow.c:645   WARN| Failed to load EGL! Please install the EGL library from your distribution's package manager.[0m
[0m[33m2026-09-12 14:11:02.026 (   0.296s) [    7BD68494C780]vtkOpenGLRenderWindow.c:645   WARN| Failed to load EGL! Please install the EGL library from your distribution's package manager.[0m
[31m---------------------------------------------------------------------------[39m
[31mValueError[39m                                Traceback (most recent call last)
[36mCell[39m[36m [39m[32mIn[4][39m[32m, line 9[39m
[32m      5[39m cols = {[33m"ball"[39m:[33m"red"[39m,[33m"hollow"[39m:[33m"blue"[39m}
[32m      6[39m [38;5;28;01mfor[39;00m name [38;5;28;01min[39;00m sorted(groups):
[32m      7[39m     m = pv.read(f"constant/triSurface/{name}.stl").clip(normal=[33m"y"[39m, origin=([32m0[39m,[32m0[39m,[32m0[39m))
[32m      8[39m     c = cols.get(name, [33m"green"[39m [38;5;28;01mif[39;00m name.startswith([33m"hole"[39m) [38;5;28;01melse[39;00m [33m"orange"[39m)
[32m----> [39m[32m9[39m     pl.add_mesh(m, color=c, show_edges=[38;5;28;01mTrue[39;00m, line_width=[32m1[39m)
[32m     10[39m pl.camera_position = [33m"yz"[39m; pl.camera.azimuth = [32m35[39m; pl.camera.elevation = [32m20[39m
[32m     11[39m pl.screenshot([33m"look1.png"[39m); print([33m"ok"[39m)

[36mFile [39m[32m~/miniforge3/lib/python3.13/site-packages/pyvista/_deprecate_positional_args.py:243[39m, in [36m_deprecate_positional_args.<locals>._inner_deprecate_positional_args.<locals>.inner_f[39m[34m(*args, **kwargs)[39m
[32m    239[39m             warn_external(msg, PyVistaDeprecationWarning)
[32m    241[39m         warn_positional_args()
[32m--> [39m[32m243[39m [38;5;28;01mreturn[39;00m [30;43mf[39;49m[30;43m([39;49m[30;43m*[39;49m[30;43margs[39;49m[30;43m,[39;49m[30;43m [39;49m[30;43m*[39;49m[30;43m*[39;49m[30;43mkwargs[39;49m[30;43m)[39;49m

[36mFile [39m[32m~/miniforge3/lib/python3.13/site-packages/pyvista/plotting/plotter.py:4111[39m, in [36mBasePlotter.add_mesh[39m[34m(self, mesh, color, style, scalars, clim, show_edges, edge_color, point_size, line_width, opacity, flip_scalars, lighting, n_colors, interpolate_before_map, cmap, label, reset_camera, scalar_bar_args, show_scalar_bar, multi_colors, name, texture, render_points_as_spheres, point_shape, render_lines_as_tubes, smooth_shading, split_sharp_edges, ambient, diffuse, specular, specular_power, nan_color, nan_opacity, culling, rgb, categories, silhouette, use_transparency, below_color, above_color, annotations, pickable, preference, log_scale, pbr, metallic, roughness, render, user_matrix, component, emissive, copy_mesh, backface_params, show_vertices, edge_opacity, remove_existing_actor, force_opaque, **kwargs)[39m
[32m   4105[39m [38;5;28;01mif[39;00m algo [38;5;129;01mis[39;00m [38;5;28;01mNone[39;00m [38;5;129;01mand[39;00m [38;5;129;01mnot[39;00m [38;5;28mself[39m.theme.allow_empty_mesh [38;5;129;01mand[39;00m [38;5;129;01mnot[39;00m mesh.n_points:
[32m   4106[39m     [38;5;66;03m# Algorithms may initialize with an empty mesh[39;00m
[32m   4107[39m     msg = (
[32m   4108[39m         [33m'[39m[33mEmpty meshes cannot be plotted. Input mesh has zero points. [39m[33m'[39m
[32m   4109[39m         [33m'[39m[33mTo allow plotting empty meshes, set `pv.global_theme.allow_empty_mesh = True`[39m[33m'[39m
[32m   4110[39m     )
[32m-> [39m[32m4111[39m     [38;5;28;01mraise[39;00m [38;5;167;01mValueError[39;00m(msg)
[32m   4113[39m [38;5;66;03m# set main values[39;00m
[32m   4114[39m [38;5;28mself[39m.mesh = mesh

[31mValueError[39m: Empty meshes cannot be plotted. Input mesh has zero points. To allow plotting empty meshes, set `pv.global_theme.allow_empty_mesh = True`

# -- cell 5 (0.6s, exit 0)
pl = pv.Plotter(off_screen=True, window_size=(900, 700))
for name in sorted(groups):
    m = pv.read(f"constant/triSurface/{name}.stl").clip(normal="y", origin=(0, 0, 0))
    if m.n_points == 0: continue
    c = {"ball": "red", "hollow": "blue"}.get(name, "green" if name.startswith("hole") else "orange")
    pl.add_mesh(m, color=c, show_edges=True, line_width=1)
pl.camera_position = "yz"; pl.camera.azimuth = 35; pl.camera.elevation = 20
pl.screenshot("look1.png"); print("done")
# -- output
done

[0m[33m2026-09-12 14:11:09.370 (   7.639s) [    7BD68494C780]vtkOpenGLRenderWindow.c:645   WARN| Failed to load EGL! Please install the EGL library from your distribution's package manager.[0m
[0m[33m2026-09-12 14:11:09.371 (   7.640s) [    7BD68494C780]vtkOpenGLRenderWindow.c:645   WARN| Failed to load EGL! Please install the EGL library from your distribution's package manager.[0m

# -- cell 6 (0.6s, exit 0)
import pyvista as pv
export_step(water, "water.step")
pl = pv.Plotter(off_screen=True, window_size=(900, 700))
for name in sorted(groups):
    m = pv.read(f"constant/triSurface/{name}.stl").clip(normal="y", origin=(0, 0, 0))
    if m.n_points == 0: continue
    c = {"ball": "red", "hollow": "blue"}.get(name, "green" if name.startswith("hole") else "orange")
    pl.add_mesh(m, color=c, show_edges=True, line_width=1)
pl.camera_position = "yz"; pl.camera.azimuth = 35; pl.camera.elevation = 20
pl.screenshot("look1.png"); print("done")
# -- output
done

[0m[33m2026-09-12 14:11:14.414 (  12.683s) [    7BD68494C780]vtkOpenGLRenderWindow.c:645   WARN| Failed to load EGL! Please install the EGL library from your distribution's package manager.[0m
[0m[33m2026-09-12 14:11:14.415 (  12.684s) [    7BD68494C780]vtkOpenGLRenderWindow.c:645   WARN| Failed to load EGL! Please install the EGL library from your distribution's package manager.[0m

# -- cell 7 (0.1s, exit 0)
from IPython.display import Image, display
display(Image("look1.png"))
# -- output


# -- cell 8 (0.1s, exit 0)
import gmsh
gmsh.initialize()
gmsh.option.setNumber("General.Terminal", 0)
gmsh.model.add("cage")
gmsh.model.occ.importShapes("water.step")
gmsh.model.occ.synchronize()
surfs = gmsh.model.getEntities(2)
print(len(surfs), "surfaces; volumes:", gmsh.model.getEntities(3))
for d, t in surfs:
    a = gmsh.model.occ.getMass(2, t) * 1e6
    c = np.array(gmsh.model.occ.getCenterOfMass(2, t)) * 1e3
    print(t, gmsh.model.getType(2, t), "A=%.1f" % a, "COM=(%.2f,%.2f,%.2f)" % tuple(c))
# -- output
21 surfaces; volumes: [(3, 1)]
1 Sphere A=17.0 COM=(9.17,-9.17,9.17)
2 Cylinder A=665.7 COM=(15.57,-0.00,-0.00)
3 Cylinder A=665.7 COM=(0.00,-15.57,0.00)
4 Cylinder A=665.7 COM=(0.00,-0.00,15.57)
5 Sphere A=17.0 COM=(9.17,9.17,9.17)
6 Cylinder A=665.7 COM=(0.00,15.57,0.00)
7 Sphere A=17.0 COM=(9.17,9.17,-9.17)
8 Cylinder A=665.7 COM=(-0.00,-0.00,-15.57)
9 Plane A=452.4 COM=(20.00,-0.00,0.00)
10 Sphere A=17.0 COM=(9.17,-9.17,-9.17)
11 Sphere A=17.0 COM=(-9.17,-9.17,-9.17)
12 Cylinder A=665.7 COM=(-15.57,0.00,-0.00)
13 Sphere A=17.0 COM=(-9.17,-9.17,9.17)
14 Plane A=452.4 COM=(-0.00,-20.00,0.00)
15 Sphere A=17.0 COM=(-9.17,9.17,9.17)
16 Plane A=452.4 COM=(-0.00,-0.00,20.00)
17 Plane A=452.4 COM=(-0.00,20.00,-0.00)
18 Sphere A=17.0 COM=(-9.17,9.17,-9.17)
19 Plane A=452.4 COM=(-0.00,-0.00,-20.00)
20 Plane A=452.4 COM=(-20.00,-0.00,-0.00)
21 Sphere A=2827.4 COM=(-0.00,-0.00,0.00)

# -- cell 9 (5.4s, exit 0)
LC_GAP, LC_MAX = 0.5e-3, 2.0e-3          # coarse pass

def gname(t):
    a = gmsh.model.occ.getMass(2, t) * 1e6
    c = np.array(gmsh.model.occ.getCenterOfMass(2, t))
    if a > 2000: return "ball"
    if a < 100:  return "hollow"
    i = int(np.argmax(abs(c))); s = "p" if c[i] > 0 else "m"
    return ("hole_" if a > 500 else "opening_") + AX[i] + s

pg = {}
for d, t in gmsh.model.getEntities(2):
    pg.setdefault(gname(t), []).append(t)
for name, tags in sorted(pg.items()):
    gmsh.model.addPhysicalGroup(2, tags, name=name)
gmsh.model.addPhysicalGroup(3, [1], name="water")
print({k: len(v) for k, v in sorted(pg.items())})

gmsh.model.mesh.field.add("Distance", 1)
gmsh.model.mesh.field.setNumbers(1, "SurfacesList", pg["ball"] + pg["hollow"])
gmsh.model.mesh.field.add("Threshold", 2)
gmsh.model.mesh.field.setNumber(2, "InField", 1)
gmsh.model.mesh.field.setNumber(2, "SizeMin", LC_GAP)
gmsh.model.mesh.field.setNumber(2, "SizeMax", LC_MAX)
gmsh.model.mesh.field.setNumber(2, "DistMin", 1.0e-3)
gmsh.model.mesh.field.setNumber(2, "DistMax", 6.0e-3)
gmsh.model.mesh.field.setAsBackgroundMesh(2)
gmsh.option.setNumber("Mesh.MeshSizeExtendFromBoundary", 0)
gmsh.option.setNumber("Mesh.MeshSizeFromPoints", 0)
gmsh.option.setNumber("Mesh.MeshSizeFromCurvature", 0)
gmsh.option.setNumber("Mesh.Algorithm3D", 1)
gmsh.option.setNumber("Mesh.Optimize", 1)
gmsh.model.mesh.generate(3)
gmsh.option.setNumber("Mesh.MshFileVersion", 2.2)
gmsh.write("water.msh")
print("nodes", len(gmsh.model.mesh.getNodes()[0]), "tets", len(gmsh.model.mesh.getElementsByType(4)[0]))
# -- output
{'ball': 1, 'hole_xm': 1, 'hole_xp': 1, 'hole_ym': 1, 'hole_yp': 1, 'hole_zm': 1, 'hole_zp': 1, 'hollow': 8, 'opening_xm': 1, 'opening_xp': 1, 'opening_ym': 1, 'opening_yp': 1, 'opening_zm': 1, 'opening_zp': 1}
nodes 44784 tets 219346

# -- cell 10 (1.4s, exit 0)
os.makedirs("system", exist_ok=True)
hdr = "FoamFile{version 2.0; format ascii; class dictionary; object %s;}\n"
open("system/controlDict","w").write(hdr % "controlDict" + """
application icoFoam; startFrom startTime; startTime 0; stopAt endTime; endTime 1;
deltaT 1; writeControl timeStep; writeInterval 1; writeFormat ascii; writePrecision 6;
runTimeModifiable true;
""")
open("system/fvSchemes","w").write(hdr % "fvSchemes" + "ddtSchemes{default steadyState;} gradSchemes{default Gauss linear;} divSchemes{default none;} laplacianSchemes{default Gauss linear corrected;} interpolationSchemes{default linear;} snGradSchemes{default corrected;}\n")
open("system/fvSolution","w").write(hdr % "fvSolution" + "solvers{} \n")
r = subprocess.run(["gmshToFoam","water.msh"], capture_output=True, text=True)
print(r.returncode, r.stdout[-1500:], r.stderr[-800:])
# -- output
0 ng region 12 to Foam patch 10
Mapping region 13 to Foam patch 11
Mapping region 9 to Foam patch 12
Mapping region 1 to Foam patch 13
Mapping region 15 to Foam cellZone 0
Cells:
    total:219346
    hex  :0
    prism:0
    pyr  :0
    tet  :219346

CellZones:
Zone	Size
    0	219346

Patch 0 gets name hollow
Patch 1 gets name hole_xp
Patch 2 gets name hole_ym
Patch 3 gets name hole_zp
Patch 4 gets name hole_yp
Patch 5 gets name hole_zm
Patch 6 gets name opening_xp
Patch 7 gets name hole_xm
Patch 8 gets name opening_ym
Patch 9 gets name opening_zp
Patch 10 gets name opening_yp
Patch 11 gets name opening_zm
Patch 12 gets name opening_xm
Patch 13 gets name ball

--> FOAM Warning : 
    From Foam::polyMesh::polyMesh(const Foam::IOobject&, Foam::pointField&&, const Foam::cellShapeList&, const Foam::faceListList&, const Foam::wordList&, const Foam::wordList&, const Foam::word&, const Foam::word&, const Foam::wordList&, bool)
    in file meshes/polyMesh/polyMeshFromShapeMesh.C at line 635
    Found 38368 undefined faces in mesh; adding to default patch defaultFaces
Finding faces of patch 0
Finding faces of patch 1
Finding faces of patch 2
Finding faces of patch 3
Finding faces of patch 4
Finding faces of patch 5
Finding faces of patch 6
Finding faces of patch 7
Finding faces of patch 8
Finding faces of patch 9
Finding faces of patch 10
Finding faces of patch 11
Finding faces of patch 12
Finding faces of patch 13

FaceZones:
Zone	Size

Writing zone 0 to cellZone water and cellSet
End

# -- cell 11 (1.0s, exit 0)
r = subprocess.run(["checkMesh"], capture_output=True, text=True)
print(r.stdout[-3000:])
# -- output
44784
    faces:            457876
    internal faces:   419508
    cells:            219346
    faces per cell:   4
    boundary patches: 14
    point zones:      0
    face zones:       0
    cell zones:       1

Overall number of cells of each type:
    hexahedra:     0
    prisms:        0
    wedges:        0
    pyramids:      0
    tet wedges:    0
    tetrahedra:    219346
    polyhedra:     0

Checking topology...
    Boundary definition OK.
    Cell to face addressing OK.
    Point usage OK.
    Upper triangular ordering OK.
    Face vertices OK.
    Number of regions: 1 (OK).

Checking patch topology for multiply connected surfaces...
    Patch               Faces    Points     Surface topology
    hollow              1448     912      ok (non-closed singly connected)  
    hole_xp             1359     767      ok (non-closed singly connected)  
    hole_ym             1377     776      ok (non-closed singly connected)  
    hole_zp             1350     762      ok (non-closed singly connected)  
    hole_yp             1370     772      ok (non-closed singly connected)  
    hole_zm             1330     753      ok (non-closed singly connected)  
    opening_xp          294      167      ok (non-closed singly connected)  
    hole_xm             1368     771      ok (non-closed singly connected)  
    opening_ym          294      167      ok (non-closed singly connected)  
    opening_zp          292      166      ok (non-closed singly connected)  
    opening_yp          294      167      ok (non-closed singly connected)  
    opening_zm          292      166      ok (non-closed singly connected)  
    opening_xm          306      173      ok (non-closed singly connected)  
    ball                26994    13499    ok (closed singly connected)      
    ".*"                38368    19188    ok (closed singly connected)      


Checking faceZone topology for multiply connected surfaces...
    No faceZones found.

Checking basic cellZone addressing...
    CellZone            Cells        Points       Volume       BoundingBox
    water               219346       44784        2.06168e-05  (-0.02 -0.02 -0.02) (0.02 0.02 0.02)

Checking basic pointZone addressing...
    No pointZones found.

Checking geometry...
    Overall domain bounding box (-0.02 -0.02 -0.02) (0.02 0.02 0.02)
    Mesh has 3 geometric (non-empty/wedge) directions (1 1 1)
    Mesh has 3 solution (non-empty) directions (1 1 1)
    Boundary openness (5.1023e-17 -2.20841e-17 -2.1328e-17) OK.
    Max cell openness = 2.78558e-16 OK.
    Max aspect ratio = 8.47948 OK.
    Minimum face area = 4.77431e-08. Maximum face area = 4.1666e-06.  Face area magnitudes OK.
    Min volume = 5.89549e-12. Max volume = 2.82946e-09.  Total volume = 2.06168e-05.  Cell volumes OK.
    Mesh non-orthogonality Max: 68.6624 average: 21.4328
    Non-orthogonality check OK.
    Face pyramids OK.
    Max skewness = 0.970402 OK.
    Coupled point location match (average 0) OK.

Mesh OK.

End

# -- cell 12 (0.1s, exit 0)
def nodes_of(name):
    tags = [t for (d, t) in gmsh.model.getEntities(2) if gname(t) == name]
    P = [gmsh.model.mesh.getNodes(2, t, includeBoundary=True)[1].reshape(-1, 3) for t in tags]
    return np.vstack(P) * 1e3   # mm

b, h = nodes_of("ball"), nodes_of("hollow")
print("ball radius  mm: %.4f..%.4f  (asked 15)" % (np.linalg.norm(b,axis=1).min(), np.linalg.norm(b,axis=1).max()))
print("hollow radius mm: %.4f..%.4f (asked 16)" % (np.linalg.norm(h,axis=1).min(), np.linalg.norm(h,axis=1).max()))
print("shell gap mm: %.4f (asked 1)" % (np.linalg.norm(h,axis=1).mean()-np.linalg.norm(b,axis=1).mean()))
for ax,i in (("x",0),("y",1),("z",2)):
    P = nodes_of("hole_%sp"%ax); j=[k for k in range(3) if k!=i]
    print("hole_%sp: bore radius mm %.4f..%.4f (asked 12), axial extent %.3f..%.3f"%(ax,
        np.linalg.norm(P[:,j],axis=1).min(), np.linalg.norm(P[:,j],axis=1).max(), P[:,i].min(), P[:,i].max()))
    Q = nodes_of("opening_%sp"%ax)
    print("opening_%sp: plane %s=%.4f..%.4f (asked 20), max radius %.4f (asked 12)"%(ax,ax,
        Q[:,i].min(), Q[:,i].max(), np.linalg.norm(Q[:,j],axis=1).max()))
# -- output
ball radius  mm: 15.0000..15.0000  (asked 15)
hollow radius mm: 16.0000..16.0000 (asked 16)
shell gap mm: 1.0000 (asked 1)
hole_xp: bore radius mm 12.0000..12.0000 (asked 12), axial extent 10.583..20.000
opening_xp: plane x=20.0000..20.0000 (asked 20), max radius 12.0000 (asked 12)
hole_yp: bore radius mm 12.0000..12.0000 (asked 12), axial extent 10.583..20.000
opening_yp: plane y=20.0000..20.0000 (asked 20), max radius 12.0000 (asked 12)
hole_zp: bore radius mm 12.0000..12.0000 (asked 12), axial extent 10.583..20.000
opening_zp: plane z=20.0000..20.0000 (asked 20), max radius 12.0000 (asked 12)

# -- cell 13 (24.7s, exit 0)
LC_GAP_F, LC_MAX_F = 0.30e-3, 1.5e-3      # final pass: ~3.3 cells across the 1 mm shell
gmsh.model.mesh.field.setNumber(2, "SizeMin", LC_GAP_F)
gmsh.model.mesh.field.setNumber(2, "SizeMax", LC_MAX_F)
gmsh.model.mesh.field.setNumber(2, "DistMin", 1.2e-3)
gmsh.model.mesh.field.setNumber(2, "DistMax", 5.0e-3)
gmsh.model.mesh.clear()
gmsh.model.mesh.generate(3)
gmsh.write("water.msh")
print("nodes", len(gmsh.model.mesh.getNodes()[0]), "tets", len(gmsh.model.mesh.getElementsByType(4)[0]))
# -- output
nodes 168611 tets 900157

# -- cell 14 (9.8s, exit 0)
subprocess.run(["rm","-rf","constant/polyMesh"], check=True)
r = subprocess.run(["gmshToFoam","water.msh"], capture_output=True, text=True); print("gmshToFoam", r.returncode)
r = subprocess.run(["checkMesh"], capture_output=True, text=True)
print(r.stdout[-1800:])
# -- output
gmshToFoam 0
xp          495      274      ok (non-closed singly connected)  
    hole_xm             2876     1570     ok (non-closed singly connected)  
    opening_ym          497      275      ok (non-closed singly connected)  
    opening_zp          497      275      ok (non-closed singly connected)  
    opening_yp          491      272      ok (non-closed singly connected)  
    opening_zm          497      275      ok (non-closed singly connected)  
    opening_xm          493      273      ok (non-closed singly connected)  
    ball                74704    37354    ok (closed singly connected)      
    ".*"                98368    49188    ok (closed singly connected)      


Checking faceZone topology for multiply connected surfaces...
    No faceZones found.

Checking basic cellZone addressing...
    CellZone            Cells        Points       Volume       BoundingBox
    water               900157       168611       2.0631e-05   (-0.02 -0.02 -0.02) (0.02 0.02 0.02)

Checking basic pointZone addressing...
    No pointZones found.

Checking geometry...
    Overall domain bounding box (-0.02 -0.02 -0.02) (0.02 0.02 0.02)
    Mesh has 3 geometric (non-empty/wedge) directions (1 1 1)
    Mesh has 3 solution (non-empty) directions (1 1 1)
    Boundary openness (4.64529e-17 -8.83734e-18 7.47601e-18) OK.
    Max cell openness = 3.043e-16 OK.
    Max aspect ratio = 8.64385 OK.
    Minimum face area = 1.83115e-08. Maximum face area = 2.99714e-06.  Face area magnitudes OK.
    Min volume = 1.29618e-12. Max volume = 1.68639e-09.  Total volume = 2.0631e-05.  Cell volumes OK.
    Mesh non-orthogonality Max: 69.5109 average: 21.0886
    Non-orthogonality check OK.
    Face pyramids OK.
    Max skewness = 0.948037 OK.
    Coupled point location match (average 0) OK.

Mesh OK.

End

# -- cell 15 (1.9s, exit 0)
nt, ec = gmsh.model.mesh.getElementsByType(4)
crd = gmsh.model.mesh.getNodes()[1].reshape(-1,3); tag2i = {t:i for i,t in enumerate(gmsh.model.mesh.getNodes()[0])}
idx = np.array([tag2i[t] for t in ec]).reshape(-1,4)
cen = crd[idx].mean(axis=1)*1e3; r = np.linalg.norm(cen,axis=1)
sel = (r>15)&(r<16)
vol = np.abs(np.einsum('ij,ij->i', np.cross(crd[idx][:,1]-crd[idx][:,0], crd[idx][:,2]-crd[idx][:,0]), crd[idx][:,3]-crd[idx][:,0]))/6*1e9
h = (vol[sel].mean()*6/np.sqrt(2))**(1/3)
print("cells in 1 mm shell:", sel.sum(), " mean edge length mm %.3f -> ~%.1f cells across gap" % (h, 1.0/h))
m = pv.read("water.msh") if False else None
pl = pv.Plotter(off_screen=True, window_size=(900,700))
for name in sorted(groups):
    s = pv.read(f"constant/triSurface/{name}.stl").clip(normal="y", origin=(0,0,0))
    if s.n_points==0: continue
    pl.add_mesh(s, color={"ball":"red","hollow":"blue"}.get(name,"green" if name.startswith("hole") else "orange"), lighting=False)
pl.camera_position="yz"; pl.camera.azimuth=35; pl.camera.elevation=20
pl.screenshot("look2.png"); display(Image("look2.png"))
# -- output
cells in 1 mm shell: 523700  mean edge length mm 0.290 -> ~3.4 cells across gap

[0m[33m2026-09-12 14:13:32.949 ( 151.219s) [    7BD68494C780]vtkOpenGLRenderWindow.c:645   WARN| Failed to load EGL! Please install the EGL library from your distribution's package manager.[0m
[0m[33m2026-09-12 14:13:32.950 ( 151.219s) [    7BD68494C780]vtkOpenGLRenderWindow.c:645   WARN| Failed to load EGL! Please install the EGL library from your distribution's package manager.[0m

