# -- cell 1 (2.2s, exit 0)
import numpy as np, build123d as bd

def naca2412(chord, n=120, m=0.02, p=0.4, t=0.12):
    beta = np.linspace(0, np.pi, n)
    xc = (1 - np.cos(beta)) / 2
    yt = 5*t*(0.2969*np.sqrt(xc) - 0.1260*xc - 0.3516*xc**2 + 0.2843*xc**3 - 0.1015*xc**4)
    yc = np.where(xc < p, m/p**2*(2*p*xc - xc**2), m/(1-p)**2*((1-2*p) + 2*p*xc - xc**2))
    dyc = np.where(xc < p, 2*m/p**2*(p - xc), 2*m/(1-p)**2*(p - xc))
    th = np.arctan(dyc)
    xu, yu = xc - yt*np.sin(th), yc + yt*np.cos(th)
    xl, yl = xc + yt*np.sin(th), yc - yt*np.cos(th)
    pts = list(zip(xu, yu))[::-1] + list(zip(xl, yl))[1:]
    return [(chord*a, chord*b) for a, b in pts]

r = naca2412(1.0)
xs = np.array([p[0] for p in r]); ys = np.array([p[1] for p in r])
print("pts", len(r), "x range", xs.min(), xs.max())
xu = np.linspace(0.001, 0.999, 2000)
m, p, t = 0.02, 0.4, 0.12
yt = 5*t*(0.2969*np.sqrt(xu)-0.1260*xu-0.3516*xu**2+0.2843*xu**3-0.1015*xu**4)
yc = np.where(xu < p, m/p**2*(2*p*xu-xu**2), m/(1-p)**2*((1-2*p)+2*p*xu-xu**2))
print("t/c =", 2*yt.max(), "at x/c =", xu[np.argmax(yt)])
print("max camber =", yc.max(), "at x/c =", xu[np.argmax(yc)])
# -- output
pts 239 x range -5.832980450537045e-05 1.00008381395326
t/c = 0.12003452377600606 at x/c = 0.3000505252626313
max camber = 0.019999998761230292 at x/c = 0.3999004502251126

# -- cell 2 (1.6s, exit 1)
from build123d import *

C_ROOT, C_TIP, SPAN = 0.120, 0.080, 0.200   # m, from the request
ROOT_EXT = 0.010                            # my choice: stub below the wall for a clean snappy cut

def section(chord, z):
    pts = [(x, y, z) for x, y in naca2412(chord)]
    return make_face(Polyline(*pts, close=True))

f_root = section(C_ROOT, 0.0)
f_tip  = section(C_TIP, SPAN)
wing = loft([f_root, f_tip])
stub = extrude(f_root, amount=-ROOT_EXT)
wing_solid = wing + stub
print("volume m^3", wing_solid.volume, " is_valid", wing_solid.is_valid())
print("bbox", wing_solid.bounding_box())
# measured chords by slicing
for z, target in [(0.0, C_ROOT), (SPAN*0.5, 0.5*(C_ROOT+C_TIP)), (SPAN-1e-6, C_TIP)]:
    sl = bd.Plane(origin=(0,0,z), z_dir=(0,0,1)).intersect(wing_solid) if False else None
bb = wing_solid.bounding_box()
print("span z:", bb.min.Z, bb.max.Z)
# -- output
[31m---------------------------------------------------------------------------[39m
[31mTypeError[39m                                 Traceback (most recent call last)
[36mCell[39m[36m [39m[32mIn[2][39m[32m, line 15[39m
[32m     11[39m f_tip  = section(C_TIP, SPAN)
[32m     12[39m wing = loft([f_root, f_tip])
[32m     13[39m stub = extrude(f_root, amount=-ROOT_EXT)
[32m     14[39m wing_solid = wing + stub
[32m---> [39m[32m15[39m print([33m"volume m^3"[39m, wing_solid.volume, [33m" is_valid"[39m, wing_solid.is_valid())
[32m     16[39m print([33m"bbox"[39m, wing_solid.bounding_box())
[32m     17[39m [38;5;66;03m# measured chords by slicing[39;00m
[32m     18[39m [38;5;28;01mfor[39;00m z, target [38;5;28;01min[39;00m [([32m0.0[39m, C_ROOT), (SPAN*[32m0.5[39m, [32m0.5[39m*(C_ROOT+C_TIP)), (SPAN-[32m1e-6[39m, C_TIP)]:

[31mTypeError[39m: 'bool' object is not callable

# -- cell 3 (1.6s, exit 0)
print("volume", wing_solid.volume, "valid", wing_solid.is_valid, "solids", len(wing_solid.solids()))
bb = wing_solid.bounding_box()
print("bbox min", bb.min, "max", bb.max)
for z in [0.0, 0.1, SPAN-1e-6]:
    sec = wing_solid.faces()  # placeholder
    pl = Plane(origin=(0,0,z), z_dir=(0,0,1))
    cut = wing_solid & pl
    b = cut.bounding_box()
    print(f"z={z:.3f} chord={b.max.X-b.min.X:.5f} thick={b.max.Y-b.min.Y:.5f} ratio={(b.max.Y-b.min.Y)/(b.max.X-b.min.X):.4f}")
# -- output
volume 0.00017858643101995204 valid True solids 1
bbox min Vector: (X=-7e-06, Y=-0.005085, Z=-0.01) max Vector: (X=0.12001, Y=0.009506, Z=0.2)
z=0.000 chord=0.12002 thick=0.01459 ratio=0.1216
z=0.100 chord=0.10001 thick=0.01216 ratio=0.1216
z=0.200 chord=0.08001 thick=0.00973 ratio=0.1216

# -- cell 4 (2.8s, exit 0)
from build123d import *

C_ROOT, C_TIP, SPAN = 0.120, 0.080, 0.200   # m, from the request
ROOT_EXT = 0.010                            # my choice: stub below the wall for a clean snappy cut

def section(chord, z):
    pts = [(x, y, z) for x, y in naca2412(chord)]
    return make_face(Polyline(*pts, close=True))

f_root = section(C_ROOT, 0.0)
f_tip  = section(C_TIP, SPAN)
wing_solid = loft([f_root, f_tip]) + extrude(f_root, amount=-ROOT_EXT)

print("volume", wing_solid.volume, "valid", wing_solid.is_valid, "solids", len(wing_solid.solids()))
bb = wing_solid.bounding_box()
print("bbox min", bb.min, "max", bb.max)
for z in [0.0, 0.1, SPAN - 1e-6]:
    b = (wing_solid & Plane(origin=(0, 0, z), z_dir=(0, 0, 1))).bounding_box()
    print(f"z={z:.3f} chord={b.max.X-b.min.X:.5f} y-extent={b.max.Y-b.min.Y:.5f} LE x={b.min.X:.5f}")
# -- output
volume 0.00017858643101995204 valid True solids 1
bbox min Vector: (X=-7e-06, Y=-0.005085, Z=-0.01) max Vector: (X=0.12001, Y=0.009506, Z=0.2)
z=0.000 chord=0.12002 y-extent=0.01459 LE x=-0.00001
z=0.100 chord=0.10001 y-extent=0.01216 LE x=-0.00001
z=0.200 chord=0.08001 y-extent=0.00973 LE x=-0.00000

# -- cell 5 (0.1s, exit 0)
import os, subprocess
os.makedirs("constant/triSurface", exist_ok=True)

XUP, XDN, SIDE = 4*C_ROOT, 8*C_ROOT, 3*C_ROOT      # 0.48, 0.96, 0.36 m from the request
X0, X1 = -XUP, XDN
Y0, Y1 = -SIDE, SIDE
Z0, Z1 = 0.0, SPAN + SIDE                           # root wall at z=0, 3 chords above the tip
print("domain", (X0, X1), (Y0, Y1), (Z0, Z1))

box = Box(X1-X0, Y1-Y0, Z1-Z0).moved(Location(((X0+X1)/2, (Y0+Y1)/2, (Z0+Z1)/2)))
fs = box.faces()
inlet    = fs.filter_by(lambda f: abs(f.center().X - X0) < 1e-9)
outlet   = fs.filter_by(lambda f: abs(f.center().X - X1) < 1e-9)
root     = fs.filter_by(lambda f: abs(f.center().Z - Z0) < 1e-9)
farfield = fs.filter_by(lambda f: abs(f.center().Y - Y0) < 1e-9 or abs(f.center().Y - Y1) < 1e-9
                                  or abs(f.center().Z - Z1) < 1e-9)
print([len(x) for x in (inlet, outlet, root, farfield)])

for name, shp in [("wing", wing_solid), ("inlet", Compound(inlet)), ("outlet", Compound(outlet)),
                  ("root", Compound(root)), ("farfield", Compound(farfield))]:
    export_stl(shp, f"constant/triSurface/{name}.stl", tolerance=2e-4, angular_tolerance=0.2)
print(subprocess.run(["ls", "-l", "constant/triSurface"], capture_output=True, text=True).stdout)
# -- output
domain (-0.48, 0.96) (-0.36, 0.36) (0.0, 0.56)
[1, 1, 1, 3]
total 200
-rw-rw-r-- 1 qiuzi qiuzi    384 Sep 14 09:59 farfield.stl
-rw-rw-r-- 1 qiuzi qiuzi    184 Sep 14 09:59 inlet.stl
-rw-rw-r-- 1 qiuzi qiuzi    184 Sep 14 09:59 outlet.stl
-rw-rw-r-- 1 qiuzi qiuzi    184 Sep 14 09:59 root.stl
-rw-rw-r-- 1 qiuzi qiuzi 187584 Sep 14 09:59 wing.stl

# -- cell 6 (0.4s, exit 0)
import os, textwrap
for d in ["system", "constant"]:
    os.makedirs(d, exist_ok=True)

head = lambda cls, obj: f"""FoamFile
{{ version 2.0; format ascii; class {cls}; object {obj}; }}
"""
open("system/controlDict", "w").write(head("dictionary", "controlDict") + """
application     simpleFoam; startFrom startTime; startTime 0; stopAt endTime;
endTime 1; deltaT 1; writeControl timeStep; writeInterval 1;
""")
open("system/fvSchemes", "w").write(head("dictionary", "fvSchemes") + """
ddtSchemes { default steadyState; } gradSchemes { default Gauss linear; }
divSchemes { default none; } laplacianSchemes { default Gauss linear corrected; }
""")
open("system/fvSolution", "w").write(head("dictionary", "fvSolution") + """
solvers {} 
""")

NB = 0.04  # base cell size, m
nx, ny, nz = [int(round(l/NB)) for l in (X1-X0, Y1-Y0, Z1-Z0)]
print("blockMesh cells", nx, ny, nz, nx*ny*nz)
bm = head("dictionary", "blockMeshDict") + f"""
scale 1;
vertices
(
 ({X0} {Y0} {Z0}) ({X1} {Y0} {Z0}) ({X1} {Y1} {Z0}) ({X0} {Y1} {Z0})
 ({X0} {Y0} {Z1}) ({X1} {Y0} {Z1}) ({X1} {Y1} {Z1}) ({X0} {Y1} {Z1})
);
blocks ( hex (0 1 2 3 4 5 6 7) ({nx} {ny} {nz}) simpleGrading (1 1 1) );
edges ();
boundary
(
 inlet    {{ type patch; faces ((0 4 7 3)); }}
 outlet   {{ type patch; faces ((1 2 6 5)); }}
 root     {{ type wall;  faces ((0 3 2 1)); }}
 farfield {{ type patch; faces ((0 1 5 4) (3 7 6 2) (4 5 6 7)); }}
);
mergePatchPairs ();
"""
open("system/blockMeshDict", "w").write(bm)
import subprocess
r = subprocess.run(["blockMesh", "-dict", "system/blockMeshDict"], capture_output=True, text=True)
print(r.stdout[-700:], r.stderr[-500:])
# -- output
blockMesh cells 36 18 14 9072
list (topological search)...

Creating polyMesh from blockMesh
Creating patches
Creating cells
Creating points with scale (1 1 1)
    Block 0 cell size :
        i : 0.04 .. 0.04
        j : 0.04 .. 0.04
        k : 0.04 .. 0.04

No patch pairs to merge

Writing polyMesh with 0 cellZones
----------------
Mesh Information
----------------
  boundingBox: (-0.48 -0.36 0) (0.96 0.36 0.56)
  nPoints: 10545
  nCells: 9072
  nFaces: 28620
  nInternalFaces: 25812
----------------
Patches
----------------
  patch 0 (start: 25812 size: 252) name: inlet
  patch 1 (start: 26064 size: 252) name: outlet
  patch 2 (start: 26316 size: 648) name: root
  patch 3 (start: 26964 size: 1656) name: farfield

End

# -- cell 7 (4.6s, exit 0)
snappy = head("dictionary", "snappyHexMeshDict") + """
castellatedMesh true; snap true; addLayers false;

geometry
{
    wing.stl { type triSurfaceMesh; name wing; }
}

castellatedMeshControls
{
    maxLocalCells 2000000; maxGlobalCells 5000000; minRefinementCells 10;
    nCellsBetweenLevels 2; maxLoadUnbalance 0.1; resolveFeatureAngle 30;
    allowFreeStandingZoneFaces true;
    locationInMesh (-0.30 0.20 0.40);
    features ();
    refinementSurfaces { wing { level (3 3); patchInfo { type wall; } } }
    refinementRegions { wing { mode distance; levels ((0.03 2) (0.08 1)); } }
}

snapControls
{ nSmoothPatch 3; tolerance 2.0; nSolveIter 50; nRelaxIter 5;
  nFeatureSnapIter 10; implicitFeatureSnap false; explicitFeatureSnap true; multiRegionFeatureSnap false; }

addLayersControls
{ relativeSizes true; layers {}; expansionRatio 1.2; finalLayerThickness 0.5; minThickness 0.1;
  nGrow 0; featureAngle 60; nRelaxIter 5; nSmoothSurfaceNormals 1; nSmoothNormals 3;
  nSmoothThickness 10; maxFaceThicknessRatio 0.5; maxThicknessToMedialRatio 0.3;
  minMedialAxisAngle 90; nBufferCellsNoExtrude 0; nLayerIter 50; }

meshQualityControls
{ maxNonOrtho 65; maxBoundarySkewness 20; maxInternalSkewness 4; maxConcave 80;
  minVol 1e-13; minTetQuality 1e-30; minArea -1; minTwist 0.02; minDeterminant 0.001;
  minFaceWeight 0.02; minVolRatio 0.01; minTriangleTwist -1; nSmoothScale 4; errorReduction 0.75; }

mergeTolerance 1e-6;
writeFlags ( );
"""
open("system/snappyHexMeshDict", "w").write(snappy)
r = subprocess.run(["snappyHexMesh", "-dict", "system/snappyHexMeshDict", "-overwrite"], capture_output=True, text=True)
print(r.stdout[-1500:]); print("ERR", r.stderr[-500:])
# -- output
-------------
Checking faces in error :
    non-orthogonality > 65  degrees                        : 0
    faces with face pyramid volume < 1e-13                 : 0
    faces with face-decomposition tet quality < 1e-30      : 0
    faces with concavity > 80  degrees                     : 0
    faces with skewness > 4   (internal) or 20  (boundary) : 0
    faces with interpolation weights (0..1)  < 0.02        : 0
    faces with volume ratio of neighbour cells < 0.01      : 0
    faces with face twist < 0.02                           : 0
    faces on cells with determinant < 0.001                : 0
Snapped mesh : cells:16747  faces:54346  points:20994
Cells per refinement level:
    0	8930
    1	797
    2	1902
    3	5118
Writing mesh to time constant
Wrote mesh in = 0.05 s.
Mesh snapped in = 1.48 s.
Checking final mesh ...
Checking faces in error :
    non-orthogonality > 65  degrees                        : 0
    faces with face pyramid volume < 1e-13                 : 0
    faces with face-decomposition tet quality < 1e-30      : 0
    faces with concavity > 80  degrees                     : 0
    faces with skewness > 4   (internal) or 20  (boundary) : 0
    faces with interpolation weights (0..1)  < 0.02        : 0
    faces with volume ratio of neighbour cells < 0.01      : 0
    faces with face twist < 0.02                           : 0
    faces on cells with determinant < 0.001                : 0
Finished meshing without any errors
Finished meshing in = 2.29 s.
End


ERR

# -- cell 8 (0.9s, exit 0)
import pyvista as pv
pv.start_xvfb() if False else None
pv.OFF_SCREEN = True
open("case.foam","w").write("")
rd = pv.OpenFOAMReader("case.foam"); rd.set_active_time_value(0.0) if rd.number_time_points else None
rd.enable_all_patch_arrays(); mesh = rd.read()
print(mesh.keys())
bd_ = mesh["boundary"]
print(bd_.keys())
w = bd_["wing"]
print("wing patch bounds", w.bounds, "area", w.extract_surface().area)
pl = pv.Plotter(off_screen=True, window_size=(1000,700))
pl.add_mesh(w, color="tan", show_edges=True)
pl.add_mesh(bd_["root"], color="lightblue", opacity=0.35, show_edges=False)
pl.camera_position = [(0.5,-0.6,0.5),(0.06,0,0.1),(0,0,1)]
pl.screenshot("wing_coarse.png"); print("ok")
# -- output
['internalMesh', 'boundary']
['inlet', 'outlet', 'root', 'farfield', 'wing']
wing patch bounds BoundsTuple(x_min = -6.0174002101121005e-06,
            x_max =  0.11723099648952484,
            y_min = -0.005080409813672304,
            y_max =  0.00950441975146532,
            z_min =  0.0,
            z_max =  0.20000000298023224) area 0.04008934822929062
ok

/home/qiuzi/miniforge3/lib/python3.13/site-packages/tqdm/auto.py:21: TqdmWarning: IProgress not found. Please update jupyter and ipywidgets. See https://ipywidgets.readthedocs.io/en/stable/user_install.html
  from .autonotebook import tqdm as notebook_tqdm
/tmp/ipykernel_29457/4061862125.py:11: PyVistaFutureWarning: The default value of `algorithm` for the filter
`PolyData.extract_surface` will change in the future. It currently defaults to
`'dataset_surface'`, but will change to `None`. Explicitly set the `algorithm` keyword to
silence this warning.
  print("wing patch bounds", w.bounds, "area", w.extract_surface().area)
[0m[33m2026-09-14 10:00:10.889 (   0.631s) [    70DC2C51C780]vtkXOpenGLRenderWindow.:1460  WARN| bad X server connection. DISPLAY=[0m
[0m[33m2026-09-14 10:00:10.890 (   0.632s) [    70DC2C51C780]vtkOpenGLRenderWindow.c:645   WARN| Failed to load EGL! Please install the EGL library from your distribution's package manager.[0m
[0m[33m2026-09-14 10:00:10.904 (   0.646s) [    70DC2C51C780]vtkOpenGLRenderWindow.c:645   WARN| Failed to load EGL! Please install the EGL library from your distribution's package manager.[0m

# -- cell 9 (0.1s, exit 0)
from IPython.display import Image, display
display(Image("wing_coarse.png"))
# -- output


# -- cell 10 (0.3s, exit 0)
open("system/surfaceFeatureExtractDict","w").write(head("dictionary","surfaceFeatureExtractDict") + """
wing.stl
{
    extractionMethod    extractFromSurface;
    extractFromSurfaceCoeffs { includedAngle 150; }
    subsetFeatures { nonManifoldEdges no; openEdges yes; }
    writeObj no;
}
""")
r = subprocess.run(["surfaceFeatureExtract","-dict","system/surfaceFeatureExtractDict"], capture_output=True, text=True)
print(r.stdout[-800:], r.stderr[-300:])
print(subprocess.run(["ls","constant/triSurface"],capture_output=True,text=True).stdout)
# -- output
of which
        region edges   : 0
        external edges : 482
        internal edges : 0

Final Feature set:
    points : 480
    of which
        convex             : 4
        concave            : 0
        mixed              : 0
        non-feature        : 476
    edges  : 482
    of which
        external edges     : 482
        internal edges     : 0
        flat edges         : 0
        open edges         : 0
        multiply connected : 0

Writing extendedFeatureEdgeMesh to "/home/qiuzi/.openreynolds-buildup/work/T14-20260914-095747-9aee/t14/constant/extendedFeatureEdgeMesh/wing.extendedFeatureEdgeMesh"

Writing featureEdgeMesh to "/home/qiuzi/.openreynolds-buildup/work/T14-20260914-095747-9aee/t14/constant/triSurface/wing.eMesh"
ExecutionTime = 0 s  ClockTime = 0 s

End

 
farfield.stl
inlet.stl
outlet.stl
root.stl
wing.eMesh
wing.stl

# -- cell 11 (37.5s, exit 0)
snappy2 = snappy.replace("features ();", 'features ( { file "wing.eMesh"; level 5; } );') \
                .replace("level (3 3);", "level (4 5);") \
                .replace("levels ((0.03 2) (0.08 1));", "levels ((0.02 4) (0.06 3) (0.15 2));")
open("system/snappyHexMeshDict","w").write(snappy2)
subprocess.run(["blockMesh","-dict","system/blockMeshDict"], capture_output=True, text=True)
r = subprocess.run(["snappyHexMesh","-dict","system/snappyHexMeshDict","-overwrite"], capture_output=True, text=True)
open("log.snappy","w").write(r.stdout)
print(r.stdout[-1200:]); print("ERR", r.stderr[-300:])
# -- output
) or 20  (boundary) : 0
    faces with interpolation weights (0..1)  < 0.02        : 0
    faces with volume ratio of neighbour cells < 0.01      : 0
    faces with face twist < 0.02                           : 0
    faces on cells with determinant < 0.001                : 0
Snapped mesh : cells:162480  faces:512079  points:187809
Cells per refinement level:
    0	8228
    1	2928
    2	24772
    3	35975
    4	71568
    5	19009
Writing mesh to time constant
Wrote mesh in = 0.41 s.
Mesh snapped in = 16.34 s.
Checking final mesh ...
Checking faces in error :
    non-orthogonality > 65  degrees                        : 0
    faces with face pyramid volume < 1e-13                 : 0
    faces with face-decomposition tet quality < 1e-30      : 0
    faces with concavity > 80  degrees                     : 0
    faces with skewness > 4   (internal) or 20  (boundary) : 0
    faces with interpolation weights (0..1)  < 0.02        : 0
    faces with volume ratio of neighbour cells < 0.01      : 0
    faces with face twist < 0.02                           : 0
    faces on cells with determinant < 0.001                : 0
Finished meshing without any errors
Finished meshing in = 26.2 s.
End


ERR

# -- cell 12 (1.0s, exit 0)
rd2 = pv.OpenFOAMReader("case.foam"); rd2.enable_all_patch_arrays(); m2 = rd2.read()
b2 = m2["boundary"]; w2 = b2["wing"]
print("wing bounds", w2.bounds)
print("wing area", w2.extract_surface(algorithm="dataset_surface").area)
print("patches", list(b2.keys()), [b2[k].n_cells for k in b2.keys()])
pl = pv.Plotter(off_screen=True, window_size=(1100,750), shape=(1,2))
pl.subplot(0,0); pl.add_mesh(w2, color="tan", show_edges=True); pl.add_mesh(b2["root"], color="lightblue", opacity=0.3)
pl.camera_position=[(0.45,-0.45,0.4),(0.06,0,0.1),(0,0,1)]
pl.subplot(0,1)
sl = m2["internalMesh"].slice(normal="z", origin=(0,0,0.1))
pl.add_mesh(sl, color="white", show_edges=True); pl.camera_position="xy"; pl.camera.zoom(1.0)
pl.screenshot("wing_ref.png"); display(Image("wing_ref.png"))
# -- output
wing bounds BoundsTuple(x_min = -1.5054899904498598e-06,
            x_max =  0.11998900026082993,
            y_min = -0.005082909949123859,
            y_max =  0.009504400193691254,
            z_min =  0.0,
            z_max =  0.20001600682735443)
wing area 0.04135925736416915
patches ['inlet', 'outlet', 'root', 'farfield', 'wing'] [252, 252, 3360, 1656, 12984]

[0m[33m2026-09-14 10:01:26.845 (  76.587s) [    70DC2C51C780]vtkOpenGLRenderWindow.c:645   WARN| Failed to load EGL! Please install the EGL library from your distribution's package manager.[0m
[0m[33m2026-09-14 10:01:26.846 (  76.588s) [    70DC2C51C780]vtkOpenGLRenderWindow.c:645   WARN| Failed to load EGL! Please install the EGL library from your distribution's package manager.[0m

# -- cell 13 (1.9s, exit 0)
ws = w2.extract_surface(algorithm="dataset_surface")
for z in [0.002, 0.100, 0.198]:
    c = ws.slice(normal="z", origin=(0,0,z))
    print(f"z={z:.3f}  chord={c.bounds[1]-c.bounds[0]:.5f}  expected={0.120-(0.120-0.080)*z/0.200:.5f}  LE x={c.bounds[0]:+.5f}")
r = subprocess.run(["checkMesh","-constant"], capture_output=True, text=True)
print(r.stdout[-1600:])
# -- output
z=0.002  chord=0.11959  expected=0.11960  LE x=-0.00000
z=0.100  chord=0.09999  expected=0.10000  LE x=-0.00000
z=0.198  chord=0.08039  expected=0.08040  LE x=-0.00000
cted surfaces...
                   Patch    Faces   Points  Surface topology
                   inlet      252      285  ok (non-closed singly connected)
                  outlet      252      285  ok (non-closed singly connected)
                    root     3360     3624  ok (non-closed singly connected)
                farfield     1656     1739  ok (non-closed singly connected)
                    wing    12984    13492  ok (non-closed singly connected)
                    ".*"    18504    19102      ok (closed singly connected)


Checking faceZone topology for multiply connected surfaces...
    No faceZones found.

Checking basic cellZone addressing...
    No cellZones found.

Checking basic pointZone addressing...
               PointZone  PointsBoundingBox
            frozenPoints       0(1e+150 1e+150 1e+150) (-1e+150 -1e+150 -1e+150)

Checking geometry...
    Overall domain bounding box (-0.48 -0.36 0) (0.96 0.36 0.56)
    Mesh has 3 geometric (non-empty/wedge) directions (1 1 1)
    Mesh has 3 solution (non-empty) directions (1 1 1)
    Boundary openness (2.84911e-17 -3.67721e-16 9.49207e-17) OK.
    Max cell openness = 2.77166e-16 OK.
    Max aspect ratio = 4.4181 OK.
    Minimum face area = 2.83907e-07. Maximum face area = 0.00160012.  Face area magnitudes OK.
    Min volume = 3.5445e-10. Max volume = 6.40044e-05.  Total volume = 0.580441.  Cell volumes OK.
    Mesh non-orthogonality Max: 46.9064 average: 7.86515
    Non-orthogonality check OK.
    Face pyramids OK.
    Max skewness = 1.97545 OK.
    Coupled point location match (average 0) OK.

Mesh OK.

End

