# -- cell 1 (2.8s, exit 0)
import os, math
import build123d as bd
from build123d import Box, Cylinder, Pos, Align
from build123d import export_stl
# All dimensions are metres. Requested dimensions:
L, W, H = 0.160, 0.100, 0.040
wall = 0.003
post_d, post_h = 0.010, 0.025
hole_d, hole_depth = 0.004, 0.012
corner_offset = 0.015
vent_w, vent_h, vent_bottom = 0.030, 0.020, 0.010
# Assumptions: vent is centred in y and passes through the x=0 short wall.
vent_y0 = (W - vent_w) / 2
interior = Box(L, W, H, align=(Align.MIN, Align.MIN, Align.MIN))
vent_channel = Pos(-wall, vent_y0, vent_bottom) * Box(wall, vent_w, vent_h, align=(Align.MIN, Align.MIN, Align.MIN))
post_centres = [(corner_offset, corner_offset), (corner_offset, W-corner_offset),
                (L-corner_offset, corner_offset), (L-corner_offset, W-corner_offset)]
posts = [Pos(x, y, 0) * Cylinder(post_d/2, post_h, align=(Align.CENTER, Align.CENTER, Align.MIN)) for x,y in post_centres]
holes = [Pos(x, y, post_h-hole_depth) * Cylinder(hole_d/2, hole_depth, align=(Align.CENTER, Align.CENTER, Align.MIN)) for x,y in post_centres]
all_posts = posts[0] + posts[1] + posts[2] + posts[3]
all_holes = holes[0] + holes[1] + holes[2] + holes[3]
fluid = (interior + vent_channel) - all_posts + all_holes
print(f"internal cavity extents requested/measured: {L:.6f} x {W:.6f} x {H:.6f} m")
print(f"standoff diameter requested/measured: {post_d:.6f} / {2*posts[0].radius_of_gyration(bd.Axis.Z):.6f} m (second value is not diameter; CAD radius check below)")
print(f"post centres: {post_centres}")
print(f"fluid volume: {fluid.volume:.9e} m^3; solids: {len(fluid.solids())}; faces: {len(fluid.faces())}")
os.makedirs('preview', exist_ok=True)
export_stl(fluid, 'preview/fluid_coarse.stl', tolerance=5e-4, angular_tolerance=0.2)
import pyvista as pv
pv.start_xvfb() if hasattr(pv, 'start_xvfb') else None
mesh = pv.read('preview/fluid_coarse.stl')
pl = pv.Plotter(off_screen=True, window_size=(900,650))
pl.add_mesh(mesh, color='lightblue', show_edges=True, opacity=0.88)
pl.camera_position = [(0.24,-0.20,0.16),(0.08,0.05,0.018),(0,0,1)]
pl.add_axes(); pl.show(screenshot='preview/fluid_coarse.png')
print('preview bounds:', mesh.bounds, 'triangles:', mesh.n_cells)
# -- output
internal cavity extents requested/measured: 0.160000 x 0.100000 x 0.040000 m
standoff diameter requested/measured: 0.010000 / 0.043012 m (second value is not diameter; CAD radius check below)
post centres: [(0.015, 0.015), (0.015, 0.085), (0.14500000000000002, 0.015), (0.14500000000000002, 0.085)]
fluid volume: 6.345492042e-04 m^3; solids: 1; faces: 27
preview bounds: BoundsTuple(x_min = -0.003000000026077032,
            x_max =  0.1599999964237213,
            y_min =  0.0,
            y_max =  0.10000000149011612,
            z_min =  0.0,
            z_max =  0.03999999910593033) triangles: 2300

/home/qiuzi/miniforge3/lib/python3.13/site-packages/tqdm/auto.py:21: TqdmWarning: IProgress not found. Please update jupyter and ipywidgets. See https://ipywidgets.readthedocs.io/en/stable/user_install.html
  from .autonotebook import tqdm as notebook_tqdm
[0m[33m2026-09-17 02:52:12.656 (   0.277s) [    7DEB0EFFB780]vtkXOpenGLRenderWindow.:1460  WARN| bad X server connection. DISPLAY=[0m
[0m[33m2026-09-17 02:52:12.657 (   0.277s) [    7DEB0EFFB780]vtkOpenGLRenderWindow.c:645   WARN| Failed to load EGL! Please install the EGL library from your distribution's package manager.[0m
[0m[33m2026-09-17 02:52:12.670 (   0.291s) [    7DEB0EFFB780]vtkOpenGLRenderWindow.c:645   WARN| Failed to load EGL! Please install the EGL library from your distribution's package manager.[0m
/tmp/ipykernel_1991262/1326917285.py:35: UserWarning: Using static image for notebook display.
Install trame for interactive backends: pip install "pyvista[jupyter]"
  pl.add_axes(); pl.show(screenshot='preview/fluid_coarse.png')

# -- cell 2 (0.1s, exit 0)
print('Face inventory (SI units):')
for i,f in enumerate(fluid.faces()):
    c=f.center(); gt=f.geom_type
    try: n=f.normal_at()
    except Exception: n=None
    print(i, gt, f'area={f.area:.9g}', f'c=({c.X:.5f},{c.Y:.5f},{c.Z:.5f})', 'n=', n)
# Direct requested-vs-CAD measurements from the construction operands.
post_bounds = posts[0].bounding_box(); hole_bounds = holes[0].bounding_box(); vent_bounds=vent_channel.bounding_box()
post_d_meas = post_bounds.max.X-post_bounds.min.X
post_h_meas = post_bounds.max.Z-post_bounds.min.Z
hole_d_meas = hole_bounds.max.X-hole_bounds.min.X
hole_depth_meas = hole_bounds.max.Z-hole_bounds.min.Z
print(f'post diameter requested/measured: {post_d:.6f}/{post_d_meas:.6f} m')
print(f'post height requested/measured: {post_h:.6f}/{post_h_meas:.6f} m')
print(f'hole diameter requested/measured: {hole_d:.6f}/{hole_d_meas:.6f} m')
print(f'hole depth requested/measured: {hole_depth:.6f}/{hole_depth_meas:.6f} m')
print(f'vent width x height requested/measured: {vent_w:.6f}x{vent_h:.6f}/{vent_bounds.max.Y-vent_bounds.min.Y:.6f}x{vent_bounds.max.Z-vent_bounds.min.Z:.6f} m')
# -- output
Face inventory (SI units):
0 GeomType.PLANE area=0.0034 c=(0.00000,0.05000,0.02000) n= Vector: (X=-1, Y=0, Z=0)
1 GeomType.PLANE area=0.0064 c=(0.08000,0.00000,0.02000) n= Vector: (X=0, Y=-1, Z=0)
2 GeomType.PLANE area=0.016 c=(0.08000,0.05000,0.04000) n= Vector: (X=0, Y=0, Z=1)
3 GeomType.PLANE area=0.0156858407 c=(0.08000,0.05000,0.00000) n= Vector: (X=0, Y=0, Z=-1)
4 GeomType.PLANE area=0.0064 c=(0.08000,0.10000,0.02000) n= Vector: (X=0, Y=1, Z=0)
5 GeomType.PLANE area=6e-05 c=(-0.00150,0.03500,0.02000) n= Vector: (X=0, Y=-1, Z=0)
6 GeomType.PLANE area=9e-05 c=(-0.00150,0.05000,0.01000) n= Vector: (X=0, Y=0, Z=-1)
7 GeomType.PLANE area=6e-05 c=(-0.00150,0.06500,0.02000) n= Vector: (X=0, Y=1, Z=0)
8 GeomType.PLANE area=9e-05 c=(-0.00150,0.05000,0.03000) n= Vector: (X=0, Y=0, Z=1)
9 GeomType.PLANE area=0.004 c=(0.16000,0.05000,0.02000) n= Vector: (X=1, Y=0, Z=0)
10 GeomType.CYLINDER area=0.000785398163 c=(0.01000,0.01500,0.01250) n= Vector: (X=1, Y=0, Z=0)
11 GeomType.CYLINDER area=0.000785398163 c=(0.14000,0.01500,0.01250) n= Vector: (X=1, Y=0, Z=0)
12 GeomType.CYLINDER area=0.000785398163 c=(0.01000,0.08500,0.01250) n= Vector: (X=1, Y=0, Z=0)
13 GeomType.CYLINDER area=0.000785398163 c=(0.14000,0.08500,0.01250) n= Vector: (X=1, Y=0, Z=0)
14 GeomType.PLANE area=0.0006 c=(-0.00300,0.05000,0.02000) n= Vector: (X=-1, Y=0, Z=0)
15 GeomType.PLANE area=6.59734457e-05 c=(0.01500,0.01500,0.02500) n= Vector: (X=0, Y=0, Z=-1)
16 GeomType.PLANE area=6.59734457e-05 c=(0.14500,0.01500,0.02500) n= Vector: (X=0, Y=0, Z=-1)
17 GeomType.PLANE area=6.59734457e-05 c=(0.01500,0.08500,0.02500) n= Vector: (X=0, Y=0, Z=-1)
18 GeomType.PLANE area=6.59734457e-05 c=(0.14500,0.08500,0.02500) n= Vector: (X=0, Y=0, Z=-1)
19 GeomType.CYLINDER area=0.000150796447 c=(0.01300,0.01500,0.01900) n= Vector: (X=-1, Y=0, Z=0)
20 GeomType.CYLINDER area=0.000150796447 c=(0.14300,0.01500,0.01900) n= Vector: (X=-1, Y=0, Z=0)
21 GeomType.CYLINDER area=0.000150796447 c=(0.01300,0.08500,0.01900) n= Vector: (X=-1, Y=0, Z=0)
22 GeomType.CYLINDER area=0.000150796447 c=(0.14300,0.08500,0.01900) n= Vector: (X=-1, Y=0, Z=0)
23 GeomType.PLANE area=1.25663706e-05 c=(0.01500,0.01500,0.01300) n= Vector: (X=0, Y=0, Z=-1)
24 GeomType.PLANE area=1.25663706e-05 c=(0.14500,0.01500,0.01300) n= Vector: (X=0, Y=0, Z=-1)
25 GeomType.PLANE area=1.25663706e-05 c=(0.01500,0.08500,0.01300) n= Vector: (X=0, Y=0, Z=-1)
26 GeomType.PLANE area=1.25663706e-05 c=(0.14500,0.08500,0.01300) n= Vector: (X=0, Y=0, Z=-1)
post diameter requested/measured: 0.010000/0.010000 m
post height requested/measured: 0.025000/0.025000 m
hole diameter requested/measured: 0.004000/0.004000 m
hole depth requested/measured: 0.012000/0.012000 m
vent width x height requested/measured: 0.030000x0.020000/0.030000x0.020000 m

# -- cell 3 (0.1s, exit 0)
import sys, inspect
sys.path.insert(0, '.reference')
from cad_export import export_patches
print(inspect.signature(export_patches))
print(export_patches.__doc__)
# -- output
(shape, patches: 'dict', out_dir='constant/triSurface', *, tolerance: 'float | None' = None, angular_tolerance: 'float' = 0.1, location_in_mesh=None, binary: 'bool' = True, clean: 'bool' = True, quiet: 'bool' = False) -> 'dict'
One shape to one STL per named patch, tessellated once, with the numbers printed.

    export_patches(fluid, {"inlet": ins, "outlet": outs, "walls": ...},
                   tolerance=2.5e-4)

`shape`      one build123d shape -- the solid whose surface is the mesh boundary.
`patches`    patch name -> the faces of `shape` in it. Exactly one patch may be
             `...`, meaning every face the others did not name.
`out_dir`    `constant/triSurface` unless you say otherwise.
`tolerance`  max chord deviation in **metres**: how far a facet may sit from the
             surface it stands for. Follow the mesh -- roughly a quarter of the
             finest surface cell -- and no default is offered, because faceting
             coarser than the mesh becomes the geometry and reaches the pressure
             field looking like physics.
`clean`      clear STLs this call did not write out of `out_dir`. A file left from
             an abandoned route is welded in by every downstream reader as though
             it were part of the surface.

Returns the report and prints it. Raises `Refused` -- never a silent guess.

# -- cell 4 (0.3s, exit 0)
faces = list(fluid.faces())
# These groups follow the boolean construction inventory above, not a bounding-box query.
open_top_faces = [faces[2]]
vent_faces = [faces[14]]                       # outer face of vent_channel
wall_floor_faces = [faces[i] for i in [0,1,3,4,5,6,7,8,9]]
standoff_outer_faces = [faces[i] for i in [10,11,12,13,15,16,17,18]]
blind_hole_faces = [faces[i] for i in [19,20,21,22,23,24,25,26]]
patch_report = export_patches(
    fluid,
    {'open_top': open_top_faces,
     'vent': vent_faces,
     'enclosure_walls_floor': wall_floor_faces,
     'standoff_outer': standoff_outer_faces,
     'blind_holes': blind_hole_faces},
    out_dir='constant/triSurface', tolerance=2.5e-4, angular_tolerance=0.1,
    location_in_mesh=(0.080,0.050,0.035))
print(patch_report)
# -- output
constant/triSurface  <-  27 faces, one tessellation
  tolerance           0.00025 m chord deviation, 0.1 rad angular
    open_top                  1 faces          2 triangles  0.016 m^2  -> open_top.stl
    vent                      1 faces          2 triangles  0.0006 m^2  -> vent.stl
    enclosure_walls_floor     9 faces        536 triangles  0.036186 m^2  -> enclosure_walls_floor.stl
    standoff_outer            8 faces      2,016 triangles  0.00340505 m^2  -> standoff_outer.stl
    blind_holes               8 faces      1,504 triangles  0.000653368 m^2  -> blind_holes.stl
  extent              0.163 x 0.1 x 0.04 m   <- metres, so check these against the request
  union               4,060 triangles, 0 open edges, 0 flipped, 0 non-manifold
  location_in_mesh    0.08, 0.05, 0.035
  manifest            constant/triSurface/patches.json
{'out_dir': 'constant/triSurface', 'tolerance': 0.00025, 'angular_tolerance': 0.1, 'faces': 27, 'removed': [], 'patches': [{'name': 'open_top', 'file': 'open_top.stl', 'faces': 1, 'triangles': 2, 'area_m2': 0.015999999880790705, 'degenerate_dropped': 0, 'bytes': 184}, {'name': 'vent', 'file': 'vent.stl', 'faces': 1, 'triangles': 2, 'area_m2': 0.000599999935925008, 'degenerate_dropped': 0, 'bytes': 184}, {'name': 'enclosure_walls_floor', 'file': 'enclosure_walls_floor.stl', 'faces': 9, 'triangles': 536, 'area_m2': 0.03618597020618457, 'degenerate_dropped': 0, 'bytes': 26884}, {'name': 'standoff_outer', 'file': 'standoff_outer.stl', 'faces': 8, 'triangles': 2016, 'area_m2': 0.0034050517076252146, 'degenerate_dropped': 0, 'bytes': 100884}, {'name': 'blind_holes', 'file': 'blind_holes.stl', 'faces': 8, 'triangles': 1504, 'area_m2': 0.0006533679324075471, 'degenerate_dropped': 0, 'bytes': 75284}], 'triangles': 4060, 'degenerate_dropped': 0, 'area_m2': 0.056844389662933044, 'bounds_m': [-0.003000000026, 0.0, 0.0, 0.159999996424, 0.10000000149, 0.039999999106], 'extent_m': [0.16299999645, 0.10000000149, 0.039999999106], 'union': {'vertices': 2032, 'open_edges': 0, 'non_manifold_edges': 0, 'flipped_edges': 0}, 'location_in_mesh': [0.08, 0.05, 0.035], 'manifest': 'constant/triSurface/patches.json'}

# -- cell 5 (0.1s, exit 0)
from pathlib import Path
Path('system').mkdir(exist_ok=True); Path('constant').mkdir(exist_ok=True)
header=lambda cls,obj: f'''FoamFile\n{{\n    format ascii;\n    class {cls};\n    object {obj};\n}}\n'''
block = header('dictionary','blockMeshDict') + '''convertToMeters 1;\nvertices\n(\n (-0.008 -0.004 -0.004)\n ( 0.168 -0.004 -0.004)\n ( 0.168  0.108 -0.004)\n (-0.008  0.108 -0.004)\n (-0.008 -0.004  0.044)\n ( 0.168 -0.004  0.044)\n ( 0.168  0.108  0.044)\n (-0.008  0.108  0.044)\n);\nblocks ( hex (0 1 2 3 4 5 6 7) (22 14 6) simpleGrading (1 1 1) );\nedges ();\nboundary\n(\n background { type patch; faces ((0 4 7 3)(1 2 6 5)(0 1 5 4)(3 7 6 2)(0 3 2 1)(4 5 6 7)); }\n);\nmergePatchPairs ();\n'''
Path('system/blockMeshDict').write_text(block)
tri_names=['open_top','vent','enclosure_walls_floor','standoff_outer','blind_holes']
geom='\n'.join([f'''    {n}.stl\n    {{\n        type triSurfaceMesh;\n        name {n};\n    }}''' for n in tri_names])
refs=[]
for n in tri_names:
    lev='(2 3)' if n in ('standoff_outer','blind_holes') else '(1 2)'
    typ='patch' if n in ('open_top','vent') else 'wall'
    refs.append(f'''        {n}\n        {{\n            level {lev};\n            patchInfo {{ type {typ}; }}\n        }}''')
snappy=header('dictionary','snappyHexMeshDict')+f'''castellatedMesh true;\nsnap true;\naddLayers false;\ngeometry\n{{\n{geom}\n}}\ncastellatedMeshControls\n{{\n    maxLocalCells 200000;\n    maxGlobalCells 500000;\n    minRefinementCells 0;\n    nCellsBetweenLevels 2;\n    features ();\n    refinementSurfaces\n    {{\n{chr(10).join(refs)}\n    }}\n    resolveFeatureAngle 30;\n    refinementRegions {{}}\n    locationInMesh (0.080 0.050 0.035);\n    allowFreeStandingZoneFaces true;\n}}\nsnapControls\n{{\n    nSmoothPatch 3;\n    tolerance 2.0;\n    nSolveIter 50;\n    nRelaxIter 5;\n    nFeatureSnapIter 10;\n    implicitFeatureSnap true;\n    explicitFeatureSnap false;\n    multiRegionFeatureSnap false;\n}}\naddLayersControls {{ relativeSizes true; layers {{}} expansionRatio 1.0; finalLayerThickness 0.3; minThickness 0.1; nGrow 0; featureAngle 60; nRelaxIter 3; nSmoothSurfaceNormals 1; nSmoothNormals 3; nSmoothThickness 10; maxFaceThicknessRatio 0.5; maxThicknessToMedialRatio 0.3; minMedialAxisAngle 90; nBufferCellsNoExtrude 0; nLayerIter 50; }}\nmeshQualityControls\n{{\n    #include \"meshQualityDict\"\n}}\ndebug 0;\nmergeTolerance 1e-6;\n'''
Path('system/snappyHexMeshDict').write_text(snappy)
control=header('dictionary','controlDict')+'''application snappyHexMesh;\nstartFrom startTime; startTime 0; stopAt endTime; endTime 1; deltaT 1; writeControl timeStep; writeInterval 1; purgeWrite 0; writeFormat ascii; writePrecision 8; writeCompression off; timeFormat general; timePrecision 6; runTimeModifiable true;\n'''
Path('system/controlDict').write_text(control)
print('Wrote blockMeshDict, snappyHexMeshDict, controlDict; background cells =',22*14*6)
# -- output
Wrote blockMeshDict, snappyHexMeshDict, controlDict; background cells = 1848

# -- cell 6 (0.3s, exit 0)
import subprocess
r=subprocess.run(['blockMesh'], text=True, capture_output=True)
print(r.stdout[-2500:]); print(r.stderr[-500:]); print('returncode',r.returncode)
# -- output
=========                 |                                                 |
| \\      /  F ield         | OpenFOAM: The Open Source CFD Toolbox           |
|  \\    /   O peration     | Version:  2512                                  |
|   \\  /    A nd           | Website:  www.openfoam.com                      |
|    \\/     M anipulation  |                                                 |
\*---------------------------------------------------------------------------*/
Build  : _87ed40d2-20251219 OPENFOAM=2512 version=2512
Arch   : "LSB;label=32;scalar=64"
Exec   : blockMesh
Date   : Sep 17 2026
Time   : 02:52:58
Host   : yc-demo
PID    : 1993898
--> FOAM Warning : 
    From Foam::fileName Foam::cwd_L()
    in file POSIX.C at line 554
    PWD is not the cwd() - reverting to physical description
I/O    : uncollated
--> FOAM Warning : 
    From Foam::fileName Foam::cwd_L()
    in file POSIX.C at line 554
    PWD is not the cwd() - reverting to physical description
Case   : /home/qiuzi/.openreynolds-buildup/work/T21-20260917-025146-daf4/t21
nProcs : 1
trapFpe: Floating point exception trapping enabled (FOAM_SIGFPE).
memory pool : not available
fileModificationChecking : Monitoring run-time modified files using timeStampMaster (fileModificationSkew 5, maxFileModificationPolls 20)
allowSystemOperations : Allowing user-supplied system call operations

// * * * * * * * * * * * * * * * * * * * * * * * * * * * * * * * * * * * * * //
Create time

Creating block mesh from "system/blockMeshDict"
Creating block edges
No non-planar block faces defined
Creating topology blocks

Creating topology patches - from boundary section

Creating block mesh topology

Check topology

	Basic statistics
		Number of internal faces : 0
		Number of boundary faces : 6
		Number of defined boundary faces : 6
		Number of undefined boundary faces : 0
	Checking patch -> block consistency

Creating block offsets
Creating merge list (topological search)...

Creating polyMesh from blockMesh
Creating patches
Creating cells
Creating points with scale (1 1 1)
    Block 0 cell size :
        i : 0.008 .. 0.008
        j : 0.008 .. 0.008
        k : 0.008 .. 0.008

No patch pairs to merge

Writing polyMesh with 0 cellZones
----------------
Mesh Information
----------------
  boundingBox: (-0.008 -0.004 -0.004) (0.168 0.108 0.044)
  nPoints: 2415
  nCells: 1848
  nFaces: 6068
  nInternalFaces: 5020
----------------
Patches
----------------
  patch 0 (start: 5020 size: 1048) name: background

End


--> FOAM IOWarning :
    Found [v1012] 'convertToMeters' entry instead of 'scale' in dictionary "system/blockMeshDict"

    This keyword is 180 months old.


returncode 0

# -- cell 7 (0.1s, exit 0)
quality='''maxNonOrtho 65;\nmaxBoundarySkewness 20;\nmaxInternalSkewness 4;\nmaxConcave 80;\nminVol 1e-13;\nminTetQuality 1e-30;\nminArea -1;\nminTwist 0.02;\nminDeterminant 0.001;\nminFaceWeight 0.02;\nminVolRatio 0.01;\nminTriangleTwist -1;\nnSmoothScale 4;\nerrorReduction 0.75;\nrelaxed\n{\n    maxNonOrtho 75;\n}\n'''
Path('system/meshQualityDict').write_text(quality)
print(Path('system/meshQualityDict').read_text())
# -- output
maxNonOrtho 65;
maxBoundarySkewness 20;
maxInternalSkewness 4;
maxConcave 80;
minVol 1e-13;
minTetQuality 1e-30;
minArea -1;
minTwist 0.02;
minDeterminant 0.001;
minFaceWeight 0.02;
minVolRatio 0.01;
minTriangleTwist -1;
nSmoothScale 4;
errorReduction 0.75;
relaxed
{
    maxNonOrtho 75;
}

# -- cell 8 (0.3s, exit 0)
r=subprocess.run(['snappyHexMesh','-overwrite'], text=True, capture_output=True)
Path('log.snappyHexMesh').write_text(r.stdout+r.stderr)
print((r.stdout+r.stderr)[-5000:]); print('returncode',r.returncode)
# -- output
/*---------------------------------------------------------------------------*\
| =========                 |                                                 |
| \\      /  F ield         | OpenFOAM: The Open Source CFD Toolbox           |
|  \\    /   O peration     | Version:  2512                                  |
|   \\  /    A nd           | Website:  www.openfoam.com                      |
|    \\/     M anipulation  |                                                 |
\*---------------------------------------------------------------------------*/
Build  : _87ed40d2-20251219 OPENFOAM=2512 version=2512
Arch   : "LSB;label=32;scalar=64"
Exec   : snappyHexMesh -overwrite
Date   : Sep 17 2026
Time   : 02:53:07
Host   : yc-demo
PID    : 1994706
--> FOAM Warning : 
    From Foam::fileName Foam::cwd_L()
    in file POSIX.C at line 554
    PWD is not the cwd() - reverting to physical description
I/O    : uncollated
--> FOAM Warning : 
    From Foam::fileName Foam::cwd_L()
    in file POSIX.C at line 554
    PWD is not the cwd() - reverting to physical description
Case   : /home/qiuzi/.openreynolds-buildup/work/T21-20260917-025146-daf4/t21
nProcs : 1
trapFpe: Floating point exception trapping enabled (FOAM_SIGFPE).
memory pool : not available
fileModificationChecking : Monitoring run-time modified files using timeStampMaster (fileModificationSkew 5, maxFileModificationPolls 20)
allowSystemOperations : Allowing user-supplied system call operations

// * * * * * * * * * * * * * * * * * * * * * * * * * * * * * * * * * * * * * //
Create time

Create mesh for time = 0


--> FOAM FATAL ERROR: (openfoam-2512)
cannot find file "/home/qiuzi/.openreynolds-buildup/work/T21-20260917-025146-daf4/t21/system/fvSchemes"

    From virtual Foam::autoPtr<Foam::ISstream> Foam::fileOperations::uncollatedFileOperation::readStream(Foam::regIOobject&, const Foam::fileName&, const Foam::word&, bool) const
    in file global/fileOperations/uncollatedFileOperation/uncollatedFileOperation.C at line 629.

FOAM exiting


returncode 1

# -- cell 9 (10.1s, exit 0)
fvsch=header('dictionary','fvSchemes')+'''ddtSchemes { default Euler; }\ngradSchemes { default Gauss linear; }\ndivSchemes { default none; }\nlaplacianSchemes { default Gauss linear corrected; }\ninterpolationSchemes { default linear; }\nsnGradSchemes { default corrected; }\nwallDist { method meshWave; }\n'''
fvsol=header('dictionary','fvSolution')+'''solvers {}\n'''
Path('system/fvSchemes').write_text(fvsch); Path('system/fvSolution').write_text(fvsol)
r=subprocess.run(['snappyHexMesh','-overwrite'], text=True, capture_output=True)
Path('log.snappyHexMesh').write_text(r.stdout+r.stderr)
print((r.stdout+r.stderr)[-6000:]); print('returncode',r.returncode)
# -- output
ty > 80  degrees                     : 0
    faces with skewness > 4   (internal) or 20  (boundary) : 0
    faces with interpolation weights (0..1)  < 0.02        : 0
    faces with volume ratio of neighbour cells < 0.01      : 0
    faces with face twist < 0.02                           : 0
    faces on cells with determinant < 0.001                : 0

Iteration 2
Moving mesh using displacement scaling : min:0.5625 max:1
Checking faces in error :
    non-orthogonality > 65  degrees                        : 0
    faces with face pyramid volume < 1e-13                 : 0
    faces with face-decomposition tet quality < 1e-30      : 8
    faces with concavity > 80  degrees                     : 0
    faces with skewness > 4   (internal) or 20  (boundary) : 0
    faces with interpolation weights (0..1)  < 0.02        : 0
    faces with volume ratio of neighbour cells < 0.01      : 0
    faces with face twist < 0.02                           : 0
    faces on cells with determinant < 0.001                : 0

Iteration 3
Moving mesh using displacement scaling : min:0.421875 max:1
Checking faces in error :
    non-orthogonality > 65  degrees                        : 0
    faces with face pyramid volume < 1e-13                 : 0
    faces with face-decomposition tet quality < 1e-30      : 4
    faces with concavity > 80  degrees                     : 0
    faces with skewness > 4   (internal) or 20  (boundary) : 0
    faces with interpolation weights (0..1)  < 0.02        : 0
    faces with volume ratio of neighbour cells < 0.01      : 0
    faces with face twist < 0.02                           : 0
    faces on cells with determinant < 0.001                : 0

Iteration 4
Moving mesh using displacement scaling : min:0.31640625 max:1
Checking faces in error :
    non-orthogonality > 65  degrees                        : 0
    faces with face pyramid volume < 1e-13                 : 0
    faces with face-decomposition tet quality < 1e-30      : 0
    faces with concavity
... 13 characters cut ...
s                     : 0
    faces with skewness > 4   (internal) or 20  (boundary) : 0
    faces with interpolation weights (0..1)  < 0.02        : 0
    faces with volume ratio of neighbour cells < 0.01      : 0
    faces with face twist < 0.02                           : 4
    faces on cells with determinant < 0.001                : 0

Iteration 5
Displacement scaling for error reduction set to 0.
Moving mesh using displacement scaling : min:0.23730469 max:1
Checking faces in error :
    non-orthogonality > 65  degrees                        : 0
    faces with face pyramid volume < 1e-13                 : 0
    faces with face-decomposition tet quality < 1e-30      : 0
    faces with concavity > 80  degrees                     : 0
    faces with skewness > 4   (internal) or 20  (boundary) : 0
    faces with interpolation weights (0..1)  < 0.02        : 0
    faces with volume ratio of neighbour cells < 0.01      : 0
    faces with face twist < 0.02                           : 0
    faces on cells with determinant < 0.001                : 0
Successfully moved mesh
Moved mesh in = 0.25 s


Repatching faces according to nearest surface ...
Repatched 4 faces in = 0.07 s


Edge intersection testing:
    Number of edges             : 101282
    Number of edges to retest   : 46039
    Number of intersected edges : 12574
Merging 1184 sets of faces.

Edge intersection testing:
    Number of edges             : 100098
    Number of edges to retest   : 4608
    Number of intersected edges : 11390

Undo iteration 0
----------------
Checking faces in error :
    non-orthogonality > 65  degrees                        : 0
    faces with face pyramid volume < 1e-13                 : 0
    faces with face-decomposition tet quality < 1e-30      : 0
    faces with concavity > 80  degrees                     : 0
    faces with skewness > 4   (internal) or 20  (boundary) : 0
    faces with interpolation weights (0..1)  < 0.02        : 0
    faces with volume ratio of neighbour cells < 0.01      : 0
    faces with face twist < 0.02                           : 0
    faces on cells with determinant < 0.001                : 0

Merging all points on surface that
- are used by only two boundary faces and
- make an angle with a cosine of more than 0.8660254.

Removing 1182 straight edge points ...

Edge intersection testing:
    Number of edges             : 100098
    Number of edges to retest   : 4608
    Number of intersected edges : 11390

Undo iteration 0
----------------
Checking faces in error :
    non-orthogonality > 65  degrees                        : 0
    faces with face pyramid volume < 1e-13                 : 0
    faces with face-decomposition tet quality < 1e-30      : 0
    faces with concavity > 80  degrees                     : 0
    faces with skewness > 4   (internal) or 20  (boundary) : 0
    faces with interpolation weights (0..1)  < 0.02        : 0
    faces with volume ratio of neighbour cells < 0.01      : 0
    faces with face twist < 0.02                           : 0
    faces on cells with determinant < 0.001                : 0
Snapped mesh : cells:29729  faces:100098  points:41014
Cells per refinement level:
    0	268
    1	6101
    2	11808
    3	11552
Writing mesh to time constant
Wrote mesh in = 0.08 s.
Mesh snapped in = 4.98 s.
Checking final mesh ...
Checking faces in error :
    non-orthogonality > 65  degrees                        : 0
    faces with face pyramid volume < 1e-13                 : 0
    faces with face-decomposition tet quality < 1e-30      : 0
    faces with concavity > 80  degrees                     : 0
    faces with skewness > 4   (internal) or 20  (boundary) : 0
    faces with interpolation weights (0..1)  < 0.02        : 0
    faces with volume ratio of neighbour cells < 0.01      : 0
    faces with face twist < 0.02                           : 0
    faces on cells with determinant < 0.001                : 0
Finished meshing without any errors
Finished meshing in = 9.87 s.
End


returncode 0

# -- cell 10 (0.4s, exit 0)
r=subprocess.run(['checkMesh'], text=True, capture_output=True)
Path('log.checkMesh').write_text(r.stdout+r.stderr)
print(r.stdout[-5000:]); print(r.stderr[-500:]); print('returncode',r.returncode)
print('\nBoundary file patches:')
print(Path('constant/polyMesh/boundary').read_text())
# -- output
/*---------------------------------------------------------------------------*\
| =========                 |                                                 |
| \\      /  F ield         | OpenFOAM: The Open Source CFD Toolbox           |
|  \\    /   O peration     | Version:  2512                                  |
|   \\  /    A nd           | Website:  www.openfoam.com                      |
|    \\/     M anipulation  |                                                 |
\*---------------------------------------------------------------------------*/
Build  : _87ed40d2-20251219 OPENFOAM=2512 version=2512
Arch   : "LSB;label=32;scalar=64"
Exec   : checkMesh
Date   : Sep 17 2026
Time   : 02:53:24
Host   : yc-demo
PID    : 1995476
--> FOAM Warning : 
    From Foam::fileName Foam::cwd_L()
    in file POSIX.C at line 554
    PWD is not the cwd() - reverting to physical description
I/O    : uncollated
--> FOAM Warning : 
    From Foam::fileName Foam::cwd_L()
    in file POSIX.C at line 554
    PWD is not the cwd() - reverting to physical description
Case   : /home/qiuzi/.openreynolds-buildup/work/T21-20260917-025146-daf4/t21
nProcs : 1
trapFpe: Floating point exception trapping enabled (FOAM_SIGFPE).
memory pool : not available
fileModificationChecking : Monitoring run-time modified files using timeStampMaster (fileModificationSkew 5, maxFileModificationPolls 20)
allowSystemOperations : Allowing user-supplied system call operations

// * * * * * * * * * * * * * * * * * * * * * * * * * * * * * * * * * * * * * //
Create time

--> FOAM Warning : 
    From static Foam::instantList Foam::timeSelector::select0(Foam::Time&, const Foam::argList&)
    in file db/Time/timeSelector.C at line 284
    No time specified or available, selecting 'constant'
Create mesh for time = constant

Check mesh...

Time = constant

Mesh stats 
    points:           41014
    faces:            100098
    internal faces:   88708
    cells:            29729
    faces per cell:   6.3509032
    bounda
... 40 characters cut ...
  face zones:       0
    cell zones:       0

Overall number of cells of each type:
    hexahedra:     24543
    prisms:        1118
    wedges:        0
    pyramids:      0
    tet wedges:    0
    tetrahedra:    0
    polyhedra:     4068
    Breakdown of polyhedra by number of faces:
        faces   number of cells
            5   66
            6   1198
            9   1847
           12   856
           15   91
           18   10

Checking topology...
    Boundary definition OK.
    Cell to face addressing OK.
    Point usage OK.
    Upper triangular ordering OK.
    Face vertices OK.
    Number of regions: 1 (OK).

Checking patch topology for multiply connected surfaces...
                   Patch    Faces   Points  Surface topology
                open_top     1732     1920  ok (non-closed singly connected)
                    vent      136      161  ok (non-closed singly connected)
    enclosure_walls_floor     5618     6078  ok (non-closed singly connected)
          standoff_outer     3472     3584  ok (non-closed singly connected)
             blind_holes      432      470  ok (non-closed singly connected)
                    ".*"    11390    11713      ok (closed singly connected)


Checking faceZone topology for multiply connected surfaces...
    No faceZones found.

Checking basic cellZone addressing...
    No cellZones found.

Checking basic pointZone addressing...
               PointZone  PointsBoundingBox
            frozenPoints       0(1e+150 1e+150 1e+150) (-1e+150 -1e+150 -1e+150)

Checking geometry...
    Overall domain bounding box (-0.003022905 -1.6940659e-21 -1.6940659e-21) (0.16 0.1 0.039999999)
    Mesh has 3 geometric (non-empty/wedge) directions (1 1 1)
    Mesh has 3 solution (non-empty) directions (1 1 1)
    Boundary openness (-2.7075749e-18 7.1772164e-17 -6.3514806e-17) OK.
    Max cell openness = 3.9816223e-16 OK.
    Max aspect ratio = 3.0342061 OK.
    Minimum face area = 3.7879429e-07. Maximum face area = 6.8464987e-05.  Face area magnitudes OK.
    Min volume = 3.6237145e-10. Max volume = 5.5248395e-07.  Total volume = 0.00063455374.  Cell volumes OK.
    Mesh non-orthogonality Max: 36.029389 average: 10.421805
    Non-orthogonality check OK.
    Face pyramids OK.
    Max skewness = 1.2880459 OK.
    Coupled point location match (average 0) OK.

Mesh OK.

End



returncode 0

Boundary file patches:
/*--------------------------------*- C++ -*----------------------------------*\
| =========                 |                                                 |
| \\      /  F ield         | OpenFOAM: The Open Source CFD Toolbox           |
|  \\    /   O peration     | Version:  2512                                  |
|   \\  /    A nd           | Website:  www.openfoam.com                      |
|    \\/     M anipulation  |                                                 |
\*---------------------------------------------------------------------------*/
FoamFile
{
    version     2.0;
    format      ascii;
    arch        "LSB;label=32;scalar=64";
    class       polyBoundaryMesh;
    location    "constant/polyMesh";
    object      boundary;
}
// * * * * * * * * * * * * * * * * * * * * * * * * * * * * * * * * * * * * * //

5
(
    open_top
    {
        type            patch;
        nFaces          1732;
        startFace       88708;
    }
    vent
    {
        type            patch;
        nFaces          136;
        startFace       90440;
    }
    enclosure_walls_floor
    {
        type            wall;
        inGroups        1(wall);
        nFaces          5618;
        startFace       90576;
    }
    standoff_outer
    {
        type            wall;
        inGroups        1(wall);
        nFaces          3472;
        startFace       96194;
    }
    blind_holes
    {
        type            wall;
        inGroups        1(wall);
        nFaces          432;
        startFace       99666;
    }
)

// ************************************************************************* //

# -- cell 11 (0.5s, exit 0)
r=subprocess.run(['foamToVTK','-constant','-no-fields'], text=True, capture_output=True)
print((r.stdout+r.stderr)[-1500:], 'returncode',r.returncode)
for p in Path('VTK').rglob('*'):
    if p.is_file(): print(p)
# -- output
2 version=2512
Arch   : "LSB;label=32;scalar=64"
Exec   : foamToVTK -constant -no-fields
Date   : Sep 17 2026
Time   : 02:53:29
Host   : yc-demo
PID    : 1996421
--> FOAM Warning : 
    From Foam::fileName Foam::cwd_L()
    in file POSIX.C at line 554
    PWD is not the cwd() - reverting to physical description
I/O    : uncollated
--> FOAM Warning : 
    From Foam::fileName Foam::cwd_L()
    in file POSIX.C at line 554
    PWD is not the cwd() - reverting to physical description
Case   : /home/qiuzi/.openreynolds-buildup/work/T21-20260917-025146-daf4/t21
nProcs : 1
trapFpe: Floating point exception trapping enabled (FOAM_SIGFPE).
memory pool : not available
fileModificationChecking : Monitoring run-time modified files using timeStampMaster (fileModificationSkew 5, maxFileModificationPolls 20)
allowSystemOperations : Allowing user-supplied system call operations

// * * * * * * * * * * * * * * * * * * * * * * * * * * * * * * * * * * * * * //
Field conversion disabled with the '-no-fields' option
Create time

Initial memory 223680 kB
Create mesh for time = constant

VTK mesh topology: 0.09 s, 230120 kB
Time: constant
    Internal  : "VTK/t21_0/internal.vtu"
    Boundary  : "VTK/t21_0/boundary/open_top.vtp"
    Boundary  : "VTK/t21_0/boundary/vent.vtp"
    Boundary  : "VTK/t21_0/boundary/enclosure_walls_floor.vtp"
    Boundary  : "VTK/t21_0/boundary/standoff_outer.vtp"
    Boundary  : "VTK/t21_0/boundary/blind_holes.vtp"
Wrote in 0.11 s, 249860 kB

End: 0.2 s, 285784 kB (peak)

 returncode 0
VTK/t21.vtm.series
VTK/t21_0.vtm
VTK/t21_0/boundary.vtm
VTK/t21_0/internal.vtu
VTK/t21_0/boundary/standoff_outer.vtp
VTK/t21_0/boundary/open_top.vtp
VTK/t21_0/boundary/vent.vtp
VTK/t21_0/boundary/enclosure_walls_floor.vtp
VTK/t21_0/boundary/blind_holes.vtp

# -- cell 12 (0.4s, exit 0)
import pyvista as pv
base=Path('VTK/t21_0/boundary')
colors={'open_top':'skyblue','vent':'limegreen','enclosure_walls_floor':'lightgray','standoff_outer':'orange','blind_holes':'crimson'}
opac={'open_top':0.12,'vent':1.0,'enclosure_walls_floor':0.18,'standoff_outer':1.0,'blind_holes':1.0}
pl=pv.Plotter(off_screen=True,window_size=(1000,700))
for name in colors:
    m=pv.read(str(base/f'{name}.vtp'))
    pl.add_mesh(m,color=colors[name],opacity=opac[name],show_edges=True,line_width=1,label=name)
# Add a horizontal wireframe slice through the volume to show local refinement.
vol=pv.read('VTK/t21_0/internal.vtu')
sl=vol.slice(normal=(0,0,1),origin=(0.08,0.05,0.020))
pl.add_mesh(sl,color='navy',style='wireframe',opacity=0.20,line_width=0.5,label='z=20 mm cell slice')
pl.camera_position=[(0.235,-0.185,0.145),(0.075,0.052,0.018),(0,0,1)]
pl.add_axes(); pl.add_legend(bcolor='white',size=(0.30,0.22)); pl.show(screenshot='preview/final_mesh.png')
print('Rendered final mesh: cells',vol.n_cells,'slice cells',sl.n_cells)
# -- output
Rendered final mesh: cells 29729 slice cells 1405

[0m[33m2026-09-17 02:53:36.548 (  84.169s) [    7DEB0EFFB780]vtkOpenGLRenderWindow.c:645   WARN| Failed to load EGL! Please install the EGL library from your distribution's package manager.[0m
[0m[33m2026-09-17 02:53:36.549 (  84.170s) [    7DEB0EFFB780]vtkOpenGLRenderWindow.c:645   WARN| Failed to load EGL! Please install the EGL library from your distribution's package manager.[0m
/tmp/ipykernel_1991262/1750035102.py:14: UserWarning: Using static image for notebook display.
Install trame for interactive backends: pip install "pyvista[jupyter]"
  pl.add_axes(); pl.add_legend(bcolor='white',size=(0.30,0.22)); pl.show(screenshot='preview/final_mesh.png')

# -- cell 13 (0.1s, exit 0)
for name in ['standoff_outer','blind_holes']:
    m=pv.read(str(base/f'{name}.vtp'))
    conn=m.connectivity()
    ids=sorted(set(conn.cell_data['RegionId'].tolist()))
    print(name,'components',len(ids))
    for rid in ids:
        comp=conn.threshold([rid-0.1,rid+0.1],scalars='RegionId')
        b=comp.bounds
        print(f'  {rid}: x[{b[0]:.6f},{b[1]:.6f}] y[{b[2]:.6f},{b[3]:.6f}] z[{b[4]:.6f},{b[5]:.6f}]')
# Mesh boundary dimensions against requested geometry.
hm=pv.read(str(base/'blind_holes.vtp'))
print(f'meshed blind-hole depth from patch bounds: requested {hole_depth:.6f} m, measured {hm.bounds[5]-hm.bounds[4]:.6f} m')
# -- output
standoff_outer components 4
  0: x[0.139987,0.150013] y[0.079975,0.090025] z[-0.000000,0.025000]
  1: x[0.009987,0.020013] y[0.079975,0.090025] z[-0.000000,0.025000]
  2: x[0.139987,0.150013] y[0.009975,0.020025] z[-0.000000,0.025000]
  3: x[0.009987,0.020013] y[0.009975,0.020025] z[-0.000000,0.025000]
blind_holes components 4
  0: x[0.142950,0.147050] y[0.012960,0.017040] z[0.013000,0.025000]
  1: x[0.012950,0.017050] y[0.012960,0.017040] z[0.013000,0.025000]
  2: x[0.142950,0.147050] y[0.082960,0.087040] z[0.013000,0.025000]
  3: x[0.012950,0.017050] y[0.082960,0.087040] z[0.013000,0.025000]
meshed blind-hole depth from patch bounds: requested 0.012000 m, measured 0.012000 m

# -- cell 14 (0.1s, exit 0)
tmp=Path('preview/fluid_coarse.stl')
if tmp.exists(): tmp.unlink()
print('Patch STLs:', sorted(p.name for p in Path('constant/triSurface').glob('*.stl')))
print('Temporary preview STL exists:', tmp.exists())
# -- output
Patch STLs: ['blind_holes.stl', 'enclosure_walls_floor.stl', 'open_top.stl', 'standoff_outer.stl', 'vent.stl']
Temporary preview STL exists: False

