# -- cell 1 (2.2s, exit 0)
from build123d import *
import numpy as np, os

# ---- parameters (metres) ----
LX, LY, LZ = 0.100, 0.060, 0.040      # cavity 100 x 60 x 40 mm
CUBE = 0.020                          # 20 mm marker cubes
GAP_Z = 0.005                         # gap from floor / ceiling
GAP_X = 0.010                         # gap from the end walls

cavity = Box(LX, LY, LZ).moved(Location((LX/2, LY/2, LZ/2)))   # corner at origin

heater = Box(CUBE, CUBE, CUBE).moved(Location((GAP_X + CUBE/2, LY/2, GAP_Z + CUBE/2)))
cooler = Box(CUBE, CUBE, CUBE).moved(Location((LX - GAP_X - CUBE/2, LY/2, LZ - GAP_Z - CUBE/2)))

for nm, s in [("cavity", cavity), ("heater", heater), ("cooler", cooler)]:
    bb = s.bounding_box()
    print(f"{nm:7s} bbox min={np.round(bb.min.to_tuple(),4)} max={np.round(bb.max.to_tuple(),4)} "
          f"size={np.round((bb.max - bb.min).to_tuple(),4)} vol={s.volume:.3e} m^3")
print("cubes inside cavity:", (cavity & heater).volume/heater.volume, (cavity & cooler).volume/cooler.volume)
# -- output
cavity  bbox min=[0. 0. 0.] max=[0.1  0.06 0.04] size=[0.1  0.06 0.04] vol=2.400e-04 m^3
heater  bbox min=[0.01  0.02  0.005] max=[0.03  0.04  0.025] size=[0.02 0.02 0.02] vol=8.000e-06 m^3
cooler  bbox min=[0.07  0.02  0.015] max=[0.09  0.04  0.035] size=[0.02 0.02 0.02] vol=8.000e-06 m^3
cubes inside cavity: 1.0 1.0

/tmp/ipykernel_211320/1197083809.py:17: DeprecationWarning: to_tuple is deprecated and will be removed in a future version.  Use 'tuple(Vector)' instead.
  print(f"{nm:7s} bbox min={np.round(bb.min.to_tuple(),4)} max={np.round(bb.max.to_tuple(),4)} "
/tmp/ipykernel_211320/1197083809.py:18: DeprecationWarning: to_tuple is deprecated and will be removed in a future version.  Use 'tuple(Vector)' instead.
  f"size={np.round((bb.max - bb.min).to_tuple(),4)} vol={s.volume:.3e} m^3")

# -- cell 2 (0.5s, exit 0)
import pyvista as pv
pv.start_xvfb() if hasattr(pv, "start_xvfb") else None
pl = pv.Plotter(off_screen=True, window_size=(900, 650))
pl.add_mesh(pv.Box(bounds=(0, LX, 0, LY, 0, LZ)), style="wireframe", color="k", line_width=2)
pl.add_mesh(pv.Box(bounds=(0.01, 0.03, 0.02, 0.04, 0.005, 0.025)), color="red", opacity=0.8)
pl.add_mesh(pv.Box(bounds=(0.07, 0.09, 0.02, 0.04, 0.015, 0.035)), color="blue", opacity=0.8)
pl.add_axes()
pl.camera_position = [(0.25, -0.22, 0.16), (0.05, 0.03, 0.02), (0, 0, 1)]
pl.screenshot("layout.png")
print("red=heater (low, x~0.02)  blue=cooler (high, x~0.08)")
# -- output
red=heater (low, x~0.02)  blue=cooler (high, x~0.08)

/home/qiuzi/miniforge3/lib/python3.13/site-packages/tqdm/auto.py:21: TqdmWarning: IProgress not found. Please update jupyter and ipywidgets. See https://ipywidgets.readthedocs.io/en/stable/user_install.html
  from .autonotebook import tqdm as notebook_tqdm
[0m[33m2026-09-12 08:57:53.383 (   0.251s) [    7B48506A4780]vtkXOpenGLRenderWindow.:1460  WARN| bad X server connection. DISPLAY=[0m
[0m[33m2026-09-12 08:57:53.384 (   0.251s) [    7B48506A4780]vtkOpenGLRenderWindow.c:645   WARN| Failed to load EGL! Please install the EGL library from your distribution's package manager.[0m
[0m[33m2026-09-12 08:57:53.397 (   0.264s) [    7B48506A4780]vtkOpenGLRenderWindow.c:645   WARN| Failed to load EGL! Please install the EGL library from your distribution's package manager.[0m

# -- cell 3 (0.1s, exit 0)
import os
from IPython.display import Image, display
print(os.path.exists("layout.png"), os.path.getsize("layout.png") if os.path.exists("layout.png") else None)
if os.path.exists("layout.png"):
    display(Image("layout.png"))
# -- output
True 12344

# -- cell 4 (0.2s, exit 0)
import subprocess, os, textwrap
os.makedirs("system", exist_ok=True)

CELL = 0.005   # coarse cell size, m
nx, ny, nz = round(LX/CELL), round(LY/CELL), round(LZ/CELL)

open("system/controlDict","w").write(textwrap.dedent(f"""\
    FoamFile {{ version 2.0; format ascii; class dictionary; object controlDict; }}
    application     buoyantFoam;
    startFrom       startTime;  startTime 0;
    stopAt          endTime;    endTime   1;
    deltaT          1;          writeControl timeStep; writeInterval 1;
    """))

open("system/blockMeshDict","w").write(textwrap.dedent(f"""\
    FoamFile {{ version 2.0; format ascii; class dictionary; object blockMeshDict; }}
    scale 1;
    vertices
    (
        (0 0 0) ({LX} 0 0) ({LX} {LY} 0) (0 {LY} 0)
        (0 0 {LZ}) ({LX} 0 {LZ}) ({LX} {LY} {LZ}) (0 {LY} {LZ})
    );
    blocks ( hex (0 1 2 3 4 5 6 7) ({nx} {ny} {nz}) simpleGrading (1 1 1) );
    edges ();
    boundary
    (
        walls
        {{
            type wall;
            faces
            (
                (0 3 2 1)   // floor  z=0
                (4 5 6 7)   // ceiling z=LZ
                (0 1 5 4)   // y=0
                (3 7 6 2)   // y=LY
                (0 4 7 3)   // x=0
                (1 2 6 5)   // x=LX
            );
        }}
    );
    mergePatchPairs ();
    """))

r = subprocess.run(["blockMesh"], capture_output=True, text=True)
print(r.returncode, r.stdout[-900:])
# -- output
0 g topology blocks

Creating topology patches - from boundary section

Creating block mesh topology

Check topology

	Basic statistics
		Number of internal faces : 0
		Number of boundary faces : 6
		Number of defined boundary faces : 6
		Number of undefined boundary faces : 0
	Checking patch -> block consistency

Creating block offsets
Creating merge list (topological search)...

Creating polyMesh from blockMesh
Creating patches
Creating cells
Creating points with scale (1 1 1)
    Block 0 cell size :
        i : 0.005 .. 0.005
        j : 0.005 .. 0.005
        k : 0.005 .. 0.005

No patch pairs to merge

Writing polyMesh with 0 cellZones
----------------
Mesh Information
----------------
  boundingBox: (0 0 0) (0.1 0.06 0.04)
  nPoints: 2457
  nCells: 1920
  nFaces: 6256
  nInternalFaces: 5264
----------------
Patches
----------------
  patch 0 (start: 5264 size: 992) name: walls

End

# -- cell 5 (0.2s, exit 0)
import subprocess, textwrap

def zone_entries(name, bmin, bmax):
    return textwrap.dedent(f"""\
    {{ name {name}Set; type cellSet; action new; source boxToCell;
      box ({bmin[0]} {bmin[1]} {bmin[2]}) ({bmax[0]} {bmax[1]} {bmax[2]}); }}
    {{ name {name}; type cellZoneSet; action new; source setToCellZone; set {name}Set; }}
    """)

H = ((0.010, 0.020, 0.005), (0.030, 0.040, 0.025))
C = ((0.070, 0.020, 0.015), (0.090, 0.040, 0.035))

open("system/topoSetDict","w").write(
    "FoamFile { version 2.0; format ascii; class dictionary; object topoSetDict; }\n"
    "actions (\n" + zone_entries("heater", *H) + zone_entries("cooler", *C) + ");\n")

r = subprocess.run(["topoSet"], capture_output=True, text=True)
print(r.returncode, r.stdout[-1200:], r.stderr[-500:])
# -- output
0 l description
Case   : /home/qiuzi/.openreynolds-buildup/work/T7-T7/t7
nProcs : 1
trapFpe: Floating point exception trapping enabled (FOAM_SIGFPE).
memory pool : not available
fileModificationChecking : Monitoring run-time modified files using timeStampMaster (fileModificationSkew 5, maxFileModificationPolls 20)
allowSystemOperations : Allowing user-supplied system call operations

// * * * * * * * * * * * * * * * * * * * * * * * * * * * * * * * * * * * * * //
Create time

Create polyMesh for time = 0

Reading topoSetDict

Time = 0
    mesh not changed.
Created cellSet heaterSet
    Applying source boxToCell
    Adding cells with centre within boxes 1((0.01 0.02 0.005) (0.03 0.04 0.025))
    cellSet heaterSet now size 64
Created cellZoneSet heater
    Applying source setToCellZone
    Adding all cells from cell set: heaterSet ...
    cellZoneSet heater now size 64
Created cellSet coolerSet
    Applying source boxToCell
    Adding cells with centre within boxes 1((0.07 0.02 0.015) (0.09 0.04 0.035))
    cellSet coolerSet now size 64
Created cellZoneSet cooler
    Applying source setToCellZone
    Adding all cells from cell set: coolerSet ...
    cellZoneSet cooler now size 64

End

# -- cell 6 (0.5s, exit 0)
import subprocess, textwrap

CELL_FINE = 0.0025
nx, ny, nz = round(LX/CELL_FINE), round(LY/CELL_FINE), round(LZ/CELL_FINE)
d = open("system/blockMeshDict").read()
d = d.replace(f"({20} {12} {8})", f"({nx} {ny} {nz})")
open("system/blockMeshDict","w").write(d)

print(subprocess.run(["blockMesh"], capture_output=True, text=True).stdout[-500:])
print(subprocess.run(["topoSet"], capture_output=True, text=True).stdout[-450:])
# -- output
sh
Creating patches
Creating cells
Creating points with scale (1 1 1)
    Block 0 cell size :
        i : 0.0025 .. 0.0025
        j : 0.0025 .. 0.0025
        k : 0.0025 .. 0.0025

No patch pairs to merge

Writing polyMesh with 0 cellZones
----------------
Mesh Information
----------------
  boundingBox: (0 0 0) (0.1 0.06 0.04)
  nPoints: 17425
  nCells: 15360
  nFaces: 48064
  nInternalFaces: 44096
----------------
Patches
----------------
  patch 0 (start: 44096 size: 3968) name: walls

End


ater
    Applying source setToCellZone
    Adding all cells from cell set: heaterSet ...
    cellZoneSet heater now size 512
Created cellSet coolerSet
    Applying source boxToCell
    Adding cells with centre within boxes 1((0.07 0.02 0.015) (0.09 0.04 0.035))
    cellSet coolerSet now size 512
Created cellZoneSet cooler
    Applying source setToCellZone
    Adding all cells from cell set: coolerSet ...
    cellZoneSet cooler now size 512

End

# -- cell 7 (0.7s, exit 0)
import subprocess
cm = subprocess.run(["checkMesh"], capture_output=True, text=True).stdout
print(cm[cm.find("Checking geometry"):][:1500])
for z in ("heater","cooler"):
    r = subprocess.run(["foamToVTK","-cellZone",z,"-time","0","-overwrite"], capture_output=True, text=True)
    print(z, r.returncode, r.stdout[-120:])
# -- output
heater 1 cellZone heater only. New outside faces as "oldInternalFaces".
Initial memory 223680 kB
Create mesh for time = constant

cooler 1 ide faces as "oldInternalFaces".
Removing old directory "VTK"

Initial memory 223680 kB
Create mesh for time = constant

# -- cell 8 (0.5s, exit 0)
import subprocess
r = subprocess.run(["checkMesh"], capture_output=True, text=True)
print(r.returncode); print(r.stdout[-2000:])
r2 = subprocess.run(["foamToVTK","-cellZone","heater","-overwrite"], capture_output=True, text=True)
print("foamToVTK:", r2.returncode, r2.stdout[-400:], r2.stderr[-400:])
# -- output
1
/*---------------------------------------------------------------------------*\
| =========                 |                                                 |
| \\      /  F ield         | OpenFOAM: The Open Source CFD Toolbox           |
|  \\    /   O peration     | Version:  2512                                  |
|   \\  /    A nd           | Website:  www.openfoam.com                      |
|    \\/     M anipulation  |                                                 |
\*---------------------------------------------------------------------------*/
Build  : _87ed40d2-20251219 OPENFOAM=2512 version=2512
Arch   : "LSB;label=32;scalar=64"
Exec   : checkMesh
Date   : Sep 12 2026
Time   : 08:58:36
Host   : yc-demo
PID    : 211669
--> FOAM Warning : 
    From Foam::fileName Foam::cwd_L()
    in file POSIX.C at line 554
    PWD is not the cwd() - reverting to physical description
I/O    : uncollated
--> FOAM Warning : 
    From Foam::fileName Foam::cwd_L()
    in file POSIX.C at line 554
    PWD is not the cwd() - reverting to physical description
Case   : /home/qiuzi/.openreynolds-buildup/work/T7-T7/t7
nProcs : 1
trapFpe: Floating point exception trapping enabled (FOAM_SIGFPE).
memory pool : not available
fileModificationChecking : Monitoring run-time modified files using timeStampMaster (fileModificationSkew 5, maxFileModificationPolls 20)
allowSystemOperations : Allowing user-supplied system call operations

// * * * * * * * * * * * * * * * * * * * * * * * * * * * * * * * * * * * * * //
Create time

--> FOAM Warning : 
    From static Foam::instantList Foam::timeSelector::select0(Foam::Time&, const Foam::argList&)
    in file db/Time/timeSelector.C at line 284
    No time specified or available, selecting 'constant'
Create mesh for time = constant

foamToVTK: 1 * //
Create time

--> FOAM Warning : 
    From static Foam::instantList Foam::timeSelector::select0(Foam::Time&, const Foam::argList&)
    in file db/Time/timeSelector.C at line 284
    No time specified or available, selecting 'constant'
Converting cellZone heater only. New outside faces as "oldInternalFaces".
Removing old directory "VTK"

Initial memory 223680 kB
Create mesh for time = constant
  ERROR: (openfoam-2512)
cannot find file "/home/qiuzi/.openreynolds-buildup/work/T7-T7/t7/system/fvSchemes"

    From virtual Foam::autoPtr<Foam::ISstream> Foam::fileOperations::uncollatedFileOperation::readStream(Foam::regIOobject&, const Foam::fileName&, const Foam::word&, bool) const
    in file global/fileOperations/uncollatedFileOperation/uncollatedFileOperation.C at line 629.

FOAM exiting

# -- cell 9 (0.3s, exit 0)
import subprocess, textwrap
open("system/fvSchemes","w").write(textwrap.dedent("""\
    FoamFile { version 2.0; format ascii; class dictionary; object fvSchemes; }
    ddtSchemes { default Euler; }
    gradSchemes { default Gauss linear; }
    divSchemes { default none; }
    laplacianSchemes { default Gauss linear corrected; }
    interpolationSchemes { default linear; }
    snGradSchemes { default corrected; }
    """))
open("system/fvSolution","w").write(textwrap.dedent("""\
    FoamFile { version 2.0; format ascii; class dictionary; object fvSolution; }
    solvers {}
    """))
r = subprocess.run(["checkMesh"], capture_output=True, text=True)
print(r.returncode)
print(r.stdout[r.stdout.find("Mesh stats"):][:2200])
# -- output
0
Mesh stats 
    points:           17425
    faces:            48064
    internal faces:   44096
    cells:            15360
    faces per cell:   6
    boundary patches: 1
    point zones:      0
    face zones:       0
    cell zones:       2

Overall number of cells of each type:
    hexahedra:     15360
    prisms:        0
    wedges:        0
    pyramids:      0
    tet wedges:    0
    tetrahedra:    0
    polyhedra:     0

Checking topology...
    Boundary definition OK.
    Cell to face addressing OK.
    Point usage OK.
    Upper triangular ordering OK.
    Face vertices OK.
    Number of regions: 1 (OK).

Checking patch topology for multiply connected surfaces...
    Patch               Faces    Points     Surface topology
    walls               3968     3970     ok (closed singly connected)      
    ".*"                3968     3970     ok (closed singly connected)      


Checking faceZone topology for multiply connected surfaces...
    No faceZones found.

Checking basic cellZone addressing...
    CellZone            Cells        Points       Volume       BoundingBox
    heater              512          729          8e-06        (0.01 0.02 0.005) (0.03 0.04 0.025)
    cooler              512          729          8e-06        (0.07 0.02 0.015) (0.09 0.04 0.035)

Checking basic pointZone addressing...
    No pointZones found.

Checking geometry...
    Overall domain bounding box (0 0 0) (0.1 0.06 0.04)
    Mesh has 3 geometric (non-empty/wedge) directions (1 1 1)
    Mesh has 3 solution (non-empty) directions (1 1 1)
    Boundary openness (-5.12318e-19 4.48791e-17 4.63477e-17) OK.
    Max cell openness = 1.35525e-16 OK.
    Max aspect ratio = 1 OK.
    Minimum face area = 6.25e-06. Maximum face area = 6.25e-06.  Face area magnitudes OK.
    Min volume = 1.5625e-08. Max volume = 1.5625e-08.  Total volume = 0.00024.  Cell volumes OK.
    Mesh non-orthogonality Max: 0 average: 0
    Non-orthogonality check OK.
    Face pyramids OK.
    Max skewness = 3.33067e-14 OK.
    Coupled point location match (average 0) OK.

Mesh OK.

End

# -- cell 10 (0.7s, exit 0)
import subprocess, glob, pyvista as pv
from IPython.display import Image, display

for z in ("heater","cooler"):
    subprocess.run(["foamToVTK","-cellZone",z,"-overwrite","-name",f"VTK_{z}"], capture_output=True, text=True)
files = {z: sorted(glob.glob(f"VTK_{z}/**/*.vtk", recursive=True) + glob.glob(f"VTK_{z}/**/*.vtu", recursive=True)) for z in ("heater","cooler")}
print(files)

pl = pv.Plotter(off_screen=True, window_size=(900,650))
pl.add_mesh(pv.Box(bounds=(0,LX,0,LY,0,LZ)), style="wireframe", color="k")
for z, col in (("heater","red"), ("cooler","blue")):
    m = pv.read(files[z][0]); print(z, m.n_cells, m.bounds)
    pl.add_mesh(m, color=col, show_edges=True)
pl.add_axes(); pl.camera_position = [(0.25,-0.22,0.16),(0.05,0.03,0.02),(0,0,1)]
pl.screenshot("zones.png"); display(Image("zones.png"))
# -- output
{'heater': ['VTK_heater/heater_0/internal.vtu'], 'cooler': ['VTK_cooler/cooler_0/internal.vtu']}
heater 512 BoundsTuple(x_min = 0.009999999776482582,
            x_max = 0.029999999329447746,
            y_min = 0.019999999552965164,
            y_max = 0.03999999910593033,
            z_min = 0.004999999888241291,
            z_max = 0.02500000037252903)
cooler 512 BoundsTuple(x_min = 0.07000000029802322,
            x_max = 0.09000000357627869,
            y_min = 0.019999999552965164,
            y_max = 0.03999999910593033,
            z_min = 0.014999999664723873,
            z_max = 0.03500000014901161)

[0m[33m2026-09-12 08:58:49.971 (  56.839s) [    7B48506A4780]vtkOpenGLRenderWindow.c:645   WARN| Failed to load EGL! Please install the EGL library from your distribution's package manager.[0m
[0m[33m2026-09-12 08:58:49.972 (  56.840s) [    7B48506A4780]vtkOpenGLRenderWindow.c:645   WARN| Failed to load EGL! Please install the EGL library from your distribution's package manager.[0m

