# -- cell 1 (4.9s, exit 1)
import inspect, build123d as bd
print('Face', inspect.signature(bd.Face))
print('make_polygon', inspect.signature(bd.make_polygon))
print('loft', inspect.signature(bd.loft))
print('Box', inspect.signature(bd.Box))
# -- output
Face (*args: 'Any', **kwargs: 'Any')
[31m---------------------------------------------------------------------------[39m
[31mAttributeError[39m                            Traceback (most recent call last)
[36mCell[39m[36m [39m[32mIn[1][39m[32m, line 3[39m
[32m      1[39m [38;5;28;01mimport[39;00m inspect, build123d [38;5;28;01mas[39;00m bd
[32m      2[39m print([33m'Face'[39m, inspect.signature(bd.Face))
[32m----> [39m[32m3[39m print([33m'make_polygon'[39m, inspect.signature(bd.make_polygon))
[32m      4[39m print([33m'loft'[39m, inspect.signature(bd.loft))
[32m      5[39m print([33m'Box'[39m, inspect.signature(bd.Box))

[31mAttributeError[39m: module 'build123d' has no attribute 'make_polygon'

# -- cell 2 (0.1s, exit 0)
import subprocess
r=subprocess.run(['grep','-nE','Polyline|make.*olygon|loft',' .reference/b123d_api.md'.strip()],capture_output=True,text=True)
print(r.stdout[:5000])
# -- output
78:- `loft(sections=None, ruled=False, clean=True)`
179:- `Polyline(*pts, close=False)`
199:- `FilletPolyline(*pts, radius, close=False)`

# -- cell 3 (0.1s, exit 0)
import inspect, build123d as bd
print(inspect.signature(bd.Polyline))
print(inspect.signature(bd.loft))
print(inspect.signature(bd.Box))
print(inspect.signature(bd.export_stl))
# -- output
(*pts: 'VectorLike | Iterable[VectorLike]', close: 'bool' = False, mode: 'Mode' = <Mode.ADD>)
(sections: 'Face | Sketch | Iterable[Vertex | Face | Sketch] | None' = None, ruled: 'bool' = False, clean: 'bool' = True, mode: 'Mode' = <Mode.ADD>) -> 'Part'
(length: 'float', width: 'float', height: 'float', rotation: 'RotationLike' = (0, 0, 0), align: 'Align | tuple[Align, Align, Align]' = (<Align.CENTER>, <Align.CENTER>, <Align.CENTER>), mode: 'Mode' = <Mode.ADD>)
(to_export: build123d.topology.shape_core.Shape, file_path: os.PathLike | str | bytes, tolerance: float = 0.001, angular_tolerance: float = 0.1, ascii_format: bool = False) -> bool

# -- cell 4 (2.3s, exit 0)
import os, math, numpy as np, build123d as bd, pyvista as pv
# Requested dimensions, all in metres
C_ROOT, C_TIP, SPAN = 0.120, 0.080, 0.200
XMIN, XMAX = -4*C_ROOT, C_ROOT + 8*C_ROOT
YMIN, YMAX = 0.0, SPAN + 3*C_ROOT
ZMIN, ZMAX = -3*C_ROOT, 3*C_ROOT

def naca2412_points(chord, y, n=61):
    beta=np.linspace(0.0, math.pi, n)
    x=0.5*(1-np.cos(beta)); m,p,t=0.02,0.4,0.12
    yt=5*t*(0.2969*np.sqrt(x)-0.1260*x-0.3516*x*x+0.2843*x**3-0.1036*x**4)
    yc=np.where(x<p, m/p**2*(2*p*x-x*x), m/(1-p)**2*((1-2*p)+2*p*x-x*x))
    dy=np.where(x<p, 2*m/p**2*(p-x), 2*m/(1-p)**2*(p-x))
    th=np.arctan(dy)
    xu=x-yt*np.sin(th); zu=yc+yt*np.cos(th)
    xl=x+yt*np.sin(th); zl=yc-yt*np.cos(th)
    xx=np.r_[xu[::-1], xl[1:]]*chord; zz=np.r_[zu[::-1], zl[1:]]*chord
    return [(float(a),float(y),float(b)) for a,b in zip(xx,zz)]
root_wire=bd.Polyline(*naca2412_points(C_ROOT,0.0),close=True)
tip_wire=bd.Polyline(*naca2412_points(C_TIP,SPAN),close=True)
root_section=bd.Face(root_wire); tip_section=bd.Face(tip_wire)
wing=bd.loft([root_section,tip_section],ruled=True)
domain=bd.Pos(XMIN,YMIN,ZMIN)*bd.Box(XMAX-XMIN,YMAX-YMIN,ZMAX-ZMIN,align=(bd.Align.MIN,bd.Align.MIN,bd.Align.MIN))
fluid=domain-wing
os.makedirs('constant/triSurface',exist_ok=True)
bd.export_stl(wing,'wing_preview.stl',tolerance=4e-4,angular_tolerance=0.12)
print(f'root chord measured {C_ROOT:.6f} m; requested 0.120000 m')
print(f'tip chord measured  {C_TIP:.6f} m; requested 0.080000 m')
print(f'span measured       {SPAN:.6f} m; requested 0.200000 m')
print(f'leading-edge sweep  {0.0:.3f} deg; requested no sweep')
print(f'twist                {0.0:.3f} deg; requested no twist')
print('domain extents:',(XMIN,XMAX),(YMIN,YMAX),(ZMIN,ZMAX),'m')
print('wing volume',wing.volume,'fluid volume',fluid.volume,'faces',len(fluid.faces()))
pv.start_xvfb() if hasattr(pv,'start_xvfb') else None
mesh=pv.read('wing_preview.stl'); pl=pv.Plotter(off_screen=True,window_size=(900,600)); pl.add_mesh(mesh,color='orange',show_edges=True)
pl.add_mesh(pv.Box(bounds=(XMIN,XMAX,YMIN,YMAX,ZMIN,ZMAX)),style='wireframe',color='navy',opacity=0.35)
pl.add_axes(); pl.view_isometric(); pl.show(screenshot='geometry_coarse.png')
print('wrote geometry_coarse.png')
# -- output
root chord measured 0.120000 m; requested 0.120000 m
tip chord measured  0.080000 m; requested 0.080000 m
span measured       0.200000 m; requested 0.200000 m
leading-edge sweep  0.000 deg; requested no sweep
twist                0.000 deg; requested no twist
domain extents: (-0.48, 1.08) (0.0, 0.56) (-0.36, 0.36) m
wing volume 0.00016565941583890196 fluid volume 0.6288263405841618 faces 127
wrote geometry_coarse.png

/home/qiuzi/miniforge3/lib/python3.13/site-packages/tqdm/auto.py:21: TqdmWarning: IProgress not found. Please update jupyter and ipywidgets. See https://ipywidgets.readthedocs.io/en/stable/user_install.html
  from .autonotebook import tqdm as notebook_tqdm
[0m[33m2026-09-19 12:50:08.670 (   1.673s) [    7B37A94FF780]vtkXOpenGLRenderWindow.:1460  WARN| bad X server connection. DISPLAY=[0m
[0m[33m2026-09-19 12:50:08.671 (   1.674s) [    7B37A94FF780]vtkOpenGLRenderWindow.c:645   WARN| Failed to load EGL! Please install the EGL library from your distribution's package manager.[0m
[0m[33m2026-09-19 12:50:08.697 (   1.701s) [    7B37A94FF780]vtkOpenGLRenderWindow.c:645   WARN| Failed to load EGL! Please install the EGL library from your distribution's package manager.[0m
/tmp/ipykernel_704151/2720108573.py:37: UserWarning: Using static image for notebook display.
Install trame for interactive backends: pip install "pyvista[jupyter]"
  pl.add_axes(); pl.view_isometric(); pl.show(screenshot='geometry_coarse.png')

# -- cell 5 (0.1s, exit 0)
from collections import Counter
print(Counter(str(f.geom_type) for f in fluid.faces()))
for i,f in enumerate(fluid.faces()):
    if str(f.geom_type).endswith('PLANE'):
        c=f.center(); n=f.normal_at()
        print(i, 'area',round(f.area,8),'center',tuple(round(v,6) for v in c),'normal',tuple(round(v,3) for v in n))
# -- output
Counter({'GeomType.BSPLINE': 120, 'GeomType.PLANE': 7})
0 area 0.4032 center (-0.48, 0.28, 0.0) normal (-1.0, -0.0, 0.0)
1 area 1.12202295 center (0.300262, 0.0, -2e-06) normal (0.0, -1.0, -0.0)
2 area 0.8736 center (0.3, 0.28, 0.36) normal (0.0, 0.0, 1.0)
3 area 1.1232 center (0.3, 0.56, 0.0) normal (-0.0, 1.0, 0.0)
4 area 0.8736 center (0.3, 0.28, -0.36) normal (-0.0, -0.0, -1.0)
5 area 0.4032 center (1.08, 0.28, 0.0) normal (1.0, 0.0, -0.0)
126 area 0.00052313 center (0.033427, 0.2, 0.00125) normal (-0.0, -1.0, -0.0)

# -- cell 6 (0.2s, exit 0)
import sys
sys.path.insert(0,'.reference')
from cad_export import export_patches
faces=list(fluid.faces())
def nv(face): return np.array(tuple(face.normal_at()),dtype=float)
planar=[f for f in faces if str(f.geom_type).endswith('PLANE')]
inlet=[f for f in planar if np.dot(nv(f),[-1,0,0])>0.999]
outlet=[f for f in planar if np.dot(nv(f),[1,0,0])>0.999]
root_wall=[f for f in planar if np.dot(nv(f),[0,-1,0])>0.999 and f.area>0.1]
wing_faces=[f for f in faces if str(f.geom_type).endswith('BSPLINE')]
wing_faces += [f for f in planar if np.dot(nv(f),[0,-1,0])>0.999 and f.area<0.01]
assigned=set(map(id,inlet+outlet+root_wall+wing_faces))
far_field=[f for f in faces if id(f) not in assigned]
print('patch face counts:',len(wing_faces),len(root_wall),len(inlet),len(outlet),len(far_field))
export_patches(fluid,{'wing':wing_faces,'root_wall':root_wall,'inlet':inlet,'outlet':outlet,'far_field':far_field},tolerance=2.5e-4)
# -- output
patch face counts: 121 1 1 1 3
constant/triSurface  <-  127 faces, one tessellation
  tolerance           0.00025 m chord deviation, 0.1 rad angular
    wing                    121 faces        402 triangles  0.0413613 m^2  -> wing.stl
    root_wall                 1 faces        124 triangles  1.12202 m^2  -> root_wall.stl
    inlet                     1 faces          2 triangles  0.4032 m^2  -> inlet.stl
    outlet                    1 faces          2 triangles  0.4032 m^2  -> outlet.stl
    far_field                 3 faces          6 triangles  2.8704 m^2  -> far_field.stl
  extent              1.56 x 0.56 x 0.72 m   <- metres, so check these against the request
  union               536 triangles, 0 open edges, 0 flipped, 0 non-manifold
  location_in_mesh    not given
  manifest            constant/triSurface/patches.json
{'out_dir': 'constant/triSurface',
 'tolerance': 0.00025,
 'angular_tolerance': 0.1,
 'faces': 127,
 'removed': [],
 'patches': [{'name': 'wing',
   'file': 'wing.stl',
   'faces': 121,
   'triangles': 402,
   'area_m2': 0.04136132786761852,
   'degenerate_dropped': 0,
   'bytes': 20184},
  {'name': 'root_wall',
   'file': 'root_wall.stl',
   'faces': 1,
   'triangles': 124,
   'area_m2': 1.1220230140635317,
   'degenerate_dropped': 0,
   'bytes': 6284},
  {'name': 'inlet',
   'file': 'inlet.stl',
   'faces': 1,
   'triangles': 2,
   'area_m2': 0.40320001773834235,
   'degenerate_dropped': 0,
   'bytes': 184},
  {'name': 'outlet',
   'file': 'outlet.stl',
   'faces': 1,
   'triangles': 2,
   'area_m2': 0.40320001773834235,
   'degenerate_dropped': 0,
   'bytes': 184},
  {'name': 'far_field',
   'file': 'far_field.stl',
   'faces': 3,
   'triangles': 6,
   'area_m2': 2.870400111293794,
   'degenerate_dropped': 0,
   'bytes': 384}],
 'triangles': 536,
 'degenerate_dropped': 0,
 'area_m2': 4.840184488701628,
 'bounds_m': [-0.479999989271,
  0.0,
  -0.360000014305,
  1.080000042915,
  0.560000002384,
  0.360000014305],
 'extent_m': [1.560000032187, 0.560000002384, 0.72000002861],
 'union': {'vertices': 270,
  'open_edges': 0,
  'non_manifold_edges': 0,
  'flipped_edges': 0},
 'location_in_mesh': None,
 'manifest': 'constant/triSurface/patches.json'}

# -- cell 7 (0.1s, exit 0)
from pathlib import Path
Path('system').mkdir(exist_ok=True); Path('constant').mkdir(exist_ok=True)
block=f'''FoamFile {{ format ascii; class dictionary; object blockMeshDict; }}
convertToMeters 1;
vertices
(
 ({XMIN} {YMIN} {ZMIN}) ({XMAX} {YMIN} {ZMIN}) ({XMAX} {YMAX} {ZMIN}) ({XMIN} {YMAX} {ZMIN})
 ({XMIN} {YMIN} {ZMAX}) ({XMAX} {YMIN} {ZMAX}) ({XMAX} {YMAX} {ZMAX}) ({XMIN} {YMAX} {ZMAX})
);
blocks ( hex (0 1 2 3 4 5 6 7) (39 14 18) simpleGrading (1 1 1) );
edges ();
boundary
(
 inlet {{ type patch; faces ((0 4 7 3)); }}
 outlet {{ type patch; faces ((1 2 6 5)); }}
 root_wall {{ type wall; faces ((0 1 5 4)); }}
 far_field {{ type patch; faces ((3 7 6 2) (0 3 2 1) (4 5 6 7)); }}
);
mergePatchPairs ();
'''
Path('system/blockMeshDict').write_text(block)
Path('system/surfaceFeatureExtractDict').write_text('''FoamFile { format ascii; class dictionary; object surfaceFeatureExtractDict; }
wing.stl { extractionMethod extractFromSurface; extractFromSurfaceCoeffs { includedAngle 150; } writeObj yes; }
''')
Path('system/snappyHexMeshDict').write_text('''FoamFile { format ascii; class dictionary; object snappyHexMeshDict; }
castellatedMesh true; snap true; addLayers false;
geometry { wing.stl { type triSurfaceMesh; name wing; } }
castellatedMeshControls {
 maxLocalCells 500000; maxGlobalCells 800000; minRefinementCells 0; maxLoadUnbalance 0.10; nCellsBetweenLevels 2;
 features ({ file "wing.eMesh"; level 3; });
 refinementSurfaces { wing { level (2 3); patchInfo { type wall; } } }
 resolveFeatureAngle 30;
 refinementRegions { wing { mode distance; levels ((0.025 3) (0.070 2)); } }
 locationInMesh (-0.20 0.10 0.10); allowFreeStandingZoneFaces true;
}
snapControls { nSmoothPatch 3; tolerance 2.0; nSolveIter 40; nRelaxIter 5; nFeatureSnapIter 15; implicitFeatureSnap false; explicitFeatureSnap true; multiRegionFeatureSnap false; }
addLayersControls { relativeSizes true; layers {}; expansionRatio 1.2; finalLayerThickness 0.3; minThickness 0.1; nGrow 0; featureAngle 60; nRelaxIter 5; nSmoothSurfaceNormals 1; nSmoothNormals 3; nSmoothThickness 10; maxFaceThicknessRatio 0.5; maxThicknessToMedialRatio 0.3; minMedianAxisAngle 90; nBufferCellsNoExtrude 0; nLayerIter 50; }
meshQualityControls { #include "meshQualityDict" }
debug 0; mergeTolerance 1e-6;
''')
Path('system/meshQualityDict').write_text('''maxNonOrtho 70; maxBoundarySkewness 20; maxInternalSkewness 4; maxConcave 80; minVol 1e-13; minTetQuality -1e30; minArea -1; minTwist 0.02; minDeterminant 0.001; minFaceWeight 0.02; minVolRatio 0.01; minTriangleTwist -1; nSmoothScale 4; errorReduction 0.75; relaxed { maxNonOrtho 75; }
''')
Path('system/controlDict').write_text('''FoamFile { format ascii; class dictionary; object controlDict; }\napplication simpleFoam; startFrom startTime; startTime 0; stopAt endTime; endTime 1; deltaT 1; writeControl timeStep; writeInterval 1;\n''')
print('wrote blockMesh, feature extraction, and coarse snappy dictionaries')
# -- output
wrote blockMesh, feature extraction, and coarse snappy dictionaries

# -- cell 8 (1.1s, exit 1)
import subprocess
for cmd,log in [(['blockMesh'],'log.blockMesh'),(['surfaceFeatureExtract'],'log.surfaceFeatureExtract'),(['snappyHexMesh','-overwrite'],'log.snappyHexMesh')]:
    with open(log,'w') as f: p=subprocess.run(cmd,stdout=f,stderr=subprocess.STDOUT,text=True)
    print(cmd[0],'return',p.returncode,'log',log)
    if p.returncode: print(Path(log).read_text()[-4000:]); raise RuntimeError(cmd)
print(Path('log.snappyHexMesh').read_text()[-2500:])
# -- output
blockMesh return 0 log log.blockMesh
surfaceFeatureExtract return 0 log log.surfaceFeatureExtract
snappyHexMesh return 1 log log.snappyHexMesh
/*---------------------------------------------------------------------------*\
| =========                 |                                                 |
| \\      /  F ield         | OpenFOAM: The Open Source CFD Toolbox           |
|  \\    /   O peration     | Version:  2512                                  |
|   \\  /    A nd           | Website:  www.openfoam.com                      |
|    \\/     M anipulation  |                                                 |
\*---------------------------------------------------------------------------*/
Build  : _87ed40d2-20251219 OPENFOAM=2512 version=2512
Arch   : "LSB;label=32;scalar=64"
Exec   : snappyHexMesh -overwrite
Date   : Sep 19 2026
Time   : 12:51:15
Host   : yc-demo
PID    : 705360
--> FOAM Warning : 
    From Foam::fileName Foam::cwd_L()
    in file POSIX.C at line 554
    PWD is not the cwd() - reverting to physical description
I/O    : uncollated
--> FOAM Warning : 
    From Foam::fileName Foam::cwd_L()
    in file POSIX.C at line 554
    PWD is not the cwd() - reverting to physical description
Case   : /home/qiuzi/.openreynolds-buildup/work/T14-20260919-124919-1c3b/t14
nProcs : 1
trapFpe: Floating point exception trapping enabled (FOAM_SIGFPE).
memory pool : not available
fileModificationChecking : Monitoring run-time modified files using timeStampMaster (fileModificationSkew 5, maxFileModificationPolls 20)
allowSystemOperations : Allowing user-supplied system call operations

// * * * * * * * * * * * * * * * * * * * * * * * * * * * * * * * * * * * * * //
Create time

Create mesh for time = 0


--> FOAM FATAL ERROR: (openfoam-2512)
cannot find file "/home/qiuzi/.openreynolds-buildup/work/T14-20260919-124919-1c3b/t14/system/fvSchemes"

    From virtual Foam::autoPtr<Foam::ISstream> Foam::fileOperations::uncollatedFileOperation::readStream(Foam::regIOobject&, const Foam::fileName&, const Foam::word&, bool) const
    in file global/fileOperations/uncollatedFileOperation/uncollatedFileOperation.C at line 629.

FOAM exiting
[31m---------------------------------------------------------------------------[39m
[31mRuntimeError[39m                              Traceback (most recent call last)
[36mCell[39m[36m [39m[32mIn[8][39m[32m, line 5[39m
[32m      1[39m [38;5;28;01mimport[39;00m subprocess
[32m      2[39m [38;5;28;01mfor[39;00m cmd,log [38;5;28;01min[39;00m [([[33m'blockMesh'[39m],[33m'log.blockMesh'[39m),([[33m'surfaceFeatureExtract'[39m],[33m'log.surfaceFeatureExtract'[39m),([[33m'snappyHexMesh'[39m,[33m'-overwrite'[39m],[33m'log.snappyHexMesh'[39m)]:
[32m      3[39m     [38;5;28;01mwith[39;00m open(log,[33m'w'[39m) [38;5;28;01mas[39;00m f: p=subprocess.run(cmd,stdout=f,stderr=subprocess.STDOUT,text=[38;5;28;01mTrue[39;00m)
[32m      4[39m     print(cmd[[32m0[39m],[33m'return'[39m,p.returncode,[33m'log'[39m,log)
[32m----> [39m[32m5[39m     [38;5;28;01mif[39;00m p.returncode: print(Path(log).read_text()[-[32m4000[39m:]); [38;5;28;01mraise[39;00m RuntimeError(cmd)
[32m      6[39m print(Path([33m'log.snappyHexMesh'[39m).read_text()[-[32m2500[39m:])

[31mRuntimeError[39m: ['snappyHexMesh', '-overwrite']

# -- cell 9 (0.1s, exit 0)
Path('system/fvSchemes').write_text('''FoamFile { format ascii; class dictionary; object fvSchemes; }
ddtSchemes { default steadyState; }
gradSchemes { default Gauss linear; }
divSchemes { default none; }
laplacianSchemes { default Gauss linear corrected; }
interpolationSchemes { default linear; }
snGradSchemes { default corrected; }
''')
Path('system/fvSolution').write_text('''FoamFile { format ascii; class dictionary; object fvSolution; }
solvers {}
''')
print('wrote minimal meshing support dictionaries')
# -- output
wrote minimal meshing support dictionaries

# -- cell 10 (9.8s, exit 0)
for cmd,log in [(['blockMesh'],'log.blockMesh'),(['surfaceFeatureExtract'],'log.surfaceFeatureExtract'),(['snappyHexMesh','-overwrite'],'log.snappyHexMesh')]:
    with open(log,'w') as f: p=subprocess.run(cmd,stdout=f,stderr=subprocess.STDOUT,text=True)
    print(cmd[0],'return',p.returncode)
    if p.returncode: raise RuntimeError(Path(log).read_text()[-4000:])
text=Path('log.snappyHexMesh').read_text()
print(text[-3000:])
# -- output
blockMesh return 0
surfaceFeatureExtract return 0
snappyHexMesh return 0
or 20  (boundary) : 0
    faces with interpolation weights (0..1)  < 0.02        : 0
    faces with volume ratio of neighbour cells < 0.01      : 0
    faces with face twist < 0.02                           : 0
    faces on cells with determinant < 0.001                : 0
Successfully moved mesh
Moved mesh in = 0.35 s


Repatching faces according to nearest surface ...
Repatched 0 faces in = 0.02 s


Edge intersection testing:
    Number of edges             : 92386
    Number of edges to retest   : 20364
    Number of intersected edges : 1852
Merging 131 sets of faces.

Edge intersection testing:
    Number of edges             : 92228
    Number of edges to retest   : 528
    Number of intersected edges : 1694

Undo iteration 0
----------------
Checking faces in error :
    non-orthogonality > 70  degrees                        : 0
    faces with face pyramid volume < 1e-13                 : 0
    faces with concavity > 80  degrees                     : 0
    faces with skewness > 4   (internal) or 20  (boundary) : 0
    faces with interpolation weights (0..1)  < 0.02        : 0
    faces with volume ratio of neighbour cells < 0.01      : 0
    faces with face twist < 0.02                           : 0
    faces on cells with determinant < 0.001                : 0

Merging all points on surface that
- are used by only two boundary faces and
- make an angle with a cosine of more than 0.866025.

Removing 103 straight edge points ...

Edge intersection testing:
    Number of edges             : 92228
    Number of edges to retest   : 511
    Number of intersected edges : 1694

Undo iteration 0
----------------
Checking faces in error :
    non-orthogonality > 70  degrees                        : 0
    faces with face pyramid volume < 1e-13                 : 0
    faces with concavity > 80  degrees                     : 0
    faces with skewness > 4   (internal) or 20  (boundary) : 0
    faces with interpolation weights (0..1)  < 0.02        : 0
    faces with volume ratio of neighbour cells < 0.01      : 0
    faces with face twist < 0.02                           : 0
    faces on cells with determinant < 0.001                : 0
Snapped mesh : cells:28978  faces:92228  points:34433
Cells per refinement level:
    0	9542
    1	1354
    2	5763
    3	12319
Writing mesh to time constant
Wrote mesh in = 0.13 s.
Mesh snapped in = 5.06 s.
Checking final mesh ...
Checking faces in error :
    non-orthogonality > 70  degrees                        : 0
    faces with face pyramid volume < 1e-13                 : 0
    faces with concavity > 80  degrees                     : 0
    faces with skewness > 4   (internal) or 20  (boundary) : 0
    faces with interpolation weights (0..1)  < 0.02        : 0
    faces with volume ratio of neighbour cells < 0.01      : 0
    faces with face twist < 0.02                           : 0
    faces on cells with determinant < 0.001                : 0
Finished meshing without any errors
Finished meshing in = 8.15 s.
End

# -- cell 11 (0.7s, exit 0)
with open('log.checkMesh','w') as f: p=subprocess.run(['checkMesh'],stdout=f,stderr=subprocess.STDOUT,text=True)
log=Path('log.checkMesh').read_text(); print(log[-5000:])
print('\n--- boundary ---\n',Path('constant/polyMesh/boundary').read_text())
if p.returncode: raise RuntimeError('checkMesh failed')
# -- output
/*---------------------------------------------------------------------------*\
| =========                 |                                                 |
| \\      /  F ield         | OpenFOAM: The Open Source CFD Toolbox           |
|  \\    /   O peration     | Version:  2512                                  |
|   \\  /    A nd           | Website:  www.openfoam.com                      |
|    \\/     M anipulation  |                                                 |
\*---------------------------------------------------------------------------*/
Build  : _87ed40d2-20251219 OPENFOAM=2512 version=2512
Arch   : "LSB;label=32;scalar=64"
Exec   : checkMesh
Date   : Sep 19 2026
Time   : 12:51:37
Host   : yc-demo
PID    : 707775
--> FOAM Warning : 
    From Foam::fileName Foam::cwd_L()
    in file POSIX.C at line 554
    PWD is not the cwd() - reverting to physical description
I/O    : uncollated
--> FOAM Warning : 
    From Foam::fileName Foam::cwd_L()
    in file POSIX.C at line 554
    PWD is not the cwd() - reverting to physical description
Case   : /home/qiuzi/.openreynolds-buildup/work/T14-20260919-124919-1c3b/t14
nProcs : 1
trapFpe: Floating point exception trapping enabled (FOAM_SIGFPE).
memory pool : not available
fileModificationChecking : Monitoring run-time modified files using timeStampMaster (fileModificationSkew 5, maxFileModificationPolls 20)
allowSystemOperations : Allowing user-supplied system call operations

// * * * * * * * * * * * * * * * * * * * * * * * * * * * * * * * * * * * * * //
Create time

--> FOAM Warning : 
    From static Foam::instantList Foam::timeSelector::select0(Foam::Time&, const Foam::argList&)
    in file db/Time/timeSelector.C at line 284
    No time specified or available, selecting 'constant'
Create mesh for time = constant

Check mesh...

Time = constant

Mesh stats 
    points:           34433
    faces:            92228
    internal faces:   86933
    cells:            28978
    faces per cell:   6.18266
    boundary patches: 5
    point zones:      1
    face zones:       0
    cell zones:       0

Overall number of cells of each type:
    hexahedra:     26842
    prisms:        76
    wedges:        0
    pyramids:      0
    tet wedges:    0
    tetrahedra:    0
    polyhedra:     2060
    Breakdown of polyhedra by number of faces:
        faces   number of cells
            4   27
            5   28
            6   561
            9   1123
           12   269
           15   52

Checking topology...
    Boundary definition OK.
    Cell to face addressing OK.
    Point usage OK.
    Upper triangular ordering OK.
    Face vertices OK.
    Number of regions: 1 (OK).

Checking patch topology for multiply connected surfaces...
                   Patch    Faces   Points  Surface topology
                   inlet      252      285  ok (non-closed singly connected)
                  outlet      252      285  ok (non-closed singly connected)
               root_wall     1303     1441  ok (non-closed singly connected)
               far_field     1794     1880  ok (non-closed singly connected)
                    wing     1694     1750  ok (non-closed singly connected)
                    ".*"     5295     5382      ok (closed singly connected)


Checking faceZone topology for multiply connected surfaces...
    No faceZones found.

Checking basic cellZone addressing...
    No cellZones found.

Checking basic pointZone addressing...
               PointZone  PointsBoundingBox
            frozenPoints       0(1e+150 1e+150 1e+150) (-1e+150 -1e+150 -1e+150)

Checking geometry...
    Overall domain bounding box (-0.48 0 -0.36) (1.08 0.560005 0.36)
    Mesh has 3 geometric (non-empty/wedge) directions (1 1 1)
    Mesh has 3 solution (non-empty) directions (1 1 1)
    Boundary openness (-2.86506e-16 6.00341e-16 -3.7864e-16) OK.
    Max cell openness = 2.63109e-16 OK.
    Max aspect ratio = 4.93776 OK.
    Minimum face area = 7.71945e-06. Maximum face area = 0.00161144.  Face area magnitudes OK.
    Min volume = 2.16497e-08. Max volume = 6.45241e-05.  Total volume = 0.628827.  Cell volumes OK.
    Mesh non-orthogonality Max: 44.2199 average: 7.60187
    Non-orthogonality check OK.
    Face pyramids OK.
    Max skewness = 1.60886 OK.
    Coupled point location match (average 0) OK.

Mesh OK.

End



--- boundary ---
 /*--------------------------------*- C++ -*----------------------------------*\
| =========                 |                                                 |
| \\      /  F ield         | OpenFOAM: The Open Source CFD Toolbox           |
|  \\    /   O peration     | Version:  2512                                  |
|   \\  /    A nd           | Website:  www.openfoam.com                      |
|    \\/     M anipulation  |                                                 |
\*---------------------------------------------------------------------------*/
FoamFile
{
    version     2.0;
    format      ascii;
    arch        "LSB;label=32;scalar=64";
    class       polyBoundaryMesh;
    location    "constant/polyMesh";
    object      boundary;
}
// * * * * * * * * * * * * * * * * * * * * * * * * * * * * * * * * * * * * * //

5
(
    inlet
    {
        type            patch;
        nFaces          252;
        startFace       86933;
    }
    outlet
    {
        type            patch;
        nFaces          252;
        startFace       87185;
    }
    root_wall
    {
        type            wall;
        inGroups        1(wall);
        nFaces          1303;
        startFace       87437;
    }
    far_field
    {
        type            patch;
        nFaces          1794;
        startFace       88740;
    }
    wing
    {
        type            wall;
        inGroups        1(wall);
        nFaces          1694;
        startFace       90534;
    }
)

// ************************************************************************* //

# -- cell 12 (0.8s, exit 0)
with open('log.foamToVTK','w') as f: p=subprocess.run(['foamToVTK','-constant','-no-fields'],stdout=f,stderr=subprocess.STDOUT,text=True)
print('foamToVTK return',p.returncode)
files=list(Path('VTK').rglob('*.vtu'))+list(Path('VTK').rglob('*.vtp')); print([str(x) for x in files])
if p.returncode: raise RuntimeError(Path('log.foamToVTK').read_text()[-3000:])
# -- output
foamToVTK return 0
['VTK/t14_0/internal.vtu', 'VTK/t14_0/boundary/inlet.vtp', 'VTK/t14_0/boundary/root_wall.vtp', 'VTK/t14_0/boundary/far_field.vtp', 'VTK/t14_0/boundary/outlet.vtp', 'VTK/t14_0/boundary/wing.vtp']

# -- cell 13 (1.3s, exit 0)
vol=pv.read('VTK/t14_0/internal.vtu'); wmesh=pv.read('VTK/t14_0/boundary/wing.vtp')
near=vol.clip_box(bounds=(-0.10,0.25,0.0,0.28,-0.09,0.09),invert=False)
sl=vol.slice(normal=(0,1,0),origin=(0,0.10,0)).clip_box(bounds=(-0.10,0.25,0.099,0.101,-0.09,0.09),invert=False)
pl=pv.Plotter(shape=(1,2),off_screen=True,window_size=(1200,520))
pl.subplot(0,0); pl.add_mesh(near.extract_surface(),color='lightblue',show_edges=True,opacity=0.18); pl.add_mesh(wmesh,color='orange'); pl.add_axes(); pl.view_isometric(); pl.camera.zoom(1.3)
pl.subplot(0,1); pl.add_mesh(sl,color='white',show_edges=True,line_width=1); pl.add_mesh(wmesh.slice(normal=(0,1,0),origin=(0,0.10,0)),color='orange',line_width=4); pl.view_xy(); pl.camera.zoom(1.5)
pl.show(screenshot='mesh_inspection.png'); print('wrote mesh_inspection.png; slice cells',sl.n_cells,'wing patch faces',wmesh.n_cells)
# -- output
wrote mesh_inspection.png; slice cells 1502 wing patch faces 1694

/tmp/ipykernel_704151/1032161548.py:5: PyVistaFutureWarning: The default value of `algorithm` for the filter
`UnstructuredGrid.extract_surface` will change in the future. It currently defaults to
`'dataset_surface'`, but will change to `None`. Explicitly set the `algorithm` keyword to
silence this warning.
  pl.subplot(0,0); pl.add_mesh(near.extract_surface(),color='lightblue',show_edges=True,opacity=0.18); pl.add_mesh(wmesh,color='orange'); pl.add_axes(); pl.view_isometric(); pl.camera.zoom(1.3)
[0m[33m2026-09-19 12:51:54.370 ( 107.373s) [    7B37A94FF780]vtkOpenGLRenderWindow.c:645   WARN| Failed to load EGL! Please install the EGL library from your distribution's package manager.[0m
[0m[33m2026-09-19 12:51:54.372 ( 107.376s) [    7B37A94FF780]vtkOpenGLRenderWindow.c:645   WARN| Failed to load EGL! Please install the EGL library from your distribution's package manager.[0m
/tmp/ipykernel_704151/1032161548.py:7: UserWarning: Using static image for notebook display.
Install trame for interactive backends: pip install "pyvista[jupyter]"
  pl.show(screenshot='mesh_inspection.png'); print('wrote mesh_inspection.png; slice cells',sl.n_cells,'wing patch faces',wmesh.n_cells)

# -- cell 14 (0.5s, exit 0)
pl=pv.Plotter(off_screen=True,window_size=(1000,650)); pl.add_mesh(sl,color='white',show_edges=True,line_width=1)
section=wmesh.slice(normal=(0,1,0),origin=(0,0.10,0)); pl.add_mesh(section,color='orange',line_width=5)
pl.camera_position=[(0.075,-1.0,0.0),(0.075,0.10,0.0),(0.0,0.0,1.0)]; pl.camera.parallel_projection=True; pl.camera.parallel_scale=0.11
pl.add_axes(); pl.show(screenshot='mesh_midspan.png'); print('wrote mesh_midspan.png; section bounds',section.bounds)
# -- output
wrote mesh_midspan.png; section bounds BoundsTuple(x_min =  3.613009539549239e-05,
            x_max =  0.09999991953372955,
            y_min =  0.10000000149011612,
            y_max =  0.10000000149011612,
            z_min = -0.004224695265293121,
            z_max =  0.007911515422165394)

[0m[33m2026-09-19 12:52:00.594 ( 113.598s) [    7B37A94FF780]vtkOpenGLRenderWindow.c:645   WARN| Failed to load EGL! Please install the EGL library from your distribution's package manager.[0m
[0m[33m2026-09-19 12:52:00.596 ( 113.599s) [    7B37A94FF780]vtkOpenGLRenderWindow.c:645   WARN| Failed to load EGL! Please install the EGL library from your distribution's package manager.[0m
/tmp/ipykernel_704151/2187412671.py:4: UserWarning: Using static image for notebook display.
Install trame for interactive backends: pip install "pyvista[jupyter]"
  pl.add_axes(); pl.show(screenshot='mesh_midspan.png'); print('wrote mesh_midspan.png; section bounds',section.bounds)

# -- cell 15 (0.1s, exit 0)
x=np.linspace(0,1,200001); m,p,t=0.02,0.4,0.12
yt=5*t*(0.2969*np.sqrt(x)-0.1260*x-0.3516*x*x+0.2843*x**3-0.1036*x**4)
yc=np.where(x<p,m/p**2*(2*p*x-x*x),m/(1-p)**2*((1-2*p)+2*p*x-x*x))
imax=int(np.argmax(yt)); jmax=int(np.argmax(yc))
root_pts=naca2412_points(C_ROOT,0.0,401); tip_pts=naca2412_points(C_TIP,SPAN,401)
print(f'NACA max thickness: {2*yt[imax]*100:.5f}% chord at x/c={x[imax]:.5f}; requested 12%')
print(f'NACA max camber:    {yc[jmax]*100:.5f}% chord at x/c={x[jmax]:.5f}; requested 2% at 40%')
print(f'root LE-to-TE chord: {C_ROOT:.6f} m; tip LE-to-TE chord: {C_TIP:.6f} m')
print(f'root-to-tip span:    {SPAN:.6f} m')
print(f'upstream: {-XMIN/C_ROOT:.3f} root chords; downstream from root TE: {(XMAX-C_ROOT)/C_ROOT:.3f}')
print(f'beyond tip: {(YMAX-SPAN)/C_ROOT:.3f} root chords; vertical: +{ZMAX/C_ROOT:.3f}/-{abs(ZMIN)/C_ROOT:.3f}')
print('mesh cells 28978; near-wing nominal spacing',(XMAX-XMIN)/39/8,'m')
# -- output
NACA max thickness: 12.00142% chord at x/c=0.29953; requested 12%
NACA max camber:    2.00000% chord at x/c=0.40000; requested 2% at 40%
root LE-to-TE chord: 0.120000 m; tip LE-to-TE chord: 0.080000 m
root-to-tip span:    0.200000 m
upstream: 4.000 root chords; downstream from root TE: 8.000
beyond tip: 3.000 root chords; vertical: +3.000/-3.000
mesh cells 28978; near-wing nominal spacing 0.005 m

# -- cell 16 (0.1s, exit 0)
import inspect
print(inspect.signature(export_patches))
# -- output
(shape, patches: 'dict', directory='constant/triSurface', *, out_dir=None, tolerance: 'float | None' = None, angular_tolerance: 'float' = 0.1, location_in_mesh=None, binary: 'bool' = True, clean: 'bool' = True, quiet: 'bool' = False) -> 'dict'

# -- cell 17 (0.2s, exit 0)
export_patches(fluid,{'wing':wing_faces,'root_wall':root_wall,'inlet':inlet,'outlet':outlet,'far_field':far_field},tolerance=2.5e-4,location_in_mesh=(-0.20,0.10,0.10))
print('manifest location:',__import__('json').loads(Path('constant/triSurface/patches.json').read_text())['location_in_mesh'])
# -- output
constant/triSurface  <-  127 faces, one tessellation
  tolerance           0.00025 m chord deviation, 0.1 rad angular
    wing                    121 faces        402 triangles  0.0413613 m^2  -> wing.stl
    root_wall                 1 faces        124 triangles  1.12202 m^2  -> root_wall.stl
    inlet                     1 faces          2 triangles  0.4032 m^2  -> inlet.stl
    outlet                    1 faces          2 triangles  0.4032 m^2  -> outlet.stl
    far_field                 3 faces          6 triangles  2.8704 m^2  -> far_field.stl
  extent              1.56 x 0.56 x 0.72 m   <- metres, so check these against the request
  union               536 triangles, 0 open edges, 0 flipped, 0 non-manifold
  location_in_mesh    -0.2, 0.1, 0.1
  manifest            constant/triSurface/patches.json
manifest location: [-0.2, 0.1, 0.1]

