# -- cell 1 (0.1s, exit 0)
import numpy as np, matplotlib
matplotlib.use("Agg")
import matplotlib.pyplot as plt

# --- thread parameters (mm; converted to metres only at export) ---
PITCH      = 2.0      # mm
DEPTH      = 1.0      # mm radial thread depth
R_CREST    = 20.0     # mm  -> 40 mm OD
R_ROOT     = R_CREST - DEPTH
FLANK_ANG  = 15.0     # deg, flank from the radial direction (trapezoidal, 30 deg included)
CREST_W    = 0.7      # mm axial crest width
GAP        = 0.2      # mm lid cut shallower on every flank
H_THREAD   = 12.0     # mm threaded neck height
run   = DEPTH*np.tan(np.radians(FLANK_ANG))          # axial run of one flank
ROOT_W = PITCH - CREST_W - 2*run

# inner (neck) contour over one pitch in (z, r), starting mid-root
z0 = ROOT_W/2
inner = np.array([[0.0,R_ROOT],[z0,R_ROOT],[z0+run,R_CREST],
                  [z0+run+CREST_W,R_CREST],[z0+2*run+CREST_W,R_ROOT],[PITCH,R_ROOT]])

def outward_normal(a,b):
    d = b-a; d = d/np.linalg.norm(d)
    return np.array([-d[1], d[0]])            # (-dr, dz): points away from the solid

def line_isect(p1,d1,p2,d2):
    A = np.array([d1,-d2]).T
    t = np.linalg.solve(A, p2-p1)
    return p1 + t[0]*d1

offs = [(inner[i]+GAP*outward_normal(inner[i],inner[i+1]),
         (inner[i+1]-inner[i])/np.linalg.norm(inner[i+1]-inner[i])) for i in range(5)]
outer = [np.array([0.0, R_ROOT+GAP])]
for i in range(4):
    outer.append(line_isect(*offs[i], *offs[i+1]))
outer.append(np.array([PITCH, R_ROOT+GAP]))
outer = np.array(outer)

print("run=%.4f ROOT_W=%.4f  crest half-width in/out: %.4f / %.4f" %
      (run, ROOT_W, CREST_W/2, (outer[3,0]-outer[2,0])/2))
for i in range(5):
    n = outward_normal(inner[i],inner[i+1])
    d = np.dot(outer[i]-inner[i], n), np.dot(outer[i+1]-inner[i+1], n)
    print("  segment %d perpendicular gap: %.6f / %.6f mm" % (i,d[0],d[1]))

fig,ax = plt.subplots(figsize=(9,3))
for q in range(2):
    ax.plot(inner[:,0]+q*PITCH, inner[:,1],'-o',c='C0',ms=3)
    ax.plot(outer[:,0]+q*PITCH, outer[:,1],'-o',c='C3',ms=3)
ax.set_aspect('equal'); ax.set_xlabel('z [mm]'); ax.set_ylabel('r [mm]')
ax.legend(['neck (inner)','lid (outer)']); fig.tight_layout(); plt.show()
# -- output
run=0.2679 ROOT_W=0.7641  crest half-width in/out: 0.3500 / 0.5035
  segment 0 perpendicular gap: 0.200000 / 0.200000 mm
  segment 1 perpendicular gap: 0.200000 / 0.200000 mm
  segment 2 perpendicular gap: 0.200000 / 0.200000 mm
  segment 3 perpendicular gap: 0.200000 / 0.200000 mm
  segment 4 perpendicular gap: 0.200000 / 0.200000 mm
[no picture came back from this cell, and it looks like it drew one. This cell called `matplotlib.use("Agg")`, which switches the figure away from the inline backend that sends it here. A figure reaches you by being displayed, not by being saved: end the cell with the figure object, or call `display(fig)`, and do not set a matplotlib backend -- the kernel is already on the inline one. A `.png` written to disk is not sent; read it back with `IPython.display.Image(path)` if you want to see it.]

# -- cell 2 (0.2s, exit 0)
from IPython.display import display
display(fig)
# -- output


# -- cell 3 (0.1s, exit 0)
TURNS = 5            # z span = (TURNS+1)*PITCH = 12 mm of threaded neck

def profile_nodes(nr2, nf, nc):
    """node counts per segment: half-root, flank, crest, flank, half-root"""
    counts = [nr2, nf, nc, nf, nr2]
    pin, pout = [], []
    for i,n in enumerate(counts):
        for k in range(n):
            f = k/n
            pin.append(inner[i] + f*(inner[i+1]-inner[i]))
            pout.append(outer[i] + f*(outer[i+1]-outer[i]))
    pin.append(inner[5]); pout.append(outer[5])
    return np.array(pin), np.array(pout)

def build_grid(nr2, nf, nc, Nk, T):
    pin, pout = profile_nodes(nr2, nf, nc)
    m  = len(pin)-1
    Nt = T*TURNS
    ID = -np.ones((Nt+1, m+1, Nk+1), dtype=int)
    n = 0
    for a in range(Nt+1):
        for b in range(m):
            for c in range(Nk+1):
                ID[a,b,c] = n; n += 1
    for a in range(Nt+1):
        for c in range(Nk+1):
            ID[a,m,c] = ID[a+T,0,c] if a+T <= Nt else -1
    for a in range(Nt+1):
        for c in range(Nk+1):
            if ID[a,m,c] < 0:
                ID[a,m,c] = n; n += 1
    pts = np.zeros((n,3))
    for a in range(Nt+1):
        t = a/T; th = 2*np.pi*t
        for b in range(m+1):
            for c in range(Nk+1):
                f = c/Nk
                zl, r = pin[b] + f*(pout[b]-pin[b])
                pts[ID[a,b,c]] = (r*np.cos(th), r*np.sin(th), PITCH*t + zl)
    return pin, pout, m, Nt, ID, pts

pin, pout, m, Nt, ID, pts = build_grid(1,2,1,2,40)   # coarse
print("profile nodes per pitch m =", m, " helix stations =", Nt+1, " nodes =", len(pts))
print("cells =", Nt*m*2)
print("z range [mm]: %.4f .. %.4f   r range: %.4f .. %.4f" %
      (pts[:,2].min(), pts[:,2].max(), np.hypot(pts[:,0],pts[:,1]).min(), np.hypot(pts[:,0],pts[:,1]).max()))
# -- output
profile nodes per pitch m = 7  helix stations = 201  nodes = 4341
cells = 2800
z range [mm]: 0.0000 .. 12.0000   r range: 19.0000 .. 20.2000

# -- cell 4 (0.1s, exit 0)
def build_cells(m, Nt, Nk, ID, T):
    hexes = []
    for a in range(Nt):
        for b in range(m):
            for c in range(Nk):
                hexes.append([ID[a,b,c],ID[a+1,b,c],ID[a+1,b+1,c],ID[a,b+1,c],
                              ID[a,b,c+1],ID[a+1,b,c+1],ID[a+1,b+1,c+1],ID[a,b+1,c+1]])
    P = {"neckFlank":[], "lidFlank":[], "innerEnd":[], "outerEnd":[]}
    for a in range(Nt):
        for b in range(m):
            P["neckFlank"].append([ID[a,b,0],ID[a+1,b,0],ID[a+1,b+1,0],ID[a,b+1,0]])
            P["lidFlank" ].append([ID[a,b,Nk],ID[a+1,b,Nk],ID[a+1,b+1,Nk],ID[a,b+1,Nk]])
    for b in range(m):
        for c in range(Nk):
            P["innerEnd"].append([ID[0,b,c],ID[0,b+1,c],ID[0,b+1,c+1],ID[0,b,c+1]])
            P["outerEnd"].append([ID[Nt,b,c],ID[Nt,b+1,c],ID[Nt,b+1,c+1],ID[Nt,b,c+1]])
    for a in range(Nt):
        for c in range(Nk):
            if a < T:            # free bottom edge of the first turn -> opens to jar interior
                P["innerEnd"].append([ID[a,0,c],ID[a+1,0,c],ID[a+1,0,c+1],ID[a,0,c+1]])
            if a >= Nt-T:        # free top edge of the last turn -> opens to the air
                P["outerEnd"].append([ID[a,m,c],ID[a+1,m,c],ID[a+1,m,c+1],ID[a,m,c+1]])
    return np.array(hexes), {k:np.array(v) for k,v in P.items()}

hexes, patches = build_cells(m, Nt, 2, ID, 40)

def hex_volumes(pts, h):
    c = pts[h]                      # (n,8,3)
    ctr = c.mean(axis=1)
    quads = [(0,1,2,3),(4,7,6,5),(0,4,5,1),(1,5,6,2),(2,6,7,3),(3,7,4,0)]
    V = np.zeros(len(h))
    for q in quads:
        fc = c[:,q,:].mean(axis=1)
        for i in range(4):
            a,b = c[:,q[i],:]-ctr, c[:,q[(i+1)%4],:]-ctr
            V += np.einsum('ij,ij->i', np.cross(a,b), fc-ctr)/6.0
    return V

V = hex_volumes(pts, hexes)
print("cells %d  faces: %s" % (len(hexes), {k:len(v) for k,v in patches.items()}))
print("volume min/max [mm^3]: %.3e / %.3e   total %.4f mm^3" % (V.min(), V.max(), V.sum()))
# -- output
cells 2800  faces: {'neckFlank': 1400, 'lidFlank': 1400, 'innerEnd': 94, 'outerEnd': 94}
volume min/max [mm^3]: -2.932e-01 / -7.996e-02   total -434.2660 mm^3

# -- cell 5 (0.1s, exit 0)
def build_cells(m, Nt, Nk, ID, T):
    hexes = []
    for a in range(Nt):
        for b in range(m):
            for c in range(Nk):
                hexes.append([ID[a,b,c],ID[a,b+1,c],ID[a+1,b+1,c],ID[a+1,b,c],
                              ID[a,b,c+1],ID[a,b+1,c+1],ID[a+1,b+1,c+1],ID[a+1,b,c+1]])
    P = {"neckFlank":[], "lidFlank":[], "innerEnd":[], "outerEnd":[]}
    for a in range(Nt):
        for b in range(m):
            P["neckFlank"].append([ID[a,b,0],ID[a+1,b,0],ID[a+1,b+1,0],ID[a,b+1,0]])
            P["lidFlank" ].append([ID[a,b,Nk],ID[a,b+1,Nk],ID[a+1,b+1,Nk],ID[a+1,b,Nk]])
    for b in range(m):
        for c in range(Nk):
            P["innerEnd"].append([ID[0,b,c],ID[0,b,c+1],ID[0,b+1,c+1],ID[0,b+1,c]])
            P["outerEnd"].append([ID[Nt,b,c],ID[Nt,b+1,c],ID[Nt,b+1,c+1],ID[Nt,b,c+1]])
    for a in range(Nt):
        for c in range(Nk):
            if a < T:            # free bottom edge of the first turn -> opens to the jar interior
                P["innerEnd"].append([ID[a,0,c],ID[a+1,0,c],ID[a+1,0,c+1],ID[a,0,c+1]])
            if a >= Nt-T:        # free top edge of the last turn -> opens to the air
                P["outerEnd"].append([ID[a,m,c],ID[a,m,c+1],ID[a+1,m,c+1],ID[a+1,m,c]])
    return np.array(hexes), {k:np.array(v) for k,v in P.items()}

hexes, patches = build_cells(m, Nt, 2, ID, 40)
V = hex_volumes(pts, hexes)
print("volume min/max [mm^3]: %.3e / %.3e   total %.4f mm^3" % (V.min(), V.max(), V.sum()))
print("shell volume / (mid-area*0.2) sanity, area = %.1f mm^2" % (V.sum()/GAP))
# -- output
volume min/max [mm^3]: 7.996e-02 / 2.932e-01   total 434.2660 mm^3
shell volume / (mid-area*0.2) sanity, area = 2171.3 mm^2

# -- cell 6 (0.5s, exit 0)
import pyvista as pv
pv.global_theme.allow_empty_mesh = True

def patch_poly(pts, quads):
    f = np.hstack([np.full((len(quads),1),4), quads]).astype(np.int64)
    return pv.PolyData(pts, faces=f)

cols = {"neckFlank":"steelblue","lidFlank":"indianred","innerEnd":"lime","outerEnd":"gold"}
pl = pv.Plotter(off_screen=True, window_size=(1000,800))
for k,c in cols.items():
    pl.add_mesh(patch_poly(pts, patches[k]), color=c, show_edges=True, line_width=1, label=k)
pl.add_legend(); pl.camera_position = [(70,-70,40),(0,0,6),(0,0,1)]
pl.screenshot("shell_coarse.png")
from IPython.display import Image
Image("shell_coarse.png")
# -- output
/home/qiuzi/miniforge3/lib/python3.13/site-packages/tqdm/auto.py:21: TqdmWarning: IProgress not found. Please update jupyter and ipywidgets. See https://ipywidgets.readthedocs.io/en/stable/user_install.html
  from .autonotebook import tqdm as notebook_tqdm
[0m[33m2026-09-12 13:43:45.306 (   0.262s) [    7B62C1944780]vtkXOpenGLRenderWindow.:1460  WARN| bad X server connection. DISPLAY=[0m
[0m[33m2026-09-12 13:43:45.306 (   0.263s) [    7B62C1944780]vtkOpenGLRenderWindow.c:645   WARN| Failed to load EGL! Please install the EGL library from your distribution's package manager.[0m
[0m[33m2026-09-12 13:43:45.320 (   0.276s) [    7B62C1944780]vtkOpenGLRenderWindow.c:645   WARN| Failed to load EGL! Please install the EGL library from your distribution's package manager.[0m

# -- cell 7 (0.3s, exit 0)
cells_vtk = np.hstack([np.full((len(hexes),1),8), hexes]).astype(np.int64).ravel()
grid = pv.UnstructuredGrid(cells_vtk, np.full(len(hexes), pv.CellType.HEXAHEDRON), pts)
clip = grid.clip(normal=(0,1,0), origin=(0,0,0), crinkle=True)
pl = pv.Plotter(off_screen=True, window_size=(1100,700))
pl.add_mesh(clip, color="lightblue", show_edges=True, line_width=1)
pl.camera_position = [(0,-90,6),(0,0,6),(0,0,1)]; pl.camera.zoom(2.6)
pl.screenshot("clip_coarse.png")
Image("clip_coarse.png")
# -- output
[0m[33m2026-09-12 13:43:53.652 (   8.608s) [    7B62C1944780]vtkOpenGLRenderWindow.c:645   WARN| Failed to load EGL! Please install the EGL library from your distribution's package manager.[0m
[0m[33m2026-09-12 13:43:53.653 (   8.609s) [    7B62C1944780]vtkOpenGLRenderWindow.c:645   WARN| Failed to load EGL! Please install the EGL library from your distribution's package manager.[0m

# -- cell 8 (0.3s, exit 0)
sl = grid.slice(normal=(0,1,0), origin=(0,0,6))
sp = sl.points
fig2, ax = plt.subplots(figsize=(7,7))
for c in range(sl.n_cells):
    q = sp[sl.get_cell(c).point_ids]
    ax.fill(q[:,0], q[:,2], facecolor="lightblue", edgecolor="k", lw=0.4)
ax.set_xlim(18.5,20.5); ax.set_aspect('equal'); ax.set_xlabel("x (=r) [mm]"); ax.set_ylabel("z [mm]")
ax.set_title("gap shell, plane y=0, x>0 side"); fig2.tight_layout()
display(fig2)
# -- output


# -- cell 9 (0.3s, exit 0)
import os, subprocess, textwrap
MM = 1e-3    # build is in mm; OpenFOAM gets metres

def write_stl(path, pts_mm, quads, name):
    P = pts_mm*MM
    with open(path,"w") as f:
        f.write("solid %s\n" % name)
        for q in quads:
            for tri in ((q[0],q[1],q[2]), (q[0],q[2],q[3])):
                a,b,c = P[list(tri)]
                n = np.cross(b-a, c-a); L = np.linalg.norm(n); n = n/L if L>0 else n
                f.write("facet normal %.6e %.6e %.6e\n outer loop\n" % tuple(n))
                for v in (a,b,c): f.write("  vertex %.9e %.9e %.9e\n" % tuple(v))
                f.write(" endloop\nendfacet\n")
        f.write("endsolid %s\n" % name)

def write_msh(path, pts_mm, hexes, patches):
    P = pts_mm*MM
    names = list(patches.keys())
    with open(path,"w") as f:
        f.write("$MeshFormat\n2.2 0 8\n$EndMeshFormat\n")
        f.write("$PhysicalNames\n%d\n" % (len(names)+1))
        for i,n in enumerate(names): f.write('2 %d "%s"\n' % (i+1, n))
        f.write('3 %d "internal"\n$EndPhysicalNames\n' % (len(names)+1))
        f.write("$Nodes\n%d\n" % len(P))
        for i,p in enumerate(P): f.write("%d %.10e %.10e %.10e\n" % (i+1,p[0],p[1],p[2]))
        f.write("$EndNodes\n$Elements\n%d\n" % (sum(len(v) for v in patches.values())+len(hexes)))
        e = 0
        for i,n in enumerate(names):
            for q in patches[n]:
                e += 1; f.write("%d 3 2 %d %d %s\n" % (e, i+1, i+1, " ".join(str(x+1) for x in q)))
        for h in hexes:
            e += 1; f.write("%d 5 2 %d %d %s\n" % (e, len(names)+1, len(names)+1, " ".join(str(x+1) for x in h)))
        f.write("$EndElements\n")

os.makedirs("constant/triSurface", exist_ok=True); os.makedirs("system", exist_ok=True)
head = "FoamFile{version 2.0; format ascii; class dictionary; object controlDict;}\n"
open("system/controlDict","w").write(head + textwrap.dedent("""
    application icoFoam; startFrom startTime; startTime 0; stopAt endTime; endTime 1;
    deltaT 1; writeControl timeStep; writeInterval 1; purgeWrite 0; writeFormat ascii;
    writePrecision 6; writeCompression off; timeFormat general; timePrecision 6; runTimeModifiable true;
    """))
for k,v in patches.items(): write_stl("constant/triSurface/%s.stl" % k, pts, v, k)
write_msh("gap.msh", pts, hexes, patches)
print(sorted(os.listdir("constant/triSurface")), os.path.getsize("gap.msh"))
# -- output
['innerEnd.stl', 'lidFlank.stl', 'neckFlank.stl', 'outerEnd.stl'] 483847

# -- cell 10 (0.3s, exit 0)
r = subprocess.run(["gmshToFoam","gap.msh"], capture_output=True, text=True)
print(r.returncode); print(r.stdout[-1500:]); print(r.stderr[-800:])
# -- output
0
oam::Vector<double> >&) const
    in file meshes/meshShapes/cellModel/cellModel.C at line 90
    zero or negative pyramid volume: -1.33285e-11 for face 3
--> FOAM Warning : 
    From Foam::vector Foam::cellModel::centre(const Foam::labelUList&, const Foam::UList<Foam::Vector<double> >&) const
    in file meshes/meshShapes/cellModel/cellModel.C at line 90
    zero or negative pyramid volume: -1.52043e-11 for face 4
--> FOAM Warning : 
    From Foam::vector Foam::cellModel::centre(const Foam::labelUList&, const Foam::UList<Foam::Vector<double> >&) const
    in file meshes/meshShapes/cellModel/cellModel.C at line 90
    zero or negative pyramid volume: -1.14428e-11 for face 5
Inverting hex 2799
Cells:
    total:2800
    hex  :2800
    prism:0
    pyr  :0
    tet  :0

CellZones:
Zone	Size
    0	2800

Patch 0 gets name neckFlank
Patch 1 gets name lidFlank
Patch 2 gets name innerEnd
Patch 3 gets name outerEnd

--> FOAM Warning : 
    From Foam::polyMesh::polyMesh(const Foam::IOobject&, Foam::pointField&&, const Foam::cellShapeList&, const Foam::faceListList&, const Foam::wordList&, const Foam::wordList&, const Foam::word&, const Foam::word&, const Foam::wordList&, bool)
    in file meshes/polyMesh/polyMeshFromShapeMesh.C at line 635
    Found 2988 undefined faces in mesh; adding to default patch defaultFaces
Finding faces of patch 0
Finding faces of patch 1
Finding faces of patch 2
Finding faces of patch 3

FaceZones:
Zone	Size

Writing zone 0 to cellZone internal and cellSet
End

# -- cell 11 (0.1s, exit 0)
from collections import Counter
qf = [(0,1,2,3),(4,5,6,7),(0,1,5,4),(1,2,6,5),(2,3,7,6),(3,0,4,7)]
cnt = Counter()
for h in hexes:
    for q in qf: cnt[tuple(sorted(h[list(q)]))] += 1
bnd = {k for k,v in cnt.items() if v==1}
print("total distinct faces", len(cnt), " boundary", len(bnd), " >2 shared:", sum(1 for v in cnt.values() if v>2))
mine = set()
for k,v in patches.items():
    for q in v: mine.add(tuple(sorted(q)))
print("my patch faces", len(mine), " matching mesh boundary:", len(mine & bnd), " missing:", len(bnd-mine))
# sign convention test on a unit cube in standard (gmsh/VTK) order
cube = np.array([[0,0,0],[1,0,0],[1,1,0],[0,1,0],[0,0,1],[1,0,1],[1,1,1],[0,1,1]],float)
print("unit-cube signed volume by my routine:", hex_volumes(cube, np.array([[0,1,2,3,4,5,6,7]]))[0])
# -- output
total distinct faces 9894  boundary 2988  >2 shared: 0
my patch faces 2988  matching mesh boundary: 2988  missing: 0
unit-cube signed volume by my routine: -0.9999999999999996

# -- cell 12 (0.5s, exit 0)
def build_cells(m, Nt, Nk, ID, T):
    hexes = []
    for a in range(Nt):
        for b in range(m):
            for c in range(Nk):
                hexes.append([ID[a,b,c],ID[a+1,b,c],ID[a+1,b+1,c],ID[a,b+1,c],
                              ID[a,b,c+1],ID[a+1,b,c+1],ID[a+1,b+1,c+1],ID[a,b+1,c+1]])
    P = {"neckFlank":[], "lidFlank":[], "innerEnd":[], "outerEnd":[]}
    for a in range(Nt):
        for b in range(m):
            P["neckFlank"].append([ID[a,b,0],ID[a+1,b,0],ID[a+1,b+1,0],ID[a,b+1,0]])
            P["lidFlank" ].append([ID[a,b,Nk],ID[a,b+1,Nk],ID[a+1,b+1,Nk],ID[a+1,b,Nk]])
    for b in range(m):
        for c in range(Nk):
            P["innerEnd"].append([ID[0,b,c],ID[0,b,c+1],ID[0,b+1,c+1],ID[0,b+1,c]])
            P["outerEnd"].append([ID[Nt,b,c],ID[Nt,b+1,c],ID[Nt,b+1,c+1],ID[Nt,b,c+1]])
    for a in range(Nt):
        for c in range(Nk):
            if a < T:            # free bottom edge of the first turn -> opens to the jar interior
                P["innerEnd"].append([ID[a,0,c],ID[a+1,0,c],ID[a+1,0,c+1],ID[a,0,c+1]])
            if a >= Nt-T:        # free top edge of the last turn -> opens to the air
                P["outerEnd"].append([ID[a,m,c],ID[a,m,c+1],ID[a+1,m,c+1],ID[a+1,m,c]])
    return np.array(hexes), {k:np.array(v) for k,v in P.items()}

hexes, patches = build_cells(m, Nt, 2, ID, 40)
print("signed volume (OpenFOAM convention) min/max:", -hex_volumes(pts,hexes).max(), -hex_volumes(pts,hexes).min())
for k,v in patches.items(): write_stl("constant/triSurface/%s.stl" % k, pts, v, k)
write_msh("gap.msh", pts, hexes, patches)
subprocess.run(["rm","-rf","constant/polyMesh"])
r = subprocess.run(["gmshToFoam","gap.msh"], capture_output=True, text=True)
print([l for l in r.stdout.splitlines() if "undefined" in l or "Inverting" in l or "gets name" in l][:12])
# -- output
signed volume (OpenFOAM convention) min/max: 0.07996126957372228 0.2932328148699224
['Patch 0 gets name neckFlank', 'Patch 1 gets name lidFlank', 'Patch 2 gets name innerEnd', 'Patch 3 gets name outerEnd', '    Found 2988 undefined faces in mesh; adding to default patch defaultFaces']

# -- cell 13 (0.1s, exit 0)
print(open("constant/polyMesh/boundary").read()[-1200:])
print([l for l in r.stdout.splitlines() if "Patch" in l or "faces" in l][:20])
# -- output
|
|   \\  /    A nd           | Website:  www.openfoam.com                      |
|    \\/     M anipulation  |                                                 |
\*---------------------------------------------------------------------------*/
FoamFile
{
    version     2.0;
    format      ascii;
    arch        "LSB;label=32;scalar=64";
    class       polyBoundaryMesh;
    location    "constant/polyMesh";
    object      boundary;
}
// * * * * * * * * * * * * * * * * * * * * * * * * * * * * * * * * * * * * * //

4
(
    neckFlank
    {
        type            patch;
        physicalType    patch;
        nFaces          1400;
        startFace       6906;
    }
    lidFlank
    {
        type            patch;
        physicalType    patch;
        nFaces          1400;
        startFace       8306;
    }
    innerEnd
    {
        type            patch;
        physicalType    patch;
        nFaces          94;
        startFace       9706;
    }
    outerEnd
    {
        type            patch;
        physicalType    patch;
        nFaces          94;
        startFace       9800;
    }
)

// ************************************************************************* //

['Patch 0 gets name neckFlank', 'Patch 1 gets name lidFlank', 'Patch 2 gets name innerEnd', 'Patch 3 gets name outerEnd', '    Found 2988 undefined faces in mesh; adding to default patch defaultFaces', 'Finding faces of patch 0', 'Finding faces of patch 1', 'Finding faces of patch 2', 'Finding faces of patch 3']

# -- cell 14 (0.2s, exit 0)
r = subprocess.run(["checkMesh"], capture_output=True, text=True)
print(r.stdout[-2600:])
# -- output
/*---------------------------------------------------------------------------*\
| =========                 |                                                 |
| \\      /  F ield         | OpenFOAM: The Open Source CFD Toolbox           |
|  \\    /   O peration     | Version:  2512                                  |
|   \\  /    A nd           | Website:  www.openfoam.com                      |
|    \\/     M anipulation  |                                                 |
\*---------------------------------------------------------------------------*/
Build  : _87ed40d2-20251219 OPENFOAM=2512 version=2512
Arch   : "LSB;label=32;scalar=64"
Exec   : checkMesh
Date   : Sep 12 2026
Time   : 13:45:22
Host   : yc-demo
PID    : 578577
--> FOAM Warning : 
    From Foam::fileName Foam::cwd_L()
    in file POSIX.C at line 554
    PWD is not the cwd() - reverting to physical description
I/O    : uncollated
--> FOAM Warning : 
    From Foam::fileName Foam::cwd_L()
    in file POSIX.C at line 554
    PWD is not the cwd() - reverting to physical description
Case   : /home/qiuzi/.openreynolds-buildup/work/T13-20260912-133720-a6d1/t13
nProcs : 1
trapFpe: Floating point exception trapping enabled (FOAM_SIGFPE).
memory pool : not available
fileModificationChecking : Monitoring run-time modified files using timeStampMaster (fileModificationSkew 5, maxFileModificationPolls 20)
allowSystemOperations : Allowing user-supplied system call operations

// * * * * * * * * * * * * * * * * * * * * * * * * * * * * * * * * * * * * * //
Create time

--> FOAM Warning : 
    From static Foam::instantList Foam::timeSelector::select0(Foam::Time&, const Foam::argList&)
    in file db/Time/timeSelector.C at line 284
    No time specified or available, selecting 'constant'
Create mesh for time = constant

# -- cell 15 (0.1s, exit 0)
print(len(r.stdout)); print(r.stdout[3000:]); print("STDERR", r.stderr[-500:])
# -- output
1799

STDERR 

--> FOAM FATAL ERROR: (openfoam-2512)
cannot find file "/home/qiuzi/.openreynolds-buildup/work/T13-20260912-133720-a6d1/t13/system/fvSchemes"

    From virtual Foam::autoPtr<Foam::ISstream> Foam::fileOperations::uncollatedFileOperation::readStream(Foam::regIOobject&, const Foam::fileName&, const Foam::word&, bool) const
    in file global/fileOperations/uncollatedFileOperation/uncollatedFileOperation.C at line 629.

FOAM exiting

# -- cell 16 (0.3s, exit 0)
open("system/fvSchemes","w").write("FoamFile{version 2.0; format ascii; class dictionary; object fvSchemes;}\n"
    "ddtSchemes{default steadyState;} gradSchemes{default Gauss linear;} divSchemes{default none;}\n"
    "laplacianSchemes{default Gauss linear corrected;} interpolationSchemes{default linear;}\n"
    "snGradSchemes{default corrected;}\n")
open("system/fvSolution","w").write("FoamFile{version 2.0; format ascii; class dictionary; object fvSolution;}\n"
    "solvers{} relaxationFactors{}\n")
r = subprocess.run(["checkMesh"], capture_output=True, text=True)
print(r.stdout[r.stdout.find("Mesh stats"):])
# -- output
Mesh stats 
    points:           4341
    faces:            9894
    internal faces:   6906
    cells:            2800
    faces per cell:   6
    boundary patches: 4
    point zones:      0
    face zones:       0
    cell zones:       1

Overall number of cells of each type:
    hexahedra:     2800
    prisms:        0
    wedges:        0
    pyramids:      0
    tet wedges:    0
    tetrahedra:    0
    polyhedra:     0

Checking topology...
    Boundary definition OK.
    Cell to face addressing OK.
    Point usage OK.
    Upper triangular ordering OK.
    Face vertices OK.
    Number of regions: 1 (OK).

Checking patch topology for multiply connected surfaces...
    Patch               Faces    Points     Surface topology
    neckFlank           1400     1447     ok (non-closed singly connected)  
    lidFlank            1400     1447     ok (non-closed singly connected)  
    innerEnd            94       141      ok (non-closed singly connected)  
    outerEnd            94       141      ok (non-closed singly connected)  
    ".*"                2988     2988     ok (closed singly connected)      


Checking faceZone topology for multiply connected surfaces...
    No faceZones found.

Checking basic cellZone addressing...
    CellZone            Cells        Points       Volume       BoundingBox
    internal            2800         4341         4.34266e-07  (-0.0202 -0.0202 0) (0.0202 0.0202 0.012)

Checking basic pointZone addressing...
    No pointZones found.

Checking geometry...
    Overall domain bounding box (-0.0202 -0.0202 0) (0.0202 0.0202 0.012)
    Mesh has 3 geometric (non-empty/wedge) directions (1 1 1)
    Mesh has 3 solution (non-empty) directions (1 1 1)
    Boundary openness (-2.62322e-18 3.27163e-17 2.02211e-18) OK.
    Max cell openness = 3.5529e-16 OK.
    Max aspect ratio = 22.452 OK.
    Minimum face area = 2.66952e-08. Maximum face area = 3.19172e-06.  Face area magnitudes OK.
    Min volume = 7.99613e-11. Max volume = 2.93233e-10.  Total volume = 4.34266e-07.  Cell volumes OK.
    Mesh non-orthogonality Max: 37.3777 average: 19.2692
    Non-orthogonality check OK.
    Face pyramids OK.
    Max skewness = 1.80749 OK.
    Coupled point location match (average 0) OK.

Mesh OK.

End

# -- cell 17 (0.8s, exit 0)
NR2, NF, NC, NK, T = 3, 4, 3, 4, 250          # final resolution
pin, pout, m, Nt, ID, pts = build_grid(NR2, NF, NC, NK, T)
hexes, patches = build_cells(m, Nt, NK, ID, T)
V = -hex_volumes(pts, hexes)
print("m=%d Nt=%d cells=%d nodes=%d" % (m, Nt, len(hexes), len(pts)))
print("vol min %.3e max %.3e total %.4f mm^3 (coarse gave 434.2660)" % (V.min(), V.max(), V.sum()))
# -- output
m=17 Nt=1250 cells=85000 nodes=107585
vol min 1.990e-03 max 8.184e-03 total 436.0111 mm^3 (coarse gave 434.2660)

# -- cell 18 (0.1s, exit 1)
rr = np.hypot(pts[:,0], pts[:,1])
print("OD at neck crest      : %.4f mm   (asked 40)"     % (2*rr[ID[:,:,0]].max()))
print("thread depth          : %.4f mm   (asked 1)"      % (rr[ID[:,:,0]].max()-rr[ID[:,:,0]].min()))
print("threaded neck height  : %.4f mm   (asked 12)"     % (pts[:,2].max()-pts[:,2].min()))
# pitch + lead: crest node (mid-crest index) at station a=0 for successive pitch periods
bc = NR2+NF+NC//2
zc = [pts[ID[0, bc+q*m, 0], 2] for q in range(6)]
print("crest z at theta=0    :", np.round(zc,4), " -> pitch %.4f mm (asked 2)" % np.mean(np.diff(zc)))
print("lead per turn         : %.4f mm" % (pts[ID[T,bc,0],2]-pts[ID[0,bc,0],2]))
print("turns of helix        : %.3f" % (Nt/T))
# gap: min distance from every lid-flank node to the neck-flank surface nodes (same station, all b)
d = []
for a in range(0, Nt+1, 97):
    A = pts[ID[a,:,NK]]; B = pts[ID[a,:,0]]
    d.append(np.sqrt(((A[:,None,:]-B[None,:,:])**2).sum(-1)).min(axis=1))
print("gap neck->lid min/max : %.4f / %.4f mm   (asked 0.2)" % (np.min(d), np.max(d)))
fl = np.degrees(np.arctan2(inner[2,0]-inner[1,0], inner[2,1]-inner[1,1]))
print("flank angle from radial: %.3f deg (30.0 deg included)" % fl)
mid = pts[ID[:,bc,NK//2]]
print("helical channel length at mid-gap crest: %.1f mm" % np.linalg.norm(np.diff(mid,axis=0),axis=1).sum())
# -- output
OD at neck crest      : 40.0000 mm   (asked 40)
thread depth          : 1.0000 mm   (asked 1)
threaded neck height  : 12.0000 mm   (asked 12)
[31m---------------------------------------------------------------------------[39m
[31mIndexError[39m                                Traceback (most recent call last)
[36mCell[39m[36m [39m[32mIn[18][39m[32m, line 7[39m
[32m      3[39m print([33m"thread depth          : %.4f mm   (asked 1)"[39m      % (rr[ID[:,:,[32m0[39m]].max()-rr[ID[:,:,[32m0[39m]].min()))
[32m      4[39m print([33m"threaded neck height  : %.4f mm   (asked 12)"[39m     % (pts[:,[32m2[39m].max()-pts[:,[32m2[39m].min()))
[32m      5[39m [38;5;66;03m# pitch + lead: crest node (mid-crest index) at station a=0 for successive pitch periods[39;00m
[32m      6[39m bc = NR2+NF+NC//[32m2[39m
[32m----> [39m[32m7[39m zc = [pts[ID[[32m0[39m, bc+q*m, [32m0[39m], [32m2[39m] [38;5;28;01mfor[39;00m q [38;5;28;01min[39;00m range([32m6[39m)]
[32m      8[39m print([33m"crest z at theta=0    :"[39m, np.round(zc,[32m4[39m), [33m" -> pitch %.4f mm (asked 2)"[39m % np.mean(np.diff(zc)))
[32m      9[39m print([33m"lead per turn         : %.4f mm"[39m % (pts[ID[T,bc,[32m0[39m],[32m2[39m]-pts[ID[[32m0[39m,bc,[32m0[39m],[32m2[39m]))
[32m     10[39m print([33m"turns of helix        : %.3f"[39m % (Nt/T))

[31mIndexError[39m: index 25 is out of bounds for axis 1 with size 18

# -- cell 19 (0.1s, exit 0)
rr = np.hypot(pts[:,0], pts[:,1])
print("OD at neck crest      : %.4f mm   (asked 40)"     % (2*rr[ID[:,:,0]].max()))
print("thread depth          : %.4f mm   (asked 1)"      % (rr[ID[:,:,0]].max()-rr[ID[:,:,0]].min()))
print("threaded neck height  : %.4f mm   (asked 12)"     % (pts[:,2].max()-pts[:,2].min()))
bc = NR2+NF+NC//2
zc = [pts[ID[q*T, bc, 0], 2] for q in range(6)]
print("crest z at theta=0    :", np.round(zc,4), "-> pitch %.4f mm (asked 2)" % np.mean(np.diff(zc)))
print("turns of helix        : %.3f   (single start)" % (Nt/T))
d = []
for a in range(0, Nt+1, 97):
    A = pts[ID[a,:,NK]]; B = pts[ID[a,:,0]]
    d.append(np.sqrt(((A[:,None,:]-B[None,:,:])**2).sum(-1)).min(axis=1))
print("gap neck->lid min/max : %.4f / %.4f mm   (asked 0.2)" % (np.min(d), np.max(d)))
fl = np.degrees(np.arctan2(inner[2,0]-inner[1,0], inner[2,1]-inner[1,1]))
print("flank angle from radial: %.3f deg (%.1f deg included, trapezoidal)" % (fl, 2*fl))
mid = pts[ID[:,bc,NK//2]]
print("channel length along crest helix: %.1f mm" % np.linalg.norm(np.diff(mid,axis=0),axis=1).sum())
print("lid crest OD          : %.4f mm" % (2*rr[ID[:,:,NK]].max()))
# -- output
OD at neck crest      : 40.0000 mm   (asked 40)
thread depth          : 1.0000 mm   (asked 1)
threaded neck height  : 12.0000 mm   (asked 12)
crest z at theta=0    : [ 0.8833  2.8833  4.8833  6.8833  8.8833 10.8833] -> pitch 2.0000 mm (asked 2)
turns of helix        : 5.000   (single start)
gap neck->lid min/max : 0.2000 / 0.2521 mm   (asked 0.2)
flank angle from radial: 15.000 deg (30.0 deg included, trapezoidal)
channel length along crest helix: 631.5 mm
lid crest OD          : 40.4000 mm

# -- cell 20 (4.8s, exit 0)
import time
t0=time.time()
for k,v in patches.items(): write_stl("constant/triSurface/%s.stl" % k, pts, v, k)
write_msh("gap.msh", pts, hexes, patches)
print("written in %.1fs" % (time.time()-t0), {k:len(v) for k,v in patches.items()})
subprocess.run(["rm","-rf","constant/polyMesh"])
r = subprocess.run(["gmshToFoam","gap.msh"], capture_output=True, text=True)
print([l for l in r.stdout.splitlines() if "gets name" in l or "Inverting" in l][:8])
print(subprocess.run(["ls","-la","constant/triSurface"],capture_output=True,text=True).stdout)
# -- output
written in 3.8s {'neckFlank': 21250, 'lidFlank': 21250, 'innerEnd': 1068, 'outerEnd': 1068}
['Patch 0 gets name neckFlank', 'Patch 1 gets name lidFlank', 'Patch 2 gets name innerEnd', 'Patch 3 gets name outerEnd']
total 22448
drwxrwxr-x 2 qiuzi qiuzi     4096 Sep 12 13:44 .
drwxrwxr-x 4 qiuzi qiuzi     4096 Sep 12 13:46 ..
-rw-rw-r-- 1 qiuzi qiuzi   550585 Sep 12 13:46 innerEnd.stl
-rw-rw-r-- 1 qiuzi qiuzi 10935919 Sep 12 13:46 lidFlank.stl
-rw-rw-r-- 1 qiuzi qiuzi 10935951 Sep 12 13:46 neckFlank.stl
-rw-rw-r-- 1 qiuzi qiuzi   548916 Sep 12 13:46 outerEnd.stl

# -- cell 21 (0.8s, exit 0)
r = subprocess.run(["checkMesh"], capture_output=True, text=True)
print(r.stdout[r.stdout.find("Mesh stats"):])
# -- output
Mesh stats 
    points:           107585
    faces:            277318
    internal faces:   232682
    cells:            85000
    faces per cell:   6
    boundary patches: 4
    point zones:      0
    face zones:       0
    cell zones:       1

Overall number of cells of each type:
    hexahedra:     85000
    prisms:        0
    wedges:        0
    pyramids:      0
    tet wedges:    0
    tetrahedra:    0
    polyhedra:     0

Checking topology...
    Boundary definition OK.
    Cell to face addressing OK.
    Point usage OK.
    Upper triangular ordering OK.
    Face vertices OK.
    Number of regions: 1 (OK).

Checking patch topology for multiply connected surfaces...
    Patch               Faces    Points     Surface topology
    neckFlank           21250    21517    ok (non-closed singly connected)  
    lidFlank            21250    21517    ok (non-closed singly connected)  
    innerEnd            1068     1335     ok (non-closed singly connected)  
    outerEnd            1068     1335     ok (non-closed singly connected)  
    ".*"                44636    44636    ok (closed singly connected)      


Checking faceZone topology for multiply connected surfaces...
    No faceZones found.

Checking basic cellZone addressing...
    CellZone            Cells        Points       Volume       BoundingBox
    internal            85000        107585       4.36011e-07  (-0.0202 -0.0201984 0) (0.0202 0.0201984 0.012)

Checking basic pointZone addressing...
    No pointZones found.

Checking geometry...
    Overall domain bounding box (-0.0202 -0.0201984 0) (0.0202 0.0201984 0.012)
    Mesh has 3 geometric (non-empty/wedge) directions (1 1 1)
    Mesh has 3 solution (non-empty) directions (1 1 1)
    Boundary openness (1.12131e-17 -6.96084e-18 -3.50379e-18) OK.
    Max cell openness = 2.76823e-16 OK.
    Max aspect ratio = 12.2002 OK.
    Minimum face area = 4.12948e-09. Maximum face area = 1.70396e-07.  Face area magnitudes OK.
    Min volume = 1.9898e-12. Max volume = 8.1845e-12.  Total volume = 4.36011e-07.  Cell volumes OK.
    Mesh non-orthogonality Max: 37.5058 average: 22.2048
    Non-orthogonality check OK.
    Face pyramids OK.
    Max skewness = 1.91099 OK.
    Coupled point location match (average 0) OK.

Mesh OK.

End

# -- cell 22 (0.4s, exit 0)
pl = pv.Plotter(off_screen=True, window_size=(1200,600), shape=(1,2))
for j,cam in enumerate([[(80,-80,45),(0,0,6),(0,0,1)], [(0,-40,2),(0,-19,1),(0,0,1)]]):
    pl.subplot(0,j)
    for k,c in cols.items():
        pl.add_mesh(patch_poly(pts, patches[k]).extract_surface(), color=c,
                    show_edges=(j==1), line_width=0.4, label=k)
    pl.camera_position = cam
    if j==1: pl.camera.zoom(3.0)
pl.add_legend()
pl.screenshot("final.png"); Image("final.png")
# -- output
[0m[33m2026-09-12 13:46:34.608 ( 169.565s) [    7B62C1944780]vtkOpenGLRenderWindow.c:645   WARN| Failed to load EGL! Please install the EGL library from your distribution's package manager.[0m
[0m[33m2026-09-12 13:46:34.609 ( 169.566s) [    7B62C1944780]vtkOpenGLRenderWindow.c:645   WARN| Failed to load EGL! Please install the EGL library from your distribution's package manager.[0m
/tmp/ipykernel_575720/3905996721.py:5: PyVistaFutureWarning: The default value of `algorithm` for the filter
`PolyData.extract_surface` will change in the future. It currently defaults to
`'dataset_surface'`, but will change to `None`. Explicitly set the `algorithm` keyword to
silence this warning.
  pl.add_mesh(patch_poly(pts, patches[k]).extract_surface(), color=c,

