# -- cell 1 (2.2s, exit 0)
import os, time
from build123d import *

t0 = time.time()
STEP_PATH = "/home/qiuzi/.openreynolds-buildup/work/T5-T5/geometry/assembly.step"
print(os.path.getsize(STEP_PATH), "bytes")
with open(STEP_PATH) as f:
    head = [next(f) for _ in range(40)]
print("".join(head))
# -- output
110029 bytes
ISO-10303-21;
HEADER;
/* Generated by software containing ST-Developer
 * from STEP Tools, Inc. (www.steptools.com) 
 */
/* OPTION: using custom renumber hook */

FILE_DESCRIPTION(
/* description */ ('STEP AP214'),
/* implementation_level */ '2;1');

FILE_NAME(
/* name */ '6149e834557e911885ae5063',
/* time_stamp */ '2021-09-21T14:12:05+00:00',
/* author */ (''),
/* organization */ (''),
/* preprocessor_version */ 'ST-DEVELOPER v18.1',
/* originating_system */ '  ',
/* authorisation */ '  ');

FILE_SCHEMA (('AUTOMOTIVE_DESIGN {1 0 10303 214 3 1 1}'));
ENDSEC;

DATA;
#10=PROPERTY_DEFINITION_REPRESENTATION(#14,#12);
#11=PROPERTY_DEFINITION_REPRESENTATION(#15,#13);
#12=REPRESENTATION('',(#16),#2291);
#13=REPRESENTATION('',(#17),#2291);
#14=PROPERTY_DEFINITION('pmi validation property','',#2302);
#15=PROPERTY_DEFINITION('pmi validation property','',#2302);
#16=VALUE_REPRESENTATION_ITEM('number of annotations',COUNT_MEASURE(0.));
#17=VALUE_REPRESENTATION_ITEM('number of views',COUNT_MEASURE(0.));
#18=(
BOUNDED_SURFACE()
B_SPLINE_SURFACE(3,2,((#2141,#2142,#2143),(#2144,#2145,#2146),(#2147,#2148,
#2149),(#2150,#2151,#2152),(#2153,#2154,#2155)),.UNSPECIFIED.,.F.,.F.,.F.)
B_SPLINE_SURFACE_WITH_KNOTS((4,1,4),(3,3),(5.4980856094645,6.28318530717959,
7.06828500489467),(0.,1.),.UNSPECIFIED.)
GEOMETRIC_REPRESENTATION_ITEM()
RATIONAL_B_SPLINE_SURFACE(((1.,0.715692733703735,1.),(1.,0.717924865872386,

# -- cell 2 (0.1s, exit 0)
import re
txt = open(STEP_PATH).read()
for m in set(re.findall(r"(SI_UNIT\([^;]*\)|CONVERSION_BASED_UNIT\([^;]*\))", txt)):
    print(m)
print("PRODUCTs:", re.findall(r"PRODUCT\('([^']*)','([^']*)'", txt)[:20])
print("MANIFOLD_SOLID_BREP count:", txt.count("MANIFOLD_SOLID_BREP"))
print("CLOSED_SHELL count:", txt.count("CLOSED_SHELL"))
# -- output
SI_UNIT($,.METRE.)
)
SI_UNIT($,.RADIAN.)
)
SI_UNIT($,.STERADIAN.)
SOLID_ANGLE_UNIT()
)
PRODUCTs: [('LD19', 'LD19'), ('LD19_BASE', 'LD19_BASE'), ('LD19_EMITTER', 'LD19_EMITTER'), ('LD19_BODY', 'LD19_BODY')]
MANIFOLD_SOLID_BREP count: 3
CLOSED_SHELL count: 3

# -- cell 3 (0.3s, exit 1)
from build123d import *
imp = import_step(STEP_PATH)
print(type(imp))
solids = imp.solids()
print("n solids:", len(solids))
for i,s in enumerate(solids):
    bb = s.bounding_box()
    print(i, "vol", s.volume, "bb", bb.min, bb.max, "valid", s.is_valid())
print("total bb", imp.bounding_box())
# -- output
<class 'build123d.topology.composite.Compound'>
n solids: 3
[31m---------------------------------------------------------------------------[39m
[31mTypeError[39m                                 Traceback (most recent call last)
[36mCell[39m[36m [39m[32mIn[3][39m[32m, line 8[39m
[32m      4[39m solids = imp.solids()
[32m      5[39m print([33m"n solids:"[39m, len(solids))
[32m      6[39m [38;5;28;01mfor[39;00m i,s [38;5;28;01min[39;00m enumerate(solids):
[32m      7[39m     bb = s.bounding_box()
[32m----> [39m[32m8[39m     print(i, [33m"vol"[39m, s.volume, [33m"bb"[39m, bb.min, bb.max, [33m"valid"[39m, s.is_valid())
[32m      9[39m print([33m"total bb"[39m, imp.bounding_box())

[31mTypeError[39m: 'bool' object is not callable

# -- cell 4 (0.3s, exit 0)
for i,s in enumerate(solids):
    bb = s.bounding_box()
    print(i, "vol %.6g"%s.volume, "bb", bb.min, bb.max, "valid", s.is_valid, "faces", len(s.faces()))
print("total bb", imp.bounding_box())
# -- output
0 vol 2552.27 bb Vector: (X=-26.975, Y=-19.419, Z=0) Vector: (X=26.975, Y=26.871, Z=3.5) valid True faces 34
1 vol 12186.1 bb Vector: (X=-18.8038, Y=-18.9009, Z=20.1) Vector: (X=18.8038, Y=18.7066, Z=31.3) valid True faces 29
2 vol 26455.7 bb Vector: (X=-19.2583, Y=-19.3555, Z=1.5) Vector: (X=19.2583, Y=19.1612, Z=20.1) valid True faces 15
total bb bbox: -26.97500010000001 <= x <= 26.975000099999995, -19.418991148451138 <= y <= 26.87100895154889, -1.0000001421085471e-07 <= z <= 31.300000100000002

# -- cell 5 (0.3s, exit 0)
import os, re, time
from build123d import *

STEP_PATH = "/home/qiuzi/.openreynolds-buildup/work/T5-T5/geometry/assembly.step"
txt = open(STEP_PATH).read()
print([l for l in txt.splitlines() if "LENGTH_UNIT" in l][:3])

imp = import_step(STEP_PATH)
solids = imp.solids()
print("n solids:", len(solids))
for i, s in enumerate(solids):
    bb = s.bounding_box()
    print(i, "vol %.6g" % s.volume, "bb", bb.min, bb.max, "valid", s.is_valid, "faces", len(s.faces()), "shells", len(s.shells()))
print("total bb", imp.bounding_box())
# -- output
['LENGTH_UNIT()']
n solids: 3
0 vol 2552.27 bb Vector: (X=-26.975, Y=-19.419, Z=0) Vector: (X=26.975, Y=26.871, Z=3.5) valid True faces 34 shells 1
1 vol 12186.1 bb Vector: (X=-18.8038, Y=-18.9009, Z=20.1) Vector: (X=18.8038, Y=18.7066, Z=31.3) valid True faces 29 shells 1
2 vol 26455.7 bb Vector: (X=-19.2583, Y=-19.3555, Z=1.5) Vector: (X=19.2583, Y=19.1612, Z=20.1) valid True faces 15 shells 1
total bb bbox: -26.97500010000001 <= x <= 26.975000099999995, -19.418991148451138 <= y <= 26.87100895154889, -1.0000001421085471e-07 <= z <= 31.300000100000002

# -- cell 6 (0.9s, exit 0)
import numpy as np, pyvista as pv
pv.start_xvfb() if False else None
pv.global_theme.background = "white"

def to_pv(shape, tol=0.2):
    verts, tris = shape.tessellate(tol)
    pts = np.array([[v.X, v.Y, v.Z] for v in verts])
    faces = np.hstack([[3, *t] for t in tris])
    return pv.PolyData(pts, faces)

meshes = [to_pv(s) for s in solids]
cols = ["tan", "lightblue", "lightgreen"]
p = pv.Plotter(shape=(1, 3), window_size=(1500, 520), off_screen=True)
for j, cpos in enumerate([(1, 1, 0.6), (0, 0, 1), (1, 0, 0)]):
    p.subplot(0, j)
    for m, c in zip(meshes, cols):
        p.add_mesh(m, color=c, show_edges=False, opacity=1.0)
    p.camera_position = [tuple(80*np.array(cpos)), (0, 0, 15), (0, 0, 1)]
p.screenshot("view_solids.png")
print("ok")
# -- output
ok

/home/qiuzi/miniforge3/lib/python3.13/site-packages/tqdm/auto.py:21: TqdmWarning: IProgress not found. Please update jupyter and ipywidgets. See https://ipywidgets.readthedocs.io/en/stable/user_install.html
  from .autonotebook import tqdm as notebook_tqdm
[0m[33m2026-09-12 08:48:58.060 (   0.667s) [    70E143FA2780]vtkXOpenGLRenderWindow.:1460  WARN| bad X server connection. DISPLAY=[0m
[0m[33m2026-09-12 08:48:58.061 (   0.668s) [    70E143FA2780]vtkOpenGLRenderWindow.c:645   WARN| Failed to load EGL! Please install the EGL library from your distribution's package manager.[0m
[0m[33m2026-09-12 08:48:58.074 (   0.681s) [    70E143FA2780]vtkOpenGLRenderWindow.c:645   WARN| Failed to load EGL! Please install the EGL library from your distribution's package manager.[0m

# -- cell 7 (0.1s, exit 0)
from IPython.display import Image, display
display(Image("view_solids.png"))
# -- output


# -- cell 8 (0.3s, exit 0)
fused = solids[0] + solids[1] + solids[2]
fs = fused.solids()
print("solids in fuse:", len(fs))
for s in fs:
    print(" vol %.6g" % s.volume, "shells", len(s.shells()), "faces", len(s.faces()))
print("sum of parts %.6g" % sum(s.volume for s in solids))
print("bbox", fused.bounding_box())
# -- output
solids in fuse: 2
 vol 2552.27 shells 1 faces 36
 vol 38641.6 shells 1 faces 43
sum of parts 41194.1
bbox bbox: -26.97500010000001 <= x <= 26.9750001, -19.418991148451138 <= y <= 26.87100895154889, -1.0000001421085471e-07 <= z <= 31.300000100000002

# -- cell 9 (0.6s, exit 0)
import matplotlib.pyplot as plt
fused_mesh = to_pv(fused, 0.05)
sl = fused_mesh.slice(normal=(0,1,0), origin=(0,0,0))
lines = sl.lines.reshape(-1,3)[:,1:]
pts = sl.points
fig, ax = plt.subplots(figsize=(9,6))
for a,b in lines:
    ax.plot([pts[a,0],pts[b,0]],[pts[a,2],pts[b,2]],'k-',lw=0.8)
ax.set_aspect('equal'); ax.set_xlabel('x [mm]'); ax.set_ylabel('z [mm]'); ax.grid(alpha=.3)
ax.set_title('section y=0')
plt.show()
# -- output


# -- cell 10 (0.1s, exit 0)
from collections import Counter
def face_info(shape):
    info = []
    for f in shape.faces():
        gt = f.geom_type
        r = None
        try:
            r = f.radius
        except Exception:
            pass
        info.append((str(gt), r, f.area))
    return info

for i, s in enumerate(solids):
    print("--- solid", i)
    c = Counter(g for g, r, a in face_info(s))
    print(dict(c))
    rs = sorted(round(r, 3) for g, r, a in face_info(s) if r is not None)
    print("radii:", rs)
# -- output
--- solid 0
{'GeomType.PLANE': 21, 'GeomType.CYLINDER': 13}
radii: [5.0, 5.0, 5.0, 5.0]
--- solid 1
{'GeomType.PLANE': 11, 'GeomType.CONE': 1, 'GeomType.TORUS': 2, 'GeomType.CYLINDER': 11, 'GeomType.BSPLINE': 4}
radii: [0.1, 0.1, 0.1, 0.5, 0.5, 0.5, 0.5, 5.0, 5.0, 5.0, 5.0]
--- solid 2
{'GeomType.PLANE': 11, 'GeomType.CYLINDER': 4}
radii: [5.0, 5.0, 5.0, 5.0]

# -- cell 11 (240.0s, exit 0)
from OCP.BRepAlgoAPI import BRepAlgoAPI_Defeaturing
from OCP.TopTools import TopTools_ListOfShape

def defeature(solid, rmax):
    targets = []
    for f in solid.faces():
        try:
            r = f.radius
        except Exception:
            continue
        if r is not None and r <= rmax:
            targets.append(f)
    lst = TopTools_ListOfShape()
    for f in targets:
        lst.Append(f.wrapped)
    alg = BRepAlgoAPI_Defeaturing()
    alg.SetShape(solid.wrapped)
    alg.AddFacesToRemove(lst)
    alg.SetRunParallel(True)
    alg.Build()
    print("removed targets:", len(targets), "done:", alg.IsDone(), "err:", alg.HasErrors())
    if not alg.IsDone() or alg.HasErrors():
        return None
    return Solid(alg.Shape())

test = defeature(solids[1], 0.6)
print(test.volume if test else None, "orig", solids[1].volume)
# -- output


# -- cell 12 (40.2s, exit 0)
print("poll")
# -- output
poll

# -- cell 13 (0.3s, exit 0)
import os
from build123d import *

SCALE = 0.001                      # STEP numbers are millimetres -> metres
X0, X1 = -0.100, 0.200             # duct: flow along +x
Y0, Y1 = -0.080, 0.080
Z0, Z1 =  0.000, 0.120

device = scale(fused, SCALE)
dbb = device.bounding_box()
print("device bb (m)", dbb.min, dbb.max, "vol %.4g m^3" % sum(s.volume for s in device.solids()))

duct = Pos((X0+X1)/2, (Y0+Y1)/2, (Z0+Z1)/2) * Box(X1-X0, Y1-Y0, Z1-Z0)
fluid = duct - device
print("fluid solids:", len(fluid.solids()), "valid", fluid.is_valid)
print("fluid vol %.6g  expected %.6g" % (fluid.volume, duct.volume - sum(s.volume for s in device.solids())))
# -- output
device bb (m) Vector: (X=-0.026975, Y=-0.019419, Z=0) Vector: (X=0.026975, Y=0.026871, Z=0.0313) vol 4.119e-05 m^3
fluid solids: 1 valid False
fluid vol 0.00571881  expected 0.00571881

# -- cell 14 (0.1s, exit 0)
from OCP.BRepCheck import BRepCheck_Analyzer
from OCP.TopExp import TopExp_Explorer
from OCP.TopAbs import TopAbs_FACE, TopAbs_EDGE
ana = BRepCheck_Analyzer(fluid.wrapped)
print("overall", ana.IsValid())
bad_f = bad_e = 0
ex = TopExp_Explorer(fluid.wrapped, TopAbs_FACE)
while ex.More():
    if not ana.IsValid(ex.Current()): bad_f += 1
    ex.Next()
ex = TopExp_Explorer(fluid.wrapped, TopAbs_EDGE)
while ex.More():
    if not ana.IsValid(ex.Current()): bad_e += 1
    ex.Next()
print("bad faces", bad_f, "bad edges", bad_e, "total faces", len(fluid.faces()))
# -- output
overall False
bad faces 2 bad edges 0 total faces 77

# -- cell 15 (0.1s, exit 0)
from OCP.ShapeFix import ShapeFix_Shape
ex = TopExp_Explorer(fluid.wrapped, TopAbs_FACE)
i = 0
while ex.More():
    f = Face(ex.Current())
    if not ana.IsValid(ex.Current()):
        print("bad face", i, f.geom_type, "area %.6g" % f.area, "center", f.center())
    i += 1; ex.Next()

fx = ShapeFix_Shape(fluid.wrapped)
fx.Perform()
fluid_fixed = Solid(fx.Shape()) if fx.Shape().ShapeType() == 2 else Compound(fx.Shape())
print("fixed valid:", BRepCheck_Analyzer(fluid_fixed.wrapped).IsValid(), "vol %.6g" % fluid_fixed.volume)
# -- output
bad face 8 GeomType.PLANE area 0.000633311 center Vector: (X=-0.019008, Y=0.000119, Z=0.011727)
bad face 16 GeomType.PLANE area 0.000635977 center Vector: (X=0.01901, Y=6.2e-05, Z=0.011681)
fixed valid: False vol 0

# -- cell 16 (0.1s, exit 1)
dev_parts = [scale(s, SCALE) for s in solids]
duct = Pos((X0+X1)/2, (Y0+Y1)/2, (Z0+Z1)/2) * Box(X1-X0, Y1-Y0, Z1-Z0)
fluid = duct - dev_parts[0] - dev_parts[1] - dev_parts[2]
fluid = fluid.solids()[0] if len(fluid.solids()) == 1 else fluid
print("solids", len(fluid.solids()), "vol %.6g" % fluid.volume, "faces", len(fluid.faces()))
print("valid:", BRepCheck_Analyzer(fluid.wrapped).IsValid())
# -- output
[31m---------------------------------------------------------------------------[39m
[31mTypeError[39m                                 Traceback (most recent call last)
[36mCell[39m[36m [39m[32mIn[16][39m[32m, line 1[39m
[32m----> [39m[32m1[39m dev_parts = [scale(s, SCALE) [38;5;28;01mfor[39;00m s [38;5;28;01min[39;00m solids]
[32m      2[39m duct = Pos((X0+X1)/[32m2[39m, (Y0+Y1)/[32m2[39m, (Z0+Z1)/[32m2[39m) * Box(X1-X0, Y1-Y0, Z1-Z0)
[32m      3[39m fluid = duct - dev_parts[[32m0[39m] - dev_parts[[32m1[39m] - dev_parts[[32m2[39m]
[32m      4[39m fluid = fluid.solids()[[32m0[39m] [38;5;28;01mif[39;00m len(fluid.solids()) == [32m1[39m [38;5;28;01melse[39;00m fluid

[31mTypeError[39m: 'function' object is not iterable

# -- cell 17 (0.1s, exit 0)
part_solids = imp.solids()
dev_parts = [scale(s, SCALE) for s in part_solids]
duct = Pos((X0+X1)/2, (Y0+Y1)/2, (Z0+Z1)/2) * Box(X1-X0, Y1-Y0, Z1-Z0)
fluid = duct - dev_parts[0] - dev_parts[1] - dev_parts[2]
print("solids", len(fluid.solids()), "vol %.6g" % fluid.volume, "faces", len(fluid.faces()))
print("valid:", BRepCheck_Analyzer(fluid.wrapped).IsValid())
# -- output
solids 1 vol 0.00576 faces 6
valid: True

# -- cell 18 (0.3s, exit 0)
for i, d in enumerate(dev_parts):
    print(i, type(d), "vol %.6g" % d.volume, d.bounding_box().min, d.bounding_box().max)
# -- output
0 <class 'build123d.topology.composite.Part'> vol 2.55227e-06 Vector: (X=-0.026975, Y=-8.63479, Z=0) Vector: (X=0.026975, Y=-8.5885, Z=0.0035)
1 <class 'build123d.topology.composite.Part'> vol 1.21861e-05 Vector: (X=-0.018798, Y=-8.60746, Z=0.0201) Vector: (X=0.018809, Y=-8.56985, Z=0.0313)
2 <class 'build123d.topology.composite.Part'> vol 2.64557e-05 Vector: (X=-0.019253, Y=-8.60792, Z=0.0015) Vector: (X=0.019264, Y=-8.5694, Z=0.0201)

# -- cell 19 (0.1s, exit 1)
from OCP.gp import gp_Trsf
from OCP.BRepBuilderAPI import BRepBuilderAPI_Transform

def scale_origin(shape, f):
    tr = gp_Trsf(); tr.SetScaleFactor(f)
    return Shape.cast(BRepBuilderAPI_Transform(shape.wrapped, tr, True).Shape())

dev_m = scale_origin(imp, SCALE)
dev_parts = dev_m.solids()
for i, d in enumerate(dev_parts):
    print(i, "vol %.6g" % d.volume, d.bounding_box().min, d.bounding_box().max)
# -- output
[31m---------------------------------------------------------------------------[39m
[31mNameError[39m                                 Traceback (most recent call last)
[36mCell[39m[36m [39m[32mIn[19][39m[32m, line 8[39m
[32m      4[39m [38;5;28;01mdef[39;00m scale_origin(shape, f):
[32m      5[39m     tr = gp_Trsf(); tr.SetScaleFactor(f)
[32m      6[39m     [38;5;28;01mreturn[39;00m Shape.cast(BRepBuilderAPI_Transform(shape.wrapped, tr, [38;5;28;01mTrue[39;00m).Shape())
[32m      7[39m 
[32m----> [39m[32m8[39m dev_m = scale_origin(imp, SCALE)
[32m      9[39m dev_parts = dev_m.solids()
[32m     10[39m [38;5;28;01mfor[39;00m i, d [38;5;28;01min[39;00m enumerate(dev_parts):
[32m     11[39m     print(i, [33m"vol %.6g"[39m % d.volume, d.bounding_box().min, d.bounding_box().max)

[36mCell[39m[36m [39m[32mIn[19][39m[32m, line 6[39m, in [36mscale_origin[39m[34m(shape, f)[39m
[32m      4[39m [38;5;28;01mdef[39;00m scale_origin(shape, f):
[32m      5[39m     tr = gp_Trsf(); tr.SetScaleFactor(f)
[32m----> [39m[32m6[39m     [38;5;28;01mreturn[39;00m Shape.cast(BRepBuilderAPI_Transform(shape.wrapped, tr, [38;5;28;01mTrue[39;00m).Shape())

[31mNameError[39m: name 'Shape' is not defined

# -- cell 20 (0.1s, exit 1)
from build123d.topology import Shape as BShape

def scale_origin(shape, f):
    tr = gp_Trsf(); tr.SetScaleFactor(f)
    return BShape.cast(BRepBuilderAPI_Transform(shape.wrapped, tr, True).Shape())

dev_m = scale_origin(imp, SCALE)
dev_parts = dev_m.solids()
for i, d in enumerate(dev_parts):
    print(i, "vol %.6g" % d.volume, d.bounding_box().min, d.bounding_box().max)
# -- output
[31m---------------------------------------------------------------------------[39m
[31mAttributeError[39m                            Traceback (most recent call last)
[36mCell[39m[36m [39m[32mIn[20][39m[32m, line 8[39m
[32m      4[39m     tr = gp_Trsf(); tr.SetScaleFactor(f)
[32m      5[39m     [38;5;28;01mreturn[39;00m BShape.cast(BRepBuilderAPI_Transform(shape.wrapped, tr, [38;5;28;01mTrue[39;00m).Shape())
[32m      6[39m 
[32m      7[39m dev_m = scale_origin(imp, SCALE)
[32m----> [39m[32m8[39m dev_parts = dev_m.solids()
[32m      9[39m [38;5;28;01mfor[39;00m i, d [38;5;28;01min[39;00m enumerate(dev_parts):
[32m     10[39m     print(i, [33m"vol %.6g"[39m % d.volume, d.bounding_box().min, d.bounding_box().max)

[31mAttributeError[39m: 'NoneType' object has no attribute 'solids'

# -- cell 21 (0.2s, exit 0)
from build123d.topology import Compound as BCompound

def scale_origin(shape, f):
    tr = gp_Trsf(); tr.SetScaleFactor(f)
    return BCompound(BRepBuilderAPI_Transform(shape.wrapped, tr, True).Shape())

dev_m = scale_origin(imp, SCALE)
dev_parts = dev_m.solids()
for i, d in enumerate(dev_parts):
    print(i, "vol %.6g" % d.volume, d.bounding_box().min, d.bounding_box().max)
# -- output
0 vol 2.55227e-06 Vector: (X=-0.026975, Y=-0.019419, Z=0) Vector: (X=0.026975, Y=0.026871, Z=0.0035)
1 vol 1.21861e-05 Vector: (X=-0.018804, Y=-0.018901, Z=0.0201) Vector: (X=0.018804, Y=0.018707, Z=0.0313)
2 vol 2.64557e-05 Vector: (X=-0.019258, Y=-0.019355, Z=0.0015) Vector: (X=0.019258, Y=0.019161, Z=0.0201)

# -- cell 22 (0.3s, exit 0)
from OCP.gp import gp_Trsf
from OCP.BRepBuilderAPI import BRepBuilderAPI_Transform
from build123d.topology import Compound as BCompound

def scale_origin(shape, f):
    tr = gp_Trsf(); tr.SetScaleFactor(f)
    return BCompound(BRepBuilderAPI_Transform(shape.wrapped, tr, True).Shape())

dev_m = scale_origin(imp, SCALE)
dev_parts = dev_m.solids()
for i, d in enumerate(dev_parts):
    print(i, "vol %.6g" % d.volume, d.bounding_box().min, d.bounding_box().max)
# -- output
0 vol 2.55227e-06 Vector: (X=-0.026975, Y=-0.019419, Z=0) Vector: (X=0.026975, Y=0.026871, Z=0.0035)
1 vol 1.21861e-05 Vector: (X=-0.018804, Y=-0.018901, Z=0.0201) Vector: (X=0.018804, Y=0.018707, Z=0.0313)
2 vol 2.64557e-05 Vector: (X=-0.019258, Y=-0.019355, Z=0.0015) Vector: (X=0.019258, Y=0.019161, Z=0.0201)

# -- cell 23 (0.9s, exit 0)
import os
from build123d import export_stl

CASE = "/home/qiuzi/.openreynolds-buildup/work/T5-T5/t5"
for d in ["system", "constant/triSurface"]:
    os.makedirs(os.path.join(CASE, d), exist_ok=True)

export_stl(dev_m, os.path.join(CASE, "constant/triSurface/device_raw.stl"),
           tolerance=5e-5, angular_tolerance=0.2, ascii_format=True)
raw = open(os.path.join(CASE, "constant/triSurface/device_raw.stl")).read()
print("tris:", raw.count("facet normal"), "solids in stl:", raw.count("solid "))
# -- output
tris: 72966 solids in stl: 1

