# -- cell 1 (2.2s, exit 0)
import numpy as np, os
from build123d import *

L = 0.900          # duct length, m
R_OUT = (0.450, 0.430, 0.410)   # outer cowl inner surface: fan exit, mid, nozzle
R_CORE = (0.280, 0.310, 0.250)  # core cowl outer surface

zs = (0.0, L/2, L)
outer_edge = Spline([(R_OUT[i], 0, zs[i]) for i in range(3)])
core_edge  = Spline([(R_CORE[i], 0, zs[i]) for i in range(3)])

for name, e, target in (("outer", outer_edge, R_OUT), ("core", core_edge, R_CORE)):
    got = [e @ t for t in (0.0, 0.5, 1.0)]
    print(name, [(round(p.X,4), round(p.Z,4)) for p in got], "target", target)
print("len outer", outer_edge.length, "len core", core_edge.length)
# -- output
outer [(0.45, 0.0), (0.43, 0.45), (0.41, 0.9)] target (0.45, 0.43, 0.41)
core [(0.28, 0.0), (0.31, 0.4515), (0.25, 0.9)] target (0.28, 0.31, 0.25)
len outer 0.9008884503644163 len core 0.9064546448599758

# -- cell 2 (0.2s, exit 1)
from build123d import *
import math

# patch surfaces, each from its own generator -> identity by construction
srf_outer = Face.revolve(outer_edge, 360, Axis.Z)
srf_core  = Face.revolve(core_edge, 360, Axis.Z)
srf_inlet  = Face.make_from_wires(Wire.make_circle(R_OUT[0], Plane.XY),
                                  [Wire.make_circle(R_CORE[0], Plane.XY)])
srf_outlet = Face.make_from_wires(Wire.make_circle(R_OUT[2], Plane(origin=(0,0,L))),
                                  [Wire.make_circle(R_CORE[2], Plane(origin=(0,0,L)))])

profile = Face(Wire([outer_edge,
                     Edge.make_line((R_OUT[2],0,L), (R_CORE[2],0,L)),
                     core_edge,
                     Edge.make_line((R_CORE[0],0,0), (R_OUT[0],0,0))]))
solid = revolve(profile, Axis.Z, 360)

print("areas", [round(f.area,5) for f in (srf_outer, srf_core, srf_inlet, srf_outlet)])
print("inlet area check", round(math.pi*(R_OUT[0]**2-R_CORE[0]**2),5))
print("outlet area check", round(math.pi*(R_OUT[2]**2-R_CORE[2]**2),5))
print("solid volume", solid.volume, "bbox", solid.bounding_box())
# -- output
[31m---------------------------------------------------------------------------[39m
[31mAttributeError[39m                            Traceback (most recent call last)
[36mCell[39m[36m [39m[32mIn[2][39m[32m, line 7[39m
[32m      3[39m 
[32m      4[39m [38;5;66;03m# patch surfaces, each from its own generator -> identity by construction[39;00m
[32m      5[39m srf_outer = Face.revolve(outer_edge, [32m360[39m, Axis.Z)
[32m      6[39m srf_core  = Face.revolve(core_edge, [32m360[39m, Axis.Z)
[32m----> [39m[32m7[39m srf_inlet  = Face.make_from_wires(Wire.make_circle(R_OUT[0], Plane.XY),
[32m      8[39m                                   [Wire.make_circle(R_CORE[[32m0[39m], Plane.XY)])
[32m      9[39m srf_outlet = Face.make_from_wires(Wire.make_circle(R_OUT[2], Plane(origin=(0,0,L))),
[32m     10[39m                                   [Wire.make_circle(R_CORE[[32m2[39m], Plane(origin=([32m0[39m,[32m0[39m,L)))])

[31mAttributeError[39m: type object 'Face' has no attribute 'make_from_wires'

# -- cell 3 (0.1s, exit 0)
print([m for m in dir(Face) if 'make' in m or 'revolve' in m])
print([m for m in dir(Wire) if 'circle' in m])
# -- output
['make_bezier_surface', 'make_composite', 'make_gordon_surface', 'make_holes', 'make_plane', 'make_rect', 'make_surface', 'make_surface_from_array_of_points', 'make_surface_from_curves', 'make_surface_patch', 'revolve']
['make_circle']

# -- cell 4 (0.1s, exit 0)
from build123d import *
import math

srf_outer = Face.revolve(outer_edge, 360, Axis.Z)
srf_core  = Face.revolve(core_edge, 360, Axis.Z)
srf_inlet  = Face(Wire.make_circle(R_OUT[0], Plane.XY)).make_holes(
                  [Wire.make_circle(R_CORE[0], Plane.XY)])
srf_outlet = Face(Wire.make_circle(R_OUT[2], Plane(origin=(0,0,L)))).make_holes(
                  [Wire.make_circle(R_CORE[2], Plane(origin=(0,0,L)))])

profile = Face(Wire([outer_edge,
                     Edge.make_line((R_OUT[2],0,L), (R_CORE[2],0,L)),
                     core_edge,
                     Edge.make_line((R_CORE[0],0,0), (R_OUT[0],0,0))]))
solid = revolve(profile, Axis.Z, 360)

print("areas", [round(f.area,5) for f in (srf_outer, srf_core, srf_inlet, srf_outlet)])
print("inlet area check", round(math.pi*(R_OUT[0]**2-R_CORE[0]**2),5))
print("outlet area check", round(math.pi*(R_OUT[2]**2-R_CORE[2]**2),5))
print("solid volume", solid.volume, "bbox", solid.bounding_box())
# -- output
areas [2.43399, 1.67951, 0.38987, 0.33175]
inlet area check 0.38987
outlet area check 0.33175
solid volume 0.276393839233269 bbox bbox: -0.4500001 <= x <= 0.4500001, -0.4500001 <= y <= 0.4500001, -1e-07 <= z <= 0.9000001000000004

# -- cell 5 (0.1s, exit 0)
from scipy.optimize import brentq
def r_at_z(edge, zt):
    f = lambda t: (edge @ t).Z - zt
    t = brentq(f, 0, 1)
    return (edge @ t).X
for nm, e, tgt in (("outer", outer_edge, 0.430), ("core", core_edge, 0.310)):
    print(nm, "r(z=0.45) =", round(r_at_z(e, 0.45), 6), " target", tgt)
# monotone / smoothness sample
for z in [0,0.15,0.3,0.45,0.6,0.75,0.9]:
    print(round(z,2), round(r_at_z(outer_edge,z),4), round(r_at_z(core_edge,z),4))
# -- output
outer r(z=0.45) = 0.43  target 0.43
core r(z=0.45) = 0.31  target 0.31
0 0.45 0.28
0.15 0.4433 0.2999
0.3 0.4367 0.3099
0.45 0.43 0.31
0.6 0.4233 0.3001
0.75 0.4167 0.2801
0.9 0.41 0.25

# -- cell 6 (0.1s, exit 1)
import os, subprocess
os.makedirs("constant/triSurface", exist_ok=True)
patches = {"outerCowl": srf_outer, "coreCowl": srf_core, "inlet": srf_inlet, "outlet": srf_outlet}
for nm, f in patches.items():
    ok = export_stl(Shape(f.wrapped), f"constant/triSurface/{nm}.stl",
                    tolerance=2e-4, angular_tolerance=0.05, ascii_format=True)
    n = open(f"constant/triSurface/{nm}.stl").read().count("facet normal")
    # rename solid to patch name for snappy region naming
    txt = open(f"constant/triSurface/{nm}.stl").read().replace("solid ", f"solid {nm} ",1)
    print(nm, ok, "tris", n)
print(subprocess.run(["surfaceCheck","constant/triSurface/outerCowl.stl"],capture_output=True,text=True).stdout[-600:])
# -- output
[31m---------------------------------------------------------------------------[39m
[31mNameError[39m                                 Traceback (most recent call last)
[36mCell[39m[36m [39m[32mIn[6][39m[32m, line 5[39m
[32m      1[39m [38;5;28;01mimport[39;00m os, subprocess
[32m      2[39m os.makedirs([33m"constant/triSurface"[39m, exist_ok=[38;5;28;01mTrue[39;00m)
[32m      3[39m patches = {[33m"outerCowl"[39m: srf_outer, [33m"coreCowl"[39m: srf_core, [33m"inlet"[39m: srf_inlet, [33m"outlet"[39m: srf_outlet}
[32m      4[39m [38;5;28;01mfor[39;00m nm, f [38;5;28;01min[39;00m patches.items():
[32m----> [39m[32m5[39m     ok = export_stl(Shape(f.wrapped), f"constant/triSurface/{nm}.stl",
[32m      6[39m                     tolerance=[32m2e-4[39m, angular_tolerance=[32m0.05[39m, ascii_format=[38;5;28;01mTrue[39;00m)
[32m      7[39m     n = open(f"constant/triSurface/{nm}.stl").read().count([33m"facet normal"[39m)
[32m      8[39m     [38;5;66;03m# rename solid to patch name for snappy region naming[39;00m

[31mNameError[39m: name 'Shape' is not defined

# -- cell 7 (2.4s, exit 0)
import os, subprocess
os.makedirs("constant/triSurface", exist_ok=True)
patches = {"outerCowl": srf_outer, "coreCowl": srf_core, "inlet": srf_inlet, "outlet": srf_outlet}
for nm, f in patches.items():
    p = f"constant/triSurface/{nm}.stl"
    export_stl(f, p, tolerance=2e-4, angular_tolerance=0.05, ascii_format=True)
    txt = open(p).read()
    n = txt.count("facet normal")
    txt = txt.replace("solid \n", f"solid {nm}\n", 1).replace("endsolid \n", f"endsolid {nm}\n", 1)
    open(p, "w").write(txt)
    print(nm, "tris", n, "| first line:", txt.split("\n")[0])
# -- output
outerCowl tris 20354 | first line: solid outerCowl
coreCowl tris 48282 | first line: solid coreCowl
inlet tris 504 | first line: solid inlet
outlet tris 504 | first line: solid outlet

# -- cell 8 (0.1s, exit 0)
for i, f in enumerate(solid.faces()):
    c = f.center()
    print(i, "area", round(f.area,5), "type", f.geom_type, "center", (round(c.X,3),round(c.Y,3),round(c.Z,3)))
# -- output
0 area 2.43399 type GeomType.REVOLUTION center (-0.43, 0.0, 0.45)
1 area 0.33175 type GeomType.PLANE center (-0.0, -0.0, 0.9)
2 area 1.67951 type GeomType.REVOLUTION center (-0.31, 0.0, 0.451)
3 area 0.38987 type GeomType.PLANE center (0.0, -0.0, 0.0)

# -- cell 9 (1.1s, exit 0)
from OCP.BRepMesh import BRepMesh_IncrementalMesh
from OCP.BRep import BRep_Tool
from OCP.TopLoc import TopLoc_Location
from OCP.TopAbs import TopAbs_REVERSED
import numpy as np

name_by_area = {round(srf_outer.area,6):"outerCowl", round(srf_core.area,6):"coreCowl",
                round(srf_inlet.area,6):"inlet", round(srf_outlet.area,6):"outlet"}
BRepMesh_IncrementalMesh(solid.wrapped, 2e-4, False, 0.05, True)

def write_face_stl(face, name):
    loc = TopLoc_Location(); tri = BRep_Tool.Triangulation_s(face.wrapped, loc)
    trsf = loc.Transformation()
    pts = [tri.Node(i+1).Transformed(trsf) for i in range(tri.NbNodes())]
    rev = face.wrapped.Orientation() == TopAbs_REVERSED
    with open(f"constant/triSurface/{name}.stl","w") as fh:
        fh.write(f"solid {name}\n")
        for k in range(tri.NbTriangles()):
            a,b,c = tri.Triangle(k+1).Get()
            if rev: a,c = c,a
            P = [np.array([pts[i-1].X(),pts[i-1].Y(),pts[i-1].Z()]) for i in (a,b,c)]
            n = np.cross(P[1]-P[0], P[2]-P[0]); L2=np.linalg.norm(n)
            n = n/L2 if L2>0 else n
            fh.write("facet normal %g %g %g\n outer loop\n"%tuple(n))
            for p in P: fh.write("  vertex %.8f %.8f %.8f\n"%tuple(p))
            fh.write(" endloop\nendfacet\n")
        fh.write(f"endsolid {name}\n")
    return tri.NbTriangles()

for f in solid.faces():
    nm = name_by_area[round(f.area,6)]
    print(nm, write_face_stl(f, nm))
# -- output
outerCowl 11814
outlet 504
coreCowl 8090
inlet 504

# -- cell 10 (0.3s, exit 0)
import subprocess
open("/tmp/union.stl","w").write("".join(open(f"constant/triSurface/{n}.stl").read()
        for n in ["outerCowl","coreCowl","inlet","outlet"]))
r = subprocess.run(["surfaceCheck","/tmp/union.stl"],capture_output=True,text=True)
print("\n".join(l for l in r.stdout.split("\n") if any(k in l for k in
      ["Surface","edges","triangles","closed","region","normal","illegal","Number"])))
# -- output
Triangles    : 20912 in 4 region(s)
Surface has no illegal triangles.
Surface is closed. All edges connected to two faces.
Number of unconnected parts : 1
Number of zones (connected area with consistent normal) : 1

# -- cell 11 (0.4s, exit 0)
import os, textwrap
for d in ("system","constant"): os.makedirs(d, exist_ok=True)
hdr = lambda cls,obj: f"FoamFile{{version 2.0; format ascii; class {cls}; object {obj};}}\n"

open("system/controlDict","w").write(hdr("dictionary","controlDict")+
 "application blockMesh; startFrom startTime; startTime 0; stopAt endTime; endTime 1;\n"
 "deltaT 1; writeControl timeStep; writeInterval 1; writeFormat ascii; writePrecision 8;\n"
 "runTimeModifiable true;\n")
open("system/fvSchemes","w").write(hdr("dictionary","fvSchemes")+
 "ddtSchemes{default steadyState;} gradSchemes{default Gauss linear;} divSchemes{default none;}\n"
 "laplacianSchemes{default Gauss linear corrected;} interpolationSchemes{default linear;}\n"
 "snGradSchemes{default corrected;}\n")
open("system/fvSolution","w").write(hdr("dictionary","fvSolution")+"solvers{} relaxationFactors{}\n")

XY, Z0, Z1, N = 0.47, -0.06, 0.96, 32
open("system/blockMeshDict","w").write(hdr("dictionary","blockMeshDict")+f"""
scale 1;
vertices
(
 (-{XY} -{XY} {Z0}) ({XY} -{XY} {Z0}) ({XY} {XY} {Z0}) (-{XY} {XY} {Z0})
 (-{XY} -{XY} {Z1}) ({XY} -{XY} {Z1}) ({XY} {XY} {Z1}) (-{XY} {XY} {Z1})
);
blocks ( hex (0 1 2 3 4 5 6 7) ({N} {N} {int(round((Z1-Z0)/(2*XY/N)))}) simpleGrading (1 1 1) );
edges (); boundary (); mergePatchPairs ();
""")
import subprocess
r = subprocess.run(["blockMesh"],capture_output=True,text=True)
print(r.stdout[-500:], r.stderr[-500:])
# -- output
ng points with scale (1 1 1)
    Block 0 cell size :
        i : 0.029375 .. 0.029375
        j : 0.029375 .. 0.029375
        k : 0.029142857 .. 0.029142857

No patch pairs to merge

Writing polyMesh with 0 cellZones
----------------
Mesh Information
----------------
  boundingBox: (-0.47 -0.47 -0.06) (0.47 0.47 0.96)
  nPoints: 39204
  nCells: 35840
  nFaces: 110784
  nInternalFaces: 104256
----------------
Patches
----------------
  patch 0 (start: 104256 size: 6528) name: defaultFaces

End

# -- cell 12 (0.3s, exit 0)
names = ["outerCowl","coreCowl","inlet","outlet"]
open("system/surfaceFeatureExtractDict","w").write(hdr("dictionary","surfaceFeatureExtractDict")+
 "".join(f'{n}.stl {{ extractionMethod extractFromSurface; includedAngle 150; writeObj no; }}\n' for n in names))

geom = "".join(f'  {n}.stl {{ type triSurfaceMesh; name {n}; }}\n' for n in names)
refs = "".join(f'      {n} {{ level (1 1); patchInfo {{ type {"patch" if n in ("inlet","outlet") else "wall"}; }} }}\n' for n in names)
feats = "".join(f'        {{ file "{n}.eMesh"; level 1; }}\n' for n in names)

open("system/snappyHexMeshDict","w").write(hdr("dictionary","snappyHexMeshDict")+f"""
castellatedMesh true; snap true; addLayers false;
geometry {{
{geom}}}
castellatedMeshControls
{{
    maxLocalCells 2000000; maxGlobalCells 5000000; minRefinementCells 10; maxLoadUnbalance 0.1;
    nCellsBetweenLevels 2; resolveFeatureAngle 30; allowFreeStandingZoneFaces true;
    features (
{feats}    );
    refinementSurfaces
    {{
{refs}    }}
    refinementRegions {{}}
    locationInMesh (0.37 0.0 0.45);
}}
snapControls {{ nSmoothPatch 3; tolerance 2.0; nSolveIter 50; nRelaxIter 5;
    nFeatureSnapIter 10; implicitFeatureSnap false; explicitFeatureSnap true; multiRegionFeatureSnap false; }}
addLayersControls {{ relativeSizes true; layers {{}} expansionRatio 1.2; finalLayerThickness 0.4;
    minThickness 0.1; nGrow 0; featureAngle 60; nRelaxIter 3; nSmoothSurfaceNormals 1;
    nSmoothNormals 3; nSmoothThickness 10; maxFaceThicknessRatio 0.5; maxThicknessToMedialRatio 0.3;
    minMedialAxisAngle 90; nBufferCellsNoExtrude 0; nLayerIter 50; }}
meshQualityControls {{ maxNonOrtho 65; maxBoundarySkewness 20; maxInternalSkewness 4;
    maxConcave 80; minVol 1e-13; minTetQuality 1e-15; minArea -1; minTwist 0.02; minDeterminant 0.001;
    minFaceWeight 0.02; minVolRatio 0.01; minTriangleTwist -1; nSmoothScale 4; errorReduction 0.75; }}
mergeTolerance 1e-6; debug 0;
""")
import subprocess
r = subprocess.run(["surfaceFeatureExtract"],capture_output=True,text=True)
print(r.stdout[-800:], r.stderr[-300:])
# -- output
which
        region edges   : 504
        external edges : 0
        internal edges : 0

Final Feature set:
    points : 504
    of which
        convex             : 0
        concave            : 0
        mixed              : 0
        non-feature        : 504
    edges  : 504
    of which
        external edges     : 0
        internal edges     : 0
        flat edges         : 0
        open edges         : 504
        multiply connected : 0

Writing extendedFeatureEdgeMesh to "/home/qiuzi/.openreynolds-buildup/work/T16-20260913-130541-13dc/t16/constant/extendedFeatureEdgeMesh/outlet.extendedFeatureEdgeMesh"

Writing featureEdgeMesh to "/home/qiuzi/.openreynolds-buildup/work/T16-20260913-130541-13dc/t16/constant/triSurface/outlet.eMesh"
ExecutionTime = 0.05 s  ClockTime = 0 s

End

# -- cell 13 (11.3s, exit 0)
import subprocess
r = subprocess.run(["snappyHexMesh","-overwrite"],capture_output=True,text=True)
print(r.stdout[-1500:]); print("ERR", r.stderr[-400:])
# -- output
do iteration 0
----------------
Checking faces in error :
    non-orthogonality > 65  degrees                        : 0
    faces with face pyramid volume < 1e-13                 : 0
    faces with face-decomposition tet quality < 1e-15      : 0
    faces with concavity > 80  degrees                     : 0
    faces with skewness > 4   (internal) or 20  (boundary) : 0
    faces with interpolation weights (0..1)  < 0.02        : 0
    faces with volume ratio of neighbour cells < 0.01      : 0
    faces with face twist < 0.02                           : 0
    faces on cells with determinant < 0.001                : 0
Snapped mesh : cells:55760  faces:183072  points:72657
Cells per refinement level:
    0	4576
    1	51184
Writing mesh to time constant
Wrote mesh in = 0.13 s.
Mesh snapped in = 6.14 s.
Checking final mesh ...
Checking faces in error :
    non-orthogonality > 65  degrees                        : 0
    faces with face pyramid volume < 1e-13                 : 0
    faces with face-decomposition tet quality < 1e-15      : 0
    faces with concavity > 80  degrees                     : 0
    faces with skewness > 4   (internal) or 20  (boundary) : 0
    faces with interpolation weights (0..1)  < 0.02        : 0
    faces with volume ratio of neighbour cells < 0.01      : 0
    faces with face twist < 0.02                           : 0
    faces on cells with determinant < 0.001                : 0
Finished meshing without any errors
Finished meshing in = 11.03 s.
End


ERR

# -- cell 14 (0.9s, exit 0)
r = subprocess.run(["checkMesh","-allTopology"],capture_output=True,text=True)
print(r.stdout[-2600:])
# -- output
, point) topology checks.

Time = constant

Mesh stats 
    points:           72657
    faces:            183072
    internal faces:   162498
    cells:            55760
    faces per cell:   6.1974534
    boundary patches: 4
    point zones:      1
    face zones:       0
    cell zones:       0

Overall number of cells of each type:
    hexahedra:     43964
    prisms:        5121
    wedges:        0
    pyramids:      0
    tet wedges:    8
    tetrahedra:    0
    polyhedra:     6667
    Breakdown of polyhedra by number of faces:
        faces   number of cells
            4   1097
            5   1039
            6   605
            9   1751
           12   1841
           15   309
           18   25

Checking topology...
    Boundary definition OK.
    Cell to face addressing OK.
    Point usage OK.
    Upper triangular ordering OK.
    Face vertices OK.
    Topological cell zip-up check OK.
    Face-face connectivity OK.
    Number of regions: 1 (OK).

Checking patch topology for multiply connected surfaces...
                   Patch    Faces   Points  Surface topology
               outerCowl    10136    10777  ok (non-closed singly connected)
                coreCowl     7144     7896  ok (non-closed singly connected)
                   inlet     1775     1859  ok (non-closed singly connected)
                  outlet     1519     1595  ok (non-closed singly connected)
                    ".*"    20574    21587      ok (closed singly connected)


Checking faceZone topology for multiply connected surfaces...
    No faceZones found.

Checking basic cellZone addressing...
    No cellZones found.

Checking basic pointZone addressing...
               PointZone  PointsBoundingBox
            frozenPoints       0(1e+150 1e+150 1e+150) (-1e+150 -1e+150 -1e+150)

Checking geometry...
    Overall domain bounding box (-0.44999979 -0.44999996 0) (0.44999975 0.44999999 0.89999998)
    Mesh has 3 geometric (non-empty/wedge) directions (1 1 1)
    Mesh has 3 solution (non-empty) directions (1 1 1)
    Boundary openness (-1.1954725e-16 -3.1567228e-16 -3.5355452e-16) OK.
    Max cell openness = 2.6425763e-16 OK.
    Max aspect ratio = 4.8836944 OK.
    Minimum face area = 6.2752051e-05. Maximum face area = 0.0010034249.  Face area magnitudes OK.
    Min volume = 5.107699e-07. Max volume = 2.9186886e-05.  Total volume = 0.27490526.  Cell volumes OK.
    Mesh non-orthogonality Max: 41.294746 average: 11.049822
    Non-orthogonality check OK.
    Face pyramids OK.
    Max skewness = 0.81842644 OK.
    Coupled point location match (average 0) OK.

Mesh OK.

End

# -- cell 15 (0.7s, exit 0)
import pyvista as pv, numpy as np
pv.start_xvfb() if hasattr(pv,'start_xvfb') else None
open("case.foam","w").write("")
rd = pv.OpenFOAMReader("case.foam"); rd.set_active_time_value(0.0)
m = rd.read()
internal = m["internalMesh"]
bnd = m["boundary"]
cols = {"outerCowl":"steelblue","coreCowl":"indianred","inlet":"green","outlet":"orange"}
p = pv.Plotter(off_screen=True, window_size=(1100,500), shape=(1,2))
p.subplot(0,0)
for k,c in cols.items(): p.add_mesh(bnd[k].clip('y'), color=c, show_edges=True, line_width=0.3)
p.camera_position='xz'
p.subplot(0,1)
p.add_mesh(internal.slice(normal='y'), show_edges=True, color='lightgray', line_width=0.3)
p.camera_position='xz'
p.screenshot("look.png")
for k in cols:
    pts = bnd[k].points; r = np.hypot(pts[:,0],pts[:,1])
    print(k, "r range %.4f..%.4f"%(r.min(),r.max()), "z range %.4f..%.4f"%(pts[:,2].min(),pts[:,2].max()))
# -- output
outerCowl r range 0.4005..0.4500 z range 0.0000..0.9000
coreCowl r range 0.2500..0.3111 z range 0.0000..0.9000
inlet r range 0.2800..0.4500 z range 0.0000..0.0000
outlet r range 0.2500..0.4100 z range 0.9000..0.9000

/home/qiuzi/miniforge3/lib/python3.13/site-packages/tqdm/auto.py:21: TqdmWarning: IProgress not found. Please update jupyter and ipywidgets. See https://ipywidgets.readthedocs.io/en/stable/user_install.html
  from .autonotebook import tqdm as notebook_tqdm
[0m[33m2026-09-13 13:08:19.561 (   0.393s) [    7AEFF0A9C780]vtkXOpenGLRenderWindow.:1460  WARN| bad X server connection. DISPLAY=[0m
[0m[33m2026-09-13 13:08:19.562 (   0.394s) [    7AEFF0A9C780]vtkOpenGLRenderWindow.c:645   WARN| Failed to load EGL! Please install the EGL library from your distribution's package manager.[0m
[0m[33m2026-09-13 13:08:19.576 (   0.409s) [    7AEFF0A9C780]vtkOpenGLRenderWindow.c:645   WARN| Failed to load EGL! Please install the EGL library from your distribution's package manager.[0m

# -- cell 16 (0.2s, exit 0)
import os
from IPython.display import Image, display
print(os.path.getsize("look.png"))
display(Image("look.png"))
# -- output
254366

# -- cell 17 (67.8s, exit 0)
d = open("system/snappyHexMeshDict").read().replace("level (1 1)","level (2 2)").replace('"; level 1','"; level 2')
open("system/snappyHexMeshDict","w").write(d)
subprocess.run(["blockMesh"],capture_output=True,text=True)
r = subprocess.run(["snappyHexMesh","-overwrite"],capture_output=True,text=True)
print(r.stdout[-400:]); print("ERR",r.stderr[-300:])
# -- output
: 0
    faces with skewness > 4   (internal) or 20  (boundary) : 0
    faces with interpolation weights (0..1)  < 0.02        : 0
    faces with volume ratio of neighbour cells < 0.01      : 0
    faces with face twist < 0.02                           : 0
    faces on cells with determinant < 0.001                : 0
Finished meshing without any errors
Finished meshing in = 66.94 s.
End


ERR

# -- cell 18 (2.2s, exit 0)
r = subprocess.run(["checkMesh"],capture_output=True,text=True)
print(r.stdout[-1800:])
# -- output
ology...
    Boundary definition OK.
    Cell to face addressing OK.
    Point usage OK.
    Upper triangular ordering OK.
    Face vertices OK.
    Number of regions: 1 (OK).

Checking patch topology for multiply connected surfaces...
                   Patch    Faces   Points  Surface topology
               outerCowl    40836    43197  ok (non-closed singly connected)
                coreCowl    28384    31268  ok (non-closed singly connected)
                   inlet     7155     7323  ok (non-closed singly connected)
                  outlet     6087     6244  ok (non-closed singly connected)
                    ".*"    82462    86952      ok (closed singly connected)


Checking faceZone topology for multiply connected surfaces...
    No faceZones found.

Checking basic cellZone addressing...
    No cellZones found.

Checking basic pointZone addressing...
               PointZone  PointsBoundingBox
            frozenPoints       0(1e+150 1e+150 1e+150) (-1e+150 -1e+150 -1e+150)

Checking geometry...
    Overall domain bounding box (-0.44999984 -0.44999958 0) (0.44999925 0.44999996 0.89999998)
    Mesh has 3 geometric (non-empty/wedge) directions (1 1 1)
    Mesh has 3 solution (non-empty) directions (1 1 1)
    Boundary openness (-1.4379063e-18 3.6324061e-17 5.2176268e-16) OK.
    Max cell openness = 3.1162086e-16 OK.
    Max aspect ratio = 4.8502389 OK.
    Minimum face area = 1.2613271e-05. Maximum face area = 0.00092945773.  Face area magnitudes OK.
    Min volume = 6.144081e-08. Max volume = 2.7100845e-05.  Total volume = 0.27490284.  Cell volumes OK.
    Mesh non-orthogonality Max: 43.461508 average: 11.216102
    Non-orthogonality check OK.
    Face pyramids OK.
    Max skewness = 1.1081285 OK.
    Coupled point location match (average 0) OK.

Mesh OK.

End

# -- cell 19 (0.3s, exit 0)
import numpy as np
def stl_volume(path):
    v=[]; 
    for line in open(path):
        if line.strip().startswith("vertex"): v.append([float(x) for x in line.split()[1:]])
    v=np.array(v).reshape(-1,3,3)
    return np.abs(np.einsum('ij,ij->i', v[:,0], np.cross(v[:,1],v[:,2])).sum()/6.0)
print("union STL volume", stl_volume("/tmp/union.stl"), "exact", solid.volume)
# -- output
union STL volume 0.274903169596818 exact 0.276393839233269

# -- cell 20 (45.5s, exit 0)
from OCP.BRepMesh import BRepMesh_IncrementalMesh
BRepMesh_IncrementalMesh(solid.wrapped, 1e-5, False, 0.01, True)
for f in solid.faces():
    nm = name_by_area[round(f.area,6)]
    print(nm, write_face_stl(f, nm))
open("/tmp/union.stl","w").write("".join(open(f"constant/triSurface/{n}.stl").read() for n in names))
print("union STL volume", stl_volume("/tmp/union.stl"), "exact", solid.volume)
r = subprocess.run(["surfaceCheck","/tmp/union.stl"],capture_output=True,text=True)
print([l for l in r.stdout.split("\n") if "closed" in l or "zones" in l])
# -- output
outerCowl 68498
outlet 2514
coreCowl 399658
inlet 2514
union STL volume 0.2762988310113325 exact 0.276393839233269
['Surface is closed. All edges connected to two faces.', 'Number of zones (connected area with consistent normal) : 1']

# -- cell 21 (77.1s, exit 0)
print(subprocess.run(["surfaceFeatureExtract"],capture_output=True,text=True).returncode)
subprocess.run(["blockMesh"],capture_output=True,text=True)
r = subprocess.run(["snappyHexMesh","-overwrite"],capture_output=True,text=True)
print(r.stdout[-300:]); print("ERR",r.stderr[-200:])
# -- output
0
tion weights (0..1)  < 0.02        : 0
    faces with volume ratio of neighbour cells < 0.01      : 0
    faces with face twist < 0.02                           : 0
    faces on cells with determinant < 0.001                : 0
Finished meshing without any errors
Finished meshing in = 74.69 s.
End


ERR

# -- cell 22 (2.0s, exit 0)
r = subprocess.run(["checkMesh"],capture_output=True,text=True)
print("\n".join(l for l in r.stdout.split("\n") if any(k in l for k in
  ["cells:","Patch","outerCowl","coreCowl","inlet","outlet","Total volume","non-orthogonality","skewness","Mesh OK","aspect","regions"])))
# -- output
cells:            262005
    Number of regions: 1 (OK).
                   Patch    Faces   Points  Surface topology
               outerCowl    40840    43092  ok (non-closed singly connected)
                coreCowl    28384    31281  ok (non-closed singly connected)
                   inlet     7160     7328  ok (non-closed singly connected)
                  outlet     6084     6240  ok (non-closed singly connected)
    Max aspect ratio = 5.8328269 OK.
    Min volume = 4.8814918e-08. Max volume = 2.7224996e-05.  Total volume = 0.27629947.  Cell volumes OK.
    Mesh non-orthogonality Max: 47.801312 average: 11.215423
    Max skewness = 1.0973956 OK.
Mesh OK.

# -- cell 23 (0.7s, exit 0)
import pyvista as pv, numpy as np
rd = pv.OpenFOAMReader("case.foam"); rd.set_active_time_value(0.0); m = rd.read()
bnd = m["boundary"]; internal = m["internalMesh"]
def r_at(patch, z, tol=0.004):
    c = bnd[patch].cell_centers().points
    s = c[np.abs(c[:,2]-z) < tol]
    return np.hypot(s[:,0],s[:,1]).mean()
print("outerCowl  z=0: %.4f (0.450)  z=0.45: %.4f (0.430)  z=0.9: %.4f (0.410)"
      %(r_at("outerCowl",0.002),r_at("outerCowl",0.45),r_at("outerCowl",0.898)))
print("coreCowl   z=0: %.4f (0.280)  z=0.45: %.4f (0.310)  z=0.9: %.4f (0.250)"
      %(r_at("coreCowl",0.002),r_at("coreCowl",0.45),r_at("coreCowl",0.898)))
print("axial extent of duct: %.4f (0.900)"%(bnd["outlet"].points[:,2].mean()-bnd["inlet"].points[:,2].mean()))
p = pv.Plotter(off_screen=True, window_size=(1100,500), shape=(1,2))
p.subplot(0,0)
for k,c in {"outerCowl":"steelblue","coreCowl":"indianred","inlet":"green","outlet":"orange"}.items():
    p.add_mesh(bnd[k].clip('y',invert=False), color=c, show_edges=False)
p.camera_position='xz'; p.add_axes()
p.subplot(0,1); p.add_mesh(internal.slice(normal='y'), show_edges=True, color='w', line_width=0.3)
p.camera_position='xz'
p.screenshot("final.png")
from IPython.display import Image, display; display(Image("final.png"))
# -- output
outerCowl  z=0: 0.4498 (0.450)  z=0.45: 0.4300 (0.430)  z=0.9: 0.4100 (0.410)
coreCowl   z=0: 0.2805 (0.280)  z=0.45: 0.3100 (0.310)  z=0.9: 0.2507 (0.250)
axial extent of duct: 0.9000 (0.900)

[0m[33m2026-09-13 13:12:35.423 ( 256.255s) [    7AEFF0A9C780]vtkOpenGLRenderWindow.c:645   WARN| Failed to load EGL! Please install the EGL library from your distribution's package manager.[0m
[0m[33m2026-09-13 13:12:35.424 ( 256.256s) [    7AEFF0A9C780]vtkOpenGLRenderWindow.c:645   WARN| Failed to load EGL! Please install the EGL library from your distribution's package manager.[0m

